hisitopdir=/home/liujingfei/v2/autelan_scripts/..
hisiprefix=arm-hisiv200-linux
hisitools=/opt/hisi-linux/x86-arm/arm-hisiv200-linux/target
hisirootfs=/home/liujingfei/v2/autelan_scripts/../histb/pub/rootfs
auterootfs=/home/liujingfei/v2/autelan_scripts/../rootfs
autepackage=/home/liujingfei/v2/autelan_scripts/../package
auterelease=/home/liujingfei/v2/autelan_scripts/../release
autefake=/home/liujingfei/v2/autelan_scripts/../fakerelease
autecustom=/home/liujingfei/v2/autelan_scripts/../custom
__ROOTFS__=/home/liujingfei/v2/autelan_scripts/../custom
hisitopdir=/home/liujingfei/v2/autelan_scripts/..
hisiprefix=arm-hisiv200-linux
hisitools=/opt/hisi-linux/x86-arm/arm-hisiv200-linux/target
hisirootfs=/home/liujingfei/v2/autelan_scripts/../histb/pub/rootfs
auterootfs=/home/liujingfei/v2/autelan_scripts/../rootfs
autepackage=/home/liujingfei/v2/autelan_scripts/../package
auterelease=/home/liujingfei/v2/autelan_scripts/../release
autefake=/home/liujingfei/v2/autelan_scripts/../fakerelease
autecustom=/home/liujingfei/v2/autelan_scripts/../custom
__ROOTFS__=/home/liujingfei/v2/autelan_scripts/../custom
~/v2/sdk_changes/rootfs/autelan ~/v2/autelan_scripts
From https://github.com/ljf10000/bigap
   8ac8d3c..7584fc2  master     -> origin/master
Updating 8ac8d3c..7584fc2
Fast-forward
 lib/atenv/atenv.h |    6 +++++-
 1 files changed, 5 insertions(+), 1 deletions(-)
git clone to /home/liujingfei/v2/autelan_scripts/../sdk_changes/rootfs/autelan
~/v2/autelan_scripts
copy Makefile ok
install autelan to /home/liujingfei/v2/autelan_scripts/../histb/source/boot/fastboot/common/autelan
copy boot ok
copy kernel: config ok
copy rootfs: top e2fsprogs ok
copy sample ok
copy scripts ok
~/v2/histb ~/v2/autelan_scripts
make -C /home/liujingfei/v2/histb/source/kernel prepare
make[1]: Entering directory `/home/liujingfei/project/histb_project_v2_Apr9/histb/source/kernel'
make -C /home/liujingfei/project/histb_project_v2_Apr9/histb/source/kernel/linux-3.10.y ARCH=arm \
		CROSS_COMPILE=arm-hisiv200-linux- \
		CFLAGS_KERNEL= AFLAGS_KERNEL= autelan.config
make[2]: Entering directory `/home/liujingfei/project/histb_project_v2_Apr9/histb/source/kernel/linux-3.10.y'
make -f scripts/Makefile.build obj=scripts/basic
rm -f .tmp_quiet_recordmcount
mkdir -p include/linux include/config
make -f scripts/Makefile.build obj=scripts/kconfig autelan.config
make[3]: Nothing to be done for `autelan.config'.
make[2]: Leaving directory `/home/liujingfei/project/histb_project_v2_Apr9/histb/source/kernel/linux-3.10.y'
make[1]: Leaving directory `/home/liujingfei/project/histb_project_v2_Apr9/histb/source/kernel'
make -C /home/liujingfei/v2/histb/source/component/wifi prepare
make[1]: Entering directory `/home/liujingfei/project/histb_project_v2_Apr9/histb/source/component/wifi'
make[1]: Nothing to be done for `prepare'.
make[1]: Leaving directory `/home/liujingfei/project/histb_project_v2_Apr9/histb/source/component/wifi'
make -C /home/liujingfei/v2/histb/source/msp/drv/vfmw prepare
make[1]: Entering directory `/home/liujingfei/project/histb_project_v2_Apr9/histb/source/msp/drv/vfmw'
make[1]: Leaving directory `/home/liujingfei/project/histb_project_v2_Apr9/histb/source/msp/drv/vfmw'
make -C /home/liujingfei/v2/histb/source/msp/drv/ir prepare
make[1]: Entering directory `/home/liujingfei/project/histb_project_v2_Apr9/histb/source/msp/drv/ir'
make[1]: Nothing to be done for `prepare'.
make[1]: Leaving directory `/home/liujingfei/project/histb_project_v2_Apr9/histb/source/msp/drv/ir'
make -C /home/liujingfei/v2/histb/tools/linux install
make[1]: Entering directory `/home/liujingfei/project/histb_project_v2_Apr9/histb/tools/linux'
Installing utils ...
make[2]: Entering directory `/home/liujingfei/project/histb_project_v2_Apr9/histb/tools/linux/utils'
test -f /home/liujingfei/project/histb_project_v2_Apr9/histb/tools/linux/utils/mkfs.ubifs -a -f /home/liujingfei/project/histb_project_v2_Apr9/histb/tools/linux/utils/ubinize -a -f /home/liujingfei/project/histb_project_v2_Apr9/histb/tools/linux/utils/mkubiimg.sh || make  -j1 mkmtdutils_tool
test -f /home/liujingfei/project/histb_project_v2_Apr9/histb/tools/linux/utils/mkimage || make  -j1 mkimage_tool
test -f /home/liujingfei/project/histb_project_v2_Apr9/histb/tools/linux/utils/filecap || make  -j1 mkfilecap_tool
test -f /home/liujingfei/project/histb_project_v2_Apr9/histb/tools/linux/utils/mkyaffs2image610 || make  -j1 mkyaffs_tool
test -f /home/liujingfei/project/histb_project_v2_Apr9/histb/tools/linux/utils/mksquashfs -a -f /home/liujingfei/project/histb_project_v2_Apr9/histb/tools/linux/utils/lzma || make  -j1 mksquashfs_tool
test -f /home/liujingfei/project/histb_project_v2_Apr9/histb/tools/linux/utils/genext2fs || make  -j1 mkgenext2fs_tool
test -f /home/liujingfei/project/histb_project_v2_Apr9/histb/tools/linux/utils/make_ext4fs || make  -j1 mkgenext4fs_tool
test -f /home/liujingfei/project/histb_project_v2_Apr9/histb/tools/linux/utils/tune2fs || make  -j1 mktune2fs_tool
test -f /home/liujingfei/project/histb_project_v2_Apr9/histb/tools/linux/utils/e2fsck || make  -j1 mke2fsck_tool
test -f /home/liujingfei/project/histb_project_v2_Apr9/histb/tools/linux/utils/mkbootargs || make  -j1 mkbootargs_tool
test -f /home/liujingfei/project/histb_project_v2_Apr9/histb/tools/linux/utils/mkfs.jffs2 || make  -j1 mkjffs2_tool
test -f /home/liujingfei/project/histb_project_v2_Apr9/histb/tools/linux/utils/mkfs.cramfs || make  -j1 mkcramfs_tool
`/bin/cp' -> `/home/liujingfei/project/histb_project_v2_Apr9/histb/tools/linux/utils/cp'
`/bin/rm' -> `/home/liujingfei/project/histb_project_v2_Apr9/histb/tools/linux/utils/rm'
for TOOL in /home/liujingfei/project/histb_project_v2_Apr9/histb/tools/linux/utils/mkubiimg.sh /home/liujingfei/project/histb_project_v2_Apr9/histb/tools/linux/utils/mkbootargs /home/liujingfei/project/histb_project_v2_Apr9/histb/tools/linux/utils/mkimage /home/liujingfei/project/histb_project_v2_Apr9/histb/tools/linux/utils/filecap /home/liujingfei/project/histb_project_v2_Apr9/histb/tools/linux/utils/mkfs.ubifs /home/liujingfei/project/histb_project_v2_Apr9/histb/tools/linux/utils/ubinize /home/liujingfei/project/histb_project_v2_Apr9/histb/tools/linux/utils/lzma /home/liujingfei/project/histb_project_v2_Apr9/histb/tools/linux/utils/cp /home/liujingfei/project/histb_project_v2_Apr9/histb/tools/linux/utils/rm /home/liujingfei/project/histb_project_v2_Apr9/histb/tools/linux/utils/mkfs.cramfs /home/liujingfei/project/histb_project_v2_Apr9/histb/tools/linux/utils/genext2fs /home/liujingfei/project/histb_project_v2_Apr9/histb/tools/linux/utils/make_ext4fs /home/liujingfei/project/histb_project_v2_Apr9/histb/tools/linux/utils/simg2img /home/liujingfei/project/histb_project_v2_Apr9/histb/tools/linux/utils/e2fsck /home/liujingfei/project/histb_project_v2_Apr9/histb/tools/linux/utils/tune2fs /home/liujingfei/project/histb_project_v2_Apr9/histb/tools/linux/utils/mksquashfs /home/liujingfei/project/histb_project_v2_Apr9/histb/tools/linux/utils/mkfs.jffs2 /home/liujingfei/project/histb_project_v2_Apr9/histb/tools/linux/utils/mkyaffs2image610 ;do \
	chmod +x $TOOL; \
	chmod +s $TOOL; \
	if [ liujingfei = "root" ];then \
		chown liujingfei:liujingfei $TOOL; \
	fi; \
	done
make install over !
make[2]: Leaving directory `/home/liujingfei/project/histb_project_v2_Apr9/histb/tools/linux/utils'
Installing kconfig ...
make[2]: Entering directory `/home/liujingfei/project/histb_project_v2_Apr9/histb/tools/linux/kconfig'
gcc -o /home/liujingfei/project/histb_project_v2_Apr9/histb/tools/linux/kconfig/hiconf conf.c /home/liujingfei/project/histb_project_v2_Apr9/histb/tools/linux/kconfig/zconf.tab.c  -Wall -Wmissing-prototypes -Wstrict-prototypes -O2 -fomit-frame-pointer -I/home/liujingfei/project/histb_project_v2_Apr9/histb/tools/linux/kconfig -DCURSES_LOC="<ncurses.h>" -DLOCALE  -lncurses
gcc -o /home/liujingfei/project/histb_project_v2_Apr9/histb/tools/linux/kconfig/himconf mconf.c /home/liujingfei/project/histb_project_v2_Apr9/histb/tools/linux/kconfig/zconf.tab.c lxdialog/checklist.c lxdialog/util.c lxdialog/inputbox.c lxdialog/textbox.c lxdialog/yesno.c lxdialog/menubox.c  -Wall -Wmissing-prototypes -Wstrict-prototypes -O2 -fomit-frame-pointer -I/home/liujingfei/project/histb_project_v2_Apr9/histb/tools/linux/kconfig -DCURSES_LOC="<ncurses.h>" -DLOCALE  -lncurses
make[2]: Leaving directory `/home/liujingfei/project/histb_project_v2_Apr9/histb/tools/linux/kconfig'
make[1]: Leaving directory `/home/liujingfei/project/histb_project_v2_Apr9/histb/tools/linux'
make -C /home/liujingfei/v2/histb/source/boot install
make[1]: Entering directory `/home/liujingfei/project/histb_project_v2_Apr9/histb/source/boot'
removed `/home/liujingfei/project/histb_project_v2_Apr9/histb/source/boot/fastboot/include/configs/s40_config.h'
chmod 0755 /home/liujingfei/project/histb_project_v2_Apr9/histb/source/boot/fastboot/include/configs/export.sh
make -C /home/liujingfei/project/histb_project_v2_Apr9/histb/source/boot/fastboot ARCH=arm CROSS_COMPILE=arm-hisiv200-linux- LIBSPRODUCT=/home/liujingfei/project/histb_project_v2_Apr9/histb/source/boot/product/libproduct.a CONFIG_COMPRESS_BOOT= O= CONFIG_MERGE_IMAGE= s40_config
make[2]: Entering directory `/home/liujingfei/project/histb_project_v2_Apr9/histb/source/boot/fastboot'
Generating include/autoconf.mk
make[2]: Leaving directory `/home/liujingfei/project/histb_project_v2_Apr9/histb/source/boot/fastboot'
make[2]: Entering directory `/home/liujingfei/project/histb_project_v2_Apr9/histb/source/boot/fastboot'
Configuring for s40 board...
make[2]: Leaving directory `/home/liujingfei/project/histb_project_v2_Apr9/histb/source/boot/fastboot'
make -C /home/liujingfei/project/histb_project_v2_Apr9/histb/source/boot/product ARCH=arm CROSS_COMPILE=arm-hisiv200-linux- LIBSPRODUCT=/home/liujingfei/project/histb_project_v2_Apr9/histb/source/boot/product/libproduct.a CONFIG_COMPRESS_BOOT= O= CONFIG_MERGE_IMAGE= O=
make[2]: Entering directory `/home/liujingfei/project/histb_project_v2_Apr9/histb/source/boot/product'
make -C adp all
make[3]: Entering directory `/home/liujingfei/project/histb_project_v2_Apr9/histb/source/boot/product/adp'
make[3]: Leaving directory `/home/liujingfei/project/histb_project_v2_Apr9/histb/source/boot/product/adp'
make -C logo all
make[3]: Entering directory `/home/liujingfei/project/histb_project_v2_Apr9/histb/source/boot/product/logo'
make[3]: Leaving directory `/home/liujingfei/project/histb_project_v2_Apr9/histb/source/boot/product/logo'
make -C driver all
make[3]: Entering directory `/home/liujingfei/project/histb_project_v2_Apr9/histb/source/boot/product/driver'
make -C higo prepare
make[4]: Entering directory `/home/liujingfei/project/histb_project_v2_Apr9/histb/source/boot/product/driver/higo'
make[4]: Leaving directory `/home/liujingfei/project/histb_project_v2_Apr9/histb/source/boot/product/driver/higo'
make -C disp prepare
make[4]: Entering directory `/home/liujingfei/project/histb_project_v2_Apr9/histb/source/boot/product/driver/disp'
echo /home/liujingfei/project/histb_project_v2_Apr9/histb/source/boot/product/driver/disp
/home/liujingfei/project/histb_project_v2_Apr9/histb/source/boot/product/driver/disp
cp -rf /home/liujingfei/v2/histb/source/msp/drv/vo/vdp_v1_0/alg/drv_disp_alg_csc* /home/liujingfei/v2/histb/source/msp/drv/vo/vdp_v1_0/alg/drv_disp_alg_rgb2yuv* /home/liujingfei/project/histb_project_v2_Apr9/histb/source/boot/product/driver/disp/vdp_v1_0/alg
cp -rf /home/liujingfei/v2/histb/source/msp/drv/vo/vdp_v1_0/com/drv_disp_osal* /home/liujingfei/v2/histb/source/msp/drv/vo/vdp_v1_0/com/drv_disp_com.h /home/liujingfei/v2/histb/source/msp/drv/vo/vdp_v1_0/com/drv_disp_version.h /home/liujingfei/project/histb_project_v2_Apr9/histb/source/boot/product/driver/disp/vdp_v1_0/com
cp -rf /home/liujingfei/v2/histb/source/msp/drv/vo/vdp_v1_0/drv/drv_display* /home/liujingfei/v2/histb/source/msp/drv/vo/vdp_v1_0/drv/drv_disp_priv.h /home/liujingfei/project/histb_project_v2_Apr9/histb/source/boot/product/driver/disp/vdp_v1_0/drv
cp -rf /home/liujingfei/v2/histb/source/msp/drv/vo/vdp_v1_0/hal/common/drv_disp_da* /home/liujingfei/v2/histb/source/msp/drv/vo/vdp_v1_0/hal/common/drv_disp_alg_struct.h /home/liujingfei/v2/histb/source/msp/drv/vo/vdp_v1_0/hal/common/drv_disp_hal* \
/home/liujingfei/v2/histb/source/msp/drv/vo/vdp_v1_0/hal/common/drv_disp_hw* /home/liujingfei/v2/histb/source/msp/drv/vo/vdp_v1_0/hal/common/drv_disp_intf* \
/home/liujingfei/v2/histb/source/msp/drv/vo/vdp_v1_0/hal/common/drv_disp_reg.h   /home/liujingfei/project/histb_project_v2_Apr9/histb/source/boot/product/driver/disp/vdp_v1_0/hal/common
cp -rf /home/liujingfei/v2/histb/source/msp/drv/vo/vdp_v1_0/hal/cv200/hal_specific_config.c  /home/liujingfei/v2/histb/source/msp/drv/vo/vdp_v1_0/hal/cv200/vdp_define.h \
/home/liujingfei/v2/histb/source/msp/drv/vo/vdp_v1_0/hal/cv200/vdp_driver*  /home/liujingfei/v2/histb/source/msp/drv/vo/vdp_v1_0/hal/cv200/vdp_reg.h  /home/liujingfei/project/histb_project_v2_Apr9/histb/source/boot/product/driver/disp/vdp_v1_0/hal/cv200
cp -rf /home/liujingfei/v2/histb/source/msp/drv/vo/vdp_v1_0/hal/cv200es/hal_specific_config.c  /home/liujingfei/v2/histb/source/msp/drv/vo/vdp_v1_0/hal/cv200es/vdp_define.h \
/home/liujingfei/v2/histb/source/msp/drv/vo/vdp_v1_0/hal/cv200es/vdp_driver*  /home/liujingfei/v2/histb/source/msp/drv/vo/vdp_v1_0/hal/cv200es/vdp_reg.h  /home/liujingfei/project/histb_project_v2_Apr9/histb/source/boot/product/driver/disp/vdp_v1_0/hal/cv200es
cp -rf /home/liujingfei/v2/histb/source/msp/drv/vo/vdp_v1_0/drv_disp_adp2unf.c /home/liujingfei/project/histb_project_v2_Apr9/histb/source/boot/product/driver/disp/vdp_v1_0
find . -name "*.o" -o -name "*.so" -o -name "*.a" |xargs rm -fr
make[4]: Leaving directory `/home/liujingfei/project/histb_project_v2_Apr9/histb/source/boot/product/driver/disp'
make -C common all
make[4]: Entering directory `/home/liujingfei/project/histb_project_v2_Apr9/histb/source/boot/product/driver/common'
make[4]: Leaving directory `/home/liujingfei/project/histb_project_v2_Apr9/histb/source/boot/product/driver/common'
make -C db all
make[4]: Entering directory `/home/liujingfei/project/histb_project_v2_Apr9/histb/source/boot/product/driver/db'
make[4]: Leaving directory `/home/liujingfei/project/histb_project_v2_Apr9/histb/source/boot/product/driver/db'
make -C flash all
make[4]: Entering directory `/home/liujingfei/project/histb_project_v2_Apr9/histb/source/boot/product/driver/flash'
make[4]: Leaving directory `/home/liujingfei/project/histb_project_v2_Apr9/histb/source/boot/product/driver/flash'
make -C disp all
make[4]: Entering directory `/home/liujingfei/project/histb_project_v2_Apr9/histb/source/boot/product/driver/disp'
arm-hisiv200-linux-gcc -g -Os -D__KERNEL__ -D__ARM__ -fno-strict-aliasing -fno-common -ffixed-r8 -nostdinc -isystem /opt/hisi-linux/x86-arm/arm-hisiv200-linux/bin/../lib/gcc/arm-hisiv200-linux-gnueabi/4.4.1/include  -fno-builtin -ffreestanding  -pipe -marm  -mabi=aapcs-linux -mno-thumb-interwork -march=armv7-a -Wall -Wstrict-prototypes -fno-stack-protector  -march=armv7-a -mcpu=cortex-a9 -mfloat-abi=softfp -mfpu=vfpv3-d16 -c -O2 -Wall -DUSE_AEC -D_GNU_SOURCE -D_XOPEN_SOURCE=600 -fPIC -DCHIP_TYPE_hi3718cv100 -DSDK_VERSION="HiSTBLinuxV100R002C01SPC020" -DHI_LOG_SUPPORT=1 -DHI_LOG_LEVEL=4 -DLOG_NETWORK_SUPPORT -DLOG_UDISK_SUPPORT -DHI_PROC_SUPPORT=1 -DHI_VI_SUPPORT -DHI_VENC_SUPPORT -DHI_PQ_SUPPORT -I/home/liujingfei/v2/histb/source/boot/product/driver/include -I/home/liujingfei/v2/histb/source/boot/product/driver/include_inc -I/home/liujingfei/v2/histb/source/boot/product/loader/schedule -I/home/liujingfei/v2/histb/source/boot/product/logo/include -I/home/liujingfei/v2/histb/source/boot/product/../../common/include -I/home/liujingfei/v2/histb/source/boot/product/driver/higo/include -I/home/liujingfei/v2/histb/source/boot/product/adp/include -I/home/liujingfei/v2/histb/source/boot/product/pdm/include -I/home/liujingfei/v2/histb/source/boot/fastboot/include -I/home/liujingfei/v2/histb/source/common/include -I/home/liujingfei/v2/histb/source/boot/fastboot/../product/driver/include -I/home/liujingfei/v2/histb/source/boot/fastboot/../product/driver/include_inc -I/home/liujingfei/v2/histb/source/boot/fastboot/arch/arm/include -I/home/liujingfei/v2/histb/source/boot/fastboot/include -I/home/liujingfei/v2/histb/source/boot/product/driver/include -D__DISP_PLATFORM_BOOT__ -D__DISP_SELF_START__ -D__DISP_D0_FOLLOW_D1__ -I/home/liujingfei/project/histb_project_v2_Apr9/histb/source/boot/product/driver/disp/vdp_v1_0/alg -I/home/liujingfei/project/histb_project_v2_Apr9/histb/source/boot/product/driver/disp/vdp_v1_0/com -I/home/liujingfei/project/histb_project_v2_Apr9/histb/source/boot/product/driver/disp/vdp_v1_0/drv -I/home/liujingfei/project/histb_project_v2_Apr9/histb/source/boot/product/driver/disp/vdp_v1_0/hal/common -I/home/liujingfei/project/histb_project_v2_Apr9/histb/source/boot/product/driver/disp/vdp_v1_0/hal/cv200   -c -o /home/liujingfei/project/histb_project_v2_Apr9/histb/source/boot/product/driver/disp/vdp_v1_0/drv_disp_adp2unf.o /home/liujingfei/project/histb_project_v2_Apr9/histb/source/boot/product/driver/disp/vdp_v1_0/drv_disp_adp2unf.c
arm-hisiv200-linux-gcc -g -Os -D__KERNEL__ -D__ARM__ -fno-strict-aliasing -fno-common -ffixed-r8 -nostdinc -isystem /opt/hisi-linux/x86-arm/arm-hisiv200-linux/bin/../lib/gcc/arm-hisiv200-linux-gnueabi/4.4.1/include  -fno-builtin -ffreestanding  -pipe -marm  -mabi=aapcs-linux -mno-thumb-interwork -march=armv7-a -Wall -Wstrict-prototypes -fno-stack-protector  -march=armv7-a -mcpu=cortex-a9 -mfloat-abi=softfp -mfpu=vfpv3-d16 -c -O2 -Wall -DUSE_AEC -D_GNU_SOURCE -D_XOPEN_SOURCE=600 -fPIC -DCHIP_TYPE_hi3718cv100 -DSDK_VERSION="HiSTBLinuxV100R002C01SPC020" -DHI_LOG_SUPPORT=1 -DHI_LOG_LEVEL=4 -DLOG_NETWORK_SUPPORT -DLOG_UDISK_SUPPORT -DHI_PROC_SUPPORT=1 -DHI_VI_SUPPORT -DHI_VENC_SUPPORT -DHI_PQ_SUPPORT -I/home/liujingfei/v2/histb/source/boot/product/driver/include -I/home/liujingfei/v2/histb/source/boot/product/driver/include_inc -I/home/liujingfei/v2/histb/source/boot/product/loader/schedule -I/home/liujingfei/v2/histb/source/boot/product/logo/include -I/home/liujingfei/v2/histb/source/boot/product/../../common/include -I/home/liujingfei/v2/histb/source/boot/product/driver/higo/include -I/home/liujingfei/v2/histb/source/boot/product/adp/include -I/home/liujingfei/v2/histb/source/boot/product/pdm/include -I/home/liujingfei/v2/histb/source/boot/fastboot/include -I/home/liujingfei/v2/histb/source/common/include -I/home/liujingfei/v2/histb/source/boot/fastboot/../product/driver/include -I/home/liujingfei/v2/histb/source/boot/fastboot/../product/driver/include_inc -I/home/liujingfei/v2/histb/source/boot/fastboot/arch/arm/include -I/home/liujingfei/v2/histb/source/boot/fastboot/include -I/home/liujingfei/v2/histb/source/boot/product/driver/include -D__DISP_PLATFORM_BOOT__ -D__DISP_SELF_START__ -D__DISP_D0_FOLLOW_D1__ -I/home/liujingfei/project/histb_project_v2_Apr9/histb/source/boot/product/driver/disp/vdp_v1_0/alg -I/home/liujingfei/project/histb_project_v2_Apr9/histb/source/boot/product/driver/disp/vdp_v1_0/com -I/home/liujingfei/project/histb_project_v2_Apr9/histb/source/boot/product/driver/disp/vdp_v1_0/drv -I/home/liujingfei/project/histb_project_v2_Apr9/histb/source/boot/product/driver/disp/vdp_v1_0/hal/common -I/home/liujingfei/project/histb_project_v2_Apr9/histb/source/boot/product/driver/disp/vdp_v1_0/hal/cv200   -c -o /home/liujingfei/project/histb_project_v2_Apr9/histb/source/boot/product/driver/disp/vdp_v1_0/alg/drv_disp_alg_csc.o /home/liujingfei/project/histb_project_v2_Apr9/histb/source/boot/product/driver/disp/vdp_v1_0/alg/drv_disp_alg_csc.c
arm-hisiv200-linux-gcc -g -Os -D__KERNEL__ -D__ARM__ -fno-strict-aliasing -fno-common -ffixed-r8 -nostdinc -isystem /opt/hisi-linux/x86-arm/arm-hisiv200-linux/bin/../lib/gcc/arm-hisiv200-linux-gnueabi/4.4.1/include  -fno-builtin -ffreestanding  -pipe -marm  -mabi=aapcs-linux -mno-thumb-interwork -march=armv7-a -Wall -Wstrict-prototypes -fno-stack-protector  -march=armv7-a -mcpu=cortex-a9 -mfloat-abi=softfp -mfpu=vfpv3-d16 -c -O2 -Wall -DUSE_AEC -D_GNU_SOURCE -D_XOPEN_SOURCE=600 -fPIC -DCHIP_TYPE_hi3718cv100 -DSDK_VERSION="HiSTBLinuxV100R002C01SPC020" -DHI_LOG_SUPPORT=1 -DHI_LOG_LEVEL=4 -DLOG_NETWORK_SUPPORT -DLOG_UDISK_SUPPORT -DHI_PROC_SUPPORT=1 -DHI_VI_SUPPORT -DHI_VENC_SUPPORT -DHI_PQ_SUPPORT -I/home/liujingfei/v2/histb/source/boot/product/driver/include -I/home/liujingfei/v2/histb/source/boot/product/driver/include_inc -I/home/liujingfei/v2/histb/source/boot/product/loader/schedule -I/home/liujingfei/v2/histb/source/boot/product/logo/include -I/home/liujingfei/v2/histb/source/boot/product/../../common/include -I/home/liujingfei/v2/histb/source/boot/product/driver/higo/include -I/home/liujingfei/v2/histb/source/boot/product/adp/include -I/home/liujingfei/v2/histb/source/boot/product/pdm/include -I/home/liujingfei/v2/histb/source/boot/fastboot/include -I/home/liujingfei/v2/histb/source/common/include -I/home/liujingfei/v2/histb/source/boot/fastboot/../product/driver/include -I/home/liujingfei/v2/histb/source/boot/fastboot/../product/driver/include_inc -I/home/liujingfei/v2/histb/source/boot/fastboot/arch/arm/include -I/home/liujingfei/v2/histb/source/boot/fastboot/include -I/home/liujingfei/v2/histb/source/boot/product/driver/include -D__DISP_PLATFORM_BOOT__ -D__DISP_SELF_START__ -D__DISP_D0_FOLLOW_D1__ -I/home/liujingfei/project/histb_project_v2_Apr9/histb/source/boot/product/driver/disp/vdp_v1_0/alg -I/home/liujingfei/project/histb_project_v2_Apr9/histb/source/boot/product/driver/disp/vdp_v1_0/com -I/home/liujingfei/project/histb_project_v2_Apr9/histb/source/boot/product/driver/disp/vdp_v1_0/drv -I/home/liujingfei/project/histb_project_v2_Apr9/histb/source/boot/product/driver/disp/vdp_v1_0/hal/common -I/home/liujingfei/project/histb_project_v2_Apr9/histb/source/boot/product/driver/disp/vdp_v1_0/hal/cv200   -c -o /home/liujingfei/project/histb_project_v2_Apr9/histb/source/boot/product/driver/disp/vdp_v1_0/alg/drv_disp_alg_rgb2yuv.o /home/liujingfei/project/histb_project_v2_Apr9/histb/source/boot/product/driver/disp/vdp_v1_0/alg/drv_disp_alg_rgb2yuv.c
arm-hisiv200-linux-gcc -g -Os -D__KERNEL__ -D__ARM__ -fno-strict-aliasing -fno-common -ffixed-r8 -nostdinc -isystem /opt/hisi-linux/x86-arm/arm-hisiv200-linux/bin/../lib/gcc/arm-hisiv200-linux-gnueabi/4.4.1/include  -fno-builtin -ffreestanding  -pipe -marm  -mabi=aapcs-linux -mno-thumb-interwork -march=armv7-a -Wall -Wstrict-prototypes -fno-stack-protector  -march=armv7-a -mcpu=cortex-a9 -mfloat-abi=softfp -mfpu=vfpv3-d16 -c -O2 -Wall -DUSE_AEC -D_GNU_SOURCE -D_XOPEN_SOURCE=600 -fPIC -DCHIP_TYPE_hi3718cv100 -DSDK_VERSION="HiSTBLinuxV100R002C01SPC020" -DHI_LOG_SUPPORT=1 -DHI_LOG_LEVEL=4 -DLOG_NETWORK_SUPPORT -DLOG_UDISK_SUPPORT -DHI_PROC_SUPPORT=1 -DHI_VI_SUPPORT -DHI_VENC_SUPPORT -DHI_PQ_SUPPORT -I/home/liujingfei/v2/histb/source/boot/product/driver/include -I/home/liujingfei/v2/histb/source/boot/product/driver/include_inc -I/home/liujingfei/v2/histb/source/boot/product/loader/schedule -I/home/liujingfei/v2/histb/source/boot/product/logo/include -I/home/liujingfei/v2/histb/source/boot/product/../../common/include -I/home/liujingfei/v2/histb/source/boot/product/driver/higo/include -I/home/liujingfei/v2/histb/source/boot/product/adp/include -I/home/liujingfei/v2/histb/source/boot/product/pdm/include -I/home/liujingfei/v2/histb/source/boot/fastboot/include -I/home/liujingfei/v2/histb/source/common/include -I/home/liujingfei/v2/histb/source/boot/fastboot/../product/driver/include -I/home/liujingfei/v2/histb/source/boot/fastboot/../product/driver/include_inc -I/home/liujingfei/v2/histb/source/boot/fastboot/arch/arm/include -I/home/liujingfei/v2/histb/source/boot/fastboot/include -I/home/liujingfei/v2/histb/source/boot/product/driver/include -D__DISP_PLATFORM_BOOT__ -D__DISP_SELF_START__ -D__DISP_D0_FOLLOW_D1__ -I/home/liujingfei/project/histb_project_v2_Apr9/histb/source/boot/product/driver/disp/vdp_v1_0/alg -I/home/liujingfei/project/histb_project_v2_Apr9/histb/source/boot/product/driver/disp/vdp_v1_0/com -I/home/liujingfei/project/histb_project_v2_Apr9/histb/source/boot/product/driver/disp/vdp_v1_0/drv -I/home/liujingfei/project/histb_project_v2_Apr9/histb/source/boot/product/driver/disp/vdp_v1_0/hal/common -I/home/liujingfei/project/histb_project_v2_Apr9/histb/source/boot/product/driver/disp/vdp_v1_0/hal/cv200   -c -o /home/liujingfei/project/histb_project_v2_Apr9/histb/source/boot/product/driver/disp/vdp_v1_0/com/drv_disp_osal.o /home/liujingfei/project/histb_project_v2_Apr9/histb/source/boot/product/driver/disp/vdp_v1_0/com/drv_disp_osal.c
arm-hisiv200-linux-gcc -g -Os -D__KERNEL__ -D__ARM__ -fno-strict-aliasing -fno-common -ffixed-r8 -nostdinc -isystem /opt/hisi-linux/x86-arm/arm-hisiv200-linux/bin/../lib/gcc/arm-hisiv200-linux-gnueabi/4.4.1/include  -fno-builtin -ffreestanding  -pipe -marm  -mabi=aapcs-linux -mno-thumb-interwork -march=armv7-a -Wall -Wstrict-prototypes -fno-stack-protector  -march=armv7-a -mcpu=cortex-a9 -mfloat-abi=softfp -mfpu=vfpv3-d16 -c -O2 -Wall -DUSE_AEC -D_GNU_SOURCE -D_XOPEN_SOURCE=600 -fPIC -DCHIP_TYPE_hi3718cv100 -DSDK_VERSION="HiSTBLinuxV100R002C01SPC020" -DHI_LOG_SUPPORT=1 -DHI_LOG_LEVEL=4 -DLOG_NETWORK_SUPPORT -DLOG_UDISK_SUPPORT -DHI_PROC_SUPPORT=1 -DHI_VI_SUPPORT -DHI_VENC_SUPPORT -DHI_PQ_SUPPORT -I/home/liujingfei/v2/histb/source/boot/product/driver/include -I/home/liujingfei/v2/histb/source/boot/product/driver/include_inc -I/home/liujingfei/v2/histb/source/boot/product/loader/schedule -I/home/liujingfei/v2/histb/source/boot/product/logo/include -I/home/liujingfei/v2/histb/source/boot/product/../../common/include -I/home/liujingfei/v2/histb/source/boot/product/driver/higo/include -I/home/liujingfei/v2/histb/source/boot/product/adp/include -I/home/liujingfei/v2/histb/source/boot/product/pdm/include -I/home/liujingfei/v2/histb/source/boot/fastboot/include -I/home/liujingfei/v2/histb/source/common/include -I/home/liujingfei/v2/histb/source/boot/fastboot/../product/driver/include -I/home/liujingfei/v2/histb/source/boot/fastboot/../product/driver/include_inc -I/home/liujingfei/v2/histb/source/boot/fastboot/arch/arm/include -I/home/liujingfei/v2/histb/source/boot/fastboot/include -I/home/liujingfei/v2/histb/source/boot/product/driver/include -D__DISP_PLATFORM_BOOT__ -D__DISP_SELF_START__ -D__DISP_D0_FOLLOW_D1__ -I/home/liujingfei/project/histb_project_v2_Apr9/histb/source/boot/product/driver/disp/vdp_v1_0/alg -I/home/liujingfei/project/histb_project_v2_Apr9/histb/source/boot/product/driver/disp/vdp_v1_0/com -I/home/liujingfei/project/histb_project_v2_Apr9/histb/source/boot/product/driver/disp/vdp_v1_0/drv -I/home/liujingfei/project/histb_project_v2_Apr9/histb/source/boot/product/driver/disp/vdp_v1_0/hal/common -I/home/liujingfei/project/histb_project_v2_Apr9/histb/source/boot/product/driver/disp/vdp_v1_0/hal/cv200   -c -o /home/liujingfei/project/histb_project_v2_Apr9/histb/source/boot/product/driver/disp/vdp_v1_0/drv/drv_display.o /home/liujingfei/project/histb_project_v2_Apr9/histb/source/boot/product/driver/disp/vdp_v1_0/drv/drv_display.c
arm-hisiv200-linux-gcc -g -Os -D__KERNEL__ -D__ARM__ -fno-strict-aliasing -fno-common -ffixed-r8 -nostdinc -isystem /opt/hisi-linux/x86-arm/arm-hisiv200-linux/bin/../lib/gcc/arm-hisiv200-linux-gnueabi/4.4.1/include  -fno-builtin -ffreestanding  -pipe -marm  -mabi=aapcs-linux -mno-thumb-interwork -march=armv7-a -Wall -Wstrict-prototypes -fno-stack-protector  -march=armv7-a -mcpu=cortex-a9 -mfloat-abi=softfp -mfpu=vfpv3-d16 -c -O2 -Wall -DUSE_AEC -D_GNU_SOURCE -D_XOPEN_SOURCE=600 -fPIC -DCHIP_TYPE_hi3718cv100 -DSDK_VERSION="HiSTBLinuxV100R002C01SPC020" -DHI_LOG_SUPPORT=1 -DHI_LOG_LEVEL=4 -DLOG_NETWORK_SUPPORT -DLOG_UDISK_SUPPORT -DHI_PROC_SUPPORT=1 -DHI_VI_SUPPORT -DHI_VENC_SUPPORT -DHI_PQ_SUPPORT -I/home/liujingfei/v2/histb/source/boot/product/driver/include -I/home/liujingfei/v2/histb/source/boot/product/driver/include_inc -I/home/liujingfei/v2/histb/source/boot/product/loader/schedule -I/home/liujingfei/v2/histb/source/boot/product/logo/include -I/home/liujingfei/v2/histb/source/boot/product/../../common/include -I/home/liujingfei/v2/histb/source/boot/product/driver/higo/include -I/home/liujingfei/v2/histb/source/boot/product/adp/include -I/home/liujingfei/v2/histb/source/boot/product/pdm/include -I/home/liujingfei/v2/histb/source/boot/fastboot/include -I/home/liujingfei/v2/histb/source/common/include -I/home/liujingfei/v2/histb/source/boot/fastboot/../product/driver/include -I/home/liujingfei/v2/histb/source/boot/fastboot/../product/driver/include_inc -I/home/liujingfei/v2/histb/source/boot/fastboot/arch/arm/include -I/home/liujingfei/v2/histb/source/boot/fastboot/include -I/home/liujingfei/v2/histb/source/boot/product/driver/include -D__DISP_PLATFORM_BOOT__ -D__DISP_SELF_START__ -D__DISP_D0_FOLLOW_D1__ -I/home/liujingfei/project/histb_project_v2_Apr9/histb/source/boot/product/driver/disp/vdp_v1_0/alg -I/home/liujingfei/project/histb_project_v2_Apr9/histb/source/boot/product/driver/disp/vdp_v1_0/com -I/home/liujingfei/project/histb_project_v2_Apr9/histb/source/boot/product/driver/disp/vdp_v1_0/drv -I/home/liujingfei/project/histb_project_v2_Apr9/histb/source/boot/product/driver/disp/vdp_v1_0/hal/common -I/home/liujingfei/project/histb_project_v2_Apr9/histb/source/boot/product/driver/disp/vdp_v1_0/hal/cv200   -c -o /home/liujingfei/project/histb_project_v2_Apr9/histb/source/boot/product/driver/disp/vdp_v1_0/hal/common/drv_disp_da.o /home/liujingfei/project/histb_project_v2_Apr9/histb/source/boot/product/driver/disp/vdp_v1_0/hal/common/drv_disp_da.c
/home/liujingfei/project/histb_project_v2_Apr9/histb/source/boot/product/driver/disp/vdp_v1_0/hal/common/drv_disp_da.c: In function 'DISP_DA_Init':
/home/liujingfei/project/histb_project_v2_Apr9/histb/source/boot/product/driver/disp/vdp_v1_0/hal/common/drv_disp_da.c:93: warning: unused variable 'nRet'
arm-hisiv200-linux-gcc -g -Os -D__KERNEL__ -D__ARM__ -fno-strict-aliasing -fno-common -ffixed-r8 -nostdinc -isystem /opt/hisi-linux/x86-arm/arm-hisiv200-linux/bin/../lib/gcc/arm-hisiv200-linux-gnueabi/4.4.1/include  -fno-builtin -ffreestanding  -pipe -marm  -mabi=aapcs-linux -mno-thumb-interwork -march=armv7-a -Wall -Wstrict-prototypes -fno-stack-protector  -march=armv7-a -mcpu=cortex-a9 -mfloat-abi=softfp -mfpu=vfpv3-d16 -c -O2 -Wall -DUSE_AEC -D_GNU_SOURCE -D_XOPEN_SOURCE=600 -fPIC -DCHIP_TYPE_hi3718cv100 -DSDK_VERSION="HiSTBLinuxV100R002C01SPC020" -DHI_LOG_SUPPORT=1 -DHI_LOG_LEVEL=4 -DLOG_NETWORK_SUPPORT -DLOG_UDISK_SUPPORT -DHI_PROC_SUPPORT=1 -DHI_VI_SUPPORT -DHI_VENC_SUPPORT -DHI_PQ_SUPPORT -I/home/liujingfei/v2/histb/source/boot/product/driver/include -I/home/liujingfei/v2/histb/source/boot/product/driver/include_inc -I/home/liujingfei/v2/histb/source/boot/product/loader/schedule -I/home/liujingfei/v2/histb/source/boot/product/logo/include -I/home/liujingfei/v2/histb/source/boot/product/../../common/include -I/home/liujingfei/v2/histb/source/boot/product/driver/higo/include -I/home/liujingfei/v2/histb/source/boot/product/adp/include -I/home/liujingfei/v2/histb/source/boot/product/pdm/include -I/home/liujingfei/v2/histb/source/boot/fastboot/include -I/home/liujingfei/v2/histb/source/common/include -I/home/liujingfei/v2/histb/source/boot/fastboot/../product/driver/include -I/home/liujingfei/v2/histb/source/boot/fastboot/../product/driver/include_inc -I/home/liujingfei/v2/histb/source/boot/fastboot/arch/arm/include -I/home/liujingfei/v2/histb/source/boot/fastboot/include -I/home/liujingfei/v2/histb/source/boot/product/driver/include -D__DISP_PLATFORM_BOOT__ -D__DISP_SELF_START__ -D__DISP_D0_FOLLOW_D1__ -I/home/liujingfei/project/histb_project_v2_Apr9/histb/source/boot/product/driver/disp/vdp_v1_0/alg -I/home/liujingfei/project/histb_project_v2_Apr9/histb/source/boot/product/driver/disp/vdp_v1_0/com -I/home/liujingfei/project/histb_project_v2_Apr9/histb/source/boot/product/driver/disp/vdp_v1_0/drv -I/home/liujingfei/project/histb_project_v2_Apr9/histb/source/boot/product/driver/disp/vdp_v1_0/hal/common -I/home/liujingfei/project/histb_project_v2_Apr9/histb/source/boot/product/driver/disp/vdp_v1_0/hal/cv200   -c -o /home/liujingfei/project/histb_project_v2_Apr9/histb/source/boot/product/driver/disp/vdp_v1_0/hal/common/drv_disp_hal.o /home/liujingfei/project/histb_project_v2_Apr9/histb/source/boot/product/driver/disp/vdp_v1_0/hal/common/drv_disp_hal.c
arm-hisiv200-linux-gcc -g -Os -D__KERNEL__ -D__ARM__ -fno-strict-aliasing -fno-common -ffixed-r8 -nostdinc -isystem /opt/hisi-linux/x86-arm/arm-hisiv200-linux/bin/../lib/gcc/arm-hisiv200-linux-gnueabi/4.4.1/include  -fno-builtin -ffreestanding  -pipe -marm  -mabi=aapcs-linux -mno-thumb-interwork -march=armv7-a -Wall -Wstrict-prototypes -fno-stack-protector  -march=armv7-a -mcpu=cortex-a9 -mfloat-abi=softfp -mfpu=vfpv3-d16 -c -O2 -Wall -DUSE_AEC -D_GNU_SOURCE -D_XOPEN_SOURCE=600 -fPIC -DCHIP_TYPE_hi3718cv100 -DSDK_VERSION="HiSTBLinuxV100R002C01SPC020" -DHI_LOG_SUPPORT=1 -DHI_LOG_LEVEL=4 -DLOG_NETWORK_SUPPORT -DLOG_UDISK_SUPPORT -DHI_PROC_SUPPORT=1 -DHI_VI_SUPPORT -DHI_VENC_SUPPORT -DHI_PQ_SUPPORT -I/home/liujingfei/v2/histb/source/boot/product/driver/include -I/home/liujingfei/v2/histb/source/boot/product/driver/include_inc -I/home/liujingfei/v2/histb/source/boot/product/loader/schedule -I/home/liujingfei/v2/histb/source/boot/product/logo/include -I/home/liujingfei/v2/histb/source/boot/product/../../common/include -I/home/liujingfei/v2/histb/source/boot/product/driver/higo/include -I/home/liujingfei/v2/histb/source/boot/product/adp/include -I/home/liujingfei/v2/histb/source/boot/product/pdm/include -I/home/liujingfei/v2/histb/source/boot/fastboot/include -I/home/liujingfei/v2/histb/source/common/include -I/home/liujingfei/v2/histb/source/boot/fastboot/../product/driver/include -I/home/liujingfei/v2/histb/source/boot/fastboot/../product/driver/include_inc -I/home/liujingfei/v2/histb/source/boot/fastboot/arch/arm/include -I/home/liujingfei/v2/histb/source/boot/fastboot/include -I/home/liujingfei/v2/histb/source/boot/product/driver/include -D__DISP_PLATFORM_BOOT__ -D__DISP_SELF_START__ -D__DISP_D0_FOLLOW_D1__ -I/home/liujingfei/project/histb_project_v2_Apr9/histb/source/boot/product/driver/disp/vdp_v1_0/alg -I/home/liujingfei/project/histb_project_v2_Apr9/histb/source/boot/product/driver/disp/vdp_v1_0/com -I/home/liujingfei/project/histb_project_v2_Apr9/histb/source/boot/product/driver/disp/vdp_v1_0/drv -I/home/liujingfei/project/histb_project_v2_Apr9/histb/source/boot/product/driver/disp/vdp_v1_0/hal/common -I/home/liujingfei/project/histb_project_v2_Apr9/histb/source/boot/product/driver/disp/vdp_v1_0/hal/cv200   -c -o /home/liujingfei/project/histb_project_v2_Apr9/histb/source/boot/product/driver/disp/vdp_v1_0/hal/common/drv_disp_hw.o /home/liujingfei/project/histb_project_v2_Apr9/histb/source/boot/product/driver/disp/vdp_v1_0/hal/common/drv_disp_hw.c
arm-hisiv200-linux-gcc -g -Os -D__KERNEL__ -D__ARM__ -fno-strict-aliasing -fno-common -ffixed-r8 -nostdinc -isystem /opt/hisi-linux/x86-arm/arm-hisiv200-linux/bin/../lib/gcc/arm-hisiv200-linux-gnueabi/4.4.1/include  -fno-builtin -ffreestanding  -pipe -marm  -mabi=aapcs-linux -mno-thumb-interwork -march=armv7-a -Wall -Wstrict-prototypes -fno-stack-protector  -march=armv7-a -mcpu=cortex-a9 -mfloat-abi=softfp -mfpu=vfpv3-d16 -c -O2 -Wall -DUSE_AEC -D_GNU_SOURCE -D_XOPEN_SOURCE=600 -fPIC -DCHIP_TYPE_hi3718cv100 -DSDK_VERSION="HiSTBLinuxV100R002C01SPC020" -DHI_LOG_SUPPORT=1 -DHI_LOG_LEVEL=4 -DLOG_NETWORK_SUPPORT -DLOG_UDISK_SUPPORT -DHI_PROC_SUPPORT=1 -DHI_VI_SUPPORT -DHI_VENC_SUPPORT -DHI_PQ_SUPPORT -I/home/liujingfei/v2/histb/source/boot/product/driver/include -I/home/liujingfei/v2/histb/source/boot/product/driver/include_inc -I/home/liujingfei/v2/histb/source/boot/product/loader/schedule -I/home/liujingfei/v2/histb/source/boot/product/logo/include -I/home/liujingfei/v2/histb/source/boot/product/../../common/include -I/home/liujingfei/v2/histb/source/boot/product/driver/higo/include -I/home/liujingfei/v2/histb/source/boot/product/adp/include -I/home/liujingfei/v2/histb/source/boot/product/pdm/include -I/home/liujingfei/v2/histb/source/boot/fastboot/include -I/home/liujingfei/v2/histb/source/common/include -I/home/liujingfei/v2/histb/source/boot/fastboot/../product/driver/include -I/home/liujingfei/v2/histb/source/boot/fastboot/../product/driver/include_inc -I/home/liujingfei/v2/histb/source/boot/fastboot/arch/arm/include -I/home/liujingfei/v2/histb/source/boot/fastboot/include -I/home/liujingfei/v2/histb/source/boot/product/driver/include -D__DISP_PLATFORM_BOOT__ -D__DISP_SELF_START__ -D__DISP_D0_FOLLOW_D1__ -I/home/liujingfei/project/histb_project_v2_Apr9/histb/source/boot/product/driver/disp/vdp_v1_0/alg -I/home/liujingfei/project/histb_project_v2_Apr9/histb/source/boot/product/driver/disp/vdp_v1_0/com -I/home/liujingfei/project/histb_project_v2_Apr9/histb/source/boot/product/driver/disp/vdp_v1_0/drv -I/home/liujingfei/project/histb_project_v2_Apr9/histb/source/boot/product/driver/disp/vdp_v1_0/hal/common -I/home/liujingfei/project/histb_project_v2_Apr9/histb/source/boot/product/driver/disp/vdp_v1_0/hal/cv200   -c -o /home/liujingfei/project/histb_project_v2_Apr9/histb/source/boot/product/driver/disp/vdp_v1_0/hal/common/drv_disp_intf.o /home/liujingfei/project/histb_project_v2_Apr9/histb/source/boot/product/driver/disp/vdp_v1_0/hal/common/drv_disp_intf.c
arm-hisiv200-linux-gcc -g -Os -D__KERNEL__ -D__ARM__ -fno-strict-aliasing -fno-common -ffixed-r8 -nostdinc -isystem /opt/hisi-linux/x86-arm/arm-hisiv200-linux/bin/../lib/gcc/arm-hisiv200-linux-gnueabi/4.4.1/include  -fno-builtin -ffreestanding  -pipe -marm  -mabi=aapcs-linux -mno-thumb-interwork -march=armv7-a -Wall -Wstrict-prototypes -fno-stack-protector  -march=armv7-a -mcpu=cortex-a9 -mfloat-abi=softfp -mfpu=vfpv3-d16 -c -O2 -Wall -DUSE_AEC -D_GNU_SOURCE -D_XOPEN_SOURCE=600 -fPIC -DCHIP_TYPE_hi3718cv100 -DSDK_VERSION="HiSTBLinuxV100R002C01SPC020" -DHI_LOG_SUPPORT=1 -DHI_LOG_LEVEL=4 -DLOG_NETWORK_SUPPORT -DLOG_UDISK_SUPPORT -DHI_PROC_SUPPORT=1 -DHI_VI_SUPPORT -DHI_VENC_SUPPORT -DHI_PQ_SUPPORT -I/home/liujingfei/v2/histb/source/boot/product/driver/include -I/home/liujingfei/v2/histb/source/boot/product/driver/include_inc -I/home/liujingfei/v2/histb/source/boot/product/loader/schedule -I/home/liujingfei/v2/histb/source/boot/product/logo/include -I/home/liujingfei/v2/histb/source/boot/product/../../common/include -I/home/liujingfei/v2/histb/source/boot/product/driver/higo/include -I/home/liujingfei/v2/histb/source/boot/product/adp/include -I/home/liujingfei/v2/histb/source/boot/product/pdm/include -I/home/liujingfei/v2/histb/source/boot/fastboot/include -I/home/liujingfei/v2/histb/source/common/include -I/home/liujingfei/v2/histb/source/boot/fastboot/../product/driver/include -I/home/liujingfei/v2/histb/source/boot/fastboot/../product/driver/include_inc -I/home/liujingfei/v2/histb/source/boot/fastboot/arch/arm/include -I/home/liujingfei/v2/histb/source/boot/fastboot/include -I/home/liujingfei/v2/histb/source/boot/product/driver/include -D__DISP_PLATFORM_BOOT__ -D__DISP_SELF_START__ -D__DISP_D0_FOLLOW_D1__ -I/home/liujingfei/project/histb_project_v2_Apr9/histb/source/boot/product/driver/disp/vdp_v1_0/alg -I/home/liujingfei/project/histb_project_v2_Apr9/histb/source/boot/product/driver/disp/vdp_v1_0/com -I/home/liujingfei/project/histb_project_v2_Apr9/histb/source/boot/product/driver/disp/vdp_v1_0/drv -I/home/liujingfei/project/histb_project_v2_Apr9/histb/source/boot/product/driver/disp/vdp_v1_0/hal/common -I/home/liujingfei/project/histb_project_v2_Apr9/histb/source/boot/product/driver/disp/vdp_v1_0/hal/cv200   -c -o /home/liujingfei/project/histb_project_v2_Apr9/histb/source/boot/product/driver/disp/vdp_v1_0/hal/cv200/hal_specific_config.o /home/liujingfei/project/histb_project_v2_Apr9/histb/source/boot/product/driver/disp/vdp_v1_0/hal/cv200/hal_specific_config.c
arm-hisiv200-linux-gcc -g -Os -D__KERNEL__ -D__ARM__ -fno-strict-aliasing -fno-common -ffixed-r8 -nostdinc -isystem /opt/hisi-linux/x86-arm/arm-hisiv200-linux/bin/../lib/gcc/arm-hisiv200-linux-gnueabi/4.4.1/include  -fno-builtin -ffreestanding  -pipe -marm  -mabi=aapcs-linux -mno-thumb-interwork -march=armv7-a -Wall -Wstrict-prototypes -fno-stack-protector  -march=armv7-a -mcpu=cortex-a9 -mfloat-abi=softfp -mfpu=vfpv3-d16 -c -O2 -Wall -DUSE_AEC -D_GNU_SOURCE -D_XOPEN_SOURCE=600 -fPIC -DCHIP_TYPE_hi3718cv100 -DSDK_VERSION="HiSTBLinuxV100R002C01SPC020" -DHI_LOG_SUPPORT=1 -DHI_LOG_LEVEL=4 -DLOG_NETWORK_SUPPORT -DLOG_UDISK_SUPPORT -DHI_PROC_SUPPORT=1 -DHI_VI_SUPPORT -DHI_VENC_SUPPORT -DHI_PQ_SUPPORT -I/home/liujingfei/v2/histb/source/boot/product/driver/include -I/home/liujingfei/v2/histb/source/boot/product/driver/include_inc -I/home/liujingfei/v2/histb/source/boot/product/loader/schedule -I/home/liujingfei/v2/histb/source/boot/product/logo/include -I/home/liujingfei/v2/histb/source/boot/product/../../common/include -I/home/liujingfei/v2/histb/source/boot/product/driver/higo/include -I/home/liujingfei/v2/histb/source/boot/product/adp/include -I/home/liujingfei/v2/histb/source/boot/product/pdm/include -I/home/liujingfei/v2/histb/source/boot/fastboot/include -I/home/liujingfei/v2/histb/source/common/include -I/home/liujingfei/v2/histb/source/boot/fastboot/../product/driver/include -I/home/liujingfei/v2/histb/source/boot/fastboot/../product/driver/include_inc -I/home/liujingfei/v2/histb/source/boot/fastboot/arch/arm/include -I/home/liujingfei/v2/histb/source/boot/fastboot/include -I/home/liujingfei/v2/histb/source/boot/product/driver/include -D__DISP_PLATFORM_BOOT__ -D__DISP_SELF_START__ -D__DISP_D0_FOLLOW_D1__ -I/home/liujingfei/project/histb_project_v2_Apr9/histb/source/boot/product/driver/disp/vdp_v1_0/alg -I/home/liujingfei/project/histb_project_v2_Apr9/histb/source/boot/product/driver/disp/vdp_v1_0/com -I/home/liujingfei/project/histb_project_v2_Apr9/histb/source/boot/product/driver/disp/vdp_v1_0/drv -I/home/liujingfei/project/histb_project_v2_Apr9/histb/source/boot/product/driver/disp/vdp_v1_0/hal/common -I/home/liujingfei/project/histb_project_v2_Apr9/histb/source/boot/product/driver/disp/vdp_v1_0/hal/cv200   -c -o /home/liujingfei/project/histb_project_v2_Apr9/histb/source/boot/product/driver/disp/vdp_v1_0/hal/cv200/vdp_driver.o /home/liujingfei/project/histb_project_v2_Apr9/histb/source/boot/product/driver/disp/vdp_v1_0/hal/cv200/vdp_driver.c
make[4]: Leaving directory `/home/liujingfei/project/histb_project_v2_Apr9/histb/source/boot/product/driver/disp'
make -C higo all
make[4]: Entering directory `/home/liujingfei/project/histb_project_v2_Apr9/histb/source/boot/product/driver/higo'
/home/liujingfei/v2/histb/source/boot/fastboot/../product/driver/higo/higo/hi_api_mmz.c: In function 'HI_MMB_DeInit':
/home/liujingfei/v2/histb/source/boot/fastboot/../product/driver/higo/higo/hi_api_mmz.c:38: warning: control reaches end of non-void function
/home/liujingfei/v2/histb/source/boot/fastboot/../product/driver/higo/jpeg/jpg_hdec.c: In function 'JPGHDEC_CreateInstance':
/home/liujingfei/v2/histb/source/boot/fastboot/../product/driver/higo/jpeg/jpg_hdec.c:836: warning: passing argument 1 of 'HI_MMB_Map' makes integer from pointer without a cast
/home/liujingfei/v2/histb/source/boot/fastboot/../product/driver/higo/higo/hi_api_mmz.h:23: note: expected 'HI_U32' but argument is of type 'HI_CHAR *'
/home/liujingfei/v2/histb/source/boot/fastboot/../product/driver/higo/jpeg/jpg_hdec.c: In function 'JPGHDEC_DestroyInstance':
/home/liujingfei/v2/histb/source/boot/fastboot/../product/driver/higo/jpeg/jpg_hdec.c:909: warning: passing argument 1 of 'HI_MMB_Unmap' makes integer from pointer without a cast
/home/liujingfei/v2/histb/source/boot/fastboot/../product/driver/higo/higo/hi_api_mmz.h:24: note: expected 'HI_U32' but argument is of type 'HI_CHAR *'
/home/liujingfei/v2/histb/source/boot/fastboot/../product/driver/higo/jpeg/jpg_hdec.c:910: warning: passing argument 1 of 'HI_MMB_Delete' makes integer from pointer without a cast
/home/liujingfei/v2/histb/source/boot/fastboot/../product/driver/higo/higo/hi_api_mmz.h:25: note: expected 'HI_U32' but argument is of type 'HI_CHAR *'
arm-hisiv200-linux-ar -rc /home/liujingfei/v2/histb/source/boot/fastboot/../product/driver/higo/libhigo.a /home/liujingfei/v2/histb/source/boot/fastboot/../product/driver/higo/higo/adp_gfx.o /home/liujingfei/v2/histb/source/boot/fastboot/../product/driver/higo/higo/adp_layer.o /home/liujingfei/v2/histb/source/boot/fastboot/../product/driver/higo/higo/adp_png.o /home/liujingfei/v2/histb/source/boot/fastboot/../product/driver/higo/higo/hi_api_mmz.o /home/liujingfei/v2/histb/source/boot/fastboot/../product/driver/higo/higo/higo_blit.o /home/liujingfei/v2/histb/source/boot/fastboot/../product/driver/higo/higo/hi_go_bliter.o /home/liujingfei/v2/histb/source/boot/fastboot/../product/driver/higo/higo/hi_go_comm.o /home/liujingfei/v2/histb/source/boot/fastboot/../product/driver/higo/higo/higo_decbmp.o /home/liujingfei/v2/histb/source/boot/fastboot/../product/driver/higo/higo/higo_decgif.o /home/liujingfei/v2/histb/source/boot/fastboot/../product/driver/higo/higo/hi_go_decoder.o /home/liujingfei/v2/histb/source/boot/fastboot/../product/driver/higo/higo/hi_go_gdev.o /home/liujingfei/v2/histb/source/boot/fastboot/../product/driver/higo/higo/higo_io.o /home/liujingfei/v2/histb/source/boot/fastboot/../product/driver/higo/higo/higo_memory.o /home/liujingfei/v2/histb/source/boot/fastboot/../product/driver/higo/higo/higo_memsurface.o /home/liujingfei/v2/histb/source/boot/fastboot/../product/driver/higo/higo/hi_go_surface.o /home/liujingfei/v2/histb/source/boot/fastboot/../product/driver/higo/higo/higo_surface.o /home/liujingfei/v2/histb/source/boot/fastboot/../product/driver/higo/tde/hi_api_tde.o /home/liujingfei/v2/histb/source/boot/fastboot/../product/driver/higo/tde/tde_hal.o /home/liujingfei/v2/histb/source/boot/fastboot/../product/driver/higo/tde/tde_osictl.o /home/liujingfei/v2/histb/source/boot/fastboot/../product/driver/higo/tde/tde_osilist.o /home/liujingfei/v2/histb/source/boot/fastboot/../product/driver/higo/tde/tde_osr.o /home/liujingfei/v2/histb/source/boot/fastboot/../product/driver/higo/tde/wmalloc.o /home/liujingfei/v2/histb/source/boot/fastboot/../product/driver/higo/jpeg/adp_jpeg.o /home/liujingfei/v2/histb/source/boot/fastboot/../product/driver/higo/jpeg/jpg_buf.o /home/liujingfei/v2/histb/source/boot/fastboot/../product/driver/higo/jpeg/jpg_decctrl.o /home/liujingfei/v2/histb/source/boot/fastboot/../product/driver/higo/jpeg/jpg_drvapi.o /home/liujingfei/v2/histb/source/boot/fastboot/../product/driver/higo/jpeg/jpg_handle.o /home/liujingfei/v2/histb/source/boot/fastboot/../product/driver/higo/jpeg/jpg_hdec.o /home/liujingfei/v2/histb/source/boot/fastboot/../product/driver/higo/jpeg/jpg_memory.o /home/liujingfei/v2/histb/source/boot/fastboot/../product/driver/higo/jpeg/jpg_parse.o /home/liujingfei/v2/histb/source/boot/fastboot/../product/driver/higo/hifb/adp/platform/src/optm_hifb.o /home/liujingfei/v2/histb/source/boot/fastboot/../product/driver/higo/hifb/adp/platform/src/optm_hal.o /home/liujingfei/v2/histb/source/boot/fastboot/../product/driver/higo/hifb/adp/platform/src/optm_alg_csc.o /home/liujingfei/v2/histb/source/boot/fastboot/../product/driver/higo/hifb/adp/platform/src/optm_alg_gzme.o /home/liujingfei/v2/histb/source/boot/fastboot/../product/driver/higo/hifb/adp/platform/src/optm_alg_gsharp.o /home/liujingfei/v2/histb/source/boot/fastboot/../product/driver/higo/hifb/adp/platform/src/optm_alg_zme_coef.o
make[4]: Leaving directory `/home/liujingfei/project/histb_project_v2_Apr9/histb/source/boot/product/driver/higo'
make -C hdmi all
make[4]: Entering directory `/home/liujingfei/project/histb_project_v2_Apr9/histb/source/boot/product/driver/hdmi'
make[4]: Leaving directory `/home/liujingfei/project/histb_project_v2_Apr9/histb/source/boot/product/driver/hdmi'
make -C i2c all
make[4]: Entering directory `/home/liujingfei/project/histb_project_v2_Apr9/histb/source/boot/product/driver/i2c'
make[4]: Leaving directory `/home/liujingfei/project/histb_project_v2_Apr9/histb/source/boot/product/driver/i2c'
make -C gpio all
make[4]: Entering directory `/home/liujingfei/project/histb_project_v2_Apr9/histb/source/boot/product/driver/gpio'
make[4]: Leaving directory `/home/liujingfei/project/histb_project_v2_Apr9/histb/source/boot/product/driver/gpio'
make -C pdm all
make[4]: Entering directory `/home/liujingfei/project/histb_project_v2_Apr9/histb/source/boot/product/driver/pdm'
make[4]: Leaving directory `/home/liujingfei/project/histb_project_v2_Apr9/histb/source/boot/product/driver/pdm'
make -C pq all
make[4]: Entering directory `/home/liujingfei/project/histb_project_v2_Apr9/histb/source/boot/product/driver/pq'
make[4]: Leaving directory `/home/liujingfei/project/histb_project_v2_Apr9/histb/source/boot/product/driver/pq'
make -C frontend all
make[4]: Entering directory `/home/liujingfei/project/histb_project_v2_Apr9/histb/source/boot/product/driver/frontend'
make[4]: Leaving directory `/home/liujingfei/project/histb_project_v2_Apr9/histb/source/boot/product/driver/frontend'
make -C keyled all
make[4]: Entering directory `/home/liujingfei/project/histb_project_v2_Apr9/histb/source/boot/product/driver/keyled'
make[4]: Leaving directory `/home/liujingfei/project/histb_project_v2_Apr9/histb/source/boot/product/driver/keyled'
make[3]: Leaving directory `/home/liujingfei/project/histb_project_v2_Apr9/histb/source/boot/product/driver'
make[2]: Leaving directory `/home/liujingfei/project/histb_project_v2_Apr9/histb/source/boot/product'
`/home/liujingfei/project/histb_project_v2_Apr9/histb/source/boot/sysreg/hi3718cdmo1b_hi3718cv100_ddr3_2gbyte_8bitx4_4layers_emmc.reg' -> `/home/liujingfei/project/histb_project_v2_Apr9/histb/source/boot/fastboot/hi3718cdmo1b_hi3718cv100_ddr3_2gbyte_8bitx4_4layers_emmc.reg'
make -C /home/liujingfei/project/histb_project_v2_Apr9/histb/source/boot/fastboot ARCH=arm CROSS_COMPILE=arm-hisiv200-linux- LIBSPRODUCT=/home/liujingfei/project/histb_project_v2_Apr9/histb/source/boot/product/libproduct.a CONFIG_COMPRESS_BOOT= O= CONFIG_MERGE_IMAGE= s40 -j 16
make[2]: Entering directory `/home/liujingfei/project/histb_project_v2_Apr9/histb/source/boot/fastboot'
Generating include/autoconf.mk
Generating include/autoconf.mk.dep
make[2]: Leaving directory `/home/liujingfei/project/histb_project_v2_Apr9/histb/source/boot/fastboot'
make[2]: Entering directory `/home/liujingfei/project/histb_project_v2_Apr9/histb/source/boot/fastboot'
Configuring for s40 board...
make
make[3]: Entering directory `/home/liujingfei/project/histb_project_v2_Apr9/histb/source/boot/fastboot'
Generating include/autoconf.mk
Generating include/autoconf.mk.dep
make[3]: Leaving directory `/home/liujingfei/project/histb_project_v2_Apr9/histb/source/boot/fastboot'
make[3]: Entering directory `/home/liujingfei/project/histb_project_v2_Apr9/histb/source/boot/fastboot'
make -C /home/liujingfei/project/histb_project_v2_Apr9/histb/source/boot/fastboot/arch/arm/cpu/s40/ddr_training \
		TOPDIR=/home/liujingfei/project/histb_project_v2_Apr9/histb/source/boot/fastboot \
		CROSS_COMPILE=arm-hisiv200-linux-
make[4]: Entering directory `/home/liujingfei/project/histb_project_v2_Apr9/histb/source/boot/fastboot/arch/arm/cpu/s40/ddr_training'
make[4]: warning: jobserver unavailable: using -j1.  Add `+' to parent make rule.
make -C s40 TOPDIR=/home/liujingfei/project/histb_project_v2_Apr9/histb/source/boot/fastboot CROSS_COMPILE=arm-hisiv200-linux-
make[5]: Entering directory `/home/liujingfei/project/histb_project_v2_Apr9/histb/source/boot/fastboot/arch/arm/cpu/s40/ddr_training/s40'
set -e; arm-hisiv200-linux-gcc -Os -fno-strict-aliasing -fno-common -ffixed-r8 -DTEXT_BASE=0xFFFF0C00 -DSTACK_POINT=0xFFFF0C00 -fno-builtin -ffreestanding -I./ -I/home/liujingfei/project/histb_project_v2_Apr9/histb/source/boot/fastboot/include -I../ -pipe -D__ARM__ -marm  -mabi=aapcs-linux -mno-thumb-interwork -march=armv7-a -MM uart.S | sed 's,uart.o:,uart.o uart.d:,g' > uart.d
make[5]: Leaving directory `/home/liujingfei/project/histb_project_v2_Apr9/histb/source/boot/fastboot/arch/arm/cpu/s40/ddr_training/s40'
make[5]: Entering directory `/home/liujingfei/project/histb_project_v2_Apr9/histb/source/boot/fastboot/arch/arm/cpu/s40/ddr_training/s40'
arm-hisiv200-linux-gcc -D__ASSEMBLY__ -Os -fno-strict-aliasing -fno-common -ffixed-r8 -DTEXT_BASE=0xFFFF0C00 -DSTACK_POINT=0xFFFF0C00 -fno-builtin -ffreestanding -I./ -I/home/liujingfei/project/histb_project_v2_Apr9/histb/source/boot/fastboot/include -I../ -pipe -D__ARM__ -marm  -mabi=aapcs-linux -mno-thumb-interwork -march=armv7-a -o uart.o -c uart.S
arm-hisiv200-linux-ld -Bstatic -T ../boot.lds -Ttext 0xFFFF0C00 start.o \
		ddr_training.o uart.o libc.o  -Map ddr_training.map -o ddr_training.elf
arm-hisiv200-linux-objcopy -O srec /home/liujingfei/project/histb_project_v2_Apr9/histb/source/boot/fastboot/arch/arm/cpu/s40/ddr_training/s40/ddr_training.elf ddr_training.srec
arm-hisiv200-linux-objcopy --gap-fill=0xff -O binary /home/liujingfei/project/histb_project_v2_Apr9/histb/source/boot/fastboot/arch/arm/cpu/s40/ddr_training/s40/ddr_training.elf ddr_training.bin
cd /home/liujingfei/project/histb_project_v2_Apr9/histb/source/boot/fastboot/common && \
		ln -sf ..//arch/arm/cpu/s40/ddr_training/s40/ddr_training_printf.c s40_ddr_training_printf.c && \
		ln -sf ..//arch/arm/cpu/s40/ddr_training/s40/ddr_training.h s40_ddr_training.h && \
	cd -
/home/liujingfei/project/histb_project_v2_Apr9/histb/source/boot/fastboot/arch/arm/cpu/s40/ddr_training/s40
make[5]: Leaving directory `/home/liujingfei/project/histb_project_v2_Apr9/histb/source/boot/fastboot/arch/arm/cpu/s40/ddr_training/s40'
make[4]: Leaving directory `/home/liujingfei/project/histb_project_v2_Apr9/histb/source/boot/fastboot/arch/arm/cpu/s40/ddr_training'
for dir in tools arch/arm/cpu/s40 /home/liujingfei/project/histb_project_v2_Apr9/histb/source/boot/fastboot/arch/arm/cpu/s40/ ; do \
			make -C $dir _depend ; done
make[4]: Entering directory `/home/liujingfei/project/histb_project_v2_Apr9/histb/source/boot/fastboot/tools'
make[4]: Nothing to be done for `_depend'.
make[4]: Leaving directory `/home/liujingfei/project/histb_project_v2_Apr9/histb/source/boot/fastboot/tools'
make[4]: Entering directory `/home/liujingfei/project/histb_project_v2_Apr9/histb/source/boot/fastboot/arch/arm/cpu/s40'
make[4]: Nothing to be done for `_depend'.
make[4]: Leaving directory `/home/liujingfei/project/histb_project_v2_Apr9/histb/source/boot/fastboot/arch/arm/cpu/s40'
make[4]: Entering directory `/home/liujingfei/project/histb_project_v2_Apr9/histb/source/boot/fastboot/arch/arm/cpu/s40'
make[4]: Nothing to be done for `_depend'.
make[4]: Leaving directory `/home/liujingfei/project/histb_project_v2_Apr9/histb/source/boot/fastboot/arch/arm/cpu/s40'
make -C tools all
make -C arch/arm/cpu/s40 start.o
make -C /home/liujingfei/project/histb_project_v2_Apr9/histb/source/boot/fastboot/arch/arm/cpu/s40/ u-boot.lds
make[4]: Entering directory `/home/liujingfei/project/histb_project_v2_Apr9/histb/source/boot/fastboot/tools'
make[4]: Leaving directory `/home/liujingfei/project/histb_project_v2_Apr9/histb/source/boot/fastboot/tools'
make[4]: Entering directory `/home/liujingfei/project/histb_project_v2_Apr9/histb/source/boot/fastboot/arch/arm/cpu/s40'
arm-hisiv200-linux-gcc   -D__ASSEMBLY__ -g  -Os   -fno-strict-aliasing -fno-common -ffixed-r8   -D__KERNEL__ -DTEXT_BASE=0x00c00000 -I/home/liujingfei/project/histb_project_v2_Apr9/histb/source/boot/fastboot/include -I/home/liujingfei/project/histb_project_v2_Apr9/histb/source/boot/fastboot -I/opt/hisi-linux/x86-arm/arm-hisiv200-linux/bin/../lib/gcc/arm-hisiv200-linux-gnueabi/4.4.1/include -fno-builtin -ffreestanding -nostdinc -isystem /opt/hisi-linux/x86-arm/arm-hisiv200-linux/bin/../lib/gcc/arm-hisiv200-linux-gnueabi/4.4.1/include -pipe  -DCONFIG_ARM -D__ARM__ -marm -mno-thumb-interwork  -mabi=aapcs-linux -march=armv7-a -DVERSION=3 -DPATCHLEVEL=3 -DSUBLEVEL=0 -DAUTELAN -D__FASTBOOT__ -DAT_ENV_SIZE=4096 -D__AKID_DEBUG=__boot_debug -I/home/liujingfei/project/histb_project_v2_Apr9/histb/source/boot/fastboot/common/autelan/lib -I/home/liujingfei/project/histb_project_v2_Apr9/histb/source/boot/fastboot/common/autelan/app  -DVERSION=3 -DPATCHLEVEL=3 -DSUBLEVEL=0 -DAUTELAN -D__FASTBOOT__ -DAT_ENV_SIZE=4096 -D__AKID_DEBUG=__boot_debug -I/home/liujingfei/project/histb_project_v2_Apr9/histb/source/boot/fastboot/common/autelan/lib -I/home/liujingfei/project/histb_project_v2_Apr9/histb/source/boot/fastboot/common/autelan/app    \
		-o start.o start.S -c
make[4]: Leaving directory `/home/liujingfei/project/histb_project_v2_Apr9/histb/source/boot/fastboot/arch/arm/cpu/s40'
if [ sslib/libgeneric.a != ss/home/liujingfei/project/histb_project_v2_Apr9/histb/source/boot/product/libproduct.a ]; then ( \
		make -C lib/; \
	) fi
make[4]: Entering directory `/home/liujingfei/project/histb_project_v2_Apr9/histb/source/boot/fastboot/arch/arm/cpu/s40'
make[4]: Nothing to be done for `u-boot.lds'.
make[4]: Leaving directory `/home/liujingfei/project/histb_project_v2_Apr9/histb/source/boot/fastboot/arch/arm/cpu/s40'
if [ sslib/lzma/liblzma.a != ss/home/liujingfei/project/histb_project_v2_Apr9/histb/source/boot/product/libproduct.a ]; then ( \
		make -C lib/lzma/; \
	) fi
if [ sslib/lzo/liblzo.a != ss/home/liujingfei/project/histb_project_v2_Apr9/histb/source/boot/product/libproduct.a ]; then ( \
		make -C lib/lzo/; \
	) fi
if [ ssarch/arm/cpu/s40/libs40.a != ss/home/liujingfei/project/histb_project_v2_Apr9/histb/source/boot/product/libproduct.a ]; then ( \
		make -C arch/arm/cpu/s40/; \
	) fi
make[4]: Entering directory `/home/liujingfei/project/histb_project_v2_Apr9/histb/source/boot/fastboot/lib'
arm-hisiv200-linux-gcc  -g  -Os   -fno-strict-aliasing -fno-common -ffixed-r8   -D__KERNEL__ -DTEXT_BASE=0x00c00000 -I/home/liujingfei/project/histb_project_v2_Apr9/histb/source/boot/fastboot/include -I/home/liujingfei/project/histb_project_v2_Apr9/histb/source/boot/fastboot -I/opt/hisi-linux/x86-arm/arm-hisiv200-linux/bin/../lib/gcc/arm-hisiv200-linux-gnueabi/4.4.1/include -fno-builtin -ffreestanding -nostdinc -isystem /opt/hisi-linux/x86-arm/arm-hisiv200-linux/bin/../lib/gcc/arm-hisiv200-linux-gnueabi/4.4.1/include -pipe  -DCONFIG_ARM -D__ARM__ -marm -mno-thumb-interwork  -mabi=aapcs-linux -march=armv7-a -DVERSION=3 -DPATCHLEVEL=3 -DSUBLEVEL=0 -DAUTELAN -D__FASTBOOT__ -DAT_ENV_SIZE=4096 -D__AKID_DEBUG=__boot_debug -I/home/liujingfei/project/histb_project_v2_Apr9/histb/source/boot/fastboot/common/autelan/lib -I/home/liujingfei/project/histb_project_v2_Apr9/histb/source/boot/fastboot/common/autelan/app  -DVERSION=3 -DPATCHLEVEL=3 -DSUBLEVEL=0 -DAUTELAN -D__FASTBOOT__ -DAT_ENV_SIZE=4096 -D__AKID_DEBUG=__boot_debug -I/home/liujingfei/project/histb_project_v2_Apr9/histb/source/boot/fastboot/common/autelan/lib -I/home/liujingfei/project/histb_project_v2_Apr9/histb/source/boot/fastboot/common/autelan/app  -Wall -Wstrict-prototypes -fno-stack-protector   \
		-o strmhz.o strmhz.c -c
make[4]: Entering directory `/home/liujingfei/project/histb_project_v2_Apr9/histb/source/boot/fastboot/lib/lzma'
if [ ssarch/arm/lib/libarm.a != ss/home/liujingfei/project/histb_project_v2_Apr9/histb/source/boot/product/libproduct.a ]; then ( \
		make -C arch/arm/lib/; \
	) fi
arm-hisiv200-linux-gcc  -g  -Os   -fno-strict-aliasing -fno-common -ffixed-r8   -D__KERNEL__ -DTEXT_BASE=0x00c00000 -I/home/liujingfei/project/histb_project_v2_Apr9/histb/source/boot/fastboot/include -I/home/liujingfei/project/histb_project_v2_Apr9/histb/source/boot/fastboot -I/opt/hisi-linux/x86-arm/arm-hisiv200-linux/bin/../lib/gcc/arm-hisiv200-linux-gnueabi/4.4.1/include -fno-builtin -ffreestanding -nostdinc -isystem /opt/hisi-linux/x86-arm/arm-hisiv200-linux/bin/../lib/gcc/arm-hisiv200-linux-gnueabi/4.4.1/include -pipe  -DCONFIG_ARM -D__ARM__ -marm -mno-thumb-interwork  -mabi=aapcs-linux -march=armv7-a -DVERSION=3 -DPATCHLEVEL=3 -DSUBLEVEL=0 -DAUTELAN -D__FASTBOOT__ -DAT_ENV_SIZE=4096 -D__AKID_DEBUG=__boot_debug -I/home/liujingfei/project/histb_project_v2_Apr9/histb/source/boot/fastboot/common/autelan/lib -I/home/liujingfei/project/histb_project_v2_Apr9/histb/source/boot/fastboot/common/autelan/app  -DVERSION=3 -DPATCHLEVEL=3 -DSUBLEVEL=0 -DAUTELAN -D__FASTBOOT__ -DAT_ENV_SIZE=4096 -D__AKID_DEBUG=__boot_debug -I/home/liujingfei/project/histb_project_v2_Apr9/histb/source/boot/fastboot/common/autelan/lib -I/home/liujingfei/project/histb_project_v2_Apr9/histb/source/boot/fastboot/common/autelan/app  -Wall -Wstrict-prototypes -fno-stack-protector   \
		-o crc32.o crc32.c -c
arm-hisiv200-linux-gcc  -g  -Os   -fno-strict-aliasing -fno-common -ffixed-r8   -D__KERNEL__ -DTEXT_BASE=0x00c00000 -I/home/liujingfei/project/histb_project_v2_Apr9/histb/source/boot/fastboot/include -I/home/liujingfei/project/histb_project_v2_Apr9/histb/source/boot/fastboot -I/opt/hisi-linux/x86-arm/arm-hisiv200-linux/bin/../lib/gcc/arm-hisiv200-linux-gnueabi/4.4.1/include -fno-builtin -ffreestanding -nostdinc -isystem /opt/hisi-linux/x86-arm/arm-hisiv200-linux/bin/../lib/gcc/arm-hisiv200-linux-gnueabi/4.4.1/include -pipe  -DCONFIG_ARM -D__ARM__ -marm -mno-thumb-interwork  -mabi=aapcs-linux -march=armv7-a -DVERSION=3 -DPATCHLEVEL=3 -DSUBLEVEL=0 -DAUTELAN -D__FASTBOOT__ -DAT_ENV_SIZE=4096 -D__AKID_DEBUG=__boot_debug -I/home/liujingfei/project/histb_project_v2_Apr9/histb/source/boot/fastboot/common/autelan/lib -I/home/liujingfei/project/histb_project_v2_Apr9/histb/source/boot/fastboot/common/autelan/app  -DVERSION=3 -DPATCHLEVEL=3 -DSUBLEVEL=0 -DAUTELAN -D__FASTBOOT__ -DAT_ENV_SIZE=4096 -D__AKID_DEBUG=__boot_debug -I/home/liujingfei/project/histb_project_v2_Apr9/histb/source/boot/fastboot/common/autelan/lib -I/home/liujingfei/project/histb_project_v2_Apr9/histb/source/boot/fastboot/common/autelan/app  -Wall -Wstrict-prototypes -fno-stack-protector   \
		-o display_options.o display_options.c -c
make[4]: Entering directory `/home/liujingfei/project/histb_project_v2_Apr9/histb/source/boot/fastboot/lib/lzo'
if [ ssnet/libnet.a != ss/home/liujingfei/project/histb_project_v2_Apr9/histb/source/boot/product/libproduct.a ]; then ( \
		make -C net/; \
	) fi
arm-hisiv200-linux-ar crv liblzma.a 
arm-hisiv200-linux-gcc  -g  -Os   -fno-strict-aliasing -fno-common -ffixed-r8   -D__KERNEL__ -DTEXT_BASE=0x00c00000 -I/home/liujingfei/project/histb_project_v2_Apr9/histb/source/boot/fastboot/include -I/home/liujingfei/project/histb_project_v2_Apr9/histb/source/boot/fastboot -I/opt/hisi-linux/x86-arm/arm-hisiv200-linux/bin/../lib/gcc/arm-hisiv200-linux-gnueabi/4.4.1/include -fno-builtin -ffreestanding -nostdinc -isystem /opt/hisi-linux/x86-arm/arm-hisiv200-linux/bin/../lib/gcc/arm-hisiv200-linux-gnueabi/4.4.1/include -pipe  -DCONFIG_ARM -D__ARM__ -marm -mno-thumb-interwork  -mabi=aapcs-linux -march=armv7-a -DVERSION=3 -DPATCHLEVEL=3 -DSUBLEVEL=0 -DAUTELAN -D__FASTBOOT__ -DAT_ENV_SIZE=4096 -D__AKID_DEBUG=__boot_debug -I/home/liujingfei/project/histb_project_v2_Apr9/histb/source/boot/fastboot/common/autelan/lib -I/home/liujingfei/project/histb_project_v2_Apr9/histb/source/boot/fastboot/common/autelan/app  -DVERSION=3 -DPATCHLEVEL=3 -DSUBLEVEL=0 -DAUTELAN -D__FASTBOOT__ -DAT_ENV_SIZE=4096 -D__AKID_DEBUG=__boot_debug -I/home/liujingfei/project/histb_project_v2_Apr9/histb/source/boot/fastboot/common/autelan/lib -I/home/liujingfei/project/histb_project_v2_Apr9/histb/source/boot/fastboot/common/autelan/app  -Wall -Wstrict-prototypes -fno-stack-protector   \
		-o net_utils.o net_utils.c -c
make[4]: Entering directory `/home/liujingfei/project/histb_project_v2_Apr9/histb/source/boot/fastboot/arch/arm/cpu/s40'
arm-hisiv200-linux-gcc   -D__ASSEMBLY__ -g  -Os   -fno-strict-aliasing -fno-common -ffixed-r8   -D__KERNEL__ -DTEXT_BASE=0x00c00000 -I/home/liujingfei/project/histb_project_v2_Apr9/histb/source/boot/fastboot/include -I/home/liujingfei/project/histb_project_v2_Apr9/histb/source/boot/fastboot -I/opt/hisi-linux/x86-arm/arm-hisiv200-linux/bin/../lib/gcc/arm-hisiv200-linux-gnueabi/4.4.1/include -fno-builtin -ffreestanding -nostdinc -isystem /opt/hisi-linux/x86-arm/arm-hisiv200-linux/bin/../lib/gcc/arm-hisiv200-linux-gnueabi/4.4.1/include -pipe  -DCONFIG_ARM -D__ARM__ -marm -mno-thumb-interwork  -mabi=aapcs-linux -march=armv7-a -DVERSION=3 -DPATCHLEVEL=3 -DSUBLEVEL=0 -DAUTELAN -D__FASTBOOT__ -DAT_ENV_SIZE=4096 -D__AKID_DEBUG=__boot_debug -I/home/liujingfei/project/histb_project_v2_Apr9/histb/source/boot/fastboot/common/autelan/lib -I/home/liujingfei/project/histb_project_v2_Apr9/histb/source/boot/fastboot/common/autelan/app  -DVERSION=3 -DPATCHLEVEL=3 -DSUBLEVEL=0 -DAUTELAN -D__FASTBOOT__ -DAT_ENV_SIZE=4096 -D__AKID_DEBUG=__boot_debug -I/home/liujingfei/project/histb_project_v2_Apr9/histb/source/boot/fastboot/common/autelan/lib -I/home/liujingfei/project/histb_project_v2_Apr9/histb/source/boot/fastboot/common/autelan/app    \
		-o ddrphy_training_func.o ddrphy_training_func.S -c
if [ ssdrivers/mmc/libmmc.a != ss/home/liujingfei/project/histb_project_v2_Apr9/histb/source/boot/product/libproduct.a ]; then ( \
		make -C drivers/mmc/; \
	) fi
make[4]: Leaving directory `/home/liujingfei/project/histb_project_v2_Apr9/histb/source/boot/fastboot/lib/lzma'
arm-hisiv200-linux-ar crv liblzo.a 
arm-hisiv200-linux-gcc  -g  -Os   -fno-strict-aliasing -fno-common -ffixed-r8   -D__KERNEL__ -DTEXT_BASE=0x00c00000 -I/home/liujingfei/project/histb_project_v2_Apr9/histb/source/boot/fastboot/include -I/home/liujingfei/project/histb_project_v2_Apr9/histb/source/boot/fastboot -I/opt/hisi-linux/x86-arm/arm-hisiv200-linux/bin/../lib/gcc/arm-hisiv200-linux-gnueabi/4.4.1/include -fno-builtin -ffreestanding -nostdinc -isystem /opt/hisi-linux/x86-arm/arm-hisiv200-linux/bin/../lib/gcc/arm-hisiv200-linux-gnueabi/4.4.1/include -pipe  -DCONFIG_ARM -D__ARM__ -marm -mno-thumb-interwork  -mabi=aapcs-linux -march=armv7-a -DVERSION=3 -DPATCHLEVEL=3 -DSUBLEVEL=0 -DAUTELAN -D__FASTBOOT__ -DAT_ENV_SIZE=4096 -D__AKID_DEBUG=__boot_debug -I/home/liujingfei/project/histb_project_v2_Apr9/histb/source/boot/fastboot/common/autelan/lib -I/home/liujingfei/project/histb_project_v2_Apr9/histb/source/boot/fastboot/common/autelan/app  -DVERSION=3 -DPATCHLEVEL=3 -DSUBLEVEL=0 -DAUTELAN -D__FASTBOOT__ -DAT_ENV_SIZE=4096 -D__AKID_DEBUG=__boot_debug -I/home/liujingfei/project/histb_project_v2_Apr9/histb/source/boot/fastboot/common/autelan/lib -I/home/liujingfei/project/histb_project_v2_Apr9/histb/source/boot/fastboot/common/autelan/app  -Wall -Wstrict-prototypes -fno-stack-protector   \
		-o string.o string.c -c
arm-hisiv200-linux-gcc   -D__ASSEMBLY__ -g  -Os   -fno-strict-aliasing -fno-common -ffixed-r8   -D__KERNEL__ -DTEXT_BASE=0x00c00000 -I/home/liujingfei/project/histb_project_v2_Apr9/histb/source/boot/fastboot/include -I/home/liujingfei/project/histb_project_v2_Apr9/histb/source/boot/fastboot -I/opt/hisi-linux/x86-arm/arm-hisiv200-linux/bin/../lib/gcc/arm-hisiv200-linux-gnueabi/4.4.1/include -fno-builtin -ffreestanding -nostdinc -isystem /opt/hisi-linux/x86-arm/arm-hisiv200-linux/bin/../lib/gcc/arm-hisiv200-linux-gnueabi/4.4.1/include -pipe  -DCONFIG_ARM -D__ARM__ -marm -mno-thumb-interwork  -mabi=aapcs-linux -march=armv7-a -DVERSION=3 -DPATCHLEVEL=3 -DSUBLEVEL=0 -DAUTELAN -D__FASTBOOT__ -DAT_ENV_SIZE=4096 -D__AKID_DEBUG=__boot_debug -I/home/liujingfei/project/histb_project_v2_Apr9/histb/source/boot/fastboot/common/autelan/lib -I/home/liujingfei/project/histb_project_v2_Apr9/histb/source/boot/fastboot/common/autelan/app  -DVERSION=3 -DPATCHLEVEL=3 -DSUBLEVEL=0 -DAUTELAN -D__FASTBOOT__ -DAT_ENV_SIZE=4096 -D__AKID_DEBUG=__boot_debug -I/home/liujingfei/project/histb_project_v2_Apr9/histb/source/boot/fastboot/common/autelan/lib -I/home/liujingfei/project/histb_project_v2_Apr9/histb/source/boot/fastboot/common/autelan/app    \
		-o ddrphy_training_print.o ddrphy_training_print.S -c
if [ ssfs/ext4/libext4.a != ss/home/liujingfei/project/histb_project_v2_Apr9/histb/source/boot/product/libproduct.a ]; then ( \
		make -C fs/ext4/; \
	) fi
make[4]: Leaving directory `/home/liujingfei/project/histb_project_v2_Apr9/histb/source/boot/fastboot/lib/lzo'
arm-hisiv200-linux-gcc  -g  -Os   -fno-strict-aliasing -fno-common -ffixed-r8   -D__KERNEL__ -DTEXT_BASE=0x00c00000 -I/home/liujingfei/project/histb_project_v2_Apr9/histb/source/boot/fastboot/include -I/home/liujingfei/project/histb_project_v2_Apr9/histb/source/boot/fastboot -I/opt/hisi-linux/x86-arm/arm-hisiv200-linux/bin/../lib/gcc/arm-hisiv200-linux-gnueabi/4.4.1/include -fno-builtin -ffreestanding -nostdinc -isystem /opt/hisi-linux/x86-arm/arm-hisiv200-linux/bin/../lib/gcc/arm-hisiv200-linux-gnueabi/4.4.1/include -pipe  -DCONFIG_ARM -D__ARM__ -marm -mno-thumb-interwork  -mabi=aapcs-linux -march=armv7-a -DVERSION=3 -DPATCHLEVEL=3 -DSUBLEVEL=0 -DAUTELAN -D__FASTBOOT__ -DAT_ENV_SIZE=4096 -D__AKID_DEBUG=__boot_debug -I/home/liujingfei/project/histb_project_v2_Apr9/histb/source/boot/fastboot/common/autelan/lib -I/home/liujingfei/project/histb_project_v2_Apr9/histb/source/boot/fastboot/common/autelan/app  -DVERSION=3 -DPATCHLEVEL=3 -DSUBLEVEL=0 -DAUTELAN -D__FASTBOOT__ -DAT_ENV_SIZE=4096 -D__AKID_DEBUG=__boot_debug -I/home/liujingfei/project/histb_project_v2_Apr9/histb/source/boot/fastboot/common/autelan/lib -I/home/liujingfei/project/histb_project_v2_Apr9/histb/source/boot/fastboot/common/autelan/app  -Wall -Wstrict-prototypes -fno-stack-protector   \
		-o time.o time.c -c
make[4]: Entering directory `/home/liujingfei/project/histb_project_v2_Apr9/histb/source/boot/fastboot/arch/arm/lib'
arm-hisiv200-linux-gcc  -g  -Os   -fno-strict-aliasing -fno-common -ffixed-r8   -D__KERNEL__ -DTEXT_BASE=0x00c00000 -I/home/liujingfei/project/histb_project_v2_Apr9/histb/source/boot/fastboot/include -I/home/liujingfei/project/histb_project_v2_Apr9/histb/source/boot/fastboot -I/opt/hisi-linux/x86-arm/arm-hisiv200-linux/bin/../lib/gcc/arm-hisiv200-linux-gnueabi/4.4.1/include -fno-builtin -ffreestanding -nostdinc -isystem /opt/hisi-linux/x86-arm/arm-hisiv200-linux/bin/../lib/gcc/arm-hisiv200-linux-gnueabi/4.4.1/include -pipe  -DCONFIG_ARM -D__ARM__ -marm -mno-thumb-interwork  -mabi=aapcs-linux -march=armv7-a -DVERSION=3 -DPATCHLEVEL=3 -DSUBLEVEL=0 -DAUTELAN -D__FASTBOOT__ -DAT_ENV_SIZE=4096 -D__AKID_DEBUG=__boot_debug -I/home/liujingfei/project/histb_project_v2_Apr9/histb/source/boot/fastboot/common/autelan/lib -I/home/liujingfei/project/histb_project_v2_Apr9/histb/source/boot/fastboot/common/autelan/app  -DVERSION=3 -DPATCHLEVEL=3 -DSUBLEVEL=0 -DAUTELAN -D__FASTBOOT__ -DAT_ENV_SIZE=4096 -D__AKID_DEBUG=__boot_debug -I/home/liujingfei/project/histb_project_v2_Apr9/histb/source/boot/fastboot/common/autelan/lib -I/home/liujingfei/project/histb_project_v2_Apr9/histb/source/boot/fastboot/common/autelan/app  -Wall -Wstrict-prototypes -fno-stack-protector   \
		-o board.o board.c -c
make[4]: Entering directory `/home/liujingfei/project/histb_project_v2_Apr9/histb/source/boot/fastboot/net'
arm-hisiv200-linux-gcc  -g  -Os   -fno-strict-aliasing -fno-common -ffixed-r8   -D__KERNEL__ -DTEXT_BASE=0x00c00000 -I/home/liujingfei/project/histb_project_v2_Apr9/histb/source/boot/fastboot/include -I/home/liujingfei/project/histb_project_v2_Apr9/histb/source/boot/fastboot -I/opt/hisi-linux/x86-arm/arm-hisiv200-linux/bin/../lib/gcc/arm-hisiv200-linux-gnueabi/4.4.1/include -fno-builtin -ffreestanding -nostdinc -isystem /opt/hisi-linux/x86-arm/arm-hisiv200-linux/bin/../lib/gcc/arm-hisiv200-linux-gnueabi/4.4.1/include -pipe  -DCONFIG_ARM -D__ARM__ -marm -mno-thumb-interwork  -mabi=aapcs-linux -march=armv7-a -DVERSION=3 -DPATCHLEVEL=3 -DSUBLEVEL=0 -DAUTELAN -D__FASTBOOT__ -DAT_ENV_SIZE=4096 -D__AKID_DEBUG=__boot_debug -I/home/liujingfei/project/histb_project_v2_Apr9/histb/source/boot/fastboot/common/autelan/lib -I/home/liujingfei/project/histb_project_v2_Apr9/histb/source/boot/fastboot/common/autelan/app  -DVERSION=3 -DPATCHLEVEL=3 -DSUBLEVEL=0 -DAUTELAN -D__FASTBOOT__ -DAT_ENV_SIZE=4096 -D__AKID_DEBUG=__boot_debug -I/home/liujingfei/project/histb_project_v2_Apr9/histb/source/boot/fastboot/common/autelan/lib -I/home/liujingfei/project/histb_project_v2_Apr9/histb/source/boot/fastboot/common/autelan/app  -Wall -Wstrict-prototypes -fno-stack-protector   \
		-o bootp.o bootp.c -c
arm-hisiv200-linux-gcc   -D__ASSEMBLY__ -g  -Os   -fno-strict-aliasing -fno-common -ffixed-r8   -D__KERNEL__ -DTEXT_BASE=0x00c00000 -I/home/liujingfei/project/histb_project_v2_Apr9/histb/source/boot/fastboot/include -I/home/liujingfei/project/histb_project_v2_Apr9/histb/source/boot/fastboot -I/opt/hisi-linux/x86-arm/arm-hisiv200-linux/bin/../lib/gcc/arm-hisiv200-linux-gnueabi/4.4.1/include -fno-builtin -ffreestanding -nostdinc -isystem /opt/hisi-linux/x86-arm/arm-hisiv200-linux/bin/../lib/gcc/arm-hisiv200-linux-gnueabi/4.4.1/include -pipe  -DCONFIG_ARM -D__ARM__ -marm -mno-thumb-interwork  -mabi=aapcs-linux -march=armv7-a -DVERSION=3 -DPATCHLEVEL=3 -DSUBLEVEL=0 -DAUTELAN -D__FASTBOOT__ -DAT_ENV_SIZE=4096 -D__AKID_DEBUG=__boot_debug -I/home/liujingfei/project/histb_project_v2_Apr9/histb/source/boot/fastboot/common/autelan/lib -I/home/liujingfei/project/histb_project_v2_Apr9/histb/source/boot/fastboot/common/autelan/app  -DVERSION=3 -DPATCHLEVEL=3 -DSUBLEVEL=0 -DAUTELAN -D__FASTBOOT__ -DAT_ENV_SIZE=4096 -D__AKID_DEBUG=__boot_debug -I/home/liujingfei/project/histb_project_v2_Apr9/histb/source/boot/fastboot/common/autelan/lib -I/home/liujingfei/project/histb_project_v2_Apr9/histb/source/boot/fastboot/common/autelan/app    \
		-o uart.o uart.S -c
if [ ssdrivers/mtd/libmtd.a != ss/home/liujingfei/project/histb_project_v2_Apr9/histb/source/boot/product/libproduct.a ]; then ( \
		make -C drivers/mtd/; \
	) fi
arm-hisiv200-linux-gcc  -g  -Os   -fno-strict-aliasing -fno-common -ffixed-r8   -D__KERNEL__ -DTEXT_BASE=0x00c00000 -I/home/liujingfei/project/histb_project_v2_Apr9/histb/source/boot/fastboot/include -I/home/liujingfei/project/histb_project_v2_Apr9/histb/source/boot/fastboot -I/opt/hisi-linux/x86-arm/arm-hisiv200-linux/bin/../lib/gcc/arm-hisiv200-linux-gnueabi/4.4.1/include -fno-builtin -ffreestanding -nostdinc -isystem /opt/hisi-linux/x86-arm/arm-hisiv200-linux/bin/../lib/gcc/arm-hisiv200-linux-gnueabi/4.4.1/include -pipe  -DCONFIG_ARM -D__ARM__ -marm -mno-thumb-interwork  -mabi=aapcs-linux -march=armv7-a -DVERSION=3 -DPATCHLEVEL=3 -DSUBLEVEL=0 -DAUTELAN -D__FASTBOOT__ -DAT_ENV_SIZE=4096 -D__AKID_DEBUG=__boot_debug -I/home/liujingfei/project/histb_project_v2_Apr9/histb/source/boot/fastboot/common/autelan/lib -I/home/liujingfei/project/histb_project_v2_Apr9/histb/source/boot/fastboot/common/autelan/app  -DVERSION=3 -DPATCHLEVEL=3 -DSUBLEVEL=0 -DAUTELAN -D__FASTBOOT__ -DAT_ENV_SIZE=4096 -D__AKID_DEBUG=__boot_debug -I/home/liujingfei/project/histb_project_v2_Apr9/histb/source/boot/fastboot/common/autelan/lib -I/home/liujingfei/project/histb_project_v2_Apr9/histb/source/boot/fastboot/common/autelan/app  -Wall -Wstrict-prototypes -fno-stack-protector   \
		-o bootm.o bootm.c -c
arm-hisiv200-linux-gcc  -g  -Os   -fno-strict-aliasing -fno-common -ffixed-r8   -D__KERNEL__ -DTEXT_BASE=0x00c00000 -I/home/liujingfei/project/histb_project_v2_Apr9/histb/source/boot/fastboot/include -I/home/liujingfei/project/histb_project_v2_Apr9/histb/source/boot/fastboot -I/opt/hisi-linux/x86-arm/arm-hisiv200-linux/bin/../lib/gcc/arm-hisiv200-linux-gnueabi/4.4.1/include -fno-builtin -ffreestanding -nostdinc -isystem /opt/hisi-linux/x86-arm/arm-hisiv200-linux/bin/../lib/gcc/arm-hisiv200-linux-gnueabi/4.4.1/include -pipe  -DCONFIG_ARM -D__ARM__ -marm -mno-thumb-interwork  -mabi=aapcs-linux -march=armv7-a -DVERSION=3 -DPATCHLEVEL=3 -DSUBLEVEL=0 -DAUTELAN -D__FASTBOOT__ -DAT_ENV_SIZE=4096 -D__AKID_DEBUG=__boot_debug -I/home/liujingfei/project/histb_project_v2_Apr9/histb/source/boot/fastboot/common/autelan/lib -I/home/liujingfei/project/histb_project_v2_Apr9/histb/source/boot/fastboot/common/autelan/app  -DVERSION=3 -DPATCHLEVEL=3 -DSUBLEVEL=0 -DAUTELAN -D__FASTBOOT__ -DAT_ENV_SIZE=4096 -D__AKID_DEBUG=__boot_debug -I/home/liujingfei/project/histb_project_v2_Apr9/histb/source/boot/fastboot/common/autelan/lib -I/home/liujingfei/project/histb_project_v2_Apr9/histb/source/boot/fastboot/common/autelan/app  -Wall -Wstrict-prototypes -fno-stack-protector   \
		-o eth.o eth.c -c
arm-hisiv200-linux-gcc  -g  -Os   -fno-strict-aliasing -fno-common -ffixed-r8   -D__KERNEL__ -DTEXT_BASE=0x00c00000 -I/home/liujingfei/project/histb_project_v2_Apr9/histb/source/boot/fastboot/include -I/home/liujingfei/project/histb_project_v2_Apr9/histb/source/boot/fastboot -I/opt/hisi-linux/x86-arm/arm-hisiv200-linux/bin/../lib/gcc/arm-hisiv200-linux-gnueabi/4.4.1/include -fno-builtin -ffreestanding -nostdinc -isystem /opt/hisi-linux/x86-arm/arm-hisiv200-linux/bin/../lib/gcc/arm-hisiv200-linux-gnueabi/4.4.1/include -pipe  -DCONFIG_ARM -D__ARM__ -marm -mno-thumb-interwork  -mabi=aapcs-linux -march=armv7-a -DVERSION=3 -DPATCHLEVEL=3 -DSUBLEVEL=0 -DAUTELAN -D__FASTBOOT__ -DAT_ENV_SIZE=4096 -D__AKID_DEBUG=__boot_debug -I/home/liujingfei/project/histb_project_v2_Apr9/histb/source/boot/fastboot/common/autelan/lib -I/home/liujingfei/project/histb_project_v2_Apr9/histb/source/boot/fastboot/common/autelan/app  -DVERSION=3 -DPATCHLEVEL=3 -DSUBLEVEL=0 -DAUTELAN -D__FASTBOOT__ -DAT_ENV_SIZE=4096 -D__AKID_DEBUG=__boot_debug -I/home/liujingfei/project/histb_project_v2_Apr9/histb/source/boot/fastboot/common/autelan/lib -I/home/liujingfei/project/histb_project_v2_Apr9/histb/source/boot/fastboot/common/autelan/app  -Wall -Wstrict-prototypes -fno-stack-protector   \
		-o vsprintf.o vsprintf.c -c
arm-hisiv200-linux-gcc  -g  -Os   -fno-strict-aliasing -fno-common -ffixed-r8   -D__KERNEL__ -DTEXT_BASE=0x00c00000 -I/home/liujingfei/project/histb_project_v2_Apr9/histb/source/boot/fastboot/include -I/home/liujingfei/project/histb_project_v2_Apr9/histb/source/boot/fastboot -I/opt/hisi-linux/x86-arm/arm-hisiv200-linux/bin/../lib/gcc/arm-hisiv200-linux-gnueabi/4.4.1/include -fno-builtin -ffreestanding -nostdinc -isystem /opt/hisi-linux/x86-arm/arm-hisiv200-linux/bin/../lib/gcc/arm-hisiv200-linux-gnueabi/4.4.1/include -pipe  -DCONFIG_ARM -D__ARM__ -marm -mno-thumb-interwork  -mabi=aapcs-linux -march=armv7-a -DVERSION=3 -DPATCHLEVEL=3 -DSUBLEVEL=0 -DAUTELAN -D__FASTBOOT__ -DAT_ENV_SIZE=4096 -D__AKID_DEBUG=__boot_debug -I/home/liujingfei/project/histb_project_v2_Apr9/histb/source/boot/fastboot/common/autelan/lib -I/home/liujingfei/project/histb_project_v2_Apr9/histb/source/boot/fastboot/common/autelan/app  -DVERSION=3 -DPATCHLEVEL=3 -DSUBLEVEL=0 -DAUTELAN -D__FASTBOOT__ -DAT_ENV_SIZE=4096 -D__AKID_DEBUG=__boot_debug -I/home/liujingfei/project/histb_project_v2_Apr9/histb/source/boot/fastboot/common/autelan/lib -I/home/liujingfei/project/histb_project_v2_Apr9/histb/source/boot/fastboot/common/autelan/app  -Wall -Wstrict-prototypes -fno-stack-protector   \
		-o chip.o chip.c -c
make[4]: Entering directory `/home/liujingfei/project/histb_project_v2_Apr9/histb/source/boot/fastboot/drivers/mmc'
arm-hisiv200-linux-gcc  -g  -Os   -fno-strict-aliasing -fno-common -ffixed-r8   -D__KERNEL__ -DTEXT_BASE=0x00c00000 -I/home/liujingfei/project/histb_project_v2_Apr9/histb/source/boot/fastboot/include -I/home/liujingfei/project/histb_project_v2_Apr9/histb/source/boot/fastboot -I/opt/hisi-linux/x86-arm/arm-hisiv200-linux/bin/../lib/gcc/arm-hisiv200-linux-gnueabi/4.4.1/include -fno-builtin -ffreestanding -nostdinc -isystem /opt/hisi-linux/x86-arm/arm-hisiv200-linux/bin/../lib/gcc/arm-hisiv200-linux-gnueabi/4.4.1/include -pipe  -DCONFIG_ARM -D__ARM__ -marm -mno-thumb-interwork  -mabi=aapcs-linux -march=armv7-a -DVERSION=3 -DPATCHLEVEL=3 -DSUBLEVEL=0 -DAUTELAN -D__FASTBOOT__ -DAT_ENV_SIZE=4096 -D__AKID_DEBUG=__boot_debug -I/home/liujingfei/project/histb_project_v2_Apr9/histb/source/boot/fastboot/common/autelan/lib -I/home/liujingfei/project/histb_project_v2_Apr9/histb/source/boot/fastboot/common/autelan/app  -DVERSION=3 -DPATCHLEVEL=3 -DSUBLEVEL=0 -DAUTELAN -D__FASTBOOT__ -DAT_ENV_SIZE=4096 -D__AKID_DEBUG=__boot_debug -I/home/liujingfei/project/histb_project_v2_Apr9/histb/source/boot/fastboot/common/autelan/lib -I/home/liujingfei/project/histb_project_v2_Apr9/histb/source/boot/fastboot/common/autelan/app  -Wall -Wstrict-prototypes -fno-stack-protector   \
		-o mmc.o mmc.c -c
if [ ssdrivers/mtd/nand/libnand.a != ss/home/liujingfei/project/histb_project_v2_Apr9/histb/source/boot/product/libproduct.a ]; then ( \
		make -C drivers/mtd/nand/; \
	) fi
arm-hisiv200-linux-gcc  -g  -Os   -fno-strict-aliasing -fno-common -ffixed-r8   -D__KERNEL__ -DTEXT_BASE=0x00c00000 -I/home/liujingfei/project/histb_project_v2_Apr9/histb/source/boot/fastboot/include -I/home/liujingfei/project/histb_project_v2_Apr9/histb/source/boot/fastboot -I/opt/hisi-linux/x86-arm/arm-hisiv200-linux/bin/../lib/gcc/arm-hisiv200-linux-gnueabi/4.4.1/include -fno-builtin -ffreestanding -nostdinc -isystem /opt/hisi-linux/x86-arm/arm-hisiv200-linux/bin/../lib/gcc/arm-hisiv200-linux-gnueabi/4.4.1/include -pipe  -DCONFIG_ARM -D__ARM__ -marm -mno-thumb-interwork  -mabi=aapcs-linux -march=armv7-a -DVERSION=3 -DPATCHLEVEL=3 -DSUBLEVEL=0 -DAUTELAN -D__FASTBOOT__ -DAT_ENV_SIZE=4096 -D__AKID_DEBUG=__boot_debug -I/home/liujingfei/project/histb_project_v2_Apr9/histb/source/boot/fastboot/common/autelan/lib -I/home/liujingfei/project/histb_project_v2_Apr9/histb/source/boot/fastboot/common/autelan/app  -DVERSION=3 -DPATCHLEVEL=3 -DSUBLEVEL=0 -DAUTELAN -D__FASTBOOT__ -DAT_ENV_SIZE=4096 -D__AKID_DEBUG=__boot_debug -I/home/liujingfei/project/histb_project_v2_Apr9/histb/source/boot/fastboot/common/autelan/lib -I/home/liujingfei/project/histb_project_v2_Apr9/histb/source/boot/fastboot/common/autelan/app  -Wall -Wstrict-prototypes -fno-stack-protector   \
		-o tags.o tags.c -c
arm-hisiv200-linux-gcc  -g  -Os   -fno-strict-aliasing -fno-common -ffixed-r8   -D__KERNEL__ -DTEXT_BASE=0x00c00000 -I/home/liujingfei/project/histb_project_v2_Apr9/histb/source/boot/fastboot/include -I/home/liujingfei/project/histb_project_v2_Apr9/histb/source/boot/fastboot -I/opt/hisi-linux/x86-arm/arm-hisiv200-linux/bin/../lib/gcc/arm-hisiv200-linux-gnueabi/4.4.1/include -fno-builtin -ffreestanding -nostdinc -isystem /opt/hisi-linux/x86-arm/arm-hisiv200-linux/bin/../lib/gcc/arm-hisiv200-linux-gnueabi/4.4.1/include -pipe  -DCONFIG_ARM -D__ARM__ -marm -mno-thumb-interwork  -mabi=aapcs-linux -march=armv7-a -DVERSION=3 -DPATCHLEVEL=3 -DSUBLEVEL=0 -DAUTELAN -D__FASTBOOT__ -DAT_ENV_SIZE=4096 -D__AKID_DEBUG=__boot_debug -I/home/liujingfei/project/histb_project_v2_Apr9/histb/source/boot/fastboot/common/autelan/lib -I/home/liujingfei/project/histb_project_v2_Apr9/histb/source/boot/fastboot/common/autelan/app  -DVERSION=3 -DPATCHLEVEL=3 -DSUBLEVEL=0 -DAUTELAN -D__FASTBOOT__ -DAT_ENV_SIZE=4096 -D__AKID_DEBUG=__boot_debug -I/home/liujingfei/project/histb_project_v2_Apr9/histb/source/boot/fastboot/common/autelan/lib -I/home/liujingfei/project/histb_project_v2_Apr9/histb/source/boot/fastboot/common/autelan/app  -Wall -Wstrict-prototypes -fno-stack-protector   \
		-o net.o net.c -c
arm-hisiv200-linux-gcc  -g  -Os   -fno-strict-aliasing -fno-common -ffixed-r8   -D__KERNEL__ -DTEXT_BASE=0x00c00000 -I/home/liujingfei/project/histb_project_v2_Apr9/histb/source/boot/fastboot/include -I/home/liujingfei/project/histb_project_v2_Apr9/histb/source/boot/fastboot -I/opt/hisi-linux/x86-arm/arm-hisiv200-linux/bin/../lib/gcc/arm-hisiv200-linux-gnueabi/4.4.1/include -fno-builtin -ffreestanding -nostdinc -isystem /opt/hisi-linux/x86-arm/arm-hisiv200-linux/bin/../lib/gcc/arm-hisiv200-linux-gnueabi/4.4.1/include -pipe  -DCONFIG_ARM -D__ARM__ -marm -mno-thumb-interwork  -mabi=aapcs-linux -march=armv7-a -DVERSION=3 -DPATCHLEVEL=3 -DSUBLEVEL=0 -DAUTELAN -D__FASTBOOT__ -DAT_ENV_SIZE=4096 -D__AKID_DEBUG=__boot_debug -I/home/liujingfei/project/histb_project_v2_Apr9/histb/source/boot/fastboot/common/autelan/lib -I/home/liujingfei/project/histb_project_v2_Apr9/histb/source/boot/fastboot/common/autelan/app  -DVERSION=3 -DPATCHLEVEL=3 -DSUBLEVEL=0 -DAUTELAN -D__FASTBOOT__ -DAT_ENV_SIZE=4096 -D__AKID_DEBUG=__boot_debug -I/home/liujingfei/project/histb_project_v2_Apr9/histb/source/boot/fastboot/common/autelan/lib -I/home/liujingfei/project/histb_project_v2_Apr9/histb/source/boot/fastboot/common/autelan/app  -Wall -Wstrict-prototypes -fno-stack-protector   \
		-o vsnprintf.o vsnprintf.c -c
arm-hisiv200-linux-gcc  -g  -Os   -fno-strict-aliasing -fno-common -ffixed-r8   -D__KERNEL__ -DTEXT_BASE=0x00c00000 -I/home/liujingfei/project/histb_project_v2_Apr9/histb/source/boot/fastboot/include -I/home/liujingfei/project/histb_project_v2_Apr9/histb/source/boot/fastboot -I/opt/hisi-linux/x86-arm/arm-hisiv200-linux/bin/../lib/gcc/arm-hisiv200-linux-gnueabi/4.4.1/include -fno-builtin -ffreestanding -nostdinc -isystem /opt/hisi-linux/x86-arm/arm-hisiv200-linux/bin/../lib/gcc/arm-hisiv200-linux-gnueabi/4.4.1/include -pipe  -DCONFIG_ARM -D__ARM__ -marm -mno-thumb-interwork  -mabi=aapcs-linux -march=armv7-a -DVERSION=3 -DPATCHLEVEL=3 -DSUBLEVEL=0 -DAUTELAN -D__FASTBOOT__ -DAT_ENV_SIZE=4096 -D__AKID_DEBUG=__boot_debug -I/home/liujingfei/project/histb_project_v2_Apr9/histb/source/boot/fastboot/common/autelan/lib -I/home/liujingfei/project/histb_project_v2_Apr9/histb/source/boot/fastboot/common/autelan/app  -DVERSION=3 -DPATCHLEVEL=3 -DSUBLEVEL=0 -DAUTELAN -D__FASTBOOT__ -DAT_ENV_SIZE=4096 -D__AKID_DEBUG=__boot_debug -I/home/liujingfei/project/histb_project_v2_Apr9/histb/source/boot/fastboot/common/autelan/lib -I/home/liujingfei/project/histb_project_v2_Apr9/histb/source/boot/fastboot/common/autelan/app  -Wall -Wstrict-prototypes -fno-stack-protector   \
		-o himciv200.o himciv200.c -c
make[4]: Entering directory `/home/liujingfei/project/histb_project_v2_Apr9/histb/source/boot/fastboot/fs/ext4'
arm-hisiv200-linux-gcc  -g  -Os   -fno-strict-aliasing -fno-common -ffixed-r8   -D__KERNEL__ -DTEXT_BASE=0x00c00000 -I/home/liujingfei/project/histb_project_v2_Apr9/histb/source/boot/fastboot/include -I/home/liujingfei/project/histb_project_v2_Apr9/histb/source/boot/fastboot -I/opt/hisi-linux/x86-arm/arm-hisiv200-linux/bin/../lib/gcc/arm-hisiv200-linux-gnueabi/4.4.1/include -fno-builtin -ffreestanding -nostdinc -isystem /opt/hisi-linux/x86-arm/arm-hisiv200-linux/bin/../lib/gcc/arm-hisiv200-linux-gnueabi/4.4.1/include -pipe  -DCONFIG_ARM -D__ARM__ -marm -mno-thumb-interwork  -mabi=aapcs-linux -march=armv7-a -DVERSION=3 -DPATCHLEVEL=3 -DSUBLEVEL=0 -DAUTELAN -D__FASTBOOT__ -DAT_ENV_SIZE=4096 -D__AKID_DEBUG=__boot_debug -I/home/liujingfei/project/histb_project_v2_Apr9/histb/source/boot/fastboot/common/autelan/lib -I/home/liujingfei/project/histb_project_v2_Apr9/histb/source/boot/fastboot/common/autelan/app  -DVERSION=3 -DPATCHLEVEL=3 -DSUBLEVEL=0 -DAUTELAN -D__FASTBOOT__ -DAT_ENV_SIZE=4096 -D__AKID_DEBUG=__boot_debug -I/home/liujingfei/project/histb_project_v2_Apr9/histb/source/boot/fastboot/common/autelan/lib -I/home/liujingfei/project/histb_project_v2_Apr9/histb/source/boot/fastboot/common/autelan/app  -Wall -Wstrict-prototypes -fno-stack-protector   \
		-o unsparse.o unsparse.c -c
arm-hisiv200-linux-gcc  -g  -Os   -fno-strict-aliasing -fno-common -ffixed-r8   -D__KERNEL__ -DTEXT_BASE=0x00c00000 -I/home/liujingfei/project/histb_project_v2_Apr9/histb/source/boot/fastboot/include -I/home/liujingfei/project/histb_project_v2_Apr9/histb/source/boot/fastboot -I/opt/hisi-linux/x86-arm/arm-hisiv200-linux/bin/../lib/gcc/arm-hisiv200-linux-gnueabi/4.4.1/include -fno-builtin -ffreestanding -nostdinc -isystem /opt/hisi-linux/x86-arm/arm-hisiv200-linux/bin/../lib/gcc/arm-hisiv200-linux-gnueabi/4.4.1/include -pipe  -DCONFIG_ARM -D__ARM__ -marm -mno-thumb-interwork  -mabi=aapcs-linux -march=armv7-a -DVERSION=3 -DPATCHLEVEL=3 -DSUBLEVEL=0 -DAUTELAN -D__FASTBOOT__ -DAT_ENV_SIZE=4096 -D__AKID_DEBUG=__boot_debug -I/home/liujingfei/project/histb_project_v2_Apr9/histb/source/boot/fastboot/common/autelan/lib -I/home/liujingfei/project/histb_project_v2_Apr9/histb/source/boot/fastboot/common/autelan/app  -DVERSION=3 -DPATCHLEVEL=3 -DSUBLEVEL=0 -DAUTELAN -D__FASTBOOT__ -DAT_ENV_SIZE=4096 -D__AKID_DEBUG=__boot_debug -I/home/liujingfei/project/histb_project_v2_Apr9/histb/source/boot/fastboot/common/autelan/lib -I/home/liujingfei/project/histb_project_v2_Apr9/histb/source/boot/fastboot/common/autelan/app  -Wall -Wstrict-prototypes -fno-stack-protector   \
		-o ddrphy_training.o ddrphy_training.c -c
chip.c: In function 'set_core_voltage':
chip.c:26: warning: unused variable 'delay_count'
if [ ssdrivers/mtd/spi/libspi_flash.a != ss/home/liujingfei/project/histb_project_v2_Apr9/histb/source/boot/product/libproduct.a ]; then ( \
		make -C drivers/mtd/spi/; \
	) fi
arm-hisiv200-linux-gcc  -g  -Os   -fno-strict-aliasing -fno-common -ffixed-r8   -D__KERNEL__ -DTEXT_BASE=0x00c00000 -I/home/liujingfei/project/histb_project_v2_Apr9/histb/source/boot/fastboot/include -I/home/liujingfei/project/histb_project_v2_Apr9/histb/source/boot/fastboot -I/opt/hisi-linux/x86-arm/arm-hisiv200-linux/bin/../lib/gcc/arm-hisiv200-linux-gnueabi/4.4.1/include -fno-builtin -ffreestanding -nostdinc -isystem /opt/hisi-linux/x86-arm/arm-hisiv200-linux/bin/../lib/gcc/arm-hisiv200-linux-gnueabi/4.4.1/include -pipe  -DCONFIG_ARM -D__ARM__ -marm -mno-thumb-interwork  -mabi=aapcs-linux -march=armv7-a -DVERSION=3 -DPATCHLEVEL=3 -DSUBLEVEL=0 -DAUTELAN -D__FASTBOOT__ -DAT_ENV_SIZE=4096 -D__AKID_DEBUG=__boot_debug -I/home/liujingfei/project/histb_project_v2_Apr9/histb/source/boot/fastboot/common/autelan/lib -I/home/liujingfei/project/histb_project_v2_Apr9/histb/source/boot/fastboot/common/autelan/app  -DVERSION=3 -DPATCHLEVEL=3 -DSUBLEVEL=0 -DAUTELAN -D__FASTBOOT__ -DAT_ENV_SIZE=4096 -D__AKID_DEBUG=__boot_debug -I/home/liujingfei/project/histb_project_v2_Apr9/histb/source/boot/fastboot/common/autelan/lib -I/home/liujingfei/project/histb_project_v2_Apr9/histb/source/boot/fastboot/common/autelan/app  -Wall -Wstrict-prototypes -fno-stack-protector   \
		-o reserve_mem.o reserve_mem.c -c
arm-hisiv200-linux-gcc  -g  -Os   -fno-strict-aliasing -fno-common -ffixed-r8   -D__KERNEL__ -DTEXT_BASE=0x00c00000 -I/home/liujingfei/project/histb_project_v2_Apr9/histb/source/boot/fastboot/include -I/home/liujingfei/project/histb_project_v2_Apr9/histb/source/boot/fastboot -I/opt/hisi-linux/x86-arm/arm-hisiv200-linux/bin/../lib/gcc/arm-hisiv200-linux-gnueabi/4.4.1/include -fno-builtin -ffreestanding -nostdinc -isystem /opt/hisi-linux/x86-arm/arm-hisiv200-linux/bin/../lib/gcc/arm-hisiv200-linux-gnueabi/4.4.1/include -pipe  -DCONFIG_ARM -D__ARM__ -marm -mno-thumb-interwork  -mabi=aapcs-linux -march=armv7-a -DVERSION=3 -DPATCHLEVEL=3 -DSUBLEVEL=0 -DAUTELAN -D__FASTBOOT__ -DAT_ENV_SIZE=4096 -D__AKID_DEBUG=__boot_debug -I/home/liujingfei/project/histb_project_v2_Apr9/histb/source/boot/fastboot/common/autelan/lib -I/home/liujingfei/project/histb_project_v2_Apr9/histb/source/boot/fastboot/common/autelan/app  -DVERSION=3 -DPATCHLEVEL=3 -DSUBLEVEL=0 -DAUTELAN -D__FASTBOOT__ -DAT_ENV_SIZE=4096 -D__AKID_DEBUG=__boot_debug -I/home/liujingfei/project/histb_project_v2_Apr9/histb/source/boot/fastboot/common/autelan/lib -I/home/liujingfei/project/histb_project_v2_Apr9/histb/source/boot/fastboot/common/autelan/app  -Wall -Wstrict-prototypes -fno-stack-protector   \
		-o cache.o cache.c -c
arm-hisiv200-linux-gcc  -g  -Os   -fno-strict-aliasing -fno-common -ffixed-r8   -D__KERNEL__ -DTEXT_BASE=0x00c00000 -I/home/liujingfei/project/histb_project_v2_Apr9/histb/source/boot/fastboot/include -I/home/liujingfei/project/histb_project_v2_Apr9/histb/source/boot/fastboot -I/opt/hisi-linux/x86-arm/arm-hisiv200-linux/bin/../lib/gcc/arm-hisiv200-linux-gnueabi/4.4.1/include -fno-builtin -ffreestanding -nostdinc -isystem /opt/hisi-linux/x86-arm/arm-hisiv200-linux/bin/../lib/gcc/arm-hisiv200-linux-gnueabi/4.4.1/include -pipe  -DCONFIG_ARM -D__ARM__ -marm -mno-thumb-interwork  -mabi=aapcs-linux -march=armv7-a -DVERSION=3 -DPATCHLEVEL=3 -DSUBLEVEL=0 -DAUTELAN -D__FASTBOOT__ -DAT_ENV_SIZE=4096 -D__AKID_DEBUG=__boot_debug -I/home/liujingfei/project/histb_project_v2_Apr9/histb/source/boot/fastboot/common/autelan/lib -I/home/liujingfei/project/histb_project_v2_Apr9/histb/source/boot/fastboot/common/autelan/app  -DVERSION=3 -DPATCHLEVEL=3 -DSUBLEVEL=0 -DAUTELAN -D__FASTBOOT__ -DAT_ENV_SIZE=4096 -D__AKID_DEBUG=__boot_debug -I/home/liujingfei/project/histb_project_v2_Apr9/histb/source/boot/fastboot/common/autelan/lib -I/home/liujingfei/project/histb_project_v2_Apr9/histb/source/boot/fastboot/common/autelan/app  -Wall -Wstrict-prototypes -fno-stack-protector   \
		-o rarp.o rarp.c -c
arm-hisiv200-linux-gcc  -g  -Os   -fno-strict-aliasing -fno-common -ffixed-r8   -D__KERNEL__ -DTEXT_BASE=0x00c00000 -I/home/liujingfei/project/histb_project_v2_Apr9/histb/source/boot/fastboot/include -I/home/liujingfei/project/histb_project_v2_Apr9/histb/source/boot/fastboot -I/opt/hisi-linux/x86-arm/arm-hisiv200-linux/bin/../lib/gcc/arm-hisiv200-linux-gnueabi/4.4.1/include -fno-builtin -ffreestanding -nostdinc -isystem /opt/hisi-linux/x86-arm/arm-hisiv200-linux/bin/../lib/gcc/arm-hisiv200-linux-gnueabi/4.4.1/include -pipe  -DCONFIG_ARM -D__ARM__ -marm -mno-thumb-interwork  -mabi=aapcs-linux -march=armv7-a -DVERSION=3 -DPATCHLEVEL=3 -DSUBLEVEL=0 -DAUTELAN -D__FASTBOOT__ -DAT_ENV_SIZE=4096 -D__AKID_DEBUG=__boot_debug -I/home/liujingfei/project/histb_project_v2_Apr9/histb/source/boot/fastboot/common/autelan/lib -I/home/liujingfei/project/histb_project_v2_Apr9/histb/source/boot/fastboot/common/autelan/app  -DVERSION=3 -DPATCHLEVEL=3 -DSUBLEVEL=0 -DAUTELAN -D__FASTBOOT__ -DAT_ENV_SIZE=4096 -D__AKID_DEBUG=__boot_debug -I/home/liujingfei/project/histb_project_v2_Apr9/histb/source/boot/fastboot/common/autelan/lib -I/home/liujingfei/project/histb_project_v2_Apr9/histb/source/boot/fastboot/common/autelan/app  -Wall -Wstrict-prototypes -fno-stack-protector   \
		-o himciv200_dbg_boot_read.o himciv200_dbg_boot_read.c -c
make[4]: Entering directory `/home/liujingfei/project/histb_project_v2_Apr9/histb/source/boot/fastboot/drivers/mtd'
if [ ssdrivers/net/libnet.a != ss/home/liujingfei/project/histb_project_v2_Apr9/histb/source/boot/product/libproduct.a ]; then ( \
		make -C drivers/net/; \
	) fi
arm-hisiv200-linux-gcc  -g  -Os   -fno-strict-aliasing -fno-common -ffixed-r8   -D__KERNEL__ -DTEXT_BASE=0x00c00000 -I/home/liujingfei/project/histb_project_v2_Apr9/histb/source/boot/fastboot/include -I/home/liujingfei/project/histb_project_v2_Apr9/histb/source/boot/fastboot -I/opt/hisi-linux/x86-arm/arm-hisiv200-linux/bin/../lib/gcc/arm-hisiv200-linux-gnueabi/4.4.1/include -fno-builtin -ffreestanding -nostdinc -isystem /opt/hisi-linux/x86-arm/arm-hisiv200-linux/bin/../lib/gcc/arm-hisiv200-linux-gnueabi/4.4.1/include -pipe  -DCONFIG_ARM -D__ARM__ -marm -mno-thumb-interwork  -mabi=aapcs-linux -march=armv7-a -DVERSION=3 -DPATCHLEVEL=3 -DSUBLEVEL=0 -DAUTELAN -D__FASTBOOT__ -DAT_ENV_SIZE=4096 -D__AKID_DEBUG=__boot_debug -I/home/liujingfei/project/histb_project_v2_Apr9/histb/source/boot/fastboot/common/autelan/lib -I/home/liujingfei/project/histb_project_v2_Apr9/histb/source/boot/fastboot/common/autelan/app  -DVERSION=3 -DPATCHLEVEL=3 -DSUBLEVEL=0 -DAUTELAN -D__FASTBOOT__ -DAT_ENV_SIZE=4096 -D__AKID_DEBUG=__boot_debug -I/home/liujingfei/project/histb_project_v2_Apr9/histb/source/boot/fastboot/common/autelan/lib -I/home/liujingfei/project/histb_project_v2_Apr9/histb/source/boot/fastboot/common/autelan/app  -Wall -Wstrict-prototypes -fno-stack-protector   \
		-o ddr_dataeye_training.o ddr_dataeye_training.c -c
make[4]: Entering directory `/home/liujingfei/project/histb_project_v2_Apr9/histb/source/boot/fastboot/drivers/mtd/nand'
arm-hisiv200-linux-ar crv libext4.a unsparse.o
arm-hisiv200-linux-gcc  -g  -Os   -fno-strict-aliasing -fno-common -ffixed-r8   -D__KERNEL__ -DTEXT_BASE=0x00c00000 -I/home/liujingfei/project/histb_project_v2_Apr9/histb/source/boot/fastboot/include -I/home/liujingfei/project/histb_project_v2_Apr9/histb/source/boot/fastboot -I/opt/hisi-linux/x86-arm/arm-hisiv200-linux/bin/../lib/gcc/arm-hisiv200-linux-gnueabi/4.4.1/include -fno-builtin -ffreestanding -nostdinc -isystem /opt/hisi-linux/x86-arm/arm-hisiv200-linux/bin/../lib/gcc/arm-hisiv200-linux-gnueabi/4.4.1/include -pipe  -DCONFIG_ARM -D__ARM__ -marm -mno-thumb-interwork  -mabi=aapcs-linux -march=armv7-a -DVERSION=3 -DPATCHLEVEL=3 -DSUBLEVEL=0 -DAUTELAN -D__FASTBOOT__ -DAT_ENV_SIZE=4096 -D__AKID_DEBUG=__boot_debug -I/home/liujingfei/project/histb_project_v2_Apr9/histb/source/boot/fastboot/common/autelan/lib -I/home/liujingfei/project/histb_project_v2_Apr9/histb/source/boot/fastboot/common/autelan/app  -DVERSION=3 -DPATCHLEVEL=3 -DSUBLEVEL=0 -DAUTELAN -D__FASTBOOT__ -DAT_ENV_SIZE=4096 -D__AKID_DEBUG=__boot_debug -I/home/liujingfei/project/histb_project_v2_Apr9/histb/source/boot/fastboot/common/autelan/lib -I/home/liujingfei/project/histb_project_v2_Apr9/histb/source/boot/fastboot/common/autelan/app  -Wall -Wstrict-prototypes -fno-stack-protector   \
		-o parse_bootargs.o parse_bootargs.c -c
arm-hisiv200-linux-ar crv libmtd.a 
arm-hisiv200-linux-gcc  -g  -Os   -fno-strict-aliasing -fno-common -ffixed-r8   -D__KERNEL__ -DTEXT_BASE=0x00c00000 -I/home/liujingfei/project/histb_project_v2_Apr9/histb/source/boot/fastboot/include -I/home/liujingfei/project/histb_project_v2_Apr9/histb/source/boot/fastboot -I/opt/hisi-linux/x86-arm/arm-hisiv200-linux/bin/../lib/gcc/arm-hisiv200-linux-gnueabi/4.4.1/include -fno-builtin -ffreestanding -nostdinc -isystem /opt/hisi-linux/x86-arm/arm-hisiv200-linux/bin/../lib/gcc/arm-hisiv200-linux-gnueabi/4.4.1/include -pipe  -DCONFIG_ARM -D__ARM__ -marm -mno-thumb-interwork  -mabi=aapcs-linux -march=armv7-a -DVERSION=3 -DPATCHLEVEL=3 -DSUBLEVEL=0 -DAUTELAN -D__FASTBOOT__ -DAT_ENV_SIZE=4096 -D__AKID_DEBUG=__boot_debug -I/home/liujingfei/project/histb_project_v2_Apr9/histb/source/boot/fastboot/common/autelan/lib -I/home/liujingfei/project/histb_project_v2_Apr9/histb/source/boot/fastboot/common/autelan/app  -DVERSION=3 -DPATCHLEVEL=3 -DSUBLEVEL=0 -DAUTELAN -D__FASTBOOT__ -DAT_ENV_SIZE=4096 -D__AKID_DEBUG=__boot_debug -I/home/liujingfei/project/histb_project_v2_Apr9/histb/source/boot/fastboot/common/autelan/lib -I/home/liujingfei/project/histb_project_v2_Apr9/histb/source/boot/fastboot/common/autelan/app  -Wall -Wstrict-prototypes -fno-stack-protector   \
		-o process.o process.c -c
if [ ssdrivers/net/phy/libphy.a != ss/home/liujingfei/project/histb_project_v2_Apr9/histb/source/boot/product/libproduct.a ]; then ( \
		make -C drivers/net/phy/; \
	) fi
arm-hisiv200-linux-gcc  -g  -Os   -fno-strict-aliasing -fno-common -ffixed-r8   -D__KERNEL__ -DTEXT_BASE=0x00c00000 -I/home/liujingfei/project/histb_project_v2_Apr9/histb/source/boot/fastboot/include -I/home/liujingfei/project/histb_project_v2_Apr9/histb/source/boot/fastboot -I/opt/hisi-linux/x86-arm/arm-hisiv200-linux/bin/../lib/gcc/arm-hisiv200-linux-gnueabi/4.4.1/include -fno-builtin -ffreestanding -nostdinc -isystem /opt/hisi-linux/x86-arm/arm-hisiv200-linux/bin/../lib/gcc/arm-hisiv200-linux-gnueabi/4.4.1/include -pipe  -DCONFIG_ARM -D__ARM__ -marm -mno-thumb-interwork  -mabi=aapcs-linux -march=armv7-a -DVERSION=3 -DPATCHLEVEL=3 -DSUBLEVEL=0 -DAUTELAN -D__FASTBOOT__ -DAT_ENV_SIZE=4096 -D__AKID_DEBUG=__boot_debug -I/home/liujingfei/project/histb_project_v2_Apr9/histb/source/boot/fastboot/common/autelan/lib -I/home/liujingfei/project/histb_project_v2_Apr9/histb/source/boot/fastboot/common/autelan/app  -DVERSION=3 -DPATCHLEVEL=3 -DSUBLEVEL=0 -DAUTELAN -D__FASTBOOT__ -DAT_ENV_SIZE=4096 -D__AKID_DEBUG=__boot_debug -I/home/liujingfei/project/histb_project_v2_Apr9/histb/source/boot/fastboot/common/autelan/lib -I/home/liujingfei/project/histb_project_v2_Apr9/histb/source/boot/fastboot/common/autelan/app  -Wall -Wstrict-prototypes -fno-stack-protector   \
		-o tftp.o tftp.c -c
arm-hisiv200-linux-gcc  -g  -Os   -fno-strict-aliasing -fno-common -ffixed-r8   -D__KERNEL__ -DTEXT_BASE=0x00c00000 -I/home/liujingfei/project/histb_project_v2_Apr9/histb/source/boot/fastboot/include -I/home/liujingfei/project/histb_project_v2_Apr9/histb/source/boot/fastboot -I/opt/hisi-linux/x86-arm/arm-hisiv200-linux/bin/../lib/gcc/arm-hisiv200-linux-gnueabi/4.4.1/include -fno-builtin -ffreestanding -nostdinc -isystem /opt/hisi-linux/x86-arm/arm-hisiv200-linux/bin/../lib/gcc/arm-hisiv200-linux-gnueabi/4.4.1/include -pipe  -DCONFIG_ARM -D__ARM__ -marm -mno-thumb-interwork  -mabi=aapcs-linux -march=armv7-a -DVERSION=3 -DPATCHLEVEL=3 -DSUBLEVEL=0 -DAUTELAN -D__FASTBOOT__ -DAT_ENV_SIZE=4096 -D__AKID_DEBUG=__boot_debug -I/home/liujingfei/project/histb_project_v2_Apr9/histb/source/boot/fastboot/common/autelan/lib -I/home/liujingfei/project/histb_project_v2_Apr9/histb/source/boot/fastboot/common/autelan/app  -DVERSION=3 -DPATCHLEVEL=3 -DSUBLEVEL=0 -DAUTELAN -D__FASTBOOT__ -DAT_ENV_SIZE=4096 -D__AKID_DEBUG=__boot_debug -I/home/liujingfei/project/histb_project_v2_Apr9/histb/source/boot/fastboot/common/autelan/lib -I/home/liujingfei/project/histb_project_v2_Apr9/histb/source/boot/fastboot/common/autelan/app  -Wall -Wstrict-prototypes -fno-stack-protector   \
		-o lowlevel_init.o lowlevel_init.c -c
arm-hisiv200-linux-gcc  -g  -Os   -fno-strict-aliasing -fno-common -ffixed-r8   -D__KERNEL__ -DTEXT_BASE=0x00c00000 -I/home/liujingfei/project/histb_project_v2_Apr9/histb/source/boot/fastboot/include -I/home/liujingfei/project/histb_project_v2_Apr9/histb/source/boot/fastboot -I/opt/hisi-linux/x86-arm/arm-hisiv200-linux/bin/../lib/gcc/arm-hisiv200-linux-gnueabi/4.4.1/include -fno-builtin -ffreestanding -nostdinc -isystem /opt/hisi-linux/x86-arm/arm-hisiv200-linux/bin/../lib/gcc/arm-hisiv200-linux-gnueabi/4.4.1/include -pipe  -DCONFIG_ARM -D__ARM__ -marm -mno-thumb-interwork  -mabi=aapcs-linux -march=armv7-a -DVERSION=3 -DPATCHLEVEL=3 -DSUBLEVEL=0 -DAUTELAN -D__FASTBOOT__ -DAT_ENV_SIZE=4096 -D__AKID_DEBUG=__boot_debug -I/home/liujingfei/project/histb_project_v2_Apr9/histb/source/boot/fastboot/common/autelan/lib -I/home/liujingfei/project/histb_project_v2_Apr9/histb/source/boot/fastboot/common/autelan/app  -DVERSION=3 -DPATCHLEVEL=3 -DSUBLEVEL=0 -DAUTELAN -D__FASTBOOT__ -DAT_ENV_SIZE=4096 -D__AKID_DEBUG=__boot_debug -I/home/liujingfei/project/histb_project_v2_Apr9/histb/source/boot/fastboot/common/autelan/lib -I/home/liujingfei/project/histb_project_v2_Apr9/histb/source/boot/fastboot/common/autelan/app  -Wall -Wstrict-prototypes -fno-stack-protector   \
		-o bootimg.o bootimg.c -c
make[4]: Leaving directory `/home/liujingfei/project/histb_project_v2_Apr9/histb/source/boot/fastboot/drivers/mtd'
arm-hisiv200-linux-ar crv libnand.a 
r - unsparse.o
make[4]: Leaving directory `/home/liujingfei/project/histb_project_v2_Apr9/histb/source/boot/fastboot/fs/ext4'
arm-hisiv200-linux-gcc  -g  -Os   -fno-strict-aliasing -fno-common -ffixed-r8   -D__KERNEL__ -DTEXT_BASE=0x00c00000 -I/home/liujingfei/project/histb_project_v2_Apr9/histb/source/boot/fastboot/include -I/home/liujingfei/project/histb_project_v2_Apr9/histb/source/boot/fastboot -I/opt/hisi-linux/x86-arm/arm-hisiv200-linux/bin/../lib/gcc/arm-hisiv200-linux-gnueabi/4.4.1/include -fno-builtin -ffreestanding -nostdinc -isystem /opt/hisi-linux/x86-arm/arm-hisiv200-linux/bin/../lib/gcc/arm-hisiv200-linux-gnueabi/4.4.1/include -pipe  -DCONFIG_ARM -D__ARM__ -marm -mno-thumb-interwork  -mabi=aapcs-linux -march=armv7-a -DVERSION=3 -DPATCHLEVEL=3 -DSUBLEVEL=0 -DAUTELAN -D__FASTBOOT__ -DAT_ENV_SIZE=4096 -D__AKID_DEBUG=__boot_debug -I/home/liujingfei/project/histb_project_v2_Apr9/histb/source/boot/fastboot/common/autelan/lib -I/home/liujingfei/project/histb_project_v2_Apr9/histb/source/boot/fastboot/common/autelan/app  -DVERSION=3 -DPATCHLEVEL=3 -DSUBLEVEL=0 -DAUTELAN -D__FASTBOOT__ -DAT_ENV_SIZE=4096 -D__AKID_DEBUG=__boot_debug -I/home/liujingfei/project/histb_project_v2_Apr9/histb/source/boot/fastboot/common/autelan/lib -I/home/liujingfei/project/histb_project_v2_Apr9/histb/source/boot/fastboot/common/autelan/app  -Wall -Wstrict-prototypes -fno-stack-protector   \
		-o cache-cp15.o cache-cp15.c -c
make[4]: Entering directory `/home/liujingfei/project/histb_project_v2_Apr9/histb/source/boot/fastboot/drivers/mtd/spi'
arm-hisiv200-linux-gcc  -g  -Os   -fno-strict-aliasing -fno-common -ffixed-r8   -D__KERNEL__ -DTEXT_BASE=0x00c00000 -I/home/liujingfei/project/histb_project_v2_Apr9/histb/source/boot/fastboot/include -I/home/liujingfei/project/histb_project_v2_Apr9/histb/source/boot/fastboot -I/opt/hisi-linux/x86-arm/arm-hisiv200-linux/bin/../lib/gcc/arm-hisiv200-linux-gnueabi/4.4.1/include -fno-builtin -ffreestanding -nostdinc -isystem /opt/hisi-linux/x86-arm/arm-hisiv200-linux/bin/../lib/gcc/arm-hisiv200-linux-gnueabi/4.4.1/include -pipe  -DCONFIG_ARM -D__ARM__ -marm -mno-thumb-interwork  -mabi=aapcs-linux -march=armv7-a -DVERSION=3 -DPATCHLEVEL=3 -DSUBLEVEL=0 -DAUTELAN -D__FASTBOOT__ -DAT_ENV_SIZE=4096 -D__AKID_DEBUG=__boot_debug -I/home/liujingfei/project/histb_project_v2_Apr9/histb/source/boot/fastboot/common/autelan/lib -I/home/liujingfei/project/histb_project_v2_Apr9/histb/source/boot/fastboot/common/autelan/app  -DVERSION=3 -DPATCHLEVEL=3 -DSUBLEVEL=0 -DAUTELAN -D__FASTBOOT__ -DAT_ENV_SIZE=4096 -D__AKID_DEBUG=__boot_debug -I/home/liujingfei/project/histb_project_v2_Apr9/histb/source/boot/fastboot/common/autelan/lib -I/home/liujingfei/project/histb_project_v2_Apr9/histb/source/boot/fastboot/common/autelan/app  -Wall -Wstrict-prototypes -fno-stack-protector   \
		-o spi_compatible.o spi_compatible.c -c
arm-hisiv200-linux-ar crv libmmc.a mmc.o himciv200.o himciv200_dbg_boot_read.o
if [ ssdrivers/net/hisfv300/libhisfv300.a != ss/home/liujingfei/project/histb_project_v2_Apr9/histb/source/boot/product/libproduct.a ]; then ( \
		make -C drivers/net/hisfv300/; \
	) fi
arm-hisiv200-linux-gcc  -g  -Os   -fno-strict-aliasing -fno-common -ffixed-r8   -D__KERNEL__ -DTEXT_BASE=0x00c00000 -I/home/liujingfei/project/histb_project_v2_Apr9/histb/source/boot/fastboot/include -I/home/liujingfei/project/histb_project_v2_Apr9/histb/source/boot/fastboot -I/opt/hisi-linux/x86-arm/arm-hisiv200-linux/bin/../lib/gcc/arm-hisiv200-linux-gnueabi/4.4.1/include -fno-builtin -ffreestanding -nostdinc -isystem /opt/hisi-linux/x86-arm/arm-hisiv200-linux/bin/../lib/gcc/arm-hisiv200-linux-gnueabi/4.4.1/include -pipe  -DCONFIG_ARM -D__ARM__ -marm -mno-thumb-interwork  -mabi=aapcs-linux -march=armv7-a -DVERSION=3 -DPATCHLEVEL=3 -DSUBLEVEL=0 -DAUTELAN -D__FASTBOOT__ -DAT_ENV_SIZE=4096 -D__AKID_DEBUG=__boot_debug -I/home/liujingfei/project/histb_project_v2_Apr9/histb/source/boot/fastboot/common/autelan/lib -I/home/liujingfei/project/histb_project_v2_Apr9/histb/source/boot/fastboot/common/autelan/app  -DVERSION=3 -DPATCHLEVEL=3 -DSUBLEVEL=0 -DAUTELAN -D__FASTBOOT__ -DAT_ENV_SIZE=4096 -D__AKID_DEBUG=__boot_debug -I/home/liujingfei/project/histb_project_v2_Apr9/histb/source/boot/fastboot/common/autelan/lib -I/home/liujingfei/project/histb_project_v2_Apr9/histb/source/boot/fastboot/common/autelan/app  -Wall -Wstrict-prototypes -fno-stack-protector   \
		-o emmc_boot.o emmc_boot.c -c
arm-hisiv200-linux-gcc  -g  -Os   -fno-strict-aliasing -fno-common -ffixed-r8   -D__KERNEL__ -DTEXT_BASE=0x00c00000 -I/home/liujingfei/project/histb_project_v2_Apr9/histb/source/boot/fastboot/include -I/home/liujingfei/project/histb_project_v2_Apr9/histb/source/boot/fastboot -I/opt/hisi-linux/x86-arm/arm-hisiv200-linux/bin/../lib/gcc/arm-hisiv200-linux-gnueabi/4.4.1/include -fno-builtin -ffreestanding -nostdinc -isystem /opt/hisi-linux/x86-arm/arm-hisiv200-linux/bin/../lib/gcc/arm-hisiv200-linux-gnueabi/4.4.1/include -pipe  -DCONFIG_ARM -D__ARM__ -marm -mno-thumb-interwork  -mabi=aapcs-linux -march=armv7-a -DVERSION=3 -DPATCHLEVEL=3 -DSUBLEVEL=0 -DAUTELAN -D__FASTBOOT__ -DAT_ENV_SIZE=4096 -D__AKID_DEBUG=__boot_debug -I/home/liujingfei/project/histb_project_v2_Apr9/histb/source/boot/fastboot/common/autelan/lib -I/home/liujingfei/project/histb_project_v2_Apr9/histb/source/boot/fastboot/common/autelan/app  -DVERSION=3 -DPATCHLEVEL=3 -DSUBLEVEL=0 -DAUTELAN -D__FASTBOOT__ -DAT_ENV_SIZE=4096 -D__AKID_DEBUG=__boot_debug -I/home/liujingfei/project/histb_project_v2_Apr9/histb/source/boot/fastboot/common/autelan/lib -I/home/liujingfei/project/histb_project_v2_Apr9/histb/source/boot/fastboot/common/autelan/app  -Wall -Wstrict-prototypes -fno-stack-protector   \
		-o interrupts.o interrupts.c -c
arm-hisiv200-linux-gcc  -g  -Os   -fno-strict-aliasing -fno-common -ffixed-r8   -D__KERNEL__ -DTEXT_BASE=0x00c00000 -I/home/liujingfei/project/histb_project_v2_Apr9/histb/source/boot/fastboot/include -I/home/liujingfei/project/histb_project_v2_Apr9/histb/source/boot/fastboot -I/opt/hisi-linux/x86-arm/arm-hisiv200-linux/bin/../lib/gcc/arm-hisiv200-linux-gnueabi/4.4.1/include -fno-builtin -ffreestanding -nostdinc -isystem /opt/hisi-linux/x86-arm/arm-hisiv200-linux/bin/../lib/gcc/arm-hisiv200-linux-gnueabi/4.4.1/include -pipe  -DCONFIG_ARM -D__ARM__ -marm -mno-thumb-interwork  -mabi=aapcs-linux -march=armv7-a -DVERSION=3 -DPATCHLEVEL=3 -DSUBLEVEL=0 -DAUTELAN -D__FASTBOOT__ -DAT_ENV_SIZE=4096 -D__AKID_DEBUG=__boot_debug -I/home/liujingfei/project/histb_project_v2_Apr9/histb/source/boot/fastboot/common/autelan/lib -I/home/liujingfei/project/histb_project_v2_Apr9/histb/source/boot/fastboot/common/autelan/app  -DVERSION=3 -DPATCHLEVEL=3 -DSUBLEVEL=0 -DAUTELAN -D__FASTBOOT__ -DAT_ENV_SIZE=4096 -D__AKID_DEBUG=__boot_debug -I/home/liujingfei/project/histb_project_v2_Apr9/histb/source/boot/fastboot/common/autelan/lib -I/home/liujingfei/project/histb_project_v2_Apr9/histb/source/boot/fastboot/common/autelan/app  -Wall -Wstrict-prototypes -fno-stack-protector   \
		-o spi_ids.o spi_ids.c -c
make[4]: Leaving directory `/home/liujingfei/project/histb_project_v2_Apr9/histb/source/boot/fastboot/drivers/mtd/nand'
r - mmc.o
r - himciv200.o
r - himciv200_dbg_boot_read.o
make[4]: Leaving directory `/home/liujingfei/project/histb_project_v2_Apr9/histb/source/boot/fastboot/drivers/mmc'
make[4]: Entering directory `/home/liujingfei/project/histb_project_v2_Apr9/histb/source/boot/fastboot/drivers/net'
bootimg.c: In function 'bootimg_get_ramfs':
bootimg.c:73: warning: passing argument 1 of 'memmove' makes pointer from integer without a cast
/home/liujingfei/project/histb_project_v2_Apr9/histb/source/boot/fastboot/include/linux/string.h:73: note: expected 'void *' but argument is of type '__u32'
bootimg.c:73: warning: passing argument 2 of 'memmove' makes pointer from integer without a cast
/home/liujingfei/project/histb_project_v2_Apr9/histb/source/boot/fastboot/include/linux/string.h:73: note: expected 'const void *' but argument is of type 'unsigned int'
if [ ssdrivers/net/higmac/libhigmac.a != ss/home/liujingfei/project/histb_project_v2_Apr9/histb/source/boot/product/libproduct.a ]; then ( \
		make -C drivers/net/higmac/; \
	) fi
arm-hisiv200-linux-gcc  -g  -Os   -fno-strict-aliasing -fno-common -ffixed-r8   -D__KERNEL__ -DTEXT_BASE=0x00c00000 -I/home/liujingfei/project/histb_project_v2_Apr9/histb/source/boot/fastboot/include -I/home/liujingfei/project/histb_project_v2_Apr9/histb/source/boot/fastboot -I/opt/hisi-linux/x86-arm/arm-hisiv200-linux/bin/../lib/gcc/arm-hisiv200-linux-gnueabi/4.4.1/include -fno-builtin -ffreestanding -nostdinc -isystem /opt/hisi-linux/x86-arm/arm-hisiv200-linux/bin/../lib/gcc/arm-hisiv200-linux-gnueabi/4.4.1/include -pipe  -DCONFIG_ARM -D__ARM__ -marm -mno-thumb-interwork  -mabi=aapcs-linux -march=armv7-a -DVERSION=3 -DPATCHLEVEL=3 -DSUBLEVEL=0 -DAUTELAN -D__FASTBOOT__ -DAT_ENV_SIZE=4096 -D__AKID_DEBUG=__boot_debug -I/home/liujingfei/project/histb_project_v2_Apr9/histb/source/boot/fastboot/common/autelan/lib -I/home/liujingfei/project/histb_project_v2_Apr9/histb/source/boot/fastboot/common/autelan/app  -DVERSION=3 -DPATCHLEVEL=3 -DSUBLEVEL=0 -DAUTELAN -D__FASTBOOT__ -DAT_ENV_SIZE=4096 -D__AKID_DEBUG=__boot_debug -I/home/liujingfei/project/histb_project_v2_Apr9/histb/source/boot/fastboot/common/autelan/lib -I/home/liujingfei/project/histb_project_v2_Apr9/histb/source/boot/fastboot/common/autelan/app  -Wall -Wstrict-prototypes -fno-stack-protector   \
		-o cpu.o cpu.c -c
In file included from himci_boot.c:84,
                 from emmc_boot.c:5:
himci_boot_s40.c: In function 'emmc_sys_init':
himci_boot_s40.c:10: warning: implicit declaration of function 'get_chipid_reg'
arm-hisiv200-linux-ar crv libgeneric.a crc16.o strmhz.o crc32.o ctype.o display_options.o div64.o ldiv.o net_utils.o string.o time.o vsprintf.o vsnprintf.o reserve_mem.o parse_bootargs.o match_table.o bootimg.o
arm-hisiv200-linux-ar crv libnet.a bootp.o eth.o net.o rarp.o tftp.o
arm-hisiv200-linux-gcc  -g  -Os   -fno-strict-aliasing -fno-common -ffixed-r8   -D__KERNEL__ -DTEXT_BASE=0x00c00000 -I/home/liujingfei/project/histb_project_v2_Apr9/histb/source/boot/fastboot/include -I/home/liujingfei/project/histb_project_v2_Apr9/histb/source/boot/fastboot -I/opt/hisi-linux/x86-arm/arm-hisiv200-linux/bin/../lib/gcc/arm-hisiv200-linux-gnueabi/4.4.1/include -fno-builtin -ffreestanding -nostdinc -isystem /opt/hisi-linux/x86-arm/arm-hisiv200-linux/bin/../lib/gcc/arm-hisiv200-linux-gnueabi/4.4.1/include -pipe  -DCONFIG_ARM -D__ARM__ -marm -mno-thumb-interwork  -mabi=aapcs-linux -march=armv7-a -DVERSION=3 -DPATCHLEVEL=3 -DSUBLEVEL=0 -DAUTELAN -D__FASTBOOT__ -DAT_ENV_SIZE=4096 -D__AKID_DEBUG=__boot_debug -I/home/liujingfei/project/histb_project_v2_Apr9/histb/source/boot/fastboot/common/autelan/lib -I/home/liujingfei/project/histb_project_v2_Apr9/histb/source/boot/fastboot/common/autelan/app  -DVERSION=3 -DPATCHLEVEL=3 -DSUBLEVEL=0 -DAUTELAN -D__FASTBOOT__ -DAT_ENV_SIZE=4096 -D__AKID_DEBUG=__boot_debug -I/home/liujingfei/project/histb_project_v2_Apr9/histb/source/boot/fastboot/common/autelan/lib -I/home/liujingfei/project/histb_project_v2_Apr9/histb/source/boot/fastboot/common/autelan/app  -Wall -Wstrict-prototypes -fno-stack-protector   \
		-o reset.o reset.c -c
make[4]: Entering directory `/home/liujingfei/project/histb_project_v2_Apr9/histb/source/boot/fastboot/drivers/net/phy'
arm-hisiv200-linux-ar crv libnet.a 
r - bootp.o
r - eth.o
r - net.o
r - rarp.o
r - tftp.o
make[4]: Leaving directory `/home/liujingfei/project/histb_project_v2_Apr9/histb/source/boot/fastboot/net'
if [ ssdrivers/net/higmacv300/libhigmacv300.a != ss/home/liujingfei/project/histb_project_v2_Apr9/histb/source/boot/product/libproduct.a ]; then ( \
		make -C drivers/net/higmacv300/; \
	) fi
arm-hisiv200-linux-gcc  -g  -Os   -fno-strict-aliasing -fno-common -ffixed-r8   -D__KERNEL__ -DTEXT_BASE=0x00c00000 -I/home/liujingfei/project/histb_project_v2_Apr9/histb/source/boot/fastboot/include -I/home/liujingfei/project/histb_project_v2_Apr9/histb/source/boot/fastboot -I/opt/hisi-linux/x86-arm/arm-hisiv200-linux/bin/../lib/gcc/arm-hisiv200-linux-gnueabi/4.4.1/include -fno-builtin -ffreestanding -nostdinc -isystem /opt/hisi-linux/x86-arm/arm-hisiv200-linux/bin/../lib/gcc/arm-hisiv200-linux-gnueabi/4.4.1/include -pipe  -DCONFIG_ARM -D__ARM__ -marm -mno-thumb-interwork  -mabi=aapcs-linux -march=armv7-a -DVERSION=3 -DPATCHLEVEL=3 -DSUBLEVEL=0 -DAUTELAN -D__FASTBOOT__ -DAT_ENV_SIZE=4096 -D__AKID_DEBUG=__boot_debug -I/home/liujingfei/project/histb_project_v2_Apr9/histb/source/boot/fastboot/common/autelan/lib -I/home/liujingfei/project/histb_project_v2_Apr9/histb/source/boot/fastboot/common/autelan/app  -DVERSION=3 -DPATCHLEVEL=3 -DSUBLEVEL=0 -DAUTELAN -D__FASTBOOT__ -DAT_ENV_SIZE=4096 -D__AKID_DEBUG=__boot_debug -I/home/liujingfei/project/histb_project_v2_Apr9/histb/source/boot/fastboot/common/autelan/lib -I/home/liujingfei/project/histb_project_v2_Apr9/histb/source/boot/fastboot/common/autelan/app  -Wall -Wstrict-prototypes -fno-stack-protector   \
		-o timer.o timer.c -c
arm-hisiv200-linux-ar crv libspi_flash.a spi_compatible.o spi_ids.o
arm-hisiv200-linux-gcc  -g  -Os   -fno-strict-aliasing -fno-common -ffixed-r8   -D__KERNEL__ -DTEXT_BASE=0x00c00000 -I/home/liujingfei/project/histb_project_v2_Apr9/histb/source/boot/fastboot/include -I/home/liujingfei/project/histb_project_v2_Apr9/histb/source/boot/fastboot -I/opt/hisi-linux/x86-arm/arm-hisiv200-linux/bin/../lib/gcc/arm-hisiv200-linux-gnueabi/4.4.1/include -fno-builtin -ffreestanding -nostdinc -isystem /opt/hisi-linux/x86-arm/arm-hisiv200-linux/bin/../lib/gcc/arm-hisiv200-linux-gnueabi/4.4.1/include -pipe  -DCONFIG_ARM -D__ARM__ -marm -mno-thumb-interwork  -mabi=aapcs-linux -march=armv7-a -DVERSION=3 -DPATCHLEVEL=3 -DSUBLEVEL=0 -DAUTELAN -D__FASTBOOT__ -DAT_ENV_SIZE=4096 -D__AKID_DEBUG=__boot_debug -I/home/liujingfei/project/histb_project_v2_Apr9/histb/source/boot/fastboot/common/autelan/lib -I/home/liujingfei/project/histb_project_v2_Apr9/histb/source/boot/fastboot/common/autelan/app  -DVERSION=3 -DPATCHLEVEL=3 -DSUBLEVEL=0 -DAUTELAN -D__FASTBOOT__ -DAT_ENV_SIZE=4096 -D__AKID_DEBUG=__boot_debug -I/home/liujingfei/project/histb_project_v2_Apr9/histb/source/boot/fastboot/common/autelan/lib -I/home/liujingfei/project/histb_project_v2_Apr9/histb/source/boot/fastboot/common/autelan/app  -Wall -Wstrict-prototypes -fno-stack-protector   \
		-o ddr_layout.o ddr_layout.c -c
r - crc16.o
r - strmhz.o
r - crc32.o
r - ctype.o
r - display_options.o
r - div64.o
r - ldiv.o
r - net_utils.o
r - string.o
r - time.o
r - vsprintf.o
r - vsnprintf.o
r - reserve_mem.o
r - parse_bootargs.o
r - match_table.o
r - bootimg.o
make[4]: Leaving directory `/home/liujingfei/project/histb_project_v2_Apr9/histb/source/boot/fastboot/lib'
make[4]: Leaving directory `/home/liujingfei/project/histb_project_v2_Apr9/histb/source/boot/fastboot/drivers/net'
make[4]: Entering directory `/home/liujingfei/project/histb_project_v2_Apr9/histb/source/boot/fastboot/drivers/net/hisfv300'
arm-hisiv200-linux-gcc  -g  -Os   -fno-strict-aliasing -fno-common -ffixed-r8   -D__KERNEL__ -DTEXT_BASE=0x00c00000 -I/home/liujingfei/project/histb_project_v2_Apr9/histb/source/boot/fastboot/include -I/home/liujingfei/project/histb_project_v2_Apr9/histb/source/boot/fastboot -I/opt/hisi-linux/x86-arm/arm-hisiv200-linux/bin/../lib/gcc/arm-hisiv200-linux-gnueabi/4.4.1/include -fno-builtin -ffreestanding -nostdinc -isystem /opt/hisi-linux/x86-arm/arm-hisiv200-linux/bin/../lib/gcc/arm-hisiv200-linux-gnueabi/4.4.1/include -pipe  -DCONFIG_ARM -D__ARM__ -marm -mno-thumb-interwork  -mabi=aapcs-linux -march=armv7-a -DVERSION=3 -DPATCHLEVEL=3 -DSUBLEVEL=0 -DAUTELAN -D__FASTBOOT__ -DAT_ENV_SIZE=4096 -D__AKID_DEBUG=__boot_debug -I/home/liujingfei/project/histb_project_v2_Apr9/histb/source/boot/fastboot/common/autelan/lib -I/home/liujingfei/project/histb_project_v2_Apr9/histb/source/boot/fastboot/common/autelan/app  -DVERSION=3 -DPATCHLEVEL=3 -DSUBLEVEL=0 -DAUTELAN -D__FASTBOOT__ -DAT_ENV_SIZE=4096 -D__AKID_DEBUG=__boot_debug -I/home/liujingfei/project/histb_project_v2_Apr9/histb/source/boot/fastboot/common/autelan/lib -I/home/liujingfei/project/histb_project_v2_Apr9/histb/source/boot/fastboot/common/autelan/app  -Wall -Wstrict-prototypes -fno-stack-protector   \
		-o usb.o usb.c -c
arm-hisiv200-linux-ar crv libphy.a 
arm-hisiv200-linux-gcc  -g  -Os   -fno-strict-aliasing -fno-common -ffixed-r8   -D__KERNEL__ -DTEXT_BASE=0x00c00000 -I/home/liujingfei/project/histb_project_v2_Apr9/histb/source/boot/fastboot/include -I/home/liujingfei/project/histb_project_v2_Apr9/histb/source/boot/fastboot -I/opt/hisi-linux/x86-arm/arm-hisiv200-linux/bin/../lib/gcc/arm-hisiv200-linux-gnueabi/4.4.1/include -fno-builtin -ffreestanding -nostdinc -isystem /opt/hisi-linux/x86-arm/arm-hisiv200-linux/bin/../lib/gcc/arm-hisiv200-linux-gnueabi/4.4.1/include -pipe  -DCONFIG_ARM -D__ARM__ -marm -mno-thumb-interwork  -mabi=aapcs-linux -march=armv7-a -DVERSION=3 -DPATCHLEVEL=3 -DSUBLEVEL=0 -DAUTELAN -D__FASTBOOT__ -DAT_ENV_SIZE=4096 -D__AKID_DEBUG=__boot_debug -I/home/liujingfei/project/histb_project_v2_Apr9/histb/source/boot/fastboot/common/autelan/lib -I/home/liujingfei/project/histb_project_v2_Apr9/histb/source/boot/fastboot/common/autelan/app  -DVERSION=3 -DPATCHLEVEL=3 -DSUBLEVEL=0 -DAUTELAN -D__FASTBOOT__ -DAT_ENV_SIZE=4096 -D__AKID_DEBUG=__boot_debug -I/home/liujingfei/project/histb_project_v2_Apr9/histb/source/boot/fastboot/common/autelan/lib -I/home/liujingfei/project/histb_project_v2_Apr9/histb/source/boot/fastboot/common/autelan/app  -Wall -Wstrict-prototypes -fno-stack-protector   \
		-o ddr_size.o ddr_size.c -c
r - spi_compatible.o
r - spi_ids.o
make[4]: Leaving directory `/home/liujingfei/project/histb_project_v2_Apr9/histb/source/boot/fastboot/drivers/mtd/spi'
if [ ssdrivers/net/stmmac/libstmmac.a != ss/home/liujingfei/project/histb_project_v2_Apr9/histb/source/boot/product/libproduct.a ]; then ( \
		make -C drivers/net/stmmac/; \
	) fi
arm-hisiv200-linux-ar crv libhisfv300.a 
make[4]: Leaving directory `/home/liujingfei/project/histb_project_v2_Apr9/histb/source/boot/fastboot/drivers/net/phy'
make[4]: Entering directory `/home/liujingfei/project/histb_project_v2_Apr9/histb/source/boot/fastboot/drivers/net/higmac'
arm-hisiv200-linux-gcc  -g  -Os   -fno-strict-aliasing -fno-common -ffixed-r8   -D__KERNEL__ -DTEXT_BASE=0x00c00000 -I/home/liujingfei/project/histb_project_v2_Apr9/histb/source/boot/fastboot/include -I/home/liujingfei/project/histb_project_v2_Apr9/histb/source/boot/fastboot -I/opt/hisi-linux/x86-arm/arm-hisiv200-linux/bin/../lib/gcc/arm-hisiv200-linux-gnueabi/4.4.1/include -fno-builtin -ffreestanding -nostdinc -isystem /opt/hisi-linux/x86-arm/arm-hisiv200-linux/bin/../lib/gcc/arm-hisiv200-linux-gnueabi/4.4.1/include -pipe  -DCONFIG_ARM -D__ARM__ -marm -mno-thumb-interwork  -mabi=aapcs-linux -march=armv7-a -DVERSION=3 -DPATCHLEVEL=3 -DSUBLEVEL=0 -DAUTELAN -D__FASTBOOT__ -DAT_ENV_SIZE=4096 -D__AKID_DEBUG=__boot_debug -I/home/liujingfei/project/histb_project_v2_Apr9/histb/source/boot/fastboot/common/autelan/lib -I/home/liujingfei/project/histb_project_v2_Apr9/histb/source/boot/fastboot/common/autelan/app  -DVERSION=3 -DPATCHLEVEL=3 -DSUBLEVEL=0 -DAUTELAN -D__FASTBOOT__ -DAT_ENV_SIZE=4096 -D__AKID_DEBUG=__boot_debug -I/home/liujingfei/project/histb_project_v2_Apr9/histb/source/boot/fastboot/common/autelan/lib -I/home/liujingfei/project/histb_project_v2_Apr9/histb/source/boot/fastboot/common/autelan/app  -Wall -Wstrict-prototypes -fno-stack-protector   \
		-o cpu_info.o cpu_info.c -c
if [ ssdrivers/serial/libserial.a != ss/home/liujingfei/project/histb_project_v2_Apr9/histb/source/boot/product/libproduct.a ]; then ( \
		make -C drivers/serial/; \
	) fi
arm-hisiv200-linux-ar crv libs40.a ddrphy_training_func.o ddrphy_training_print.o uart.o chip.o ddrphy_training.o ddr_dataeye_training.o lowlevel_init.o emmc_boot.o cpu.o timer.o usb.o
make[4]: Leaving directory `/home/liujingfei/project/histb_project_v2_Apr9/histb/source/boot/fastboot/drivers/net/hisfv300'
arm-hisiv200-linux-ar crv libhigmac.a 
make[4]: Entering directory `/home/liujingfei/project/histb_project_v2_Apr9/histb/source/boot/fastboot/drivers/net/higmacv300'
arm-hisiv200-linux-gcc  -g  -Os   -fno-strict-aliasing -fno-common -ffixed-r8   -D__KERNEL__ -DTEXT_BASE=0x00c00000 -I/home/liujingfei/project/histb_project_v2_Apr9/histb/source/boot/fastboot/include -I/home/liujingfei/project/histb_project_v2_Apr9/histb/source/boot/fastboot -I/opt/hisi-linux/x86-arm/arm-hisiv200-linux/bin/../lib/gcc/arm-hisiv200-linux-gnueabi/4.4.1/include -fno-builtin -ffreestanding -nostdinc -isystem /opt/hisi-linux/x86-arm/arm-hisiv200-linux/bin/../lib/gcc/arm-hisiv200-linux-gnueabi/4.4.1/include -pipe  -DCONFIG_ARM -D__ARM__ -marm -mno-thumb-interwork  -mabi=aapcs-linux -march=armv7-a -DVERSION=3 -DPATCHLEVEL=3 -DSUBLEVEL=0 -DAUTELAN -D__FASTBOOT__ -DAT_ENV_SIZE=4096 -D__AKID_DEBUG=__boot_debug -I/home/liujingfei/project/histb_project_v2_Apr9/histb/source/boot/fastboot/common/autelan/lib -I/home/liujingfei/project/histb_project_v2_Apr9/histb/source/boot/fastboot/common/autelan/app  -DVERSION=3 -DPATCHLEVEL=3 -DSUBLEVEL=0 -DAUTELAN -D__FASTBOOT__ -DAT_ENV_SIZE=4096 -D__AKID_DEBUG=__boot_debug -I/home/liujingfei/project/histb_project_v2_Apr9/histb/source/boot/fastboot/common/autelan/lib -I/home/liujingfei/project/histb_project_v2_Apr9/histb/source/boot/fastboot/common/autelan/app  -Wall -Wstrict-prototypes -fno-stack-protector   \
		-o mdio.o mdio.c -c
if [ ssdrivers/usb/device/libusb_device.a != ss/home/liujingfei/project/histb_project_v2_Apr9/histb/source/boot/product/libproduct.a ]; then ( \
		make -C drivers/usb/device/; \
	) fi
r - ddrphy_training_func.o
r - ddrphy_training_print.o
r - uart.o
r - chip.o
r - ddrphy_training.o
r - ddr_dataeye_training.o
r - lowlevel_init.o
r - emmc_boot.o
r - cpu.o
r - timer.o
r - usb.o
make[4]: Leaving directory `/home/liujingfei/project/histb_project_v2_Apr9/histb/source/boot/fastboot/arch/arm/cpu/s40'
make[4]: Leaving directory `/home/liujingfei/project/histb_project_v2_Apr9/histb/source/boot/fastboot/drivers/net/higmac'
if [ sscommon/libcommon.a != ss/home/liujingfei/project/histb_project_v2_Apr9/histb/source/boot/product/libproduct.a ]; then ( \
		make -C common/; \
	) fi
arm-hisiv200-linux-ar crv libarm.a mmu.o board.o bootm.o tags.o cache.o process.o cache-cp15.o interrupts.o reset.o ddr_layout.o ddr_size.o cpu_info.o
make[4]: Entering directory `/home/liujingfei/project/histb_project_v2_Apr9/histb/source/boot/fastboot/drivers/net/stmmac'
arm-hisiv200-linux-gcc  -g  -Os   -fno-strict-aliasing -fno-common -ffixed-r8   -D__KERNEL__ -DTEXT_BASE=0x00c00000 -I/home/liujingfei/project/histb_project_v2_Apr9/histb/source/boot/fastboot/include -I/home/liujingfei/project/histb_project_v2_Apr9/histb/source/boot/fastboot -I/opt/hisi-linux/x86-arm/arm-hisiv200-linux/bin/../lib/gcc/arm-hisiv200-linux-gnueabi/4.4.1/include -fno-builtin -ffreestanding -nostdinc -isystem /opt/hisi-linux/x86-arm/arm-hisiv200-linux/bin/../lib/gcc/arm-hisiv200-linux-gnueabi/4.4.1/include -pipe  -DCONFIG_ARM -D__ARM__ -marm -mno-thumb-interwork  -mabi=aapcs-linux -march=armv7-a -DVERSION=3 -DPATCHLEVEL=3 -DSUBLEVEL=0 -DAUTELAN -D__FASTBOOT__ -DAT_ENV_SIZE=4096 -D__AKID_DEBUG=__boot_debug -I/home/liujingfei/project/histb_project_v2_Apr9/histb/source/boot/fastboot/common/autelan/lib -I/home/liujingfei/project/histb_project_v2_Apr9/histb/source/boot/fastboot/common/autelan/app  -DVERSION=3 -DPATCHLEVEL=3 -DSUBLEVEL=0 -DAUTELAN -D__FASTBOOT__ -DAT_ENV_SIZE=4096 -D__AKID_DEBUG=__boot_debug -I/home/liujingfei/project/histb_project_v2_Apr9/histb/source/boot/fastboot/common/autelan/lib -I/home/liujingfei/project/histb_project_v2_Apr9/histb/source/boot/fastboot/common/autelan/app  -Wall -Wstrict-prototypes -fno-stack-protector   \
		-o ctrl.o ctrl.c -c
if [ ss/home/liujingfei/project/histb_project_v2_Apr9/histb/source/boot/product/libproduct.a != ss/home/liujingfei/project/histb_project_v2_Apr9/histb/source/boot/product/libproduct.a ]; then ( \
		make -C /home/liujingfei/project/histb_project_v2_Apr9/histb/source/boot/product/; \
	) fi
r - mmu.o
r - board.o
r - bootm.o
r - tags.o
r - cache.o
r - process.o
r - cache-cp15.o
r - interrupts.o
r - reset.o
r - ddr_layout.o
r - ddr_size.o
r - cpu_info.o
make[4]: Leaving directory `/home/liujingfei/project/histb_project_v2_Apr9/histb/source/boot/fastboot/arch/arm/lib'
make[4]: Entering directory `/home/liujingfei/project/histb_project_v2_Apr9/histb/source/boot/fastboot/drivers/serial'
arm-hisiv200-linux-gcc  -g  -Os   -fno-strict-aliasing -fno-common -ffixed-r8   -D__KERNEL__ -DTEXT_BASE=0x00c00000 -I/home/liujingfei/project/histb_project_v2_Apr9/histb/source/boot/fastboot/include -I/home/liujingfei/project/histb_project_v2_Apr9/histb/source/boot/fastboot -I/opt/hisi-linux/x86-arm/arm-hisiv200-linux/bin/../lib/gcc/arm-hisiv200-linux-gnueabi/4.4.1/include -fno-builtin -ffreestanding -nostdinc -isystem /opt/hisi-linux/x86-arm/arm-hisiv200-linux/bin/../lib/gcc/arm-hisiv200-linux-gnueabi/4.4.1/include -pipe  -DCONFIG_ARM -D__ARM__ -marm -mno-thumb-interwork  -mabi=aapcs-linux -march=armv7-a -DVERSION=3 -DPATCHLEVEL=3 -DSUBLEVEL=0 -DAUTELAN -D__FASTBOOT__ -DAT_ENV_SIZE=4096 -D__AKID_DEBUG=__boot_debug -I/home/liujingfei/project/histb_project_v2_Apr9/histb/source/boot/fastboot/common/autelan/lib -I/home/liujingfei/project/histb_project_v2_Apr9/histb/source/boot/fastboot/common/autelan/app  -DVERSION=3 -DPATCHLEVEL=3 -DSUBLEVEL=0 -DAUTELAN -D__FASTBOOT__ -DAT_ENV_SIZE=4096 -D__AKID_DEBUG=__boot_debug -I/home/liujingfei/project/histb_project_v2_Apr9/histb/source/boot/fastboot/common/autelan/lib -I/home/liujingfei/project/histb_project_v2_Apr9/histb/source/boot/fastboot/common/autelan/app  -Wall -Wstrict-prototypes -fno-stack-protector   \
		-o serial_pl01x.o serial_pl01x.c -c
arm-hisiv200-linux-ar crv libstmmac.a 
arm-hisiv200-linux-gcc  -g  -Os   -fno-strict-aliasing -fno-common -ffixed-r8   -D__KERNEL__ -DTEXT_BASE=0x00c00000 -I/home/liujingfei/project/histb_project_v2_Apr9/histb/source/boot/fastboot/include -I/home/liujingfei/project/histb_project_v2_Apr9/histb/source/boot/fastboot -I/opt/hisi-linux/x86-arm/arm-hisiv200-linux/bin/../lib/gcc/arm-hisiv200-linux-gnueabi/4.4.1/include -fno-builtin -ffreestanding -nostdinc -isystem /opt/hisi-linux/x86-arm/arm-hisiv200-linux/bin/../lib/gcc/arm-hisiv200-linux-gnueabi/4.4.1/include -pipe  -DCONFIG_ARM -D__ARM__ -marm -mno-thumb-interwork  -mabi=aapcs-linux -march=armv7-a -DVERSION=3 -DPATCHLEVEL=3 -DSUBLEVEL=0 -DAUTELAN -D__FASTBOOT__ -DAT_ENV_SIZE=4096 -D__AKID_DEBUG=__boot_debug -I/home/liujingfei/project/histb_project_v2_Apr9/histb/source/boot/fastboot/common/autelan/lib -I/home/liujingfei/project/histb_project_v2_Apr9/histb/source/boot/fastboot/common/autelan/app  -DVERSION=3 -DPATCHLEVEL=3 -DSUBLEVEL=0 -DAUTELAN -D__FASTBOOT__ -DAT_ENV_SIZE=4096 -D__AKID_DEBUG=__boot_debug -I/home/liujingfei/project/histb_project_v2_Apr9/histb/source/boot/fastboot/common/autelan/lib -I/home/liujingfei/project/histb_project_v2_Apr9/histb/source/boot/fastboot/common/autelan/app  -Wall -Wstrict-prototypes -fno-stack-protector   \
		-o higmac.o higmac.c -c
make[4]: Entering directory `/home/liujingfei/project/histb_project_v2_Apr9/histb/source/boot/fastboot/drivers/usb/device'
arm-hisiv200-linux-gcc  -g  -Os   -fno-strict-aliasing -fno-common -ffixed-r8   -D__KERNEL__ -DTEXT_BASE=0x00c00000 -I/home/liujingfei/project/histb_project_v2_Apr9/histb/source/boot/fastboot/include -I/home/liujingfei/project/histb_project_v2_Apr9/histb/source/boot/fastboot -I/opt/hisi-linux/x86-arm/arm-hisiv200-linux/bin/../lib/gcc/arm-hisiv200-linux-gnueabi/4.4.1/include -fno-builtin -ffreestanding -nostdinc -isystem /opt/hisi-linux/x86-arm/arm-hisiv200-linux/bin/../lib/gcc/arm-hisiv200-linux-gnueabi/4.4.1/include -pipe  -DCONFIG_ARM -D__ARM__ -marm -mno-thumb-interwork  -mabi=aapcs-linux -march=armv7-a -DVERSION=3 -DPATCHLEVEL=3 -DSUBLEVEL=0 -DAUTELAN -D__FASTBOOT__ -DAT_ENV_SIZE=4096 -D__AKID_DEBUG=__boot_debug -I/home/liujingfei/project/histb_project_v2_Apr9/histb/source/boot/fastboot/common/autelan/lib -I/home/liujingfei/project/histb_project_v2_Apr9/histb/source/boot/fastboot/common/autelan/app  -DVERSION=3 -DPATCHLEVEL=3 -DSUBLEVEL=0 -DAUTELAN -D__FASTBOOT__ -DAT_ENV_SIZE=4096 -D__AKID_DEBUG=__boot_debug -I/home/liujingfei/project/histb_project_v2_Apr9/histb/source/boot/fastboot/common/autelan/lib -I/home/liujingfei/project/histb_project_v2_Apr9/histb/source/boot/fastboot/common/autelan/app  -Wall -Wstrict-prototypes -fno-stack-protector   \
		-o device.o device.c -c
make[4]: Leaving directory `/home/liujingfei/project/histb_project_v2_Apr9/histb/source/boot/fastboot/drivers/net/stmmac'
arm-hisiv200-linux-gcc  -g  -Os   -fno-strict-aliasing -fno-common -ffixed-r8   -D__KERNEL__ -DTEXT_BASE=0x00c00000 -I/home/liujingfei/project/histb_project_v2_Apr9/histb/source/boot/fastboot/include -I/home/liujingfei/project/histb_project_v2_Apr9/histb/source/boot/fastboot -I/opt/hisi-linux/x86-arm/arm-hisiv200-linux/bin/../lib/gcc/arm-hisiv200-linux-gnueabi/4.4.1/include -fno-builtin -ffreestanding -nostdinc -isystem /opt/hisi-linux/x86-arm/arm-hisiv200-linux/bin/../lib/gcc/arm-hisiv200-linux-gnueabi/4.4.1/include -pipe  -DCONFIG_ARM -D__ARM__ -marm -mno-thumb-interwork  -mabi=aapcs-linux -march=armv7-a -DVERSION=3 -DPATCHLEVEL=3 -DSUBLEVEL=0 -DAUTELAN -D__FASTBOOT__ -DAT_ENV_SIZE=4096 -D__AKID_DEBUG=__boot_debug -I/home/liujingfei/project/histb_project_v2_Apr9/histb/source/boot/fastboot/common/autelan/lib -I/home/liujingfei/project/histb_project_v2_Apr9/histb/source/boot/fastboot/common/autelan/app  -DVERSION=3 -DPATCHLEVEL=3 -DSUBLEVEL=0 -DAUTELAN -D__FASTBOOT__ -DAT_ENV_SIZE=4096 -D__AKID_DEBUG=__boot_debug -I/home/liujingfei/project/histb_project_v2_Apr9/histb/source/boot/fastboot/common/autelan/lib -I/home/liujingfei/project/histb_project_v2_Apr9/histb/source/boot/fastboot/common/autelan/app  -Wall -Wstrict-prototypes -fno-stack-protector   \
		-o device_loader.o device_loader.c -c
serial_pl01x.c: In function 'serial_puts':
serial_pl01x.c:182: warning: implicit declaration of function 'tx_status'
device.c: In function 'dwc_pcd_handle_np_tx_fifo_empty_intr':
device.c:2379: warning: unused variable 'ep_regs'
device.c: In function 'dwc_dev_init':
device.c:2581: warning: control reaches end of non-void function
arm-hisiv200-linux-ar crv libhigmacv300.a mdio.o ctrl.o higmac.o
dev_descriptors.h:155: warning: 'descr_fs' defined but not used
r - serial_pl01x.o
make[4]: Leaving directory `/home/liujingfei/project/histb_project_v2_Apr9/histb/source/boot/fastboot/drivers/serial'
arm-hisiv200-linux-gcc  -g  -Os   -fno-strict-aliasing -fno-common -ffixed-r8   -D__KERNEL__ -DTEXT_BASE=0x00c00000 -I/home/liujingfei/project/histb_project_v2_Apr9/histb/source/boot/fastboot/include -I/home/liujingfei/project/histb_project_v2_Apr9/histb/source/boot/fastboot -I/opt/hisi-linux/x86-arm/arm-hisiv200-linux/bin/../lib/gcc/arm-hisiv200-linux-gnueabi/4.4.1/include -fno-builtin -ffreestanding -nostdinc -isystem /opt/hisi-linux/x86-arm/arm-hisiv200-linux/bin/../lib/gcc/arm-hisiv200-linux-gnueabi/4.4.1/include -pipe  -DCONFIG_ARM -D__ARM__ -marm -mno-thumb-interwork  -mabi=aapcs-linux -march=armv7-a -DVERSION=3 -DPATCHLEVEL=3 -DSUBLEVEL=0 -DAUTELAN -D__FASTBOOT__ -DAT_ENV_SIZE=4096 -D__AKID_DEBUG=__boot_debug -I/home/liujingfei/project/histb_project_v2_Apr9/histb/source/boot/fastboot/common/autelan/lib -I/home/liujingfei/project/histb_project_v2_Apr9/histb/source/boot/fastboot/common/autelan/app  -DVERSION=3 -DPATCHLEVEL=3 -DSUBLEVEL=0 -DAUTELAN -D__FASTBOOT__ -DAT_ENV_SIZE=4096 -D__AKID_DEBUG=__boot_debug -I/home/liujingfei/project/histb_project_v2_Apr9/histb/source/boot/fastboot/common/autelan/lib -I/home/liujingfei/project/histb_project_v2_Apr9/histb/source/boot/fastboot/common/autelan/app  -Wall -Wstrict-prototypes -fno-stack-protector   \
		-o autelan/app/atenv/atenv_boot_md_cmd.o autelan/app/atenv/atenv_boot_md_cmd.c -c
r - mdio.o
r - ctrl.o
r - higmac.o
make[4]: Leaving directory `/home/liujingfei/project/histb_project_v2_Apr9/histb/source/boot/fastboot/drivers/net/higmacv300'
arm-hisiv200-linux-gcc  -g  -Os   -fno-strict-aliasing -fno-common -ffixed-r8   -D__KERNEL__ -DTEXT_BASE=0x00c00000 -I/home/liujingfei/project/histb_project_v2_Apr9/histb/source/boot/fastboot/include -I/home/liujingfei/project/histb_project_v2_Apr9/histb/source/boot/fastboot -I/opt/hisi-linux/x86-arm/arm-hisiv200-linux/bin/../lib/gcc/arm-hisiv200-linux-gnueabi/4.4.1/include -fno-builtin -ffreestanding -nostdinc -isystem /opt/hisi-linux/x86-arm/arm-hisiv200-linux/bin/../lib/gcc/arm-hisiv200-linux-gnueabi/4.4.1/include -pipe  -DCONFIG_ARM -D__ARM__ -marm -mno-thumb-interwork  -mabi=aapcs-linux -march=armv7-a -DVERSION=3 -DPATCHLEVEL=3 -DSUBLEVEL=0 -DAUTELAN -D__FASTBOOT__ -DAT_ENV_SIZE=4096 -D__AKID_DEBUG=__boot_debug -I/home/liujingfei/project/histb_project_v2_Apr9/histb/source/boot/fastboot/common/autelan/lib -I/home/liujingfei/project/histb_project_v2_Apr9/histb/source/boot/fastboot/common/autelan/app  -DVERSION=3 -DPATCHLEVEL=3 -DSUBLEVEL=0 -DAUTELAN -D__FASTBOOT__ -DAT_ENV_SIZE=4096 -D__AKID_DEBUG=__boot_debug -I/home/liujingfei/project/histb_project_v2_Apr9/histb/source/boot/fastboot/common/autelan/lib -I/home/liujingfei/project/histb_project_v2_Apr9/histb/source/boot/fastboot/common/autelan/app  -Wall -Wstrict-prototypes -fno-stack-protector   \
		-o cmd_boot.o cmd_boot.c -c
arm-hisiv200-linux-gcc  -g  -Os   -fno-strict-aliasing -fno-common -ffixed-r8   -D__KERNEL__ -DTEXT_BASE=0x00c00000 -I/home/liujingfei/project/histb_project_v2_Apr9/histb/source/boot/fastboot/include -I/home/liujingfei/project/histb_project_v2_Apr9/histb/source/boot/fastboot -I/opt/hisi-linux/x86-arm/arm-hisiv200-linux/bin/../lib/gcc/arm-hisiv200-linux-gnueabi/4.4.1/include -fno-builtin -ffreestanding -nostdinc -isystem /opt/hisi-linux/x86-arm/arm-hisiv200-linux/bin/../lib/gcc/arm-hisiv200-linux-gnueabi/4.4.1/include -pipe  -DCONFIG_ARM -D__ARM__ -marm -mno-thumb-interwork  -mabi=aapcs-linux -march=armv7-a -DVERSION=3 -DPATCHLEVEL=3 -DSUBLEVEL=0 -DAUTELAN -D__FASTBOOT__ -DAT_ENV_SIZE=4096 -D__AKID_DEBUG=__boot_debug -I/home/liujingfei/project/histb_project_v2_Apr9/histb/source/boot/fastboot/common/autelan/lib -I/home/liujingfei/project/histb_project_v2_Apr9/histb/source/boot/fastboot/common/autelan/app  -DVERSION=3 -DPATCHLEVEL=3 -DSUBLEVEL=0 -DAUTELAN -D__FASTBOOT__ -DAT_ENV_SIZE=4096 -D__AKID_DEBUG=__boot_debug -I/home/liujingfei/project/histb_project_v2_Apr9/histb/source/boot/fastboot/common/autelan/lib -I/home/liujingfei/project/histb_project_v2_Apr9/histb/source/boot/fastboot/common/autelan/app  -Wall -Wstrict-prototypes -fno-stack-protector   \
		-o cmd_bootm.o cmd_bootm.c -c
In file included from /home/liujingfei/project/histb_project_v2_Apr9/histb/source/boot/fastboot/common/autelan/lib/atenv/atenv.h:3,
                 from autelan/app/atenv/atenv_boot_md_cmd.c:13:
/home/liujingfei/project/histb_project_v2_Apr9/histb/source/boot/fastboot/common/autelan/lib/utils.h: In function 'os_fini':
/home/liujingfei/project/histb_project_v2_Apr9/histb/source/boot/fastboot/common/autelan/lib/utils.h:152: warning: statement with no effect
autelan/app/atenv/atenv_boot_md_cmd.c: At top level:
/home/liujingfei/project/histb_project_v2_Apr9/histb/source/boot/fastboot/common/autelan/lib/utils/cmd.h:367: warning: 'cmd_line_handle' defined but not used
/home/liujingfei/project/histb_project_v2_Apr9/histb/source/boot/fastboot/common/autelan/lib/utils/cmd.h:383: warning: 'cmd_argv_handle' defined but not used
arm-hisiv200-linux-gcc  -g  -Os   -fno-strict-aliasing -fno-common -ffixed-r8   -D__KERNEL__ -DTEXT_BASE=0x00c00000 -I/home/liujingfei/project/histb_project_v2_Apr9/histb/source/boot/fastboot/include -I/home/liujingfei/project/histb_project_v2_Apr9/histb/source/boot/fastboot -I/opt/hisi-linux/x86-arm/arm-hisiv200-linux/bin/../lib/gcc/arm-hisiv200-linux-gnueabi/4.4.1/include -fno-builtin -ffreestanding -nostdinc -isystem /opt/hisi-linux/x86-arm/arm-hisiv200-linux/bin/../lib/gcc/arm-hisiv200-linux-gnueabi/4.4.1/include -pipe  -DCONFIG_ARM -D__ARM__ -marm -mno-thumb-interwork  -mabi=aapcs-linux -march=armv7-a -DVERSION=3 -DPATCHLEVEL=3 -DSUBLEVEL=0 -DAUTELAN -D__FASTBOOT__ -DAT_ENV_SIZE=4096 -D__AKID_DEBUG=__boot_debug -I/home/liujingfei/project/histb_project_v2_Apr9/histb/source/boot/fastboot/common/autelan/lib -I/home/liujingfei/project/histb_project_v2_Apr9/histb/source/boot/fastboot/common/autelan/app  -DVERSION=3 -DPATCHLEVEL=3 -DSUBLEVEL=0 -DAUTELAN -D__FASTBOOT__ -DAT_ENV_SIZE=4096 -D__AKID_DEBUG=__boot_debug -I/home/liujingfei/project/histb_project_v2_Apr9/histb/source/boot/fastboot/common/autelan/lib -I/home/liujingfei/project/histb_project_v2_Apr9/histb/source/boot/fastboot/common/autelan/app  -Wall -Wstrict-prototypes -fno-stack-protector   \
		-o cmd_ddr_training.o cmd_ddr_training.c -c
cmd_bootm.c: In function 'boot_get_kernel':
cmd_bootm.c:903: warning: passing argument 3 of 'bootimg_get_kernel' from incompatible pointer type
/home/liujingfei/project/histb_project_v2_Apr9/histb/source/boot/fastboot/include/bootimg.h:82: note: expected 'unsigned int *' but argument is of type 'ulong *'
arm-hisiv200-linux-gcc  -g  -Os   -fno-strict-aliasing -fno-common -ffixed-r8   -D__KERNEL__ -DTEXT_BASE=0x00c00000 -I/home/liujingfei/project/histb_project_v2_Apr9/histb/source/boot/fastboot/include -I/home/liujingfei/project/histb_project_v2_Apr9/histb/source/boot/fastboot -I/opt/hisi-linux/x86-arm/arm-hisiv200-linux/bin/../lib/gcc/arm-hisiv200-linux-gnueabi/4.4.1/include -fno-builtin -ffreestanding -nostdinc -isystem /opt/hisi-linux/x86-arm/arm-hisiv200-linux/bin/../lib/gcc/arm-hisiv200-linux-gnueabi/4.4.1/include -pipe  -DCONFIG_ARM -D__ARM__ -marm -mno-thumb-interwork  -mabi=aapcs-linux -march=armv7-a -DVERSION=3 -DPATCHLEVEL=3 -DSUBLEVEL=0 -DAUTELAN -D__FASTBOOT__ -DAT_ENV_SIZE=4096 -D__AKID_DEBUG=__boot_debug -I/home/liujingfei/project/histb_project_v2_Apr9/histb/source/boot/fastboot/common/autelan/lib -I/home/liujingfei/project/histb_project_v2_Apr9/histb/source/boot/fastboot/common/autelan/app  -DVERSION=3 -DPATCHLEVEL=3 -DSUBLEVEL=0 -DAUTELAN -D__FASTBOOT__ -DAT_ENV_SIZE=4096 -D__AKID_DEBUG=__boot_debug -I/home/liujingfei/project/histb_project_v2_Apr9/histb/source/boot/fastboot/common/autelan/lib -I/home/liujingfei/project/histb_project_v2_Apr9/histb/source/boot/fastboot/common/autelan/app  -Wall -Wstrict-prototypes -fno-stack-protector   \
		-o cmd_getinfo.o cmd_getinfo.c -c
arm-hisiv200-linux-ar crv libusb_device.a device.o device_loader.o
cmd_ddr_training.c: In function 'ddr_training_result':
cmd_ddr_training.c:47: warning: unused variable 'chipid'
cmd_ddr_training.c: In function 'get_ddrtr_entry':
cmd_ddr_training.c:79: warning: unused variable 'chipid'
arm-hisiv200-linux-gcc  -g  -Os   -fno-strict-aliasing -fno-common -ffixed-r8   -D__KERNEL__ -DTEXT_BASE=0x00c00000 -I/home/liujingfei/project/histb_project_v2_Apr9/histb/source/boot/fastboot/include -I/home/liujingfei/project/histb_project_v2_Apr9/histb/source/boot/fastboot -I/opt/hisi-linux/x86-arm/arm-hisiv200-linux/bin/../lib/gcc/arm-hisiv200-linux-gnueabi/4.4.1/include -fno-builtin -ffreestanding -nostdinc -isystem /opt/hisi-linux/x86-arm/arm-hisiv200-linux/bin/../lib/gcc/arm-hisiv200-linux-gnueabi/4.4.1/include -pipe  -DCONFIG_ARM -D__ARM__ -marm -mno-thumb-interwork  -mabi=aapcs-linux -march=armv7-a -DVERSION=3 -DPATCHLEVEL=3 -DSUBLEVEL=0 -DAUTELAN -D__FASTBOOT__ -DAT_ENV_SIZE=4096 -D__AKID_DEBUG=__boot_debug -I/home/liujingfei/project/histb_project_v2_Apr9/histb/source/boot/fastboot/common/autelan/lib -I/home/liujingfei/project/histb_project_v2_Apr9/histb/source/boot/fastboot/common/autelan/app  -DVERSION=3 -DPATCHLEVEL=3 -DSUBLEVEL=0 -DAUTELAN -D__FASTBOOT__ -DAT_ENV_SIZE=4096 -D__AKID_DEBUG=__boot_debug -I/home/liujingfei/project/histb_project_v2_Apr9/histb/source/boot/fastboot/common/autelan/lib -I/home/liujingfei/project/histb_project_v2_Apr9/histb/source/boot/fastboot/common/autelan/app  -Wall -Wstrict-prototypes -fno-stack-protector   \
		-o cmd_help.o cmd_help.c -c
r - device.o
r - device_loader.o
make[4]: Leaving directory `/home/liujingfei/project/histb_project_v2_Apr9/histb/source/boot/fastboot/drivers/usb/device'
cmd_getinfo.c: In function 'do_getinfo':
cmd_getinfo.c:103: warning: label 'print_info' defined but not used
arm-hisiv200-linux-gcc  -g  -Os   -fno-strict-aliasing -fno-common -ffixed-r8   -D__KERNEL__ -DTEXT_BASE=0x00c00000 -I/home/liujingfei/project/histb_project_v2_Apr9/histb/source/boot/fastboot/include -I/home/liujingfei/project/histb_project_v2_Apr9/histb/source/boot/fastboot -I/opt/hisi-linux/x86-arm/arm-hisiv200-linux/bin/../lib/gcc/arm-hisiv200-linux-gnueabi/4.4.1/include -fno-builtin -ffreestanding -nostdinc -isystem /opt/hisi-linux/x86-arm/arm-hisiv200-linux/bin/../lib/gcc/arm-hisiv200-linux-gnueabi/4.4.1/include -pipe  -DCONFIG_ARM -D__ARM__ -marm -mno-thumb-interwork  -mabi=aapcs-linux -march=armv7-a -DVERSION=3 -DPATCHLEVEL=3 -DSUBLEVEL=0 -DAUTELAN -D__FASTBOOT__ -DAT_ENV_SIZE=4096 -D__AKID_DEBUG=__boot_debug -I/home/liujingfei/project/histb_project_v2_Apr9/histb/source/boot/fastboot/common/autelan/lib -I/home/liujingfei/project/histb_project_v2_Apr9/histb/source/boot/fastboot/common/autelan/app  -DVERSION=3 -DPATCHLEVEL=3 -DSUBLEVEL=0 -DAUTELAN -D__FASTBOOT__ -DAT_ENV_SIZE=4096 -D__AKID_DEBUG=__boot_debug -I/home/liujingfei/project/histb_project_v2_Apr9/histb/source/boot/fastboot/common/autelan/lib -I/home/liujingfei/project/histb_project_v2_Apr9/histb/source/boot/fastboot/common/autelan/app  -Wall -Wstrict-prototypes -fno-stack-protector   \
		-o cmd_load.o cmd_load.c -c
arm-hisiv200-linux-gcc  -g  -Os   -fno-strict-aliasing -fno-common -ffixed-r8   -D__KERNEL__ -DTEXT_BASE=0x00c00000 -I/home/liujingfei/project/histb_project_v2_Apr9/histb/source/boot/fastboot/include -I/home/liujingfei/project/histb_project_v2_Apr9/histb/source/boot/fastboot -I/opt/hisi-linux/x86-arm/arm-hisiv200-linux/bin/../lib/gcc/arm-hisiv200-linux-gnueabi/4.4.1/include -fno-builtin -ffreestanding -nostdinc -isystem /opt/hisi-linux/x86-arm/arm-hisiv200-linux/bin/../lib/gcc/arm-hisiv200-linux-gnueabi/4.4.1/include -pipe  -DCONFIG_ARM -D__ARM__ -marm -mno-thumb-interwork  -mabi=aapcs-linux -march=armv7-a -DVERSION=3 -DPATCHLEVEL=3 -DSUBLEVEL=0 -DAUTELAN -D__FASTBOOT__ -DAT_ENV_SIZE=4096 -D__AKID_DEBUG=__boot_debug -I/home/liujingfei/project/histb_project_v2_Apr9/histb/source/boot/fastboot/common/autelan/lib -I/home/liujingfei/project/histb_project_v2_Apr9/histb/source/boot/fastboot/common/autelan/app  -DVERSION=3 -DPATCHLEVEL=3 -DSUBLEVEL=0 -DAUTELAN -D__FASTBOOT__ -DAT_ENV_SIZE=4096 -D__AKID_DEBUG=__boot_debug -I/home/liujingfei/project/histb_project_v2_Apr9/histb/source/boot/fastboot/common/autelan/lib -I/home/liujingfei/project/histb_project_v2_Apr9/histb/source/boot/fastboot/common/autelan/app  -Wall -Wstrict-prototypes -fno-stack-protector   \
		-o cmd_mem.o cmd_mem.c -c
arm-hisiv200-linux-gcc  -g  -Os   -fno-strict-aliasing -fno-common -ffixed-r8   -D__KERNEL__ -DTEXT_BASE=0x00c00000 -I/home/liujingfei/project/histb_project_v2_Apr9/histb/source/boot/fastboot/include -I/home/liujingfei/project/histb_project_v2_Apr9/histb/source/boot/fastboot -I/opt/hisi-linux/x86-arm/arm-hisiv200-linux/bin/../lib/gcc/arm-hisiv200-linux-gnueabi/4.4.1/include -fno-builtin -ffreestanding -nostdinc -isystem /opt/hisi-linux/x86-arm/arm-hisiv200-linux/bin/../lib/gcc/arm-hisiv200-linux-gnueabi/4.4.1/include -pipe  -DCONFIG_ARM -D__ARM__ -marm -mno-thumb-interwork  -mabi=aapcs-linux -march=armv7-a -DVERSION=3 -DPATCHLEVEL=3 -DSUBLEVEL=0 -DAUTELAN -D__FASTBOOT__ -DAT_ENV_SIZE=4096 -D__AKID_DEBUG=__boot_debug -I/home/liujingfei/project/histb_project_v2_Apr9/histb/source/boot/fastboot/common/autelan/lib -I/home/liujingfei/project/histb_project_v2_Apr9/histb/source/boot/fastboot/common/autelan/app  -DVERSION=3 -DPATCHLEVEL=3 -DSUBLEVEL=0 -DAUTELAN -D__FASTBOOT__ -DAT_ENV_SIZE=4096 -D__AKID_DEBUG=__boot_debug -I/home/liujingfei/project/histb_project_v2_Apr9/histb/source/boot/fastboot/common/autelan/lib -I/home/liujingfei/project/histb_project_v2_Apr9/histb/source/boot/fastboot/common/autelan/app  -Wall -Wstrict-prototypes -fno-stack-protector   \
		-o cmd_mii.o cmd_mii.c -c
arm-hisiv200-linux-gcc  -g  -Os   -fno-strict-aliasing -fno-common -ffixed-r8   -D__KERNEL__ -DTEXT_BASE=0x00c00000 -I/home/liujingfei/project/histb_project_v2_Apr9/histb/source/boot/fastboot/include -I/home/liujingfei/project/histb_project_v2_Apr9/histb/source/boot/fastboot -I/opt/hisi-linux/x86-arm/arm-hisiv200-linux/bin/../lib/gcc/arm-hisiv200-linux-gnueabi/4.4.1/include -fno-builtin -ffreestanding -nostdinc -isystem /opt/hisi-linux/x86-arm/arm-hisiv200-linux/bin/../lib/gcc/arm-hisiv200-linux-gnueabi/4.4.1/include -pipe  -DCONFIG_ARM -D__ARM__ -marm -mno-thumb-interwork  -mabi=aapcs-linux -march=armv7-a -DVERSION=3 -DPATCHLEVEL=3 -DSUBLEVEL=0 -DAUTELAN -D__FASTBOOT__ -DAT_ENV_SIZE=4096 -D__AKID_DEBUG=__boot_debug -I/home/liujingfei/project/histb_project_v2_Apr9/histb/source/boot/fastboot/common/autelan/lib -I/home/liujingfei/project/histb_project_v2_Apr9/histb/source/boot/fastboot/common/autelan/app  -DVERSION=3 -DPATCHLEVEL=3 -DSUBLEVEL=0 -DAUTELAN -D__FASTBOOT__ -DAT_ENV_SIZE=4096 -D__AKID_DEBUG=__boot_debug -I/home/liujingfei/project/histb_project_v2_Apr9/histb/source/boot/fastboot/common/autelan/lib -I/home/liujingfei/project/histb_project_v2_Apr9/histb/source/boot/fastboot/common/autelan/app  -Wall -Wstrict-prototypes -fno-stack-protector   \
		-o cmd_mmc.o cmd_mmc.c -c
arm-hisiv200-linux-gcc  -g  -Os   -fno-strict-aliasing -fno-common -ffixed-r8   -D__KERNEL__ -DTEXT_BASE=0x00c00000 -I/home/liujingfei/project/histb_project_v2_Apr9/histb/source/boot/fastboot/include -I/home/liujingfei/project/histb_project_v2_Apr9/histb/source/boot/fastboot -I/opt/hisi-linux/x86-arm/arm-hisiv200-linux/bin/../lib/gcc/arm-hisiv200-linux-gnueabi/4.4.1/include -fno-builtin -ffreestanding -nostdinc -isystem /opt/hisi-linux/x86-arm/arm-hisiv200-linux/bin/../lib/gcc/arm-hisiv200-linux-gnueabi/4.4.1/include -pipe  -DCONFIG_ARM -D__ARM__ -marm -mno-thumb-interwork  -mabi=aapcs-linux -march=armv7-a -DVERSION=3 -DPATCHLEVEL=3 -DSUBLEVEL=0 -DAUTELAN -D__FASTBOOT__ -DAT_ENV_SIZE=4096 -D__AKID_DEBUG=__boot_debug -I/home/liujingfei/project/histb_project_v2_Apr9/histb/source/boot/fastboot/common/autelan/lib -I/home/liujingfei/project/histb_project_v2_Apr9/histb/source/boot/fastboot/common/autelan/app  -DVERSION=3 -DPATCHLEVEL=3 -DSUBLEVEL=0 -DAUTELAN -D__FASTBOOT__ -DAT_ENV_SIZE=4096 -D__AKID_DEBUG=__boot_debug -I/home/liujingfei/project/histb_project_v2_Apr9/histb/source/boot/fastboot/common/autelan/lib -I/home/liujingfei/project/histb_project_v2_Apr9/histb/source/boot/fastboot/common/autelan/app  -Wall -Wstrict-prototypes -fno-stack-protector   \
		-o cmd_net.o cmd_net.c -c
arm-hisiv200-linux-gcc  -g  -Os   -fno-strict-aliasing -fno-common -ffixed-r8   -D__KERNEL__ -DTEXT_BASE=0x00c00000 -I/home/liujingfei/project/histb_project_v2_Apr9/histb/source/boot/fastboot/include -I/home/liujingfei/project/histb_project_v2_Apr9/histb/source/boot/fastboot -I/opt/hisi-linux/x86-arm/arm-hisiv200-linux/bin/../lib/gcc/arm-hisiv200-linux-gnueabi/4.4.1/include -fno-builtin -ffreestanding -nostdinc -isystem /opt/hisi-linux/x86-arm/arm-hisiv200-linux/bin/../lib/gcc/arm-hisiv200-linux-gnueabi/4.4.1/include -pipe  -DCONFIG_ARM -D__ARM__ -marm -mno-thumb-interwork  -mabi=aapcs-linux -march=armv7-a -DVERSION=3 -DPATCHLEVEL=3 -DSUBLEVEL=0 -DAUTELAN -D__FASTBOOT__ -DAT_ENV_SIZE=4096 -D__AKID_DEBUG=__boot_debug -I/home/liujingfei/project/histb_project_v2_Apr9/histb/source/boot/fastboot/common/autelan/lib -I/home/liujingfei/project/histb_project_v2_Apr9/histb/source/boot/fastboot/common/autelan/app  -DVERSION=3 -DPATCHLEVEL=3 -DSUBLEVEL=0 -DAUTELAN -D__FASTBOOT__ -DAT_ENV_SIZE=4096 -D__AKID_DEBUG=__boot_debug -I/home/liujingfei/project/histb_project_v2_Apr9/histb/source/boot/fastboot/common/autelan/lib -I/home/liujingfei/project/histb_project_v2_Apr9/histb/source/boot/fastboot/common/autelan/app  -Wall -Wstrict-prototypes -fno-stack-protector   \
		-o cmd_nvedit.o cmd_nvedit.c -c
arm-hisiv200-linux-gcc  -g  -Os   -fno-strict-aliasing -fno-common -ffixed-r8   -D__KERNEL__ -DTEXT_BASE=0x00c00000 -I/home/liujingfei/project/histb_project_v2_Apr9/histb/source/boot/fastboot/include -I/home/liujingfei/project/histb_project_v2_Apr9/histb/source/boot/fastboot -I/opt/hisi-linux/x86-arm/arm-hisiv200-linux/bin/../lib/gcc/arm-hisiv200-linux-gnueabi/4.4.1/include -fno-builtin -ffreestanding -nostdinc -isystem /opt/hisi-linux/x86-arm/arm-hisiv200-linux/bin/../lib/gcc/arm-hisiv200-linux-gnueabi/4.4.1/include -pipe  -DCONFIG_ARM -D__ARM__ -marm -mno-thumb-interwork  -mabi=aapcs-linux -march=armv7-a -DVERSION=3 -DPATCHLEVEL=3 -DSUBLEVEL=0 -DAUTELAN -D__FASTBOOT__ -DAT_ENV_SIZE=4096 -D__AKID_DEBUG=__boot_debug -I/home/liujingfei/project/histb_project_v2_Apr9/histb/source/boot/fastboot/common/autelan/lib -I/home/liujingfei/project/histb_project_v2_Apr9/histb/source/boot/fastboot/common/autelan/app  -DVERSION=3 -DPATCHLEVEL=3 -DSUBLEVEL=0 -DAUTELAN -D__FASTBOOT__ -DAT_ENV_SIZE=4096 -D__AKID_DEBUG=__boot_debug -I/home/liujingfei/project/histb_project_v2_Apr9/histb/source/boot/fastboot/common/autelan/lib -I/home/liujingfei/project/histb_project_v2_Apr9/histb/source/boot/fastboot/common/autelan/app  -Wall -Wstrict-prototypes -fno-stack-protector   \
		-o cmd_pcmcia.o cmd_pcmcia.c -c
arm-hisiv200-linux-gcc  -g  -Os   -fno-strict-aliasing -fno-common -ffixed-r8   -D__KERNEL__ -DTEXT_BASE=0x00c00000 -I/home/liujingfei/project/histb_project_v2_Apr9/histb/source/boot/fastboot/include -I/home/liujingfei/project/histb_project_v2_Apr9/histb/source/boot/fastboot -I/opt/hisi-linux/x86-arm/arm-hisiv200-linux/bin/../lib/gcc/arm-hisiv200-linux-gnueabi/4.4.1/include -fno-builtin -ffreestanding -nostdinc -isystem /opt/hisi-linux/x86-arm/arm-hisiv200-linux/bin/../lib/gcc/arm-hisiv200-linux-gnueabi/4.4.1/include -pipe  -DCONFIG_ARM -D__ARM__ -marm -mno-thumb-interwork  -mabi=aapcs-linux -march=armv7-a -DVERSION=3 -DPATCHLEVEL=3 -DSUBLEVEL=0 -DAUTELAN -D__FASTBOOT__ -DAT_ENV_SIZE=4096 -D__AKID_DEBUG=__boot_debug -I/home/liujingfei/project/histb_project_v2_Apr9/histb/source/boot/fastboot/common/autelan/lib -I/home/liujingfei/project/histb_project_v2_Apr9/histb/source/boot/fastboot/common/autelan/app  -DVERSION=3 -DPATCHLEVEL=3 -DSUBLEVEL=0 -DAUTELAN -D__FASTBOOT__ -DAT_ENV_SIZE=4096 -D__AKID_DEBUG=__boot_debug -I/home/liujingfei/project/histb_project_v2_Apr9/histb/source/boot/fastboot/common/autelan/lib -I/home/liujingfei/project/histb_project_v2_Apr9/histb/source/boot/fastboot/common/autelan/app  -Wall -Wstrict-prototypes -fno-stack-protector   \
		-o cmd_version.o cmd_version.c -c
arm-hisiv200-linux-gcc  -g  -Os   -fno-strict-aliasing -fno-common -ffixed-r8   -D__KERNEL__ -DTEXT_BASE=0x00c00000 -I/home/liujingfei/project/histb_project_v2_Apr9/histb/source/boot/fastboot/include -I/home/liujingfei/project/histb_project_v2_Apr9/histb/source/boot/fastboot -I/opt/hisi-linux/x86-arm/arm-hisiv200-linux/bin/../lib/gcc/arm-hisiv200-linux-gnueabi/4.4.1/include -fno-builtin -ffreestanding -nostdinc -isystem /opt/hisi-linux/x86-arm/arm-hisiv200-linux/bin/../lib/gcc/arm-hisiv200-linux-gnueabi/4.4.1/include -pipe  -DCONFIG_ARM -D__ARM__ -marm -mno-thumb-interwork  -mabi=aapcs-linux -march=armv7-a -DVERSION=3 -DPATCHLEVEL=3 -DSUBLEVEL=0 -DAUTELAN -D__FASTBOOT__ -DAT_ENV_SIZE=4096 -D__AKID_DEBUG=__boot_debug -I/home/liujingfei/project/histb_project_v2_Apr9/histb/source/boot/fastboot/common/autelan/lib -I/home/liujingfei/project/histb_project_v2_Apr9/histb/source/boot/fastboot/common/autelan/app  -DVERSION=3 -DPATCHLEVEL=3 -DSUBLEVEL=0 -DAUTELAN -D__FASTBOOT__ -DAT_ENV_SIZE=4096 -D__AKID_DEBUG=__boot_debug -I/home/liujingfei/project/histb_project_v2_Apr9/histb/source/boot/fastboot/common/autelan/lib -I/home/liujingfei/project/histb_project_v2_Apr9/histb/source/boot/fastboot/common/autelan/app  -Wall -Wstrict-prototypes -fno-stack-protector   \
		-o command.o command.c -c
arm-hisiv200-linux-gcc  -g  -Os   -fno-strict-aliasing -fno-common -ffixed-r8   -D__KERNEL__ -DTEXT_BASE=0x00c00000 -I/home/liujingfei/project/histb_project_v2_Apr9/histb/source/boot/fastboot/include -I/home/liujingfei/project/histb_project_v2_Apr9/histb/source/boot/fastboot -I/opt/hisi-linux/x86-arm/arm-hisiv200-linux/bin/../lib/gcc/arm-hisiv200-linux-gnueabi/4.4.1/include -fno-builtin -ffreestanding -nostdinc -isystem /opt/hisi-linux/x86-arm/arm-hisiv200-linux/bin/../lib/gcc/arm-hisiv200-linux-gnueabi/4.4.1/include -pipe  -DCONFIG_ARM -D__ARM__ -marm -mno-thumb-interwork  -mabi=aapcs-linux -march=armv7-a -DVERSION=3 -DPATCHLEVEL=3 -DSUBLEVEL=0 -DAUTELAN -D__FASTBOOT__ -DAT_ENV_SIZE=4096 -D__AKID_DEBUG=__boot_debug -I/home/liujingfei/project/histb_project_v2_Apr9/histb/source/boot/fastboot/common/autelan/lib -I/home/liujingfei/project/histb_project_v2_Apr9/histb/source/boot/fastboot/common/autelan/app  -DVERSION=3 -DPATCHLEVEL=3 -DSUBLEVEL=0 -DAUTELAN -D__FASTBOOT__ -DAT_ENV_SIZE=4096 -D__AKID_DEBUG=__boot_debug -I/home/liujingfei/project/histb_project_v2_Apr9/histb/source/boot/fastboot/common/autelan/lib -I/home/liujingfei/project/histb_project_v2_Apr9/histb/source/boot/fastboot/common/autelan/app  -Wall -Wstrict-prototypes -fno-stack-protector   \
		-o console.o console.c -c
arm-hisiv200-linux-gcc  -g  -Os   -fno-strict-aliasing -fno-common -ffixed-r8   -D__KERNEL__ -DTEXT_BASE=0x00c00000 -I/home/liujingfei/project/histb_project_v2_Apr9/histb/source/boot/fastboot/include -I/home/liujingfei/project/histb_project_v2_Apr9/histb/source/boot/fastboot -I/opt/hisi-linux/x86-arm/arm-hisiv200-linux/bin/../lib/gcc/arm-hisiv200-linux-gnueabi/4.4.1/include -fno-builtin -ffreestanding -nostdinc -isystem /opt/hisi-linux/x86-arm/arm-hisiv200-linux/bin/../lib/gcc/arm-hisiv200-linux-gnueabi/4.4.1/include -pipe  -DCONFIG_ARM -D__ARM__ -marm -mno-thumb-interwork  -mabi=aapcs-linux -march=armv7-a -DVERSION=3 -DPATCHLEVEL=3 -DSUBLEVEL=0 -DAUTELAN -D__FASTBOOT__ -DAT_ENV_SIZE=4096 -D__AKID_DEBUG=__boot_debug -I/home/liujingfei/project/histb_project_v2_Apr9/histb/source/boot/fastboot/common/autelan/lib -I/home/liujingfei/project/histb_project_v2_Apr9/histb/source/boot/fastboot/common/autelan/app  -DVERSION=3 -DPATCHLEVEL=3 -DSUBLEVEL=0 -DAUTELAN -D__FASTBOOT__ -DAT_ENV_SIZE=4096 -D__AKID_DEBUG=__boot_debug -I/home/liujingfei/project/histb_project_v2_Apr9/histb/source/boot/fastboot/common/autelan/lib -I/home/liujingfei/project/histb_project_v2_Apr9/histb/source/boot/fastboot/common/autelan/app  -Wall -Wstrict-prototypes -fno-stack-protector   \
		-o dlmalloc.o dlmalloc.c -c
arm-hisiv200-linux-gcc  -g  -Os   -fno-strict-aliasing -fno-common -ffixed-r8   -D__KERNEL__ -DTEXT_BASE=0x00c00000 -I/home/liujingfei/project/histb_project_v2_Apr9/histb/source/boot/fastboot/include -I/home/liujingfei/project/histb_project_v2_Apr9/histb/source/boot/fastboot -I/opt/hisi-linux/x86-arm/arm-hisiv200-linux/bin/../lib/gcc/arm-hisiv200-linux-gnueabi/4.4.1/include -fno-builtin -ffreestanding -nostdinc -isystem /opt/hisi-linux/x86-arm/arm-hisiv200-linux/bin/../lib/gcc/arm-hisiv200-linux-gnueabi/4.4.1/include -pipe  -DCONFIG_ARM -D__ARM__ -marm -mno-thumb-interwork  -mabi=aapcs-linux -march=armv7-a -DVERSION=3 -DPATCHLEVEL=3 -DSUBLEVEL=0 -DAUTELAN -D__FASTBOOT__ -DAT_ENV_SIZE=4096 -D__AKID_DEBUG=__boot_debug -I/home/liujingfei/project/histb_project_v2_Apr9/histb/source/boot/fastboot/common/autelan/lib -I/home/liujingfei/project/histb_project_v2_Apr9/histb/source/boot/fastboot/common/autelan/app  -DVERSION=3 -DPATCHLEVEL=3 -DSUBLEVEL=0 -DAUTELAN -D__FASTBOOT__ -DAT_ENV_SIZE=4096 -D__AKID_DEBUG=__boot_debug -I/home/liujingfei/project/histb_project_v2_Apr9/histb/source/boot/fastboot/common/autelan/lib -I/home/liujingfei/project/histb_project_v2_Apr9/histb/source/boot/fastboot/common/autelan/app  -Wall -Wstrict-prototypes -fno-stack-protector   \
		-o download_process.o download_process.c -c
arm-hisiv200-linux-gcc  -g  -Os   -fno-strict-aliasing -fno-common -ffixed-r8   -D__KERNEL__ -DTEXT_BASE=0x00c00000 -I/home/liujingfei/project/histb_project_v2_Apr9/histb/source/boot/fastboot/include -I/home/liujingfei/project/histb_project_v2_Apr9/histb/source/boot/fastboot -I/opt/hisi-linux/x86-arm/arm-hisiv200-linux/bin/../lib/gcc/arm-hisiv200-linux-gnueabi/4.4.1/include -fno-builtin -ffreestanding -nostdinc -isystem /opt/hisi-linux/x86-arm/arm-hisiv200-linux/bin/../lib/gcc/arm-hisiv200-linux-gnueabi/4.4.1/include -pipe  -DCONFIG_ARM -D__ARM__ -marm -mno-thumb-interwork  -mabi=aapcs-linux -march=armv7-a -DVERSION=3 -DPATCHLEVEL=3 -DSUBLEVEL=0 -DAUTELAN -D__FASTBOOT__ -DAT_ENV_SIZE=4096 -D__AKID_DEBUG=__boot_debug -I/home/liujingfei/project/histb_project_v2_Apr9/histb/source/boot/fastboot/common/autelan/lib -I/home/liujingfei/project/histb_project_v2_Apr9/histb/source/boot/fastboot/common/autelan/app  -DVERSION=3 -DPATCHLEVEL=3 -DSUBLEVEL=0 -DAUTELAN -D__FASTBOOT__ -DAT_ENV_SIZE=4096 -D__AKID_DEBUG=__boot_debug -I/home/liujingfei/project/histb_project_v2_Apr9/histb/source/boot/fastboot/common/autelan/lib -I/home/liujingfei/project/histb_project_v2_Apr9/histb/source/boot/fastboot/common/autelan/app  -Wall -Wstrict-prototypes -fno-stack-protector   \
		-o emmc_logif.o emmc_logif.c -c
arm-hisiv200-linux-gcc  -g  -Os   -fno-strict-aliasing -fno-common -ffixed-r8   -D__KERNEL__ -DTEXT_BASE=0x00c00000 -I/home/liujingfei/project/histb_project_v2_Apr9/histb/source/boot/fastboot/include -I/home/liujingfei/project/histb_project_v2_Apr9/histb/source/boot/fastboot -I/opt/hisi-linux/x86-arm/arm-hisiv200-linux/bin/../lib/gcc/arm-hisiv200-linux-gnueabi/4.4.1/include -fno-builtin -ffreestanding -nostdinc -isystem /opt/hisi-linux/x86-arm/arm-hisiv200-linux/bin/../lib/gcc/arm-hisiv200-linux-gnueabi/4.4.1/include -pipe  -DCONFIG_ARM -D__ARM__ -marm -mno-thumb-interwork  -mabi=aapcs-linux -march=armv7-a -DVERSION=3 -DPATCHLEVEL=3 -DSUBLEVEL=0 -DAUTELAN -D__FASTBOOT__ -DAT_ENV_SIZE=4096 -D__AKID_DEBUG=__boot_debug -I/home/liujingfei/project/histb_project_v2_Apr9/histb/source/boot/fastboot/common/autelan/lib -I/home/liujingfei/project/histb_project_v2_Apr9/histb/source/boot/fastboot/common/autelan/app  -DVERSION=3 -DPATCHLEVEL=3 -DSUBLEVEL=0 -DAUTELAN -D__FASTBOOT__ -DAT_ENV_SIZE=4096 -D__AKID_DEBUG=__boot_debug -I/home/liujingfei/project/histb_project_v2_Apr9/histb/source/boot/fastboot/common/autelan/lib -I/home/liujingfei/project/histb_project_v2_Apr9/histb/source/boot/fastboot/common/autelan/app  -Wall -Wstrict-prototypes -fno-stack-protector   \
		-o env_common.o env_common.c -c
arm-hisiv200-linux-gcc  -g  -Os   -fno-strict-aliasing -fno-common -ffixed-r8   -D__KERNEL__ -DTEXT_BASE=0x00c00000 -I/home/liujingfei/project/histb_project_v2_Apr9/histb/source/boot/fastboot/include -I/home/liujingfei/project/histb_project_v2_Apr9/histb/source/boot/fastboot -I/opt/hisi-linux/x86-arm/arm-hisiv200-linux/bin/../lib/gcc/arm-hisiv200-linux-gnueabi/4.4.1/include -fno-builtin -ffreestanding -nostdinc -isystem /opt/hisi-linux/x86-arm/arm-hisiv200-linux/bin/../lib/gcc/arm-hisiv200-linux-gnueabi/4.4.1/include -pipe  -DCONFIG_ARM -D__ARM__ -marm -mno-thumb-interwork  -mabi=aapcs-linux -march=armv7-a -DVERSION=3 -DPATCHLEVEL=3 -DSUBLEVEL=0 -DAUTELAN -D__FASTBOOT__ -DAT_ENV_SIZE=4096 -D__AKID_DEBUG=__boot_debug -I/home/liujingfei/project/histb_project_v2_Apr9/histb/source/boot/fastboot/common/autelan/lib -I/home/liujingfei/project/histb_project_v2_Apr9/histb/source/boot/fastboot/common/autelan/app  -DVERSION=3 -DPATCHLEVEL=3 -DSUBLEVEL=0 -DAUTELAN -D__FASTBOOT__ -DAT_ENV_SIZE=4096 -D__AKID_DEBUG=__boot_debug -I/home/liujingfei/project/histb_project_v2_Apr9/histb/source/boot/fastboot/common/autelan/lib -I/home/liujingfei/project/histb_project_v2_Apr9/histb/source/boot/fastboot/common/autelan/app  -Wall -Wstrict-prototypes -fno-stack-protector   \
		-o env_common_func.o env_common_func.c -c
arm-hisiv200-linux-gcc  -g  -Os   -fno-strict-aliasing -fno-common -ffixed-r8   -D__KERNEL__ -DTEXT_BASE=0x00c00000 -I/home/liujingfei/project/histb_project_v2_Apr9/histb/source/boot/fastboot/include -I/home/liujingfei/project/histb_project_v2_Apr9/histb/source/boot/fastboot -I/opt/hisi-linux/x86-arm/arm-hisiv200-linux/bin/../lib/gcc/arm-hisiv200-linux-gnueabi/4.4.1/include -fno-builtin -ffreestanding -nostdinc -isystem /opt/hisi-linux/x86-arm/arm-hisiv200-linux/bin/../lib/gcc/arm-hisiv200-linux-gnueabi/4.4.1/include -pipe  -DCONFIG_ARM -D__ARM__ -marm -mno-thumb-interwork  -mabi=aapcs-linux -march=armv7-a -DVERSION=3 -DPATCHLEVEL=3 -DSUBLEVEL=0 -DAUTELAN -D__FASTBOOT__ -DAT_ENV_SIZE=4096 -D__AKID_DEBUG=__boot_debug -I/home/liujingfei/project/histb_project_v2_Apr9/histb/source/boot/fastboot/common/autelan/lib -I/home/liujingfei/project/histb_project_v2_Apr9/histb/source/boot/fastboot/common/autelan/app  -DVERSION=3 -DPATCHLEVEL=3 -DSUBLEVEL=0 -DAUTELAN -D__FASTBOOT__ -DAT_ENV_SIZE=4096 -D__AKID_DEBUG=__boot_debug -I/home/liujingfei/project/histb_project_v2_Apr9/histb/source/boot/fastboot/common/autelan/lib -I/home/liujingfei/project/histb_project_v2_Apr9/histb/source/boot/fastboot/common/autelan/app  -Wall -Wstrict-prototypes -fno-stack-protector   \
		-o env_emmc.o env_emmc.c -c
In file included from /home/liujingfei/project/histb_project_v2_Apr9/histb/source/boot/fastboot/common/autelan/lib/atenv/atenv.h:3,
                 from /home/liujingfei/project/histb_project_v2_Apr9/histb/source/boot/fastboot/common/autelan/app/atenv/atenv.c:12,
                 from env_common.c:66:
/home/liujingfei/project/histb_project_v2_Apr9/histb/source/boot/fastboot/common/autelan/lib/utils.h: In function 'os_fini':
/home/liujingfei/project/histb_project_v2_Apr9/histb/source/boot/fastboot/common/autelan/lib/utils.h:152: warning: statement with no effect
In file included from /home/liujingfei/project/histb_project_v2_Apr9/histb/source/boot/fastboot/common/autelan/app/atenv/atenv_boot_md.c:4,
                 from /home/liujingfei/project/histb_project_v2_Apr9/histb/source/boot/fastboot/common/autelan/app/atenv/atenv.c:17,
                 from env_common.c:66:
/home/liujingfei/project/histb_project_v2_Apr9/histb/source/boot/fastboot/common/autelan/app/atenv/atenv_boot_common.c: At top level:
/home/liujingfei/project/histb_project_v2_Apr9/histb/source/boot/fastboot/common/autelan/app/atenv/atenv_boot_common.c:9: warning: the address of '__ops' will always evaluate as 'true'
/home/liujingfei/project/histb_project_v2_Apr9/histb/source/boot/fastboot/common/autelan/lib/utils/cmd.h:367: warning: 'cmd_line_handle' defined but not used
/home/liujingfei/project/histb_project_v2_Apr9/histb/source/boot/fastboot/common/autelan/lib/utils/cmd.h:383: warning: 'cmd_argv_handle' defined but not used
arm-hisiv200-linux-gcc  -g  -Os   -fno-strict-aliasing -fno-common -ffixed-r8   -D__KERNEL__ -DTEXT_BASE=0x00c00000 -I/home/liujingfei/project/histb_project_v2_Apr9/histb/source/boot/fastboot/include -I/home/liujingfei/project/histb_project_v2_Apr9/histb/source/boot/fastboot -I/opt/hisi-linux/x86-arm/arm-hisiv200-linux/bin/../lib/gcc/arm-hisiv200-linux-gnueabi/4.4.1/include -fno-builtin -ffreestanding -nostdinc -isystem /opt/hisi-linux/x86-arm/arm-hisiv200-linux/bin/../lib/gcc/arm-hisiv200-linux-gnueabi/4.4.1/include -pipe  -DCONFIG_ARM -D__ARM__ -marm -mno-thumb-interwork  -mabi=aapcs-linux -march=armv7-a -DVERSION=3 -DPATCHLEVEL=3 -DSUBLEVEL=0 -DAUTELAN -D__FASTBOOT__ -DAT_ENV_SIZE=4096 -D__AKID_DEBUG=__boot_debug -I/home/liujingfei/project/histb_project_v2_Apr9/histb/source/boot/fastboot/common/autelan/lib -I/home/liujingfei/project/histb_project_v2_Apr9/histb/source/boot/fastboot/common/autelan/app  -DVERSION=3 -DPATCHLEVEL=3 -DSUBLEVEL=0 -DAUTELAN -D__FASTBOOT__ -DAT_ENV_SIZE=4096 -D__AKID_DEBUG=__boot_debug -I/home/liujingfei/project/histb_project_v2_Apr9/histb/source/boot/fastboot/common/autelan/lib -I/home/liujingfei/project/histb_project_v2_Apr9/histb/source/boot/fastboot/common/autelan/app  -Wall -Wstrict-prototypes -fno-stack-protector   \
		-o exports.o exports.c -c
arm-hisiv200-linux-gcc  -g  -Os   -fno-strict-aliasing -fno-common -ffixed-r8   -D__KERNEL__ -DTEXT_BASE=0x00c00000 -I/home/liujingfei/project/histb_project_v2_Apr9/histb/source/boot/fastboot/include -I/home/liujingfei/project/histb_project_v2_Apr9/histb/source/boot/fastboot -I/opt/hisi-linux/x86-arm/arm-hisiv200-linux/bin/../lib/gcc/arm-hisiv200-linux-gnueabi/4.4.1/include -fno-builtin -ffreestanding -nostdinc -isystem /opt/hisi-linux/x86-arm/arm-hisiv200-linux/bin/../lib/gcc/arm-hisiv200-linux-gnueabi/4.4.1/include -pipe  -DCONFIG_ARM -D__ARM__ -marm -mno-thumb-interwork  -mabi=aapcs-linux -march=armv7-a -DVERSION=3 -DPATCHLEVEL=3 -DSUBLEVEL=0 -DAUTELAN -D__FASTBOOT__ -DAT_ENV_SIZE=4096 -D__AKID_DEBUG=__boot_debug -I/home/liujingfei/project/histb_project_v2_Apr9/histb/source/boot/fastboot/common/autelan/lib -I/home/liujingfei/project/histb_project_v2_Apr9/histb/source/boot/fastboot/common/autelan/app  -DVERSION=3 -DPATCHLEVEL=3 -DSUBLEVEL=0 -DAUTELAN -D__FASTBOOT__ -DAT_ENV_SIZE=4096 -D__AKID_DEBUG=__boot_debug -I/home/liujingfei/project/histb_project_v2_Apr9/histb/source/boot/fastboot/common/autelan/lib -I/home/liujingfei/project/histb_project_v2_Apr9/histb/source/boot/fastboot/common/autelan/app  -Wall -Wstrict-prototypes -fno-stack-protector   \
		-o flash.o flash.c -c
arm-hisiv200-linux-gcc  -g  -Os   -fno-strict-aliasing -fno-common -ffixed-r8   -D__KERNEL__ -DTEXT_BASE=0x00c00000 -I/home/liujingfei/project/histb_project_v2_Apr9/histb/source/boot/fastboot/include -I/home/liujingfei/project/histb_project_v2_Apr9/histb/source/boot/fastboot -I/opt/hisi-linux/x86-arm/arm-hisiv200-linux/bin/../lib/gcc/arm-hisiv200-linux-gnueabi/4.4.1/include -fno-builtin -ffreestanding -nostdinc -isystem /opt/hisi-linux/x86-arm/arm-hisiv200-linux/bin/../lib/gcc/arm-hisiv200-linux-gnueabi/4.4.1/include -pipe  -DCONFIG_ARM -D__ARM__ -marm -mno-thumb-interwork  -mabi=aapcs-linux -march=armv7-a -DVERSION=3 -DPATCHLEVEL=3 -DSUBLEVEL=0 -DAUTELAN -D__FASTBOOT__ -DAT_ENV_SIZE=4096 -D__AKID_DEBUG=__boot_debug -I/home/liujingfei/project/histb_project_v2_Apr9/histb/source/boot/fastboot/common/autelan/lib -I/home/liujingfei/project/histb_project_v2_Apr9/histb/source/boot/fastboot/common/autelan/app  -DVERSION=3 -DPATCHLEVEL=3 -DSUBLEVEL=0 -DAUTELAN -D__FASTBOOT__ -DAT_ENV_SIZE=4096 -D__AKID_DEBUG=__boot_debug -I/home/liujingfei/project/histb_project_v2_Apr9/histb/source/boot/fastboot/common/autelan/lib -I/home/liujingfei/project/histb_project_v2_Apr9/histb/source/boot/fastboot/common/autelan/app  -Wall -Wstrict-prototypes -fno-stack-protector   \
		-o flash_part.o flash_part.c -c
arm-hisiv200-linux-gcc  -g  -Os   -fno-strict-aliasing -fno-common -ffixed-r8   -D__KERNEL__ -DTEXT_BASE=0x00c00000 -I/home/liujingfei/project/histb_project_v2_Apr9/histb/source/boot/fastboot/include -I/home/liujingfei/project/histb_project_v2_Apr9/histb/source/boot/fastboot -I/opt/hisi-linux/x86-arm/arm-hisiv200-linux/bin/../lib/gcc/arm-hisiv200-linux-gnueabi/4.4.1/include -fno-builtin -ffreestanding -nostdinc -isystem /opt/hisi-linux/x86-arm/arm-hisiv200-linux/bin/../lib/gcc/arm-hisiv200-linux-gnueabi/4.4.1/include -pipe  -DCONFIG_ARM -D__ARM__ -marm -mno-thumb-interwork  -mabi=aapcs-linux -march=armv7-a -DVERSION=3 -DPATCHLEVEL=3 -DSUBLEVEL=0 -DAUTELAN -D__FASTBOOT__ -DAT_ENV_SIZE=4096 -D__AKID_DEBUG=__boot_debug -I/home/liujingfei/project/histb_project_v2_Apr9/histb/source/boot/fastboot/common/autelan/lib -I/home/liujingfei/project/histb_project_v2_Apr9/histb/source/boot/fastboot/common/autelan/app  -DVERSION=3 -DPATCHLEVEL=3 -DSUBLEVEL=0 -DAUTELAN -D__FASTBOOT__ -DAT_ENV_SIZE=4096 -D__AKID_DEBUG=__boot_debug -I/home/liujingfei/project/histb_project_v2_Apr9/histb/source/boot/fastboot/common/autelan/lib -I/home/liujingfei/project/histb_project_v2_Apr9/histb/source/boot/fastboot/common/autelan/app  -Wall -Wstrict-prototypes -fno-stack-protector   \
		-o image.o image.c -c
arm-hisiv200-linux-gcc  -g  -Os   -fno-strict-aliasing -fno-common -ffixed-r8   -D__KERNEL__ -DTEXT_BASE=0x00c00000 -I/home/liujingfei/project/histb_project_v2_Apr9/histb/source/boot/fastboot/include -I/home/liujingfei/project/histb_project_v2_Apr9/histb/source/boot/fastboot -I/opt/hisi-linux/x86-arm/arm-hisiv200-linux/bin/../lib/gcc/arm-hisiv200-linux-gnueabi/4.4.1/include -fno-builtin -ffreestanding -nostdinc -isystem /opt/hisi-linux/x86-arm/arm-hisiv200-linux/bin/../lib/gcc/arm-hisiv200-linux-gnueabi/4.4.1/include -pipe  -DCONFIG_ARM -D__ARM__ -marm -mno-thumb-interwork  -mabi=aapcs-linux -march=armv7-a -DVERSION=3 -DPATCHLEVEL=3 -DSUBLEVEL=0 -DAUTELAN -D__FASTBOOT__ -DAT_ENV_SIZE=4096 -D__AKID_DEBUG=__boot_debug -I/home/liujingfei/project/histb_project_v2_Apr9/histb/source/boot/fastboot/common/autelan/lib -I/home/liujingfei/project/histb_project_v2_Apr9/histb/source/boot/fastboot/common/autelan/app  -DVERSION=3 -DPATCHLEVEL=3 -DSUBLEVEL=0 -DAUTELAN -D__FASTBOOT__ -DAT_ENV_SIZE=4096 -D__AKID_DEBUG=__boot_debug -I/home/liujingfei/project/histb_project_v2_Apr9/histb/source/boot/fastboot/common/autelan/lib -I/home/liujingfei/project/histb_project_v2_Apr9/histb/source/boot/fastboot/common/autelan/app  -Wall -Wstrict-prototypes -fno-stack-protector   \
		-o main.o main.c -c
arm-hisiv200-linux-gcc  -g  -Os   -fno-strict-aliasing -fno-common -ffixed-r8   -D__KERNEL__ -DTEXT_BASE=0x00c00000 -I/home/liujingfei/project/histb_project_v2_Apr9/histb/source/boot/fastboot/include -I/home/liujingfei/project/histb_project_v2_Apr9/histb/source/boot/fastboot -I/opt/hisi-linux/x86-arm/arm-hisiv200-linux/bin/../lib/gcc/arm-hisiv200-linux-gnueabi/4.4.1/include -fno-builtin -ffreestanding -nostdinc -isystem /opt/hisi-linux/x86-arm/arm-hisiv200-linux/bin/../lib/gcc/arm-hisiv200-linux-gnueabi/4.4.1/include -pipe  -DCONFIG_ARM -D__ARM__ -marm -mno-thumb-interwork  -mabi=aapcs-linux -march=armv7-a -DVERSION=3 -DPATCHLEVEL=3 -DSUBLEVEL=0 -DAUTELAN -D__FASTBOOT__ -DAT_ENV_SIZE=4096 -D__AKID_DEBUG=__boot_debug -I/home/liujingfei/project/histb_project_v2_Apr9/histb/source/boot/fastboot/common/autelan/lib -I/home/liujingfei/project/histb_project_v2_Apr9/histb/source/boot/fastboot/common/autelan/app  -DVERSION=3 -DPATCHLEVEL=3 -DSUBLEVEL=0 -DAUTELAN -D__FASTBOOT__ -DAT_ENV_SIZE=4096 -D__AKID_DEBUG=__boot_debug -I/home/liujingfei/project/histb_project_v2_Apr9/histb/source/boot/fastboot/common/autelan/lib -I/home/liujingfei/project/histb_project_v2_Apr9/histb/source/boot/fastboot/common/autelan/app  -Wall -Wstrict-prototypes -fno-stack-protector   \
		-o miiphyutil.o miiphyutil.c -c
arm-hisiv200-linux-gcc  -g  -Os   -fno-strict-aliasing -fno-common -ffixed-r8   -D__KERNEL__ -DTEXT_BASE=0x00c00000 -I/home/liujingfei/project/histb_project_v2_Apr9/histb/source/boot/fastboot/include -I/home/liujingfei/project/histb_project_v2_Apr9/histb/source/boot/fastboot -I/opt/hisi-linux/x86-arm/arm-hisiv200-linux/bin/../lib/gcc/arm-hisiv200-linux-gnueabi/4.4.1/include -fno-builtin -ffreestanding -nostdinc -isystem /opt/hisi-linux/x86-arm/arm-hisiv200-linux/bin/../lib/gcc/arm-hisiv200-linux-gnueabi/4.4.1/include -pipe  -DCONFIG_ARM -D__ARM__ -marm -mno-thumb-interwork  -mabi=aapcs-linux -march=armv7-a -DVERSION=3 -DPATCHLEVEL=3 -DSUBLEVEL=0 -DAUTELAN -D__FASTBOOT__ -DAT_ENV_SIZE=4096 -D__AKID_DEBUG=__boot_debug -I/home/liujingfei/project/histb_project_v2_Apr9/histb/source/boot/fastboot/common/autelan/lib -I/home/liujingfei/project/histb_project_v2_Apr9/histb/source/boot/fastboot/common/autelan/app  -DVERSION=3 -DPATCHLEVEL=3 -DSUBLEVEL=0 -DAUTELAN -D__FASTBOOT__ -DAT_ENV_SIZE=4096 -D__AKID_DEBUG=__boot_debug -I/home/liujingfei/project/histb_project_v2_Apr9/histb/source/boot/fastboot/common/autelan/lib -I/home/liujingfei/project/histb_project_v2_Apr9/histb/source/boot/fastboot/common/autelan/app  -Wall -Wstrict-prototypes -fno-stack-protector   \
		-o nand_logif.o nand_logif.c -c
arm-hisiv200-linux-gcc  -g  -Os   -fno-strict-aliasing -fno-common -ffixed-r8   -D__KERNEL__ -DTEXT_BASE=0x00c00000 -I/home/liujingfei/project/histb_project_v2_Apr9/histb/source/boot/fastboot/include -I/home/liujingfei/project/histb_project_v2_Apr9/histb/source/boot/fastboot -I/opt/hisi-linux/x86-arm/arm-hisiv200-linux/bin/../lib/gcc/arm-hisiv200-linux-gnueabi/4.4.1/include -fno-builtin -ffreestanding -nostdinc -isystem /opt/hisi-linux/x86-arm/arm-hisiv200-linux/bin/../lib/gcc/arm-hisiv200-linux-gnueabi/4.4.1/include -pipe  -DCONFIG_ARM -D__ARM__ -marm -mno-thumb-interwork  -mabi=aapcs-linux -march=armv7-a -DVERSION=3 -DPATCHLEVEL=3 -DSUBLEVEL=0 -DAUTELAN -D__FASTBOOT__ -DAT_ENV_SIZE=4096 -D__AKID_DEBUG=__boot_debug -I/home/liujingfei/project/histb_project_v2_Apr9/histb/source/boot/fastboot/common/autelan/lib -I/home/liujingfei/project/histb_project_v2_Apr9/histb/source/boot/fastboot/common/autelan/app  -DVERSION=3 -DPATCHLEVEL=3 -DSUBLEVEL=0 -DAUTELAN -D__FASTBOOT__ -DAT_ENV_SIZE=4096 -D__AKID_DEBUG=__boot_debug -I/home/liujingfei/project/histb_project_v2_Apr9/histb/source/boot/fastboot/common/autelan/lib -I/home/liujingfei/project/histb_project_v2_Apr9/histb/source/boot/fastboot/common/autelan/app  -Wall -Wstrict-prototypes -fno-stack-protector   \
		-o s40_ddr_training_printf.o s40_ddr_training_printf.c -c
arm-hisiv200-linux-gcc  -g  -Os   -fno-strict-aliasing -fno-common -ffixed-r8   -D__KERNEL__ -DTEXT_BASE=0x00c00000 -I/home/liujingfei/project/histb_project_v2_Apr9/histb/source/boot/fastboot/include -I/home/liujingfei/project/histb_project_v2_Apr9/histb/source/boot/fastboot -I/opt/hisi-linux/x86-arm/arm-hisiv200-linux/bin/../lib/gcc/arm-hisiv200-linux-gnueabi/4.4.1/include -fno-builtin -ffreestanding -nostdinc -isystem /opt/hisi-linux/x86-arm/arm-hisiv200-linux/bin/../lib/gcc/arm-hisiv200-linux-gnueabi/4.4.1/include -pipe  -DCONFIG_ARM -D__ARM__ -marm -mno-thumb-interwork  -mabi=aapcs-linux -march=armv7-a -DVERSION=3 -DPATCHLEVEL=3 -DSUBLEVEL=0 -DAUTELAN -D__FASTBOOT__ -DAT_ENV_SIZE=4096 -D__AKID_DEBUG=__boot_debug -I/home/liujingfei/project/histb_project_v2_Apr9/histb/source/boot/fastboot/common/autelan/lib -I/home/liujingfei/project/histb_project_v2_Apr9/histb/source/boot/fastboot/common/autelan/app  -DVERSION=3 -DPATCHLEVEL=3 -DSUBLEVEL=0 -DAUTELAN -D__FASTBOOT__ -DAT_ENV_SIZE=4096 -D__AKID_DEBUG=__boot_debug -I/home/liujingfei/project/histb_project_v2_Apr9/histb/source/boot/fastboot/common/autelan/lib -I/home/liujingfei/project/histb_project_v2_Apr9/histb/source/boot/fastboot/common/autelan/app  -Wall -Wstrict-prototypes -fno-stack-protector   \
		-o s_record.o s_record.c -c
arm-hisiv200-linux-gcc  -g  -Os   -fno-strict-aliasing -fno-common -ffixed-r8   -D__KERNEL__ -DTEXT_BASE=0x00c00000 -I/home/liujingfei/project/histb_project_v2_Apr9/histb/source/boot/fastboot/include -I/home/liujingfei/project/histb_project_v2_Apr9/histb/source/boot/fastboot -I/opt/hisi-linux/x86-arm/arm-hisiv200-linux/bin/../lib/gcc/arm-hisiv200-linux-gnueabi/4.4.1/include -fno-builtin -ffreestanding -nostdinc -isystem /opt/hisi-linux/x86-arm/arm-hisiv200-linux/bin/../lib/gcc/arm-hisiv200-linux-gnueabi/4.4.1/include -pipe  -DCONFIG_ARM -D__ARM__ -marm -mno-thumb-interwork  -mabi=aapcs-linux -march=armv7-a -DVERSION=3 -DPATCHLEVEL=3 -DSUBLEVEL=0 -DAUTELAN -D__FASTBOOT__ -DAT_ENV_SIZE=4096 -D__AKID_DEBUG=__boot_debug -I/home/liujingfei/project/histb_project_v2_Apr9/histb/source/boot/fastboot/common/autelan/lib -I/home/liujingfei/project/histb_project_v2_Apr9/histb/source/boot/fastboot/common/autelan/app  -DVERSION=3 -DPATCHLEVEL=3 -DSUBLEVEL=0 -DAUTELAN -D__FASTBOOT__ -DAT_ENV_SIZE=4096 -D__AKID_DEBUG=__boot_debug -I/home/liujingfei/project/histb_project_v2_Apr9/histb/source/boot/fastboot/common/autelan/lib -I/home/liujingfei/project/histb_project_v2_Apr9/histb/source/boot/fastboot/common/autelan/app  -Wall -Wstrict-prototypes -fno-stack-protector   \
		-o spiflash_logif.o spiflash_logif.c -c
arm-hisiv200-linux-gcc  -g  -Os   -fno-strict-aliasing -fno-common -ffixed-r8   -D__KERNEL__ -DTEXT_BASE=0x00c00000 -I/home/liujingfei/project/histb_project_v2_Apr9/histb/source/boot/fastboot/include -I/home/liujingfei/project/histb_project_v2_Apr9/histb/source/boot/fastboot -I/opt/hisi-linux/x86-arm/arm-hisiv200-linux/bin/../lib/gcc/arm-hisiv200-linux-gnueabi/4.4.1/include -fno-builtin -ffreestanding -nostdinc -isystem /opt/hisi-linux/x86-arm/arm-hisiv200-linux/bin/../lib/gcc/arm-hisiv200-linux-gnueabi/4.4.1/include -pipe  -DCONFIG_ARM -D__ARM__ -marm -mno-thumb-interwork  -mabi=aapcs-linux -march=armv7-a -DVERSION=3 -DPATCHLEVEL=3 -DSUBLEVEL=0 -DAUTELAN -D__FASTBOOT__ -DAT_ENV_SIZE=4096 -D__AKID_DEBUG=__boot_debug -I/home/liujingfei/project/histb_project_v2_Apr9/histb/source/boot/fastboot/common/autelan/lib -I/home/liujingfei/project/histb_project_v2_Apr9/histb/source/boot/fastboot/common/autelan/app  -DVERSION=3 -DPATCHLEVEL=3 -DSUBLEVEL=0 -DAUTELAN -D__FASTBOOT__ -DAT_ENV_SIZE=4096 -D__AKID_DEBUG=__boot_debug -I/home/liujingfei/project/histb_project_v2_Apr9/histb/source/boot/fastboot/common/autelan/lib -I/home/liujingfei/project/histb_project_v2_Apr9/histb/source/boot/fastboot/common/autelan/app  -Wall -Wstrict-prototypes -fno-stack-protector   \
		-o stdio.o stdio.c -c
arm-hisiv200-linux-gcc  -g  -Os   -fno-strict-aliasing -fno-common -ffixed-r8   -D__KERNEL__ -DTEXT_BASE=0x00c00000 -I/home/liujingfei/project/histb_project_v2_Apr9/histb/source/boot/fastboot/include -I/home/liujingfei/project/histb_project_v2_Apr9/histb/source/boot/fastboot -I/opt/hisi-linux/x86-arm/arm-hisiv200-linux/bin/../lib/gcc/arm-hisiv200-linux-gnueabi/4.4.1/include -fno-builtin -ffreestanding -nostdinc -isystem /opt/hisi-linux/x86-arm/arm-hisiv200-linux/bin/../lib/gcc/arm-hisiv200-linux-gnueabi/4.4.1/include -pipe  -DCONFIG_ARM -D__ARM__ -marm -mno-thumb-interwork  -mabi=aapcs-linux -march=armv7-a -DVERSION=3 -DPATCHLEVEL=3 -DSUBLEVEL=0 -DAUTELAN -D__FASTBOOT__ -DAT_ENV_SIZE=4096 -D__AKID_DEBUG=__boot_debug -I/home/liujingfei/project/histb_project_v2_Apr9/histb/source/boot/fastboot/common/autelan/lib -I/home/liujingfei/project/histb_project_v2_Apr9/histb/source/boot/fastboot/common/autelan/app  -DVERSION=3 -DPATCHLEVEL=3 -DSUBLEVEL=0 -DAUTELAN -D__FASTBOOT__ -DAT_ENV_SIZE=4096 -D__AKID_DEBUG=__boot_debug -I/home/liujingfei/project/histb_project_v2_Apr9/histb/source/boot/fastboot/common/autelan/lib -I/home/liujingfei/project/histb_project_v2_Apr9/histb/source/boot/fastboot/common/autelan/app  -Wall -Wstrict-prototypes -fno-stack-protector   \
		-o xyzModem.o xyzModem.c -c
arm-hisiv200-linux-ar crv libcommon.a ddr_training_entry.o autelan/app/atenv/atenv_boot_md_cmd.o cmd_boot.o cmd_bootm.o cmd_ddr_training.o cmd_getinfo.o cmd_help.o cmd_load.o cmd_mem.o cmd_mii.o cmd_mmc.o cmd_net.o cmd_nvedit.o cmd_pcmcia.o cmd_version.o command.o console.o dlmalloc.o download_process.o emmc_logif.o env_common.o env_common_func.o env_emmc.o exports.o flash.o flash_part.o image.o main.o miiphyutil.o nand_logif.o s40_ddr_training_printf.o s_record.o spiflash_logif.o stdio.o xyzModem.o
r - ddr_training_entry.o
r - autelan/app/atenv/atenv_boot_md_cmd.o
r - cmd_boot.o
r - cmd_bootm.o
r - cmd_ddr_training.o
r - cmd_getinfo.o
r - cmd_help.o
r - cmd_load.o
r - cmd_mem.o
r - cmd_mii.o
r - cmd_mmc.o
r - cmd_net.o
r - cmd_nvedit.o
r - cmd_pcmcia.o
r - cmd_version.o
r - command.o
r - console.o
r - dlmalloc.o
r - download_process.o
r - emmc_logif.o
r - env_common.o
r - env_common_func.o
r - env_emmc.o
r - exports.o
r - flash.o
r - flash_part.o
r - image.o
r - main.o
r - miiphyutil.o
r - nand_logif.o
r - s40_ddr_training_printf.o
r - s_record.o
r - spiflash_logif.o
r - stdio.o
r - xyzModem.o
make[4]: Leaving directory `/home/liujingfei/project/histb_project_v2_Apr9/histb/source/boot/fastboot/common'
make -C board/s40/
make[4]: Entering directory `/home/liujingfei/project/histb_project_v2_Apr9/histb/source/boot/fastboot/board/s40'
arm-hisiv200-linux-gcc  -g  -Os   -fno-strict-aliasing -fno-common -ffixed-r8   -D__KERNEL__ -DTEXT_BASE=0x00c00000 -I/home/liujingfei/project/histb_project_v2_Apr9/histb/source/boot/fastboot/include -I/home/liujingfei/project/histb_project_v2_Apr9/histb/source/boot/fastboot -I/opt/hisi-linux/x86-arm/arm-hisiv200-linux/bin/../lib/gcc/arm-hisiv200-linux-gnueabi/4.4.1/include -fno-builtin -ffreestanding -nostdinc -isystem /opt/hisi-linux/x86-arm/arm-hisiv200-linux/bin/../lib/gcc/arm-hisiv200-linux-gnueabi/4.4.1/include -pipe  -DCONFIG_ARM -D__ARM__ -marm -mno-thumb-interwork  -mabi=aapcs-linux -march=armv7-a -DVERSION=3 -DPATCHLEVEL=3 -DSUBLEVEL=0 -DAUTELAN -D__FASTBOOT__ -DAT_ENV_SIZE=4096 -D__AKID_DEBUG=__boot_debug -I/home/liujingfei/project/histb_project_v2_Apr9/histb/source/boot/fastboot/common/autelan/lib -I/home/liujingfei/project/histb_project_v2_Apr9/histb/source/boot/fastboot/common/autelan/app  -DVERSION=3 -DPATCHLEVEL=3 -DSUBLEVEL=0 -DAUTELAN -D__FASTBOOT__ -DAT_ENV_SIZE=4096 -D__AKID_DEBUG=__boot_debug -I/home/liujingfei/project/histb_project_v2_Apr9/histb/source/boot/fastboot/common/autelan/lib -I/home/liujingfei/project/histb_project_v2_Apr9/histb/source/boot/fastboot/common/autelan/app  -Wall -Wstrict-prototypes -fno-stack-protector   \
		-o board.o board.c -c
arm-hisiv200-linux-gcc  -g  -Os   -fno-strict-aliasing -fno-common -ffixed-r8   -D__KERNEL__ -DTEXT_BASE=0x00c00000 -I/home/liujingfei/project/histb_project_v2_Apr9/histb/source/boot/fastboot/include -I/home/liujingfei/project/histb_project_v2_Apr9/histb/source/boot/fastboot -I/opt/hisi-linux/x86-arm/arm-hisiv200-linux/bin/../lib/gcc/arm-hisiv200-linux-gnueabi/4.4.1/include -fno-builtin -ffreestanding -nostdinc -isystem /opt/hisi-linux/x86-arm/arm-hisiv200-linux/bin/../lib/gcc/arm-hisiv200-linux-gnueabi/4.4.1/include -pipe  -DCONFIG_ARM -D__ARM__ -marm -mno-thumb-interwork  -mabi=aapcs-linux -march=armv7-a -DVERSION=3 -DPATCHLEVEL=3 -DSUBLEVEL=0 -DAUTELAN -D__FASTBOOT__ -DAT_ENV_SIZE=4096 -D__AKID_DEBUG=__boot_debug -I/home/liujingfei/project/histb_project_v2_Apr9/histb/source/boot/fastboot/common/autelan/lib -I/home/liujingfei/project/histb_project_v2_Apr9/histb/source/boot/fastboot/common/autelan/app  -DVERSION=3 -DPATCHLEVEL=3 -DSUBLEVEL=0 -DAUTELAN -D__FASTBOOT__ -DAT_ENV_SIZE=4096 -D__AKID_DEBUG=__boot_debug -I/home/liujingfei/project/histb_project_v2_Apr9/histb/source/boot/fastboot/common/autelan/lib -I/home/liujingfei/project/histb_project_v2_Apr9/histb/source/boot/fastboot/common/autelan/app  -Wall -Wstrict-prototypes -fno-stack-protector   \
		-o eth_cfg_setup.o eth_cfg_setup.c -c
arm-hisiv200-linux-ar crv libs40.a board.o eth_cfg_setup.o
r - board.o
r - eth_cfg_setup.o
make[4]: Leaving directory `/home/liujingfei/project/histb_project_v2_Apr9/histb/source/boot/fastboot/board/s40'
UNDEF_SYM=`arm-hisiv200-linux-objdump -x board/s40/libs40.a lib/libgeneric.a lib/lzma/liblzma.a lib/lzo/liblzo.a arch/arm/cpu/s40/libs40.a arch/arm/lib/libarm.a net/libnet.a drivers/mmc/libmmc.a fs/ext4/libext4.a drivers/mtd/libmtd.a drivers/mtd/nand/libnand.a drivers/mtd/spi/libspi_flash.a drivers/net/libnet.a drivers/net/phy/libphy.a drivers/net/hisfv300/libhisfv300.a drivers/net/higmac/libhigmac.a drivers/net/higmacv300/libhigmacv300.a drivers/net/stmmac/libstmmac.a drivers/serial/libserial.a drivers/usb/device/libusb_device.a common/libcommon.a /home/liujingfei/project/histb_project_v2_Apr9/histb/source/boot/product/libproduct.a | sed  -n -e 's/.*\(__u_boot_cmd_.*\)/-u\1/p'|sort|uniq`; cd /home/liujingfei/project/histb_project_v2_Apr9/histb/source/boot/fastboot && arm-hisiv200-linux-ld -Bstatic -T u-boot.lds  -Ttext 0x00c00000 $UNDEF_SYM arch/arm/cpu/s40/start.o --start-group lib/libgeneric.a lib/lzma/liblzma.a lib/lzo/liblzo.a arch/arm/cpu/s40/libs40.a arch/arm/lib/libarm.a net/libnet.a drivers/mmc/libmmc.a fs/ext4/libext4.a drivers/mtd/libmtd.a drivers/mtd/nand/libnand.a drivers/mtd/spi/libspi_flash.a drivers/net/libnet.a drivers/net/phy/libphy.a drivers/net/hisfv300/libhisfv300.a drivers/net/higmac/libhigmac.a drivers/net/higmacv300/libhigmacv300.a drivers/net/stmmac/libstmmac.a drivers/serial/libserial.a drivers/usb/device/libusb_device.a common/libcommon.a /home/liujingfei/project/histb_project_v2_Apr9/histb/source/boot/product/libproduct.a board/s40/libs40.a --end-group /home/liujingfei/project/histb_project_v2_Apr9/histb/source/boot/fastboot/arch/arm/lib/eabi_compat.o -L /opt/hisi-linux/x86-arm/arm-hisiv200-linux/bin/../lib/gcc/arm-hisiv200-linux-gnueabi/4.4.1 -lgcc -L /opt/hisi-linux/x86-arm/arm-hisiv200-linux/bin/../lib/gcc/arm-hisiv200-linux-gnueabi/4.4.1 -lgcc -Map u-boot.map -o u-boot
arm-hisiv200-linux-objcopy -O srec u-boot u-boot.srec
arm-hisiv200-linux-objcopy --gap-fill=0xff -O binary u-boot u-boot.bin
arm-hisiv200-linux-objcopy -j .text -O binary u-boot u-boot.text
fastboot-burn.bin is Ready.
make[3]: Leaving directory `/home/liujingfei/project/histb_project_v2_Apr9/histb/source/boot/fastboot'
make[2]: Leaving directory `/home/liujingfei/project/histb_project_v2_Apr9/histb/source/boot/fastboot'
`/home/liujingfei/project/histb_project_v2_Apr9/histb/source/boot/fastboot/fastboot-burn.bin' -> `/home/liujingfei/project/histb_project_v2_Apr9/histb/source/boot/../../pub/image/fastboot-burn.bin'
make[1]: Leaving directory `/home/liujingfei/project/histb_project_v2_Apr9/histb/source/boot'
make -C /home/liujingfei/v2/histb/source/kernel install
make[1]: Entering directory `/home/liujingfei/project/histb_project_v2_Apr9/histb/source/kernel'
make -C /home/liujingfei/project/histb_project_v2_Apr9/histb/source/kernel/linux-3.10.y ARCH=arm \
		CROSS_COMPILE=arm-hisiv200-linux- \
		CONFIG_MSP= \
		CONFIG_ADVCA= \
		CFLAGS_KERNEL= AFLAGS_KERNEL= -j 20 uImage
make[2]: Entering directory `/home/liujingfei/project/histb_project_v2_Apr9/histb/source/kernel/linux-3.10.y'
make -f /home/liujingfei/project/histb_project_v2_Apr9/histb/source/kernel/linux-3.10.y/Makefile silentoldconfig
make -f scripts/Makefile.build obj=scripts/basic
rm -f .tmp_quiet_recordmcount
mkdir -p include/linux include/config
make -f scripts/Makefile.build obj=scripts/kconfig silentoldconfig
mkdir -p include/generated
scripts/kconfig/conf --silentoldconfig Kconfig
make[2]: Leaving directory `/home/liujingfei/project/histb_project_v2_Apr9/histb/source/kernel/linux-3.10.y'
make[2]: Entering directory `/home/liujingfei/project/histb_project_v2_Apr9/histb/source/kernel/linux-3.10.y'
rm -f include/config/kernel.release
make -f /home/liujingfei/project/histb_project_v2_Apr9/histb/source/kernel/linux-3.10.y/scripts/Makefile.asm-generic \
	            src=asm obj=arch/arm/include/generated/asm
echo "3.10.0$(/bin/sh /home/liujingfei/project/histb_project_v2_Apr9/histb/source/kernel/linux-3.10.y/scripts/setlocalversion /home/liujingfei/project/histb_project_v2_Apr9/histb/source/kernel/linux-3.10.y)" > include/config/kernel.release
set -e; : '  CHK     include/generated/uapi/linux/version.h'; mkdir -p include/generated/uapi/linux/; 	(echo \#define LINUX_VERSION_CODE 199168; echo '#define KERNEL_VERSION(a,b,c) (((a) << 16) + ((b) << 8) + (c))';) < /home/liujingfei/project/histb_project_v2_Apr9/histb/source/kernel/linux-3.10.y/Makefile > include/generated/uapi/linux/version.h.tmp; if [ -r include/generated/uapi/linux/version.h ] && cmp -s include/generated/uapi/linux/version.h include/generated/uapi/linux/version.h.tmp; then rm -f include/generated/uapi/linux/version.h.tmp; else : '  UPD     include/generated/uapi/linux/version.h'; mv -f include/generated/uapi/linux/version.h.tmp include/generated/uapi/linux/version.h; fi
make -f scripts/Makefile.build obj=scripts/basic
rm -f .tmp_quiet_recordmcount
make -f /home/liujingfei/project/histb_project_v2_Apr9/histb/source/kernel/linux-3.10.y/scripts/Makefile.asm-generic \
	            src=uapi/asm obj=arch/arm/include/generated/uapi/asm
set -e; : '  CHK     include/generated/utsrelease.h'; mkdir -p include/generated/; 	if [ `echo -n "3.10.0_s40" | wc -c ` -gt 64 ]; then echo '"3.10.0_s40" exceeds 64 characters' >&2; exit 1; fi; (echo \#define UTS_RELEASE \"3.10.0_s40\";) < include/config/kernel.release > include/generated/utsrelease.h.tmp; if [ -r include/generated/utsrelease.h ] && cmp -s include/generated/utsrelease.h include/generated/utsrelease.h.tmp; then rm -f include/generated/utsrelease.h.tmp; else : '  UPD     include/generated/utsrelease.h'; mv -f include/generated/utsrelease.h.tmp include/generated/utsrelease.h; fi
make -f scripts/Makefile.build obj=scripts
make -f scripts/Makefile.build obj=scripts/mod
mkdir -p scripts/mod/
  arm-hisiv200-linux-gcc -Wp,-MD,scripts/mod/.devicetable-offsets.s.d  -nostdinc -isystem /opt/hisi-linux/x86-arm/arm-hisiv200-linux/bin/../lib/gcc/arm-hisiv200-linux-gnueabi/4.4.1/include -I/home/liujingfei/project/histb_project_v2_Apr9/histb/source/kernel/linux-3.10.y/arch/arm/include -Iarch/arm/include/generated  -Iinclude -I/home/liujingfei/project/histb_project_v2_Apr9/histb/source/kernel/linux-3.10.y/arch/arm/include/uapi -Iarch/arm/include/generated/uapi -I/home/liujingfei/project/histb_project_v2_Apr9/histb/source/kernel/linux-3.10.y/include/uapi -Iinclude/generated/uapi -include /home/liujingfei/project/histb_project_v2_Apr9/histb/source/kernel/linux-3.10.y/include/linux/kconfig.h -D__KERNEL__ -mlittle-endian -Iarch/arm/mach-s40/include -Wall -Wundef -Wstrict-prototypes -Wno-trigraphs -fno-strict-aliasing -fno-common -Werror-implicit-function-declaration -Wno-format-security -fno-delete-null-pointer-checks -O2 -fno-dwarf2-cfi-asm -fno-omit-frame-pointer -mapcs -mno-sched-prolog -fstack-protector -mabi=aapcs-linux -mno-thumb-interwork -funwind-tables -marm -D__LINUX_ARM_ARCH__=7 -march=armv7-a -msoft-float -Uarm -Wframe-larger-than=1024 -fno-omit-frame-pointer -fno-optimize-sibling-calls -pg -Wdeclaration-after-statement -Wno-pointer-sign -fno-strict-overflow -fconserve-stack    -D"KBUILD_STR(s)=#s" -D"KBUILD_BASENAME=KBUILD_STR(devicetable_offsets)"  -D"KBUILD_MODNAME=KBUILD_STR(devicetable_offsets)" -fverbose-asm -S -o scripts/mod/devicetable-offsets.s scripts/mod/devicetable-offsets.c
  	(set -e; echo "#ifndef __DEVICEVTABLE_OFFSETS_H__"; echo "#define __DEVICEVTABLE_OFFSETS_H__"; echo "/*"; echo " * DO NOT MODIFY."; echo " *"; echo " * This file was generated by Kbuild"; echo " *"; echo " */"; echo ""; sed -ne 	"/^->/{s:->#\(.*\):/* \1 */:; s:^->\([^ ]*\) [\$#]*\([-0-9]*\) \(.*\):#define \1 \2 /* \3 */:; s:^->\([^ ]*\) [\$#]*\([^ ]*\) \(.*\):#define \1 \2 /* \3 */:; s:->::; p;}" scripts/mod/devicetable-offsets.s; echo ""; echo "#endif" ) > scripts/mod/devicetable-offsets.h
  gcc -Wp,-MD,scripts/mod/.file2alias.o.d -Wall -Wmissing-prototypes -Wstrict-prototypes -O2 -fomit-frame-pointer     -c -o scripts/mod/file2alias.o scripts/mod/file2alias.c
  gcc  -o scripts/mod/modpost scripts/mod/modpost.o scripts/mod/file2alias.o scripts/mod/sumversion.o  
mkdir -p .tmp_versions 
make -f scripts/Makefile.build obj=arch/arm/tools include/generated/mach-types.h
make[3]: `include/generated/mach-types.h' is up to date.
make -f scripts/Makefile.build obj=.
mkdir -p kernel/
mkdir -p arch/arm/kernel/
  /bin/sh scripts/checksyscalls.sh arm-hisiv200-linux-gcc -Wp,-MD,./.missing-syscalls.d  -nostdinc -isystem /opt/hisi-linux/x86-arm/arm-hisiv200-linux/bin/../lib/gcc/arm-hisiv200-linux-gnueabi/4.4.1/include -I/home/liujingfei/project/histb_project_v2_Apr9/histb/source/kernel/linux-3.10.y/arch/arm/include -Iarch/arm/include/generated  -Iinclude -I/home/liujingfei/project/histb_project_v2_Apr9/histb/source/kernel/linux-3.10.y/arch/arm/include/uapi -Iarch/arm/include/generated/uapi -I/home/liujingfei/project/histb_project_v2_Apr9/histb/source/kernel/linux-3.10.y/include/uapi -Iinclude/generated/uapi -include /home/liujingfei/project/histb_project_v2_Apr9/histb/source/kernel/linux-3.10.y/include/linux/kconfig.h -D__KERNEL__ -mlittle-endian -Iarch/arm/mach-s40/include -Wall -Wundef -Wstrict-prototypes -Wno-trigraphs -fno-strict-aliasing -fno-common -Werror-implicit-function-declaration -Wno-format-security -fno-delete-null-pointer-checks -O2 -fno-dwarf2-cfi-asm -fno-omit-frame-pointer -mapcs -mno-sched-prolog -fstack-protector -mabi=aapcs-linux -mno-thumb-interwork -funwind-tables -marm -D__LINUX_ARM_ARCH__=7 -march=armv7-a -msoft-float -Uarm -Wframe-larger-than=1024 -fno-omit-frame-pointer -fno-optimize-sibling-calls -pg -Wdeclaration-after-statement -Wno-pointer-sign -fno-strict-overflow -fconserve-stack    -D"KBUILD_STR(s)=#s" -D"KBUILD_BASENAME=KBUILD_STR(missing_syscalls)"  -D"KBUILD_MODNAME=KBUILD_STR(missing_syscalls)" 
make -f scripts/Makefile.build obj=init
make -f scripts/Makefile.build obj=usr
make -f scripts/Makefile.build obj=arch/arm/nwfpe
make -f scripts/Makefile.build obj=arch/arm/vfp
make -f scripts/Makefile.build obj=arch/arm/kernel
make -f scripts/Makefile.build obj=arch/arm/mm
/bin/sh /home/liujingfei/project/histb_project_v2_Apr9/histb/source/kernel/linux-3.10.y/scripts/gen_initramfs_list.sh -l -d > usr/.initramfs_data.cpio.d
make -f scripts/Makefile.build obj=arch/arm/common
/bin/sh /home/liujingfei/project/histb_project_v2_Apr9/histb/source/kernel/linux-3.10.y/scripts/mkcompile_h include/generated/compile.h \
	"arm" "y" "" "arm-hisiv200-linux-gcc -Wall -Wundef -Wstrict-prototypes -Wno-trigraphs -fno-strict-aliasing -fno-common -Werror-implicit-function-declaration -Wno-format-security -fno-delete-null-pointer-checks -O2 -fno-dwarf2-cfi-asm -fno-omit-frame-pointer -mapcs -mno-sched-prolog -fstack-protector -mabi=aapcs-linux -mno-thumb-interwork -funwind-tables -marm -D__LINUX_ARM_ARCH__=7 -march=armv7-a   -msoft-float -Uarm -Wframe-larger-than=1024  -fno-omit-frame-pointer -fno-optimize-sibling-calls -pg  -Wdeclaration-after-statement -Wno-pointer-sign -fno-strict-overflow -fconserve-stack "
make -f scripts/Makefile.build obj=arch/arm/net
make -f scripts/Makefile.build obj=arch/arm/crypto
make -f scripts/Makefile.build obj=arch/arm/mach-s40
make -f scripts/Makefile.build obj=kernel
make -f scripts/Makefile.build obj=mm
make -f scripts/Makefile.build obj=fs
make -f scripts/Makefile.build obj=arch/arm/mach-s40/cpu
make -f scripts/Makefile.build obj=arch/arm/mach-s40/cpu/hi3716cv200
make -f scripts/Makefile.build obj=ipc
make -f scripts/Makefile.build obj=arch/arm/mach-s40/cpu/hi3716cv200es
make -f scripts/Makefile.build obj=security
make -f scripts/Makefile.build obj=crypto
make -f scripts/Makefile.build obj=block
make -f scripts/Makefile.build obj=drivers
make -f scripts/Makefile.build obj=sound
make -f scripts/Makefile.build obj=drivers/amba
make -f scripts/Makefile.build obj=firmware
make -f scripts/Makefile.build obj=drivers/ata
make -f scripts/Makefile.build obj=drivers/auxdisplay
make -f scripts/Makefile.build obj=fs/autofs4
make -f scripts/Makefile.build obj=drivers/base
make -f scripts/Makefile.build obj=drivers/block
make -f scripts/Makefile.build obj=arch/arm/oprofile
make -f scripts/Makefile.build obj=kernel/cpu
make -f scripts/Makefile.build obj=drivers/bluetooth
make -f scripts/Makefile.build obj=kernel/events
make -f scripts/Makefile.build obj=fs/configfs
make -f scripts/Makefile.build obj=kernel/irq
make -f scripts/Makefile.build obj=kernel/power
make -f scripts/Makefile.build obj=fs/cramfs
make -f scripts/Makefile.build obj=sound/arm
make -f scripts/Makefile.build obj=fs/debugfs
make -f scripts/Makefile.build obj=drivers/cdrom
make -f scripts/Makefile.build obj=sound/atmel
make -f scripts/Makefile.build obj=sound/core
make -f scripts/Makefile.build obj=drivers/char
make -f scripts/Makefile.build obj=drivers/clk
make -f scripts/Makefile.build obj=kernel/sched
make -f scripts/Makefile.build obj=sound/drivers
make -f scripts/Makefile.build obj=kernel/time
make -f scripts/Makefile.build obj=fs/devpts
make -f scripts/Makefile.build obj=fs/exofs
make -f scripts/Makefile.build obj=drivers/clocksource
make -f scripts/Makefile.build obj=drivers/cpufreq
make -f scripts/Makefile.build obj=drivers/crypto
make -f scripts/Makefile.build obj=net
make -f scripts/Makefile.build obj=fs/exportfs
make -f scripts/Makefile.build obj=kernel/trace
make -f scripts/Makefile.build obj=sound/firewire
make -f scripts/Makefile.build obj=fs/ext2
make -f scripts/Makefile.build obj=drivers/base/power
make -f scripts/Makefile.build obj=block/partitions
make -f scripts/Makefile.build obj=sound/i2c
make -f scripts/Makefile.build obj=fs/ext3
make -f scripts/Makefile.build obj=arch/arm/lib
make -f scripts/Makefile.build obj=drivers/firewire
make -f scripts/Makefile.build obj=sound/isa
make -f scripts/Makefile.build obj=sound/isa/ad1816a
make -f scripts/Makefile.build obj=sound/isa/ad1848
make -f scripts/Makefile.build obj=fs/fat
make -f scripts/Makefile.build obj=net/8021q
make -f scripts/Makefile.build obj=sound/pcmcia
make -f scripts/Makefile.build obj=fs/fuse
make -f scripts/Makefile.build obj=sound/drivers/opl3
make -f scripts/Makefile.build obj=drivers/gpio
make -f scripts/Makefile.build obj=sound/isa/cs423x
make -f scripts/Makefile.build obj=sound/drivers/opl4
make -f scripts/Makefile.build obj=sound/ppc
make -f scripts/Makefile.build obj=drivers/gpu
make -f scripts/Makefile.build obj=drivers/hid
make -f scripts/Makefile.build obj=drivers/gpu/drm
make -f scripts/Makefile.build obj=sound/sh
make -f scripts/Makefile.build obj=drivers/gpu/drm/i2c
make -f scripts/Makefile.build obj=drivers/gpu/vga
make -f scripts/Makefile.build obj=sound/soc
make -f scripts/Makefile.build obj=sound/isa/es1688
make -f scripts/Makefile.build obj=sound/isa/galaxy
make -f scripts/Makefile.build obj=sound/isa/gus
make -f scripts/Makefile.build obj=drivers/hid/usbhid
make -f scripts/Makefile.build obj=sound/isa/msnd
make -f scripts/Makefile.build obj=drivers/hsi
make -f scripts/Makefile.build obj=drivers/hsi/clients
make -f scripts/Makefile.build obj=drivers/i2c
make -f scripts/Makefile.build obj=drivers/i2c/algos
make -f scripts/Makefile.build obj=drivers/i2c/busses
make -f scripts/Makefile.build obj=drivers/i2c/muxes
make -f scripts/Makefile.build obj=sound/pci/ac97
make -f scripts/Makefile.build obj=drivers/idle
make -f scripts/Makefile.build obj=drivers/input
make -f scripts/Makefile.build obj=fs/isofs
make -f scripts/Makefile.build obj=drivers/input/gameport
make -f scripts/Makefile.build obj=drivers/input/serio
make -f scripts/Makefile.build obj=net/bluetooth
make -f scripts/Makefile.build obj=sound/pcmcia/pdaudiocf
make -f scripts/Makefile.build obj=sound/pcmcia/vx
make -f scripts/Makefile.build obj=fs/jbd
make -f scripts/Makefile.build obj=net/bridge
make -f scripts/Makefile.build obj=sound/drivers/pcsp
make -f scripts/Makefile.build obj=net/bluetooth/bnep
make -f scripts/Makefile.build obj=net/ethernet
make -f scripts/Makefile.build obj=fs/jffs2
make -f scripts/Makefile.build obj=net/bluetooth/hidp
make -f scripts/Makefile.build obj=drivers/input/keyboard
make -f scripts/Makefile.build obj=sound/isa/sb
make -f scripts/Makefile.build obj=drivers/irqchip
make -f scripts/Makefile.build obj=lib/xz
make -f scripts/Makefile.build obj=lib/zlib_deflate
make -f scripts/Makefile.build obj=net/bridge/netfilter
make -f scripts/Makefile.build obj=sound/pci/asihpi
make -f scripts/Makefile.build obj=sound/pci/au88x0
make -f scripts/Makefile.build obj=sound/soc/blackfin
make -f scripts/Makefile.build obj=sound/soc/cirrus
make -f scripts/Makefile.build obj=sound/pci/aw2
make -f scripts/Makefile.build obj=fs/jfs
make -f scripts/Makefile.build obj=lib/zlib_inflate
make -f scripts/Makefile.build obj=drivers/input/misc
make -f scripts/Makefile.build obj=net/ipv4
make -f scripts/Makefile.build obj=drivers/leds
make -f scripts/Makefile.build obj=net/bluetooth/rfcomm
make -f scripts/Makefile.build obj=sound/isa/wavefront
make -f scripts/Makefile.build obj=sound/isa/wss
make -f scripts/Makefile.build obj=drivers/lguest
make -f scripts/Makefile.build obj=sound/pci/ca0106
make -f scripts/Makefile.build obj=net/ipv6
make -f scripts/Makefile.build obj=fs/lockd
make -f scripts/Makefile.build obj=sound/soc/codecs
make -f scripts/Makefile.build obj=net/llc
make -f scripts/Makefile.build obj=sound/pci/cs46xx
make -f scripts/Makefile.build obj=sound/pci/cs5535audio
make -f scripts/Makefile.build obj=sound/soc/davinci
make -f scripts/Makefile.build obj=sound/soc/dwc
make -f scripts/Makefile.build obj=fs/nfs
make -f scripts/Makefile.build obj=fs/nfs_common
make -f scripts/Makefile.build obj=net/ipv4/netfilter
make -f scripts/Makefile.build obj=drivers/macintosh
make -f scripts/Makefile.build obj=fs/nls
make -f scripts/Makefile.build obj=drivers/input/mouse
make -f scripts/Makefile.build obj=net/mac80211
make -f scripts/Makefile.build obj=sound/soc/fsl
make -f scripts/Makefile.build obj=drivers/leds/trigger
make -f scripts/Makefile.build obj=sound/soc/generic
make -f scripts/Makefile.build obj=sound/spi
make -f scripts/Makefile.build obj=drivers/media
make -f scripts/Makefile.build obj=sound/soc/jz4740
make -f scripts/Makefile.build obj=fs/notify
make -f scripts/Makefile.build obj=fs/proc
make -f scripts/Makefile.build obj=net/ipv6/netfilter
make -f scripts/Makefile.build obj=fs/quota
make -f scripts/Makefile.build obj=sound/pci/ctxfi
make -f scripts/Makefile.build obj=sound/pci/echoaudio
make -f scripts/Makefile.build obj=net/netfilter
make -f scripts/Makefile.build obj=drivers/mfd
make -f scripts/Makefile.build obj=net/netlink
make -f scripts/Makefile.build obj=sound/pci/emu10k1
make -f scripts/Makefile.build obj=sound/synth
make -f scripts/Makefile.build obj=sound/usb
make -f scripts/Makefile.build obj=net/packet
make -f scripts/Makefile.build obj=sound/soc/kirkwood
make -f scripts/Makefile.build obj=sound/pci/hda
make -f scripts/Makefile.build obj=sound/pci/ice1712
make -f scripts/Makefile.build obj=sound/pci/korg1212
make -f scripts/Makefile.build obj=sound/pci/lola
make -f scripts/Makefile.build obj=sound/soc/mid-x86
make -f scripts/Makefile.build obj=sound/soc/mxs
make -f scripts/Makefile.build obj=drivers/media/common
make -f scripts/Makefile.build obj=net/rfkill
make -f scripts/Makefile.build obj=drivers/media/firewire
make -f scripts/Makefile.build obj=sound/soc/nuc900
make -f scripts/Makefile.build obj=drivers/media/i2c
make -f scripts/Makefile.build obj=fs/notify/dnotify
make -f scripts/Makefile.build obj=fs/notify/fanotify
make -f scripts/Makefile.build obj=fs/notify/inotify
make -f scripts/Makefile.build obj=drivers/misc
make -f scripts/Makefile.build obj=drivers/media/mmc
make -f scripts/Makefile.build obj=sound/pci/lx6464es
make -f scripts/Makefile.build obj=sound/pci/mixart
make -f scripts/Makefile.build obj=sound/pci/nm256
make -f scripts/Makefile.build obj=sound/usb/6fire
make -f scripts/Makefile.build obj=sound/pci/oxygen
make -f scripts/Makefile.build obj=sound/pci/pcxhr
make -f scripts/Makefile.build obj=sound/pci/riptide
make -f scripts/Makefile.build obj=sound/usb/caiaq
make -f scripts/Makefile.build obj=sound/pci/rme9652
make -f scripts/Makefile.build obj=sound/pci/trident
make -f scripts/Makefile.build obj=sound/usb/misc
make -f scripts/Makefile.build obj=sound/pci/vx222
make -f scripts/Makefile.build obj=drivers/media/common/b2c2
make -f scripts/Makefile.build obj=sound/soc/omap
make -f scripts/Makefile.build obj=sound/pci/ymfpci
make -f scripts/Makefile.build obj=drivers/media/i2c/soc_camera
make -f scripts/Makefile.build obj=fs/ramfs
make -f scripts/Makefile.build obj=drivers/media/mmc/siano
make -f scripts/Makefile.build obj=drivers/misc/carma
make -f scripts/Makefile.build obj=sound/soc/pxa
make -f scripts/Makefile.build obj=sound/soc/s6000
make -f scripts/Makefile.build obj=sound/soc/samsung
make -f scripts/Makefile.build obj=sound/soc/sh
make -f scripts/Makefile.build obj=sound/soc/tegra
make -f scripts/Makefile.build obj=sound/soc/txx9
make -f scripts/Makefile.build obj=sound/soc/ux500
make -f scripts/Makefile.build obj=drivers/media/parport
make -f scripts/Makefile.build obj=drivers/media/pci
make -f scripts/Makefile.build obj=net/netfilter/ipset
make -f scripts/Makefile.build obj=drivers/media/platform
make -f scripts/Makefile.build obj=sound/usb/usx2y
make -f scripts/Makefile.build obj=drivers/media/radio
make -f scripts/Makefile.build obj=drivers/media/rc
make -f scripts/Makefile.build obj=drivers/media/tuners
make -f scripts/Makefile.build obj=drivers/media/common/saa7146
make -f scripts/Makefile.build obj=fs/reiserfs
make -f scripts/Makefile.build obj=drivers/media/usb
make -f scripts/Makefile.build obj=drivers/media/v4l2-core
make -f scripts/Makefile.build obj=net/sched
make -f scripts/Makefile.build obj=drivers/mmc
make -f scripts/Makefile.build obj=drivers/misc/cb710
make -f scripts/Makefile.build obj=drivers/media/common/siano
make -f scripts/Makefile.build obj=drivers/misc/eeprom
make -f scripts/Makefile.build obj=drivers/mtd
make -f scripts/Makefile.build obj=fs/squashfs
make -f scripts/Makefile.build obj=fs/sysfs
make -f scripts/Makefile.build obj=fs/ubifs
make -f scripts/Makefile.build obj=drivers/media/pci/b2c2
make -f scripts/Makefile.build obj=drivers/media/platform/davinci
make -f scripts/Makefile.build obj=fs/udf
make -f scripts/Makefile.build obj=drivers/net
make -f scripts/Makefile.build obj=fs/xfs
make -f scripts/Makefile.build obj=drivers/media/rc/keymaps
make -f scripts/Makefile.build obj=drivers/media/pci/ddbridge
make -f scripts/Makefile.build obj=drivers/media/pci/dm1105
make -f scripts/Makefile.build obj=drivers/media/pci/mantis
make -f scripts/Makefile.build obj=drivers/media/usb/b2c2
make -f scripts/Makefile.build obj=net/sunrpc
make -f scripts/Makefile.build obj=drivers/mmc/card
make -f scripts/Makefile.build obj=drivers/media/usb/dvb-usb
make -f scripts/Makefile.build obj=drivers/media/pci/ngene
make -f scripts/Makefile.build obj=drivers/misc/lis3lv02d
make -f scripts/Makefile.build obj=drivers/media/pci/pluto2
make -f scripts/Makefile.build obj=drivers/mtd/chips
make -f scripts/Makefile.build obj=drivers/media/pci/pt1
make -f scripts/Makefile.build obj=fs/yaffs2
make -f scripts/Makefile.build obj=drivers/media/pci/saa7146
make -f scripts/Makefile.build obj=drivers/media/pci/ttpci
make -f scripts/Makefile.build obj=net/unix
make -f scripts/Makefile.build obj=drivers/mmc/core
make -f scripts/Makefile.build obj=drivers/nfc
make -f scripts/Makefile.build obj=net/wireless
make -f scripts/Makefile.build obj=net/xfrm
make -f scripts/Makefile.build obj=drivers/mmc/host
make -f scripts/Makefile.build obj=drivers/pinctrl
make -f scripts/Makefile.build obj=drivers/platform
make -f scripts/Makefile.build obj=drivers/net/ethernet
make -f scripts/Makefile.build obj=drivers/pwm
make -f scripts/Makefile.build obj=drivers/rtc
make -f scripts/Makefile.build obj=drivers/media/usb/dvb-usb-v2
make -f scripts/Makefile.build obj=drivers/misc/ti-st
make -f scripts/Makefile.build obj=drivers/scsi
make -f scripts/Makefile.build obj=drivers/mtd/devices
make -f scripts/Makefile.build obj=drivers/staging
make -f scripts/Makefile.build obj=drivers/tty
make -f scripts/Makefile.build obj=drivers/usb
make -f scripts/Makefile.build obj=drivers/video
make -f scripts/Makefile.build obj=drivers/mtd/lpddr
make -f scripts/Makefile.build obj=drivers/media/usb/gspca
make -f scripts/Makefile.build obj=drivers/net/phy
make -f scripts/Makefile.build obj=drivers/mtd/maps
make -f scripts/Makefile.build obj=drivers/mmc/host/himciv200
make -f scripts/Makefile.build obj=drivers/mtd/nand
make -f scripts/Makefile.build obj=drivers/media/usb/s2255
make -f scripts/Makefile.build obj=drivers/media/usb/siano
make -f scripts/Makefile.build obj=drivers/media/usb/stkwebcam
make -f scripts/Makefile.build obj=drivers/media/usb/ttusb-budget
make -f scripts/Makefile.build obj=drivers/net/ethernet/8390
make -f scripts/Makefile.build obj=drivers/net/ppp
make -f scripts/Makefile.build obj=drivers/media/usb/ttusb-dec
make -f scripts/Makefile.build obj=drivers/media/usb/uvc
make -f scripts/Makefile.build obj=drivers/mtd/devices/hisfc350
make -f scripts/Makefile.build obj=drivers/scsi/arm
make -f scripts/Makefile.build obj=drivers/staging/media
make -f scripts/Makefile.build obj=drivers/media/usb/zr364xx
make -f scripts/Makefile.build obj=drivers/tty/ipwireless
make -f scripts/Makefile.build obj=drivers/tty/serial
make -f scripts/Makefile.build obj=drivers/video/backlight
make -f scripts/Makefile.build obj=drivers/usb/class
make -f scripts/Makefile.build obj=drivers/net/ethernet/broadcom
make -f scripts/Makefile.build obj=drivers/net/ethernet/cadence
make -f scripts/Makefile.build obj=drivers/net/slip
make -f scripts/Makefile.build obj=drivers/net/ethernet/cirrus
make -f scripts/Makefile.build obj=drivers/net/usb
make -f scripts/Makefile.build obj=drivers/mtd/onenand
make -f scripts/Makefile.build obj=drivers/net/wireless
make -f scripts/Makefile.build obj=drivers/usb/core
make -f scripts/Makefile.build obj=drivers/mtd/nand/hinfc610
make -f scripts/Makefile.build obj=drivers/usb/host
make -f scripts/Makefile.build obj=drivers/video/console
make -f scripts/Makefile.build obj=drivers/video/omap2
make -f scripts/Makefile.build obj=drivers/mtd/tests
make -f scripts/Makefile.build obj=drivers/mtd/ubi
make -f scripts/Makefile.build obj=drivers/net/ethernet/faraday
make -f scripts/Makefile.build obj=drivers/tty/vt
make -f scripts/Makefile.build obj=drivers/usb/misc
make -f scripts/Makefile.build obj=drivers/net/ethernet/hieth-gmac
make -f scripts/Makefile.build obj=drivers/usb/serial
make -f scripts/Makefile.build obj=drivers/usb/storage
make -f scripts/Makefile.build obj=drivers/net/ethernet/i825xx
make -f scripts/Makefile.build obj=drivers/net/ethernet/intel
make -f scripts/Makefile.build obj=drivers/net/ethernet/marvell
make -f scripts/Makefile.build obj=drivers/net/ethernet/micrel
make -f scripts/Makefile.build obj=drivers/net/ethernet/natsemi
make -f scripts/Makefile.build obj=drivers/net/wireless/ath
make -f scripts/Makefile.build obj=drivers/net/ethernet/seeq
make -f scripts/Makefile.build obj=drivers/net/ethernet/smsc
make -f scripts/Makefile.build obj=drivers/net/ethernet/stmicro
make -f scripts/Makefile.build obj=drivers/net/ethernet/wiznet
make -f scripts/Makefile.build obj=drivers/video/omap2/displays
  arm-hisiv200-linux-gcc -Wp,-MD,drivers/usb/serial/.option.o.d  -nostdinc -isystem /opt/hisi-linux/x86-arm/arm-hisiv200-linux/bin/../lib/gcc/arm-hisiv200-linux-gnueabi/4.4.1/include -I/home/liujingfei/project/histb_project_v2_Apr9/histb/source/kernel/linux-3.10.y/arch/arm/include -Iarch/arm/include/generated  -Iinclude -I/home/liujingfei/project/histb_project_v2_Apr9/histb/source/kernel/linux-3.10.y/arch/arm/include/uapi -Iarch/arm/include/generated/uapi -I/home/liujingfei/project/histb_project_v2_Apr9/histb/source/kernel/linux-3.10.y/include/uapi -Iinclude/generated/uapi -include /home/liujingfei/project/histb_project_v2_Apr9/histb/source/kernel/linux-3.10.y/include/linux/kconfig.h -D__KERNEL__ -mlittle-endian -Iarch/arm/mach-s40/include -Wall -Wundef -Wstrict-prototypes -Wno-trigraphs -fno-strict-aliasing -fno-common -Werror-implicit-function-declaration -Wno-format-security -fno-delete-null-pointer-checks -O2 -fno-dwarf2-cfi-asm -fno-omit-frame-pointer -mapcs -mno-sched-prolog -fstack-protector -mabi=aapcs-linux -mno-thumb-interwork -funwind-tables -marm -D__LINUX_ARM_ARCH__=7 -march=armv7-a -msoft-float -Uarm -Wframe-larger-than=1024 -fno-omit-frame-pointer -fno-optimize-sibling-calls -pg -Wdeclaration-after-statement -Wno-pointer-sign -fno-strict-overflow -fconserve-stack    -D"KBUILD_STR(s)=#s" -D"KBUILD_BASENAME=KBUILD_STR(option)"  -D"KBUILD_MODNAME=KBUILD_STR(option)" -c -o drivers/usb/serial/option.o drivers/usb/serial/option.c
make -f scripts/Makefile.build obj=drivers/net/wireless/ath/ath9k
  if [ "-pg" = "-pg" ]; then if [ drivers/usb/serial/option.o != "scripts/mod/empty.o" ]; then /home/liujingfei/project/histb_project_v2_Apr9/histb/source/kernel/linux-3.10.y/scripts/recordmcount  "drivers/usb/serial/option.o"; fi; fi;
   arm-hisiv200-linux-ld -EL    -r -o drivers/usb/serial/built-in.o drivers/usb/serial/usbserial.o drivers/usb/serial/ftdi_sio.o drivers/usb/serial/option.o drivers/usb/serial/pl2303.o drivers/usb/serial/usb_wwan.o 
   arm-hisiv200-linux-ld -EL    -r -o drivers/usb/built-in.o drivers/usb/core/built-in.o drivers/usb/host/built-in.o drivers/usb/class/built-in.o drivers/usb/storage/built-in.o drivers/usb/serial/built-in.o drivers/usb/misc/built-in.o drivers/usb/usb-common.o 
   arm-hisiv200-linux-ld -EL    -r -o drivers/built-in.o drivers/irqchip/built-in.o drivers/bus/built-in.o drivers/pinctrl/built-in.o drivers/gpio/built-in.o drivers/pwm/built-in.o drivers/video/built-in.o drivers/idle/built-in.o drivers/amba/built-in.o drivers/tty/built-in.o drivers/char/built-in.o drivers/gpu/built-in.o drivers/base/built-in.o drivers/block/built-in.o drivers/misc/built-in.o drivers/mfd/built-in.o drivers/nfc/built-in.o drivers/macintosh/built-in.o drivers/scsi/built-in.o drivers/ata/built-in.o drivers/mtd/built-in.o drivers/hsi/built-in.o drivers/net/built-in.o drivers/firewire/built-in.o drivers/cdrom/built-in.o drivers/auxdisplay/built-in.o drivers/usb/built-in.o drivers/input/serio/built-in.o drivers/input/gameport/built-in.o drivers/input/built-in.o drivers/rtc/built-in.o drivers/i2c/built-in.o drivers/media/built-in.o drivers/bluetooth/built-in.o drivers/lguest/built-in.o drivers/cpufreq/built-in.o drivers/mmc/built-in.o drivers/leds/built-in.o drivers/firmware/built-in.o drivers/crypto/built-in.o drivers/clocksource/built-in.o drivers/hid/built-in.o drivers/staging/built-in.o drivers/platform/built-in.o drivers/clk/built-in.o drivers/iommu/built-in.o 
  /bin/sh scripts/link-vmlinux.sh arm-hisiv200-linux-ld -EL  -p --no-undefined -X --build-id
+ '[' arm-hisiv200-linux-ld = clean ']'
+ case "${KCONFIG_CONFIG}" in
+ . ./.config
++ CONFIG_ARM=y
++ CONFIG_MIGHT_HAVE_PCI=y
++ CONFIG_SYS_SUPPORTS_APM_EMULATION=y
++ CONFIG_HAVE_PROC_CPU=y
++ CONFIG_STACKTRACE_SUPPORT=y
++ CONFIG_LOCKDEP_SUPPORT=y
++ CONFIG_TRACE_IRQFLAGS_SUPPORT=y
++ CONFIG_RWSEM_GENERIC_SPINLOCK=y
++ CONFIG_ARCH_HAS_CPUFREQ=y
++ CONFIG_GENERIC_HWEIGHT=y
++ CONFIG_GENERIC_CALIBRATE_DELAY=y
++ CONFIG_NEED_DMA_MAP_STATE=y
++ CONFIG_VECTORS_BASE=0xffff0000
++ CONFIG_ARM_PATCH_PHYS_VIRT=y
++ CONFIG_NEED_MACH_IO_H=y
++ CONFIG_NEED_MACH_MEMORY_H=y
++ CONFIG_GENERIC_BUG=y
++ CONFIG_DEFCONFIG_LIST=/lib/modules//.config
++ CONFIG_IRQ_WORK=y
++ CONFIG_BUILDTIME_EXTABLE_SORT=y
++ CONFIG_INIT_ENV_ARG_LIMIT=32
++ CONFIG_CROSS_COMPILE=
++ CONFIG_LOCALVERSION=_s40
++ CONFIG_HAVE_KERNEL_GZIP=y
++ CONFIG_HAVE_KERNEL_LZMA=y
++ CONFIG_HAVE_KERNEL_XZ=y
++ CONFIG_HAVE_KERNEL_LZO=y
++ CONFIG_KERNEL_GZIP=y
++ CONFIG_DEFAULT_HOSTNAME='(none)'
++ CONFIG_SYSVIPC=y
++ CONFIG_SYSVIPC_SYSCTL=y
++ CONFIG_HAVE_GENERIC_HARDIRQS=y
++ CONFIG_GENERIC_HARDIRQS=y
++ CONFIG_GENERIC_IRQ_PROBE=y
++ CONFIG_GENERIC_IRQ_SHOW=y
++ CONFIG_HARDIRQS_SW_RESEND=y
++ CONFIG_IRQ_DOMAIN=y
++ CONFIG_KTIME_SCALAR=y
++ CONFIG_GENERIC_CLOCKEVENTS=y
++ CONFIG_GENERIC_CLOCKEVENTS_BUILD=y
++ CONFIG_ARCH_HAS_TICK_BROADCAST=y
++ CONFIG_GENERIC_CLOCKEVENTS_BROADCAST=y
++ CONFIG_TICK_ONESHOT=y
++ CONFIG_NO_HZ_COMMON=y
++ CONFIG_NO_HZ_IDLE=y
++ CONFIG_NO_HZ=y
++ CONFIG_HIGH_RES_TIMERS=y
++ CONFIG_TICK_CPU_ACCOUNTING=y
++ CONFIG_TREE_RCU=y
++ CONFIG_RCU_STALL_COMMON=y
++ CONFIG_RCU_FANOUT=32
++ CONFIG_RCU_FANOUT_LEAF=16
++ CONFIG_LOG_BUF_SHIFT=14
++ CONFIG_NAMESPACES=y
++ CONFIG_UTS_NS=y
++ CONFIG_IPC_NS=y
++ CONFIG_PID_NS=y
++ CONFIG_NET_NS=y
++ CONFIG_BLK_DEV_INITRD=y
++ CONFIG_INITRAMFS_SOURCE=
++ CONFIG_RD_GZIP=y
++ CONFIG_RD_BZIP2=y
++ CONFIG_RD_LZMA=y
++ CONFIG_RD_XZ=y
++ CONFIG_RD_LZO=y
++ CONFIG_SYSCTL=y
++ CONFIG_ANON_INODES=y
++ CONFIG_HAVE_UID16=y
++ CONFIG_HOTPLUG=y
++ CONFIG_PANIC_TIMEOUT=0
++ CONFIG_UID16=y
++ CONFIG_KALLSYMS=y
++ CONFIG_PRINTK=y
++ CONFIG_BUG=y
++ CONFIG_ELF_CORE=y
++ CONFIG_BASE_FULL=y
++ CONFIG_FUTEX=y
++ CONFIG_EPOLL=y
++ CONFIG_SIGNALFD=y
++ CONFIG_TIMERFD=y
++ CONFIG_EVENTFD=y
++ CONFIG_SHMEM=y
++ CONFIG_AIO=y
++ CONFIG_HAVE_PERF_EVENTS=y
++ CONFIG_PERF_USE_VMALLOC=y
++ CONFIG_PERF_EVENTS=y
++ CONFIG_VM_EVENT_COUNTERS=y
++ CONFIG_SLUB_DEBUG=y
++ CONFIG_SLUB=y
++ CONFIG_PROFILING=y
++ CONFIG_TRACEPOINTS=y
++ CONFIG_OPROFILE=y
++ CONFIG_HAVE_OPROFILE=y
++ CONFIG_HAVE_KPROBES=y
++ CONFIG_HAVE_KRETPROBES=y
++ CONFIG_HAVE_ARCH_TRACEHOOK=y
++ CONFIG_HAVE_DMA_ATTRS=y
++ CONFIG_HAVE_DMA_CONTIGUOUS=y
++ CONFIG_USE_GENERIC_SMP_HELPERS=y
++ CONFIG_GENERIC_SMP_IDLE_THREAD=y
++ CONFIG_GENERIC_IDLE_POLL_SETUP=y
++ CONFIG_HAVE_REGS_AND_STACK_ACCESS_API=y
++ CONFIG_HAVE_CLK=y
++ CONFIG_HAVE_DMA_API_DEBUG=y
++ CONFIG_HAVE_HW_BREAKPOINT=y
++ CONFIG_HAVE_ARCH_JUMP_LABEL=y
++ CONFIG_ARCH_WANT_IPC_PARSE_VERSION=y
++ CONFIG_HAVE_ARCH_SECCOMP_FILTER=y
++ CONFIG_HAVE_CONTEXT_TRACKING=y
++ CONFIG_HAVE_IRQ_TIME_ACCOUNTING=y
++ CONFIG_HAVE_MOD_ARCH_SPECIFIC=y
++ CONFIG_MODULES_USE_ELF_REL=y
++ CONFIG_CLONE_BACKWARDS=y
++ CONFIG_OLD_SIGSUSPEND3=y
++ CONFIG_OLD_SIGACTION=y
++ CONFIG_HAVE_GENERIC_DMA_COHERENT=y
++ CONFIG_SLABINFO=y
++ CONFIG_RT_MUTEXES=y
++ CONFIG_BASE_SMALL=0
++ CONFIG_MODULES=y
++ CONFIG_MODULE_UNLOAD=y
++ CONFIG_STOP_MACHINE=y
++ CONFIG_BLOCK=y
++ CONFIG_LBDAF=y
++ CONFIG_BLK_DEV_BSG=y
++ CONFIG_CMDLINE_PARSER=y
++ CONFIG_PART_CHANGE=y
++ CONFIG_PARTITION_ADVANCED=y
++ CONFIG_MSDOS_PARTITION=y
++ CONFIG_EFI_PARTITION=y
++ CONFIG_CMDLINE_PARTITION=y
++ CONFIG_IOSCHED_NOOP=y
++ CONFIG_IOSCHED_DEADLINE=y
++ CONFIG_IOSCHED_CFQ=y
++ CONFIG_DEFAULT_DEADLINE=y
++ CONFIG_DEFAULT_IOSCHED=deadline
++ CONFIG_INLINE_SPIN_UNLOCK_IRQ=y
++ CONFIG_INLINE_READ_UNLOCK=y
++ CONFIG_INLINE_READ_UNLOCK_IRQ=y
++ CONFIG_INLINE_WRITE_UNLOCK=y
++ CONFIG_INLINE_WRITE_UNLOCK_IRQ=y
++ CONFIG_MUTEX_SPIN_ON_OWNER=y
++ CONFIG_FREEZER=y
++ CONFIG_MMU=y
++ CONFIG_ARCH_S40=y
++ CONFIG_MACH_S40=y
++ CONFIG_HAVE_SP804_LOCAL_TIMER=y
++ CONFIG_HI_S40_HZ=1000
++ CONFIG_DEFAULT_BUSCLK=400000000
++ CONFIG_DEFAULT_UART_BASE_ADDR=0xF8B00000
++ CONFIG_MMZ_PARAM=ddr,0,0,320M
++ CONFIG_SUPPORT_DSP_RUN_MEM=y
++ CONFIG_DSP_RUN_MEM_ADDR=0x2000000
++ CONFIG_DSP_RUN_MEM_SIZE=0x800000
++ CONFIG_SUPPORT_SRAM_MANAGER=y
++ CONFIG_SRAM_PHYS_START=0xFFFF2800
++ CONFIG_SRAM_PHYS_SIZE=0x00002800
++ CONFIG_ARM_TIMER_SP804=y
++ CONFIG_CPU_V7=y
++ CONFIG_CPU_32v6K=y
++ CONFIG_CPU_32v7=y
++ CONFIG_CPU_ABRT_EV7=y
++ CONFIG_CPU_PABRT_V7=y
++ CONFIG_CPU_CACHE_V7=y
++ CONFIG_CPU_CACHE_VIPT=y
++ CONFIG_CPU_COPY_V6=y
++ CONFIG_CPU_TLB_V7=y
++ CONFIG_CPU_HAS_ASID=y
++ CONFIG_CPU_CP15=y
++ CONFIG_CPU_CP15_MMU=y
++ CONFIG_ARM_THUMB=y
++ CONFIG_ARM_VIRT_EXT=y
++ CONFIG_OUTER_CACHE=y
++ CONFIG_OUTER_CACHE_SYNC=y
++ CONFIG_MIGHT_HAVE_CACHE_L2X0=y
++ CONFIG_CACHE_L2X0=y
++ CONFIG_CACHE_PL310=y
++ CONFIG_ARM_L1_CACHE_SHIFT_6=y
++ CONFIG_ARM_L1_CACHE_SHIFT=6
++ CONFIG_ARM_DMA_MEM_BUFFERABLE=y
++ CONFIG_ARM_NR_BANKS=8
++ CONFIG_MULTI_IRQ_HANDLER=y
++ CONFIG_ARM_AMBA=y
++ CONFIG_HAVE_SMP=y
++ CONFIG_SMP=y
++ CONFIG_SMP_ON_UP=y
++ CONFIG_ARM_CPU_TOPOLOGY=y
++ CONFIG_HAVE_ARM_SCU=y
++ CONFIG_VMSPLIT_3G=y
++ CONFIG_PAGE_OFFSET=0xC0000000
++ CONFIG_NR_CPUS=4
++ CONFIG_HOTPLUG_CPU=y
++ CONFIG_LOCAL_TIMERS=y
++ CONFIG_ARCH_NR_GPIO=0
++ CONFIG_PREEMPT_NONE=y
++ CONFIG_HZ=1000
++ CONFIG_SCHED_HRTICK=y
++ CONFIG_AEABI=y
++ CONFIG_OABI_COMPAT=y
++ CONFIG_HAVE_ARCH_PFN_VALID=y
++ CONFIG_HIGHMEM=y
++ CONFIG_HW_PERF_EVENTS=y
++ CONFIG_VM_MIN_FREE_KBYTES=0
++ CONFIG_VM_OVERCOMMIT_GUESS=0
++ CONFIG_VM_DIRTY_RATIO=20
++ CONFIG_FLATMEM=y
++ CONFIG_FLAT_NODE_MEM_MAP=y
++ CONFIG_HAVE_MEMBLOCK=y
++ CONFIG_MEMORY_ISOLATION=y
++ CONFIG_PAGEFLAGS_EXTENDED=y
++ CONFIG_SPLIT_PTLOCK_CPUS=4
++ CONFIG_MIGRATION=y
++ CONFIG_ZONE_DMA_FLAG=0
++ CONFIG_BOUNCE=y
++ CONFIG_KSM=y
++ CONFIG_DEFAULT_MMAP_MIN_ADDR=4096
++ CONFIG_CROSS_MEMORY_ATTACH=y
++ CONFIG_FORCE_MAX_ZONEORDER=11
++ CONFIG_ALIGNMENT_TRAP=y
++ CONFIG_CC_STACKPROTECTOR=y
++ CONFIG_ATAGS=y
++ CONFIG_ZBOOT_ROM_TEXT=0x00008000
++ CONFIG_ZBOOT_ROM_BSS=0x00008000
++ CONFIG_CMDLINE='mem=128M console=ttyAMA0,115200 console=ttyMTD,blackbox'
++ CONFIG_CMDLINE_FROM_BOOTLOADER=y
++ CONFIG_CPU_FREQ=y
++ CONFIG_CPU_FREQ_TABLE=y
++ CONFIG_CPU_FREQ_GOV_COMMON=y
++ CONFIG_CPU_FREQ_STAT=y
++ CONFIG_CPU_FREQ_STAT_DETAILS=y
++ CONFIG_CPU_FREQ_DEFAULT_GOV_INTERACTIVE=y
++ CONFIG_CPU_FREQ_GOV_PERFORMANCE=y
++ CONFIG_CPU_FREQ_GOV_POWERSAVE=y
++ CONFIG_CPU_FREQ_GOV_USERSPACE=y
++ CONFIG_CPU_FREQ_GOV_ONDEMAND=y
++ CONFIG_CPU_FREQ_GOV_INTERACTIVE=y
++ CONFIG_CPU_FREQ_GOV_CONSERVATIVE=y
++ CONFIG_MICRO_FREQUENCY_UP_THRESHOLD=80
++ CONFIG_DEFAULT_GO_HISPEED_LOAD=80
++ CONFIG_DEFAULT_TARGET_LOAD=70
++ CONFIG_FPE_NWFPE=y
++ CONFIG_VFP=y
++ CONFIG_VFPv3=y
++ CONFIG_NEON=y
++ CONFIG_BINFMT_ELF=y
++ CONFIG_ARCH_BINFMT_ELF_RANDOMIZE_PIE=y
++ CONFIG_BINFMT_SCRIPT=y
++ CONFIG_HAVE_AOUT=y
++ CONFIG_COREDUMP=y
++ CONFIG_SUSPEND=y
++ CONFIG_SUSPEND_FREEZER=y
++ CONFIG_HAS_WAKELOCK=y
++ CONFIG_WAKELOCK=y
++ CONFIG_PM_SLEEP=y
++ CONFIG_PM_SLEEP_SMP=y
++ CONFIG_PM_RUNTIME=y
++ CONFIG_PM=y
++ CONFIG_APM_EMULATION=y
++ CONFIG_PM_CLK=y
++ CONFIG_CPU_PM=y
++ CONFIG_ARCH_SUSPEND_POSSIBLE=y
++ CONFIG_ARM_CPU_SUSPEND=y
++ CONFIG_NET=y
++ CONFIG_PACKET=y
++ CONFIG_PACKET_DIAG=y
++ CONFIG_UNIX=y
++ CONFIG_UNIX_DIAG=y
++ CONFIG_XFRM=y
++ CONFIG_XFRM_ALGO=y
++ CONFIG_XFRM_STATISTICS=y
++ CONFIG_INET=y
++ CONFIG_IP_MULTICAST=y
++ CONFIG_IP_ADVANCED_ROUTER=y
++ CONFIG_IP_FIB_TRIE_STATS=y
++ CONFIG_IP_MULTIPLE_TABLES=y
++ CONFIG_IP_ROUTE_MULTIPATH=y
++ CONFIG_IP_ROUTE_VERBOSE=y
++ CONFIG_IP_ROUTE_CLASSID=y
++ CONFIG_NET_IPIP=y
++ CONFIG_NET_IPGRE_DEMUX=y
++ CONFIG_NET_IP_TUNNEL=y
++ CONFIG_NET_IPGRE=y
++ CONFIG_ARPD=y
++ CONFIG_SYN_COOKIES=y
++ CONFIG_INET_AH=y
++ CONFIG_INET_ESP=y
++ CONFIG_INET_TUNNEL=y
++ CONFIG_INET_XFRM_MODE_TRANSPORT=y
++ CONFIG_INET_XFRM_MODE_TUNNEL=y
++ CONFIG_INET_XFRM_MODE_BEET=y
++ CONFIG_INET_LRO=y
++ CONFIG_INET_DIAG=y
++ CONFIG_INET_TCP_DIAG=y
++ CONFIG_INET_UDP_DIAG=y
++ CONFIG_TCP_CONG_CUBIC=y
++ CONFIG_DEFAULT_TCP_CONG=cubic
++ CONFIG_ANDROID_PARANOID_NETWORK=y
++ CONFIG_NET_ACTIVITY_STATS=y
++ CONFIG_NETFILTER=y
++ CONFIG_NETFILTER_ADVANCED=y
++ CONFIG_BRIDGE_NETFILTER=y
++ CONFIG_NETFILTER_NETLINK=y
++ CONFIG_NETFILTER_NETLINK_ACCT=y
++ CONFIG_NETFILTER_NETLINK_QUEUE=y
++ CONFIG_NETFILTER_NETLINK_LOG=y
++ CONFIG_NF_CONNTRACK=y
++ CONFIG_NF_CONNTRACK_MARK=y
++ CONFIG_NF_CONNTRACK_PROCFS=y
++ CONFIG_NF_CONNTRACK_EVENTS=y
++ CONFIG_NF_CONNTRACK_TIMEOUT=y
++ CONFIG_NF_CONNTRACK_TIMESTAMP=y
++ CONFIG_NF_CONNTRACK_LABELS=y
++ CONFIG_NF_CT_PROTO_DCCP=y
++ CONFIG_NF_CT_PROTO_GRE=y
++ CONFIG_NF_CT_PROTO_SCTP=y
++ CONFIG_NF_CT_PROTO_UDPLITE=y
++ CONFIG_NF_CONNTRACK_AMANDA=y
++ CONFIG_NF_CONNTRACK_FTP=y
++ CONFIG_NF_CONNTRACK_H323=y
++ CONFIG_NF_CONNTRACK_IRC=y
++ CONFIG_NF_CONNTRACK_BROADCAST=y
++ CONFIG_NF_CONNTRACK_NETBIOS_NS=y
++ CONFIG_NF_CONNTRACK_SNMP=y
++ CONFIG_NF_CONNTRACK_PPTP=y
++ CONFIG_NF_CONNTRACK_SANE=y
++ CONFIG_NF_CONNTRACK_SIP=y
++ CONFIG_NF_CONNTRACK_TFTP=y
++ CONFIG_NF_CT_NETLINK=y
++ CONFIG_NF_CT_NETLINK_TIMEOUT=y
++ CONFIG_NF_CT_NETLINK_HELPER=y
++ CONFIG_NETFILTER_NETLINK_QUEUE_CT=y
++ CONFIG_NF_NAT=y
++ CONFIG_NF_NAT_NEEDED=y
++ CONFIG_NF_NAT_PROTO_DCCP=y
++ CONFIG_NF_NAT_PROTO_UDPLITE=y
++ CONFIG_NF_NAT_PROTO_SCTP=y
++ CONFIG_NF_NAT_AMANDA=y
++ CONFIG_NF_NAT_FTP=y
++ CONFIG_NF_NAT_IRC=y
++ CONFIG_NF_NAT_SIP=y
++ CONFIG_NF_NAT_TFTP=y
++ CONFIG_NETFILTER_XTABLES=y
++ CONFIG_NETFILTER_XT_MARK=y
++ CONFIG_NETFILTER_XT_CONNMARK=y
++ CONFIG_NETFILTER_XT_TARGET_CLASSIFY=y
++ CONFIG_NETFILTER_XT_TARGET_CONNMARK=y
++ CONFIG_NETFILTER_XT_TARGET_HL=y
++ CONFIG_NETFILTER_XT_TARGET_HMARK=y
++ CONFIG_NETFILTER_XT_TARGET_IDLETIMER=y
++ CONFIG_NETFILTER_XT_TARGET_LED=y
++ CONFIG_NETFILTER_XT_TARGET_LOG=y
++ CONFIG_NETFILTER_XT_TARGET_MARK=y
++ CONFIG_NETFILTER_XT_TARGET_NETMAP=y
++ CONFIG_NETFILTER_XT_TARGET_NFLOG=y
++ CONFIG_NETFILTER_XT_TARGET_NFQUEUE=y
++ CONFIG_NETFILTER_XT_TARGET_RATEEST=y
++ CONFIG_NETFILTER_XT_TARGET_REDIRECT=y
++ CONFIG_NETFILTER_XT_TARGET_TEE=y
++ CONFIG_NETFILTER_XT_TARGET_TCPMSS=y
++ CONFIG_NETFILTER_XT_MATCH_ADDRTYPE=y
++ CONFIG_NETFILTER_XT_MATCH_BPF=y
++ CONFIG_NETFILTER_XT_MATCH_CLUSTER=y
++ CONFIG_NETFILTER_XT_MATCH_COMMENT=y
++ CONFIG_NETFILTER_XT_MATCH_CONNBYTES=y
++ CONFIG_NETFILTER_XT_MATCH_CONNLABEL=y
++ CONFIG_NETFILTER_XT_MATCH_CONNLIMIT=y
++ CONFIG_NETFILTER_XT_MATCH_CONNMARK=y
++ CONFIG_NETFILTER_XT_MATCH_CONNTRACK=y
++ CONFIG_NETFILTER_XT_MATCH_CPU=y
++ CONFIG_NETFILTER_XT_MATCH_DCCP=y
++ CONFIG_NETFILTER_XT_MATCH_DEVGROUP=y
++ CONFIG_NETFILTER_XT_MATCH_DSCP=y
++ CONFIG_NETFILTER_XT_MATCH_ECN=y
++ CONFIG_NETFILTER_XT_MATCH_ESP=y
++ CONFIG_NETFILTER_XT_MATCH_HASHLIMIT=y
++ CONFIG_NETFILTER_XT_MATCH_HELPER=y
++ CONFIG_NETFILTER_XT_MATCH_HL=y
++ CONFIG_NETFILTER_XT_MATCH_IPRANGE=y
++ CONFIG_NETFILTER_XT_MATCH_LENGTH=y
++ CONFIG_NETFILTER_XT_MATCH_LIMIT=y
++ CONFIG_NETFILTER_XT_MATCH_MAC=y
++ CONFIG_NETFILTER_XT_MATCH_MARK=y
++ CONFIG_NETFILTER_XT_MATCH_MULTIPORT=y
++ CONFIG_NETFILTER_XT_MATCH_NFACCT=y
++ CONFIG_NETFILTER_XT_MATCH_OSF=y
++ CONFIG_NETFILTER_XT_MATCH_OWNER=y
++ CONFIG_NETFILTER_XT_MATCH_POLICY=y
++ CONFIG_NETFILTER_XT_MATCH_PHYSDEV=y
++ CONFIG_NETFILTER_XT_MATCH_PKTTYPE=y
++ CONFIG_NETFILTER_XT_MATCH_QUOTA=y
++ CONFIG_NETFILTER_XT_MATCH_QUOTA2=y
++ CONFIG_NETFILTER_XT_MATCH_RATEEST=y
++ CONFIG_NETFILTER_XT_MATCH_REALM=y
++ CONFIG_NETFILTER_XT_MATCH_RECENT=y
++ CONFIG_NETFILTER_XT_MATCH_SCTP=y
++ CONFIG_NETFILTER_XT_MATCH_STATE=y
++ CONFIG_NETFILTER_XT_MATCH_STATISTIC=y
++ CONFIG_NETFILTER_XT_MATCH_STRING=y
++ CONFIG_NETFILTER_XT_MATCH_TCPMSS=y
++ CONFIG_NETFILTER_XT_MATCH_TIME=y
++ CONFIG_NETFILTER_XT_MATCH_U32=y
++ CONFIG_IP_SET=y
++ CONFIG_IP_SET_MAX=512
++ CONFIG_IP_SET_BITMAP_IP=y
++ CONFIG_IP_SET_BITMAP_IPMAC=y
++ CONFIG_IP_SET_BITMAP_PORT=y
++ CONFIG_IP_SET_HASH_IP=y
++ CONFIG_IP_SET_HASH_IPPORT=y
++ CONFIG_IP_SET_HASH_IPPORTIP=y
++ CONFIG_IP_SET_HASH_IPPORTNET=y
++ CONFIG_IP_SET_HASH_NET=y
++ CONFIG_IP_SET_HASH_NETPORT=y
++ CONFIG_IP_SET_HASH_NETIFACE=y
++ CONFIG_IP_SET_LIST_SET=y
++ CONFIG_NF_DEFRAG_IPV4=y
++ CONFIG_NF_CONNTRACK_IPV4=y
++ CONFIG_NF_CONNTRACK_PROC_COMPAT=y
++ CONFIG_IP_NF_IPTABLES=y
++ CONFIG_IP_NF_MATCH_AH=y
++ CONFIG_IP_NF_MATCH_ECN=y
++ CONFIG_IP_NF_MATCH_RPFILTER=y
++ CONFIG_IP_NF_MATCH_TTL=y
++ CONFIG_IP_NF_FILTER=y
++ CONFIG_IP_NF_TARGET_REJECT=y
++ CONFIG_IP_NF_TARGET_REJECT_SKERR=y
++ CONFIG_IP_NF_TARGET_ULOG=y
++ CONFIG_NF_NAT_IPV4=y
++ CONFIG_IP_NF_TARGET_MASQUERADE=y
++ CONFIG_IP_NF_TARGET_NETMAP=y
++ CONFIG_IP_NF_TARGET_REDIRECT=y
++ CONFIG_NF_NAT_SNMP_BASIC=y
++ CONFIG_NF_NAT_PROTO_GRE=y
++ CONFIG_NF_NAT_PPTP=y
++ CONFIG_NF_NAT_H323=y
++ CONFIG_IP_NF_MANGLE=y
++ CONFIG_IP_NF_TARGET_CLUSTERIP=y
++ CONFIG_IP_NF_TARGET_ECN=y
++ CONFIG_IP_NF_TARGET_TTL=y
++ CONFIG_IP_NF_RAW=y
++ CONFIG_IP_NF_ARPTABLES=y
++ CONFIG_IP_NF_ARPFILTER=y
++ CONFIG_IP_NF_ARP_MANGLE=y
++ CONFIG_BRIDGE_NF_EBTABLES=y
++ CONFIG_BRIDGE_EBT_BROUTE=y
++ CONFIG_BRIDGE_EBT_T_FILTER=y
++ CONFIG_BRIDGE_EBT_T_NAT=y
++ CONFIG_BRIDGE_EBT_802_3=y
++ CONFIG_BRIDGE_EBT_AMONG=y
++ CONFIG_BRIDGE_EBT_ARP=y
++ CONFIG_BRIDGE_EBT_IP=y
++ CONFIG_BRIDGE_EBT_LIMIT=y
++ CONFIG_BRIDGE_EBT_MARK=y
++ CONFIG_BRIDGE_EBT_PKTTYPE=y
++ CONFIG_BRIDGE_EBT_STP=y
++ CONFIG_BRIDGE_EBT_VLAN=y
++ CONFIG_BRIDGE_EBT_ARPREPLY=y
++ CONFIG_BRIDGE_EBT_DNAT=y
++ CONFIG_BRIDGE_EBT_MARK_T=y
++ CONFIG_BRIDGE_EBT_REDIRECT=y
++ CONFIG_BRIDGE_EBT_SNAT=y
++ CONFIG_BRIDGE_EBT_LOG=y
++ CONFIG_BRIDGE_EBT_ULOG=y
++ CONFIG_BRIDGE_EBT_NFLOG=y
++ CONFIG_STP=y
++ CONFIG_BRIDGE=y
++ CONFIG_BRIDGE_IGMP_SNOOPING=y
++ CONFIG_BRIDGE_VLAN_FILTERING=y
++ CONFIG_HAVE_NET_DSA=y
++ CONFIG_VLAN_8021Q=y
++ CONFIG_LLC=y
++ CONFIG_RPS=y
++ CONFIG_RFS_ACCEL=y
++ CONFIG_XPS=y
++ CONFIG_BQL=y
++ CONFIG_BPF_JIT=y
++ CONFIG_BT=y
++ CONFIG_BT_RFCOMM=y
++ CONFIG_BT_RFCOMM_TTY=y
++ CONFIG_BT_BNEP=y
++ CONFIG_BT_BNEP_MC_FILTER=y
++ CONFIG_BT_BNEP_PROTO_FILTER=y
++ CONFIG_BT_HIDP=y
++ CONFIG_BT_HCIBTUSB=y
++ CONFIG_FIB_RULES=y
++ CONFIG_WIRELESS=y
++ CONFIG_WIRELESS_EXT=y
++ CONFIG_WEXT_CORE=y
++ CONFIG_WEXT_PROC=y
++ CONFIG_WEXT_PRIV=y
++ CONFIG_CFG80211=m
++ CONFIG_CFG80211_DEFAULT_PS=y
++ CONFIG_CFG80211_WEXT=y
++ CONFIG_MAC80211=m
++ CONFIG_MAC80211_HAS_RC=y
++ CONFIG_MAC80211_RC_MINSTREL=y
++ CONFIG_MAC80211_RC_MINSTREL_HT=y
++ CONFIG_MAC80211_RC_DEFAULT_MINSTREL=y
++ CONFIG_MAC80211_RC_DEFAULT=minstrel_ht
++ CONFIG_MAC80211_MESH=y
++ CONFIG_MAC80211_LEDS=y
++ CONFIG_RFKILL=y
++ CONFIG_RFKILL_PM=y
++ CONFIG_RFKILL_LEDS=y
++ CONFIG_RFKILL_INPUT=y
++ CONFIG_HAVE_BPF_JIT=y
++ CONFIG_UEVENT_HELPER_PATH=/sbin/hotplug
++ CONFIG_STANDALONE=y
++ CONFIG_FW_LOADER=y
++ CONFIG_FIRMWARE_IN_KERNEL=y
++ CONFIG_EXTRA_FIRMWARE=
++ CONFIG_FW_LOADER_USER_HELPER=y
++ CONFIG_DMA_SHARED_BUFFER=y
++ CONFIG_CMA=y
++ CONFIG_CMA_SIZE_MBYTES=4
++ CONFIG_CMA_SIZE_SEL_MBYTES=y
++ CONFIG_CMA_ALIGNMENT=8
++ CONFIG_CMA_AREAS=7
++ CONFIG_MTD=y
++ CONFIG_MTD_CMDLINE_PARTS=y
++ CONFIG_MTD_PART_CHANGE=y
++ CONFIG_MTD_BLKDEVS=y
++ CONFIG_MTD_BLOCK=y
++ CONFIG_MTD_BLOCK_ROMBLOCK=y
++ CONFIG_MTD_MAP_BANK_WIDTH_1=y
++ CONFIG_MTD_MAP_BANK_WIDTH_2=y
++ CONFIG_MTD_MAP_BANK_WIDTH_4=y
++ CONFIG_MTD_CFI_I1=y
++ CONFIG_MTD_CFI_I2=y
++ CONFIG_MTD_BLOCK2MTD=y
++ CONFIG_MTD_SPI_IDS=y
++ CONFIG_MTD_HISFC350=y
++ CONFIG_HISFC350_SYSCTRL_ADDRESS=0xf8a22000
++ CONFIG_HISFC350_BUFFER_BASE_ADDRESS=0xfa000000
++ CONFIG_HISFC350_REG_BASE_ADDRESS=0xf9800000
++ CONFIG_HISFC350_CHIP_NUM=2
++ CONFIG_MTD_NAND_IDS=y
++ CONFIG_MTD_NAND_ECC=y
++ CONFIG_MTD_NAND=y
++ CONFIG_MTD_NAND_HINFC610=y
++ CONFIG_HINFC610_MAX_CHIP=1
++ CONFIG_HINFC610_DBG_NAND_DEBUG=y
++ CONFIG_HINFC610_DBG_NAND_DUMP=y
++ CONFIG_HINFC610_DBG_NAND_ERASE_COUNT=y
++ CONFIG_HINFC610_DBG_NAND_ECC_COUNT=y
++ CONFIG_HINFC610_DBG_NAND_READ_RETRY=y
++ CONFIG_HINFC610_AUTO_PAGESIZE_ECC=y
++ CONFIG_MTD_UBI=y
++ CONFIG_MTD_UBI_WL_THRESHOLD=128
++ CONFIG_MTD_UBI_BEB_LIMIT=20
++ CONFIG_BLK_DEV=y
++ CONFIG_BLK_DEV_LOOP=y
++ CONFIG_BLK_DEV_LOOP_MIN_COUNT=8
++ CONFIG_BLK_DEV_RAM=y
++ CONFIG_BLK_DEV_RAM_COUNT=16
++ CONFIG_BLK_DEV_RAM_SIZE=4096
++ CONFIG_SCSI_MOD=y
++ CONFIG_SCSI=y
++ CONFIG_SCSI_DMA=y
++ CONFIG_SCSI_PROC_FS=y
++ CONFIG_BLK_DEV_SD=y
++ CONFIG_SCSI_MULTI_LUN=y
++ CONFIG_SCSI_LOWLEVEL=y
++ CONFIG_HI_SATA=y
++ CONFIG_HI_SATA_IOBASE=0xF9900000
++ CONFIG_HI_SATA_IOSIZE=0x00010000
++ CONFIG_HI_SATA_IRQNUM=102
++ CONFIG_ATA=y
++ CONFIG_ATA_VERBOSE_ERROR=y
++ CONFIG_SATA_PMP=y
++ CONFIG_SATA_AHCI_PLATFORM=m
++ CONFIG_ATA_SFF=y
++ CONFIG_ATA_BMDMA=y
++ CONFIG_NETDEVICES=y
++ CONFIG_NET_CORE=y
++ CONFIG_ETHERNET=y
++ CONFIG_NET_CADENCE=y
++ CONFIG_NET_VENDOR_BROADCOM=y
++ CONFIG_NET_VENDOR_CIRRUS=y
++ CONFIG_NET_VENDOR_FARADAY=y
++ CONFIG_NET_VENDOR_INTEL=y
++ CONFIG_NET_VENDOR_I825XX=y
++ CONFIG_NET_VENDOR_MARVELL=y
++ CONFIG_NET_VENDOR_MICREL=y
++ CONFIG_NET_VENDOR_NATSEMI=y
++ CONFIG_NET_VENDOR_8390=y
++ CONFIG_NET_VENDOR_SEEQ=y
++ CONFIG_NET_VENDOR_SMSC=y
++ CONFIG_NET_VENDOR_STMICRO=y
++ CONFIG_NET_VENDOR_WIZNET=y
++ CONFIG_HIETH_TAG=0x544100ff
++ CONFIG_HIETH_GMAC=y
++ CONFIG_GMAC_NUMS=2
++ CONFIG_ETHADDR_TAG=0x726d6d73
++ CONFIG_HIGMAC_IOBASE=0xf9840000
++ CONFIG_HIGMAC_IRQNUM=103
++ CONFIG_HIGMAC_PHY0_ADDR=1
++ CONFIG_HIGMAC_PHY1_ADDR=2
++ CONFIG_HIGMAC_PHY0_INTERFACE_MODE=1
++ CONFIG_HIGMAC_PHY1_INTERFACE_MODE=1
++ CONFIG_PHYLIB=y
++ CONFIG_PPP=y
++ CONFIG_PPP_BSDCOMP=y
++ CONFIG_PPP_DEFLATE=y
++ CONFIG_PPP_FILTER=y
++ CONFIG_PPP_MULTILINK=y
++ CONFIG_PPP_ASYNC=y
++ CONFIG_PPP_SYNC_TTY=y
++ CONFIG_SLHC=y
++ CONFIG_WLAN=y
++ CONFIG_USB_ZD1201=m
++ CONFIG_ATH_COMMON=m
++ CONFIG_ATH_CARDS=m
++ CONFIG_ATH9K_HW=m
++ CONFIG_ATH9K_COMMON=m
++ CONFIG_ATH9K_BTCOEX_SUPPORT=y
++ CONFIG_ATH9K=m
++ CONFIG_ATH9K_HTC=m
++ CONFIG_INPUT=y
++ CONFIG_INPUT_FF_MEMLESS=y
++ CONFIG_INPUT_MOUSEDEV=y
++ CONFIG_INPUT_MOUSEDEV_PSAUX=y
++ CONFIG_INPUT_MOUSEDEV_SCREEN_X=1024
++ CONFIG_INPUT_MOUSEDEV_SCREEN_Y=768
++ CONFIG_INPUT_JOYDEV=y
++ CONFIG_INPUT_EVDEV=y
++ CONFIG_INPUT_KEYBOARD=y
++ CONFIG_KEYBOARD_ATKBD=y
++ CONFIG_INPUT_MOUSE=y
++ CONFIG_MOUSE_PS2=y
++ CONFIG_MOUSE_PS2_ALPS=y
++ CONFIG_MOUSE_PS2_LOGIPS2PP=y
++ CONFIG_MOUSE_PS2_SYNAPTICS=y
++ CONFIG_MOUSE_PS2_CYPRESS=y
++ CONFIG_MOUSE_PS2_TRACKPOINT=y
++ CONFIG_INPUT_JOYSTICK=y
++ CONFIG_INPUT_MISC=y
++ CONFIG_INPUT_UINPUT=y
++ CONFIG_SERIO=y
++ CONFIG_SERIO_SERPORT=y
++ CONFIG_SERIO_LIBPS2=y
++ CONFIG_GAMEPORT=y
++ CONFIG_TTY=y
++ CONFIG_VT=y
++ CONFIG_CONSOLE_TRANSLATIONS=y
++ CONFIG_VT_CONSOLE=y
++ CONFIG_VT_CONSOLE_SLEEP=y
++ CONFIG_HW_CONSOLE=y
++ CONFIG_UNIX98_PTYS=y
++ CONFIG_DEVMEM=y
++ CONFIG_DEVKMEM=y
++ CONFIG_SERIAL_AMBA_PL011=y
++ CONFIG_SERIAL_AMBA_PL011_CONSOLE=y
++ CONFIG_SERIAL_CORE=y
++ CONFIG_SERIAL_CORE_CONSOLE=y
++ CONFIG_ARCH_HAVE_CUSTOM_GPIO_H=y
++ CONFIG_GPIO_DEVRES=y
++ CONFIG_SSB_POSSIBLE=y
++ CONFIG_BCMA_POSSIBLE=y
++ CONFIG_MEDIA_SUPPORT=y
++ CONFIG_MEDIA_CAMERA_SUPPORT=y
++ CONFIG_VIDEO_DEV=y
++ CONFIG_VIDEO_V4L2=y
++ CONFIG_VIDEOBUF2_CORE=y
++ CONFIG_VIDEOBUF2_MEMOPS=y
++ CONFIG_VIDEOBUF2_VMALLOC=y
++ CONFIG_MEDIA_USB_SUPPORT=y
++ CONFIG_USB_VIDEO_CLASS=y
++ CONFIG_USB_VIDEO_CLASS_INPUT_EVDEV=y
++ CONFIG_USB_GSPCA=m
++ CONFIG_MEDIA_SUBDRV_AUTOSELECT=y
++ CONFIG_FB=y
++ CONFIG_BACKLIGHT_LCD_SUPPORT=y
++ CONFIG_LCD_CLASS_DEVICE=m
++ CONFIG_BACKLIGHT_CLASS_DEVICE=m
++ CONFIG_BACKLIGHT_GENERIC=m
++ CONFIG_DUMMY_CONSOLE=y
++ CONFIG_SOUND=y
++ CONFIG_SND=y
++ CONFIG_SND_TIMER=y
++ CONFIG_SND_PCM=y
++ CONFIG_SND_HWDEP=y
++ CONFIG_SND_RAWMIDI=y
++ CONFIG_SND_COMPRESS_OFFLOAD=y
++ CONFIG_SND_JACK=y
++ CONFIG_SND_SUPPORT_OLD_API=y
++ CONFIG_SND_VERBOSE_PROCFS=y
++ CONFIG_SND_DRIVERS=y
++ CONFIG_SND_ARM=y
++ CONFIG_SND_USB=y
++ CONFIG_SND_USB_AUDIO=y
++ CONFIG_SND_SOC=y
++ CONFIG_HID=y
++ CONFIG_HID_GENERIC=y
++ CONFIG_HID_A4TECH=y
++ CONFIG_HID_APPLE=y
++ CONFIG_HID_BELKIN=y
++ CONFIG_HID_CHERRY=y
++ CONFIG_HID_CHICONY=y
++ CONFIG_HID_CYPRESS=y
++ CONFIG_HID_EZKEY=y
++ CONFIG_HID_KENSINGTON=y
++ CONFIG_HID_LOGITECH=y
++ CONFIG_HID_LOGITECH_DJ=y
++ CONFIG_LOGITECH_FF=y
++ CONFIG_LOGIRUMBLEPAD2_FF=y
++ CONFIG_LOGIG940_FF=y
++ CONFIG_LOGIWHEELS_FF=y
++ CONFIG_HID_MICROSOFT=y
++ CONFIG_HID_MONTEREY=y
++ CONFIG_USB_HID=y
++ CONFIG_USB_ARCH_HAS_OHCI=y
++ CONFIG_USB_ARCH_HAS_EHCI=y
++ CONFIG_USB_ARCH_HAS_XHCI=y
++ CONFIG_USB_SUPPORT=y
++ CONFIG_USB_COMMON=y
++ CONFIG_USB_ARCH_HAS_HCD=y
++ CONFIG_USB=y
++ CONFIG_USB_DEFAULT_PERSIST=y
++ CONFIG_HIUSB_HOST=y
++ CONFIG_HIUSB_XHCI=y
++ CONFIG_HIUSB_XHCI_IOBASE=0xf98a0000
++ CONFIG_HIUSB_XHCI_IOSIZE=0x00010000
++ CONFIG_HIUSB_XHCI_IRQNUM=101
++ CONFIG_HIUSB_EHCI=y
++ CONFIG_HIUSB_EHCI_IOBASE=0xf9890000
++ CONFIG_HIUSB_EHCI_IOSIZE=0x00010000
++ CONFIG_HIUSB_EHCI_IRQNUM=98
++ CONFIG_HIUSB_OHCI=y
++ CONFIG_HIUSB_OHCI_IOBASE=0xf9880000
++ CONFIG_HIUSB_OHCI_IOSIZE=0x00010000
++ CONFIG_HIUSB_OHCI_IRQNUM=99
++ CONFIG_USB_EHCI_HCD=m
++ CONFIG_USB_EHCI_TT_NEWSCHED=y
++ CONFIG_USB_OHCI_HCD=m
++ CONFIG_USB_OHCI_LITTLE_ENDIAN=y
++ CONFIG_USB_WDM=y
++ CONFIG_USB_STORAGE=y
++ CONFIG_USB_SERIAL=y
++ CONFIG_USB_SERIAL_CONSOLE=y
++ CONFIG_USB_SERIAL_GENERIC=y
++ CONFIG_USB_SERIAL_FTDI_SIO=y
++ CONFIG_USB_SERIAL_PL2303=y
++ CONFIG_USB_SERIAL_WWAN=y
++ CONFIG_USB_SERIAL_OPTION=y
++ CONFIG_MMC=y
++ CONFIG_MMC_UNSAFE_RESUME=y
++ CONFIG_MMC_EMBEDDED_SDIO=y
++ CONFIG_MMC_BLOCK=y
++ CONFIG_MMC_BLOCK_MINORS=8
++ CONFIG_MMC_BLOCK_BOUNCE=y
++ CONFIG_HIMCIV200_SDIO_SYNOPSYS=y
++ CONFIG_HIMCIV200_SDIO0_IOBASE=0xF9820000
++ CONFIG_HIMCIV200_SDIO0_INTR=66
++ CONFIG_HIMCIV200_SDIO1_IOBASE=0xF9830000
++ CONFIG_HIMCIV200_SDIO1_INTR=67
++ CONFIG_NEW_LEDS=y
++ CONFIG_LEDS_CLASS=y
++ CONFIG_LEDS_TRIGGERS=y
++ CONFIG_RTC_LIB=y
++ CONFIG_STAGING=y
++ CONFIG_CLKDEV_LOOKUP=y
++ CONFIG_CLKSRC_MMIO=y
++ CONFIG_IOMMU_SUPPORT=y
++ CONFIG_ARM_GIC=y
++ CONFIG_DCACHE_WORD_ACCESS=y
++ CONFIG_EXT2_FS=y
++ CONFIG_EXT2_FS_XATTR=y
++ CONFIG_EXT2_FS_POSIX_ACL=y
++ CONFIG_EXT2_FS_SECURITY=y
++ CONFIG_EXT2_FS_XIP=y
++ CONFIG_EXT3_FS=y
++ CONFIG_EXT3_FS_XATTR=y
++ CONFIG_EXT3_FS_POSIX_ACL=y
++ CONFIG_EXT3_FS_SECURITY=y
++ CONFIG_EXT4_FS=y
++ CONFIG_EXT4_FS_POSIX_ACL=y
++ CONFIG_EXT4_FS_SECURITY=y
++ CONFIG_FS_XIP=y
++ CONFIG_JBD=y
++ CONFIG_JBD2=y
++ CONFIG_FS_MBCACHE=y
++ CONFIG_REISERFS_FS=m
++ CONFIG_REISERFS_CHECK=y
++ CONFIG_REISERFS_PROC_INFO=y
++ CONFIG_REISERFS_FS_XATTR=y
++ CONFIG_REISERFS_FS_POSIX_ACL=y
++ CONFIG_REISERFS_FS_SECURITY=y
++ CONFIG_JFS_FS=m
++ CONFIG_JFS_POSIX_ACL=y
++ CONFIG_JFS_SECURITY=y
++ CONFIG_JFS_DEBUG=y
++ CONFIG_JFS_STATISTICS=y
++ CONFIG_XFS_FS=m
++ CONFIG_XFS_QUOTA=y
++ CONFIG_XFS_POSIX_ACL=y
++ CONFIG_XFS_RT=y
++ CONFIG_FS_POSIX_ACL=y
++ CONFIG_EXPORTFS=m
++ CONFIG_FILE_LOCKING=y
++ CONFIG_FSNOTIFY=y
++ CONFIG_DNOTIFY=y
++ CONFIG_INOTIFY_USER=y
++ CONFIG_QUOTA=y
++ CONFIG_PRINT_QUOTA_WARNING=y
++ CONFIG_QUOTA_TREE=m
++ CONFIG_QFMT_V1=m
++ CONFIG_QFMT_V2=m
++ CONFIG_QUOTACTL=y
++ CONFIG_AUTOFS4_FS=m
++ CONFIG_FUSE_FS=y
++ CONFIG_GENERIC_ACL=y
++ CONFIG_ISO9660_FS=y
++ CONFIG_UDF_FS=y
++ CONFIG_UDF_NLS=y
++ CONFIG_FAT_FS=y
++ CONFIG_MSDOS_FS=y
++ CONFIG_VFAT_FS=y
++ CONFIG_FAT_DEFAULT_CODEPAGE=437
++ CONFIG_FAT_DEFAULT_IOCHARSET=iso8859-1
++ CONFIG_PROC_FS=y
++ CONFIG_PROC_SYSCTL=y
++ CONFIG_PROC_PAGE_MONITOR=y
++ CONFIG_SYSFS=y
++ CONFIG_TMPFS=y
++ CONFIG_TMPFS_POSIX_ACL=y
++ CONFIG_TMPFS_XATTR=y
++ CONFIG_CONFIGFS_FS=y
++ CONFIG_MISC_FILESYSTEMS=y
++ CONFIG_YAFFS_FS=y
++ CONFIG_YAFFS_YAFFS1=y
++ CONFIG_YAFFS_YAFFS2=y
++ CONFIG_YAFFS_AUTO_YAFFS2=y
++ CONFIG_YAFFS_XATTR=y
++ CONFIG_JFFS2_FS=y
++ CONFIG_JFFS2_FS_DEBUG=0
++ CONFIG_JFFS2_FS_WRITEBUFFER=y
++ CONFIG_JFFS2_ZLIB=y
++ CONFIG_JFFS2_RTIME=y
++ CONFIG_UBIFS_FS=y
++ CONFIG_UBIFS_FS_ADVANCED_COMPR=y
++ CONFIG_UBIFS_FS_LZO=y
++ CONFIG_UBIFS_FS_ZLIB=y
++ CONFIG_CRAMFS=y
++ CONFIG_SQUASHFS=y
++ CONFIG_SQUASHFS_ZLIB=y
++ CONFIG_SQUASHFS_LZO=y
++ CONFIG_SQUASHFS_XZ=y
++ CONFIG_SQUASHFS_FRAGMENT_CACHE_SIZE=3
++ CONFIG_NETWORK_FILESYSTEMS=y
++ CONFIG_NFS_FS=y
++ CONFIG_NFS_V2=y
++ CONFIG_NFS_V3=y
++ CONFIG_NFS_V3_ACL=y
++ CONFIG_LOCKD=y
++ CONFIG_LOCKD_V4=y
++ CONFIG_NFS_ACL_SUPPORT=y
++ CONFIG_NFS_COMMON=y
++ CONFIG_SUNRPC=y
++ CONFIG_NLS=y
++ CONFIG_NLS_DEFAULT=iso8859-1
++ CONFIG_NLS_CODEPAGE_437=y
++ CONFIG_NLS_CODEPAGE_737=m
++ CONFIG_NLS_CODEPAGE_775=m
++ CONFIG_NLS_CODEPAGE_850=m
++ CONFIG_NLS_CODEPAGE_852=m
++ CONFIG_NLS_CODEPAGE_855=m
++ CONFIG_NLS_CODEPAGE_857=m
++ CONFIG_NLS_CODEPAGE_860=m
++ CONFIG_NLS_CODEPAGE_861=m
++ CONFIG_NLS_CODEPAGE_862=m
++ CONFIG_NLS_CODEPAGE_863=m
++ CONFIG_NLS_CODEPAGE_864=m
++ CONFIG_NLS_CODEPAGE_865=m
++ CONFIG_NLS_CODEPAGE_866=m
++ CONFIG_NLS_CODEPAGE_869=m
++ CONFIG_NLS_CODEPAGE_936=y
++ CONFIG_NLS_CODEPAGE_950=m
++ CONFIG_NLS_CODEPAGE_932=m
++ CONFIG_NLS_CODEPAGE_949=m
++ CONFIG_NLS_CODEPAGE_874=m
++ CONFIG_NLS_ISO8859_8=m
++ CONFIG_NLS_CODEPAGE_1250=m
++ CONFIG_NLS_CODEPAGE_1251=m
++ CONFIG_NLS_ASCII=y
++ CONFIG_NLS_ISO8859_1=y
++ CONFIG_NLS_ISO8859_2=m
++ CONFIG_NLS_ISO8859_3=m
++ CONFIG_NLS_ISO8859_4=m
++ CONFIG_NLS_ISO8859_5=m
++ CONFIG_NLS_ISO8859_6=m
++ CONFIG_NLS_ISO8859_7=m
++ CONFIG_NLS_ISO8859_9=m
++ CONFIG_NLS_ISO8859_13=m
++ CONFIG_NLS_ISO8859_14=m
++ CONFIG_NLS_ISO8859_15=m
++ CONFIG_NLS_KOI8_R=m
++ CONFIG_NLS_KOI8_U=m
++ CONFIG_NLS_UTF8=y
++ CONFIG_DEFAULT_MESSAGE_LOGLEVEL=4
++ CONFIG_ENABLE_WARN_DEPRECATED=y
++ CONFIG_ENABLE_MUST_CHECK=y
++ CONFIG_FRAME_WARN=1024
++ CONFIG_MAGIC_SYSRQ=y
++ CONFIG_DEBUG_FS=y
++ CONFIG_PANIC_ON_OOPS_VALUE=0
++ CONFIG_HAVE_DEBUG_KMEMLEAK=y
++ CONFIG_STACKTRACE=y
++ CONFIG_DEBUG_BUGVERBOSE=y
++ CONFIG_DEBUG_MEMORY_INIT=y
++ CONFIG_FRAME_POINTER=y
++ CONFIG_RCU_CPU_STALL_TIMEOUT=60
++ CONFIG_NOP_TRACER=y
++ CONFIG_HAVE_FUNCTION_TRACER=y
++ CONFIG_HAVE_FUNCTION_GRAPH_TRACER=y
++ CONFIG_HAVE_DYNAMIC_FTRACE=y
++ CONFIG_HAVE_FTRACE_MCOUNT_RECORD=y
++ CONFIG_HAVE_SYSCALL_TRACEPOINTS=y
++ CONFIG_HAVE_C_RECORDMCOUNT=y
++ CONFIG_TRACE_CLOCK=y
++ CONFIG_RING_BUFFER=y
++ CONFIG_EVENT_TRACING=y
++ CONFIG_CONTEXT_SWITCH_TRACER=y
++ CONFIG_RING_BUFFER_ALLOW_SWAP=y
++ CONFIG_TRACING=y
++ CONFIG_GENERIC_TRACER=y
++ CONFIG_TRACING_SUPPORT=y
++ CONFIG_FTRACE=y
++ CONFIG_FUNCTION_TRACER=y
++ CONFIG_FUNCTION_GRAPH_TRACER=y
++ CONFIG_BRANCH_PROFILE_NONE=y
++ CONFIG_DYNAMIC_FTRACE=y
++ CONFIG_FTRACE_MCOUNT_RECORD=y
++ CONFIG_HAVE_ARCH_KGDB=y
++ CONFIG_ARM_UNWIND=y
++ CONFIG_OLD_MCOUNT=y
++ CONFIG_DEBUG_USER=y
++ CONFIG_DEBUG_LL_INCLUDE=mach/debug-macro.S
++ CONFIG_UNCOMPRESS_INCLUDE=mach/uncompress.h
++ CONFIG_DEFAULT_SECURITY_DAC=y
++ CONFIG_DEFAULT_SECURITY=
++ CONFIG_CRYPTO=y
++ CONFIG_CRYPTO_ALGAPI=y
++ CONFIG_CRYPTO_ALGAPI2=y
++ CONFIG_CRYPTO_AEAD=y
++ CONFIG_CRYPTO_AEAD2=y
++ CONFIG_CRYPTO_BLKCIPHER=y
++ CONFIG_CRYPTO_BLKCIPHER2=y
++ CONFIG_CRYPTO_HASH=y
++ CONFIG_CRYPTO_HASH2=y
++ CONFIG_CRYPTO_RNG2=y
++ CONFIG_CRYPTO_PCOMP2=y
++ CONFIG_CRYPTO_MANAGER=y
++ CONFIG_CRYPTO_MANAGER2=y
++ CONFIG_CRYPTO_MANAGER_DISABLE_TESTS=y
++ CONFIG_CRYPTO_WORKQUEUE=y
++ CONFIG_CRYPTO_AUTHENC=y
++ CONFIG_CRYPTO_CBC=y
++ CONFIG_CRYPTO_ECB=y
++ CONFIG_CRYPTO_HMAC=y
++ CONFIG_CRYPTO_CRC32C=y
++ CONFIG_CRYPTO_MD5=y
++ CONFIG_CRYPTO_SHA1=y
++ CONFIG_CRYPTO_SHA256=y
++ CONFIG_CRYPTO_AES=y
++ CONFIG_CRYPTO_ARC4=y
++ CONFIG_CRYPTO_DES=y
++ CONFIG_CRYPTO_DEFLATE=y
++ CONFIG_CRYPTO_LZO=y
++ CONFIG_CRYPTO_HW=y
++ CONFIG_BINARY_PRINTF=y
++ CONFIG_BITREVERSE=y
++ CONFIG_GENERIC_STRNCPY_FROM_USER=y
++ CONFIG_GENERIC_STRNLEN_USER=y
++ CONFIG_GENERIC_PCI_IOMAP=y
++ CONFIG_GENERIC_IO=y
++ CONFIG_CRC_CCITT=y
++ CONFIG_CRC16=y
++ CONFIG_CRC_ITU_T=y
++ CONFIG_CRC32=y
++ CONFIG_CRC32_SLICEBY8=y
++ CONFIG_LIBCRC32C=y
++ CONFIG_ZLIB_INFLATE=y
++ CONFIG_ZLIB_DEFLATE=y
++ CONFIG_LZO_COMPRESS=y
++ CONFIG_LZO_DECOMPRESS=y
++ CONFIG_XZ_DEC=y
++ CONFIG_XZ_DEC_X86=y
++ CONFIG_XZ_DEC_POWERPC=y
++ CONFIG_XZ_DEC_IA64=y
++ CONFIG_XZ_DEC_ARM=y
++ CONFIG_XZ_DEC_ARMTHUMB=y
++ CONFIG_XZ_DEC_SPARC=y
++ CONFIG_XZ_DEC_BCJ=y
++ CONFIG_DECOMPRESS_GZIP=y
++ CONFIG_DECOMPRESS_BZIP2=y
++ CONFIG_DECOMPRESS_LZMA=y
++ CONFIG_DECOMPRESS_XZ=y
++ CONFIG_DECOMPRESS_LZO=y
++ CONFIG_GENERIC_ALLOCATOR=y
++ CONFIG_TEXTSEARCH=y
++ CONFIG_TEXTSEARCH_KMP=y
++ CONFIG_TEXTSEARCH_BM=y
++ CONFIG_TEXTSEARCH_FSM=y
++ CONFIG_HAS_IOMEM=y
++ CONFIG_HAS_IOPORT=y
++ CONFIG_HAS_DMA=y
++ CONFIG_CPU_RMAP=y
++ CONFIG_DQL=y
++ CONFIG_NLATTR=y
++ CONFIG_ARCH_HAS_ATOMIC64_DEC_IF_POSITIVE=y
++ CONFIG_AVERAGE=y
+ info LD vmlinux.o
+ '[' '' '!=' silent_ ']'
+ printf '  %-7s %s\n' LD vmlinux.o
  LD      vmlinux.o
+ modpost_link vmlinux.o
+ arm-hisiv200-linux-ld -EL -r -o vmlinux.o arch/arm/kernel/head.o init/built-in.o --start-group usr/built-in.o arch/arm/nwfpe/built-in.o arch/arm/vfp/built-in.o arch/arm/kernel/built-in.o arch/arm/mm/built-in.o arch/arm/common/built-in.o arch/arm/net/built-in.o arch/arm/crypto/built-in.o arch/arm/mach-s40/built-in.o kernel/built-in.o mm/built-in.o fs/built-in.o ipc/built-in.o security/built-in.o crypto/built-in.o block/built-in.o arch/arm/lib/lib.a lib/lib.a arch/arm/lib/built-in.o lib/built-in.o drivers/built-in.o sound/built-in.o firmware/built-in.o arch/arm/oprofile/built-in.o net/built-in.o --end-group
+ make -f /home/liujingfei/project/histb_project_v2_Apr9/histb/source/kernel/linux-3.10.y/scripts/Makefile.modpost vmlinux.o
  scripts/mod/modpost   -o /home/liujingfei/project/histb_project_v2_Apr9/histb/source/kernel/linux-3.10.y/Module.symvers    -S  vmlinux.o
WARNING: modpost: Found 5 section mismatch(es).
To see full details build your kernel with:
'make CONFIG_DEBUG_SECTION_MISMATCH=y'
+ info GEN .version
+ '[' '' '!=' silent_ ']'
+ printf '  %-7s %s\n' GEN .version
  GEN     .version
+ '[' '!' -r .version ']'
+ mv .version .old_version
++ cat .old_version
+ expr 03 + 1
+ make -f /home/liujingfei/project/histb_project_v2_Apr9/histb/source/kernel/linux-3.10.y/scripts/Makefile.build obj=init
/bin/sh /home/liujingfei/project/histb_project_v2_Apr9/histb/source/kernel/linux-3.10.y/scripts/mkcompile_h include/generated/compile.h \
	"arm" "y" "" "arm-hisiv200-linux-gcc -Wall -Wundef -Wstrict-prototypes -Wno-trigraphs -fno-strict-aliasing -fno-common -Werror-implicit-function-declaration -Wno-format-security -fno-delete-null-pointer-checks -O2 -fno-dwarf2-cfi-asm -fno-omit-frame-pointer -mapcs -mno-sched-prolog -fstack-protector -mabi=aapcs-linux -mno-thumb-interwork -funwind-tables -marm -D__LINUX_ARM_ARCH__=7 -march=armv7-a   -msoft-float -Uarm -Wframe-larger-than=1024  -fno-omit-frame-pointer -fno-optimize-sibling-calls -pg  -Wdeclaration-after-statement -Wno-pointer-sign -fno-strict-overflow -fconserve-stack "
  UPD     include/generated/compile.h
  arm-hisiv200-linux-gcc -Wp,-MD,init/.version.o.d  -nostdinc -isystem /opt/hisi-linux/x86-arm/arm-hisiv200-linux/bin/../lib/gcc/arm-hisiv200-linux-gnueabi/4.4.1/include -I/home/liujingfei/project/histb_project_v2_Apr9/histb/source/kernel/linux-3.10.y/arch/arm/include -Iarch/arm/include/generated  -Iinclude -I/home/liujingfei/project/histb_project_v2_Apr9/histb/source/kernel/linux-3.10.y/arch/arm/include/uapi -Iarch/arm/include/generated/uapi -I/home/liujingfei/project/histb_project_v2_Apr9/histb/source/kernel/linux-3.10.y/include/uapi -Iinclude/generated/uapi -include /home/liujingfei/project/histb_project_v2_Apr9/histb/source/kernel/linux-3.10.y/include/linux/kconfig.h -D__KERNEL__ -mlittle-endian -Iarch/arm/mach-s40/include -Wall -Wundef -Wstrict-prototypes -Wno-trigraphs -fno-strict-aliasing -fno-common -Werror-implicit-function-declaration -Wno-format-security -fno-delete-null-pointer-checks -O2 -fno-dwarf2-cfi-asm -fno-omit-frame-pointer -mapcs -mno-sched-prolog -fstack-protector -mabi=aapcs-linux -mno-thumb-interwork -funwind-tables -marm -D__LINUX_ARM_ARCH__=7 -march=armv7-a -msoft-float -Uarm -Wframe-larger-than=1024 -fno-omit-frame-pointer -fno-optimize-sibling-calls -pg -Wdeclaration-after-statement -Wno-pointer-sign -fno-strict-overflow -fconserve-stack    -D"KBUILD_STR(s)=#s" -D"KBUILD_BASENAME=KBUILD_STR(version)"  -D"KBUILD_MODNAME=KBUILD_STR(version)" -c -o init/version.o init/version.c
  if [ "-pg" = "-pg" ]; then if [ init/version.o != "scripts/mod/empty.o" ]; then /home/liujingfei/project/histb_project_v2_Apr9/histb/source/kernel/linux-3.10.y/scripts/recordmcount  "init/version.o"; fi; fi;
   arm-hisiv200-linux-ld -EL    -r -o init/built-in.o init/main.o init/version.o init/mounts.o init/initramfs.o init/calibrate.o init/init_task.o 
+ kallsymso=
+ kallsyms_vmlinux=
+ '[' -n y ']'
+ kallsymso=.tmp_kallsyms2.o
+ kallsyms_vmlinux=.tmp_vmlinux2
+ vmlinux_link '' .tmp_vmlinux1
+ local lds=/home/liujingfei/project/histb_project_v2_Apr9/histb/source/kernel/linux-3.10.y/arch/arm/kernel/vmlinux.lds
+ '[' arm '!=' um ']'
+ arm-hisiv200-linux-ld -EL -p --no-undefined -X --build-id -o .tmp_vmlinux1 -T /home/liujingfei/project/histb_project_v2_Apr9/histb/source/kernel/linux-3.10.y/arch/arm/kernel/vmlinux.lds arch/arm/kernel/head.o init/built-in.o --start-group usr/built-in.o arch/arm/nwfpe/built-in.o arch/arm/vfp/built-in.o arch/arm/kernel/built-in.o arch/arm/mm/built-in.o arch/arm/common/built-in.o arch/arm/net/built-in.o arch/arm/crypto/built-in.o arch/arm/mach-s40/built-in.o kernel/built-in.o mm/built-in.o fs/built-in.o ipc/built-in.o security/built-in.o crypto/built-in.o block/built-in.o arch/arm/lib/lib.a lib/lib.a arch/arm/lib/built-in.o lib/built-in.o drivers/built-in.o sound/built-in.o firmware/built-in.o arch/arm/oprofile/built-in.o net/built-in.o --end-group
+ kallsyms .tmp_vmlinux1 .tmp_kallsyms1.o
+ info KSYM .tmp_kallsyms1.o
+ '[' '' '!=' silent_ ']'
+ printf '  %-7s %s\n' KSYM .tmp_kallsyms1.o
  KSYM    .tmp_kallsyms1.o
+ local kallsymopt
+ '[' -n '' ']'
+ '[' -n '' ']'
+ local 'aflags=-D__ASSEMBLY__ -mabi=aapcs-linux -mno-thumb-interwork -funwind-tables -marm -D__LINUX_ARM_ARCH__=7 -march=armv7-a  -include asm/unified.h -msoft-float                  		       -nostdinc -isystem /opt/hisi-linux/x86-arm/arm-hisiv200-linux/bin/../lib/gcc/arm-hisiv200-linux-gnueabi/4.4.1/include -I/home/liujingfei/project/histb_project_v2_Apr9/histb/source/kernel/linux-3.10.y/arch/arm/include -Iarch/arm/include/generated  -Iinclude -I/home/liujingfei/project/histb_project_v2_Apr9/histb/source/kernel/linux-3.10.y/arch/arm/include/uapi -Iarch/arm/include/generated/uapi -I/home/liujingfei/project/histb_project_v2_Apr9/histb/source/kernel/linux-3.10.y/include/uapi -Iinclude/generated/uapi -include /home/liujingfei/project/histb_project_v2_Apr9/histb/source/kernel/linux-3.10.y/include/linux/kconfig.h -D__KERNEL__ -mlittle-endian -Iarch/arm/mach-s40/include '
+ scripts/kallsyms
+ arm-hisiv200-linux-gcc -D__ASSEMBLY__ -mabi=aapcs-linux -mno-thumb-interwork -funwind-tables -marm -D__LINUX_ARM_ARCH__=7 -march=armv7-a -include asm/unified.h -msoft-float -nostdinc -isystem /opt/hisi-linux/x86-arm/arm-hisiv200-linux/bin/../lib/gcc/arm-hisiv200-linux-gnueabi/4.4.1/include -I/home/liujingfei/project/histb_project_v2_Apr9/histb/source/kernel/linux-3.10.y/arch/arm/include -Iarch/arm/include/generated -Iinclude -I/home/liujingfei/project/histb_project_v2_Apr9/histb/source/kernel/linux-3.10.y/arch/arm/include/uapi -Iarch/arm/include/generated/uapi -I/home/liujingfei/project/histb_project_v2_Apr9/histb/source/kernel/linux-3.10.y/include/uapi -Iinclude/generated/uapi -include /home/liujingfei/project/histb_project_v2_Apr9/histb/source/kernel/linux-3.10.y/include/linux/kconfig.h -D__KERNEL__ -mlittle-endian -Iarch/arm/mach-s40/include -c -o .tmp_kallsyms1.o -x assembler-with-cpp -
+ vmlinux_link .tmp_kallsyms1.o .tmp_vmlinux2
+ local lds=/home/liujingfei/project/histb_project_v2_Apr9/histb/source/kernel/linux-3.10.y/arch/arm/kernel/vmlinux.lds
+ '[' arm '!=' um ']'
+ arm-hisiv200-linux-ld -EL -p --no-undefined -X --build-id -o .tmp_vmlinux2 -T /home/liujingfei/project/histb_project_v2_Apr9/histb/source/kernel/linux-3.10.y/arch/arm/kernel/vmlinux.lds arch/arm/kernel/head.o init/built-in.o --start-group usr/built-in.o arch/arm/nwfpe/built-in.o arch/arm/vfp/built-in.o arch/arm/kernel/built-in.o arch/arm/mm/built-in.o arch/arm/common/built-in.o arch/arm/net/built-in.o arch/arm/crypto/built-in.o arch/arm/mach-s40/built-in.o kernel/built-in.o mm/built-in.o fs/built-in.o ipc/built-in.o security/built-in.o crypto/built-in.o block/built-in.o arch/arm/lib/lib.a lib/lib.a arch/arm/lib/built-in.o lib/built-in.o drivers/built-in.o sound/built-in.o firmware/built-in.o arch/arm/oprofile/built-in.o net/built-in.o --end-group .tmp_kallsyms1.o
+ kallsyms .tmp_vmlinux2 .tmp_kallsyms2.o
+ info KSYM .tmp_kallsyms2.o
+ '[' '' '!=' silent_ ']'
+ printf '  %-7s %s\n' KSYM .tmp_kallsyms2.o
  KSYM    .tmp_kallsyms2.o
+ local kallsymopt
+ '[' -n '' ']'
+ '[' -n '' ']'
+ local 'aflags=-D__ASSEMBLY__ -mabi=aapcs-linux -mno-thumb-interwork -funwind-tables -marm -D__LINUX_ARM_ARCH__=7 -march=armv7-a  -include asm/unified.h -msoft-float                  		       -nostdinc -isystem /opt/hisi-linux/x86-arm/arm-hisiv200-linux/bin/../lib/gcc/arm-hisiv200-linux-gnueabi/4.4.1/include -I/home/liujingfei/project/histb_project_v2_Apr9/histb/source/kernel/linux-3.10.y/arch/arm/include -Iarch/arm/include/generated  -Iinclude -I/home/liujingfei/project/histb_project_v2_Apr9/histb/source/kernel/linux-3.10.y/arch/arm/include/uapi -Iarch/arm/include/generated/uapi -I/home/liujingfei/project/histb_project_v2_Apr9/histb/source/kernel/linux-3.10.y/include/uapi -Iinclude/generated/uapi -include /home/liujingfei/project/histb_project_v2_Apr9/histb/source/kernel/linux-3.10.y/include/linux/kconfig.h -D__KERNEL__ -mlittle-endian -Iarch/arm/mach-s40/include '
+ arm-hisiv200-linux-nm -n .tmp_vmlinux2
+ scripts/kallsyms
+ arm-hisiv200-linux-gcc -D__ASSEMBLY__ -mabi=aapcs-linux -mno-thumb-interwork -funwind-tables -marm -D__LINUX_ARM_ARCH__=7 -march=armv7-a -include asm/unified.h -msoft-float -nostdinc -isystem /opt/hisi-linux/x86-arm/arm-hisiv200-linux/bin/../lib/gcc/arm-hisiv200-linux-gnueabi/4.4.1/include -I/home/liujingfei/project/histb_project_v2_Apr9/histb/source/kernel/linux-3.10.y/arch/arm/include -Iarch/arm/include/generated -Iinclude -I/home/liujingfei/project/histb_project_v2_Apr9/histb/source/kernel/linux-3.10.y/arch/arm/include/uapi -Iarch/arm/include/generated/uapi -I/home/liujingfei/project/histb_project_v2_Apr9/histb/source/kernel/linux-3.10.y/include/uapi -Iinclude/generated/uapi -include /home/liujingfei/project/histb_project_v2_Apr9/histb/source/kernel/linux-3.10.y/include/linux/kconfig.h -D__KERNEL__ -mlittle-endian -Iarch/arm/mach-s40/include -c -o .tmp_kallsyms2.o -x assembler-with-cpp -
+ '[' -n '' ']'
+ info LD vmlinux
+ '[' '' '!=' silent_ ']'
+ printf '  %-7s %s\n' LD vmlinux
  LD      vmlinux
+ vmlinux_link .tmp_kallsyms2.o vmlinux
+ local lds=/home/liujingfei/project/histb_project_v2_Apr9/histb/source/kernel/linux-3.10.y/arch/arm/kernel/vmlinux.lds
+ '[' arm '!=' um ']'
+ arm-hisiv200-linux-ld -EL -p --no-undefined -X --build-id -o vmlinux -T /home/liujingfei/project/histb_project_v2_Apr9/histb/source/kernel/linux-3.10.y/arch/arm/kernel/vmlinux.lds arch/arm/kernel/head.o init/built-in.o --start-group usr/built-in.o arch/arm/nwfpe/built-in.o arch/arm/vfp/built-in.o arch/arm/kernel/built-in.o arch/arm/mm/built-in.o arch/arm/common/built-in.o arch/arm/net/built-in.o arch/arm/crypto/built-in.o arch/arm/mach-s40/built-in.o kernel/built-in.o mm/built-in.o fs/built-in.o ipc/built-in.o security/built-in.o crypto/built-in.o block/built-in.o arch/arm/lib/lib.a lib/lib.a arch/arm/lib/built-in.o lib/built-in.o drivers/built-in.o sound/built-in.o firmware/built-in.o arch/arm/oprofile/built-in.o net/built-in.o --end-group .tmp_kallsyms2.o
+ '[' -n y ']'
+ info SORTEX vmlinux
+ '[' '' '!=' silent_ ']'
+ printf '  %-7s %s\n' SORTEX vmlinux
  SORTEX  vmlinux
+ sortextable vmlinux
+ /home/liujingfei/project/histb_project_v2_Apr9/histb/source/kernel/linux-3.10.y/scripts/sortextable vmlinux
+ info SYSMAP System.map
+ '[' '' '!=' silent_ ']'
+ printf '  %-7s %s\n' SYSMAP System.map
  SYSMAP  System.map
+ mksysmap vmlinux System.map
+ /bin/sh /home/liujingfei/project/histb_project_v2_Apr9/histb/source/kernel/linux-3.10.y/scripts/mksysmap vmlinux System.map
+ '[' -n y ']'
+ mksysmap .tmp_vmlinux2 .tmp_System.map
+ /bin/sh /home/liujingfei/project/histb_project_v2_Apr9/histb/source/kernel/linux-3.10.y/scripts/mksysmap .tmp_vmlinux2 .tmp_System.map
+ cmp -s System.map .tmp_System.map
+ rm -f .old_version
make -f scripts/Makefile.build obj=arch/arm/boot MACHINE=arch/arm/mach-s40/ arch/arm/boot/uImage
  arm-hisiv200-linux-objcopy -O binary -R .comment -S  vmlinux arch/arm/boot/Image
make -f scripts/Makefile.build obj=arch/arm/boot/compressed arch/arm/boot/compressed/vmlinux
  (cat arch/arm/boot/compressed/../Image | gzip -n -f -9 > arch/arm/boot/compressed/piggy.gzip) || (rm -f arch/arm/boot/compressed/piggy.gzip ; false)
  arm-hisiv200-linux-gcc -Wp,-MD,arch/arm/boot/compressed/.piggy.gzip.o.d  -nostdinc -isystem /opt/hisi-linux/x86-arm/arm-hisiv200-linux/bin/../lib/gcc/arm-hisiv200-linux-gnueabi/4.4.1/include -I/home/liujingfei/project/histb_project_v2_Apr9/histb/source/kernel/linux-3.10.y/arch/arm/include -Iarch/arm/include/generated  -Iinclude -I/home/liujingfei/project/histb_project_v2_Apr9/histb/source/kernel/linux-3.10.y/arch/arm/include/uapi -Iarch/arm/include/generated/uapi -I/home/liujingfei/project/histb_project_v2_Apr9/histb/source/kernel/linux-3.10.y/include/uapi -Iinclude/generated/uapi -include /home/liujingfei/project/histb_project_v2_Apr9/histb/source/kernel/linux-3.10.y/include/linux/kconfig.h -D__KERNEL__ -mlittle-endian -Iarch/arm/mach-s40/include  -D__ASSEMBLY__ -mabi=aapcs-linux -mno-thumb-interwork -funwind-tables -marm -D__LINUX_ARM_ARCH__=7 -march=armv7-a  -include asm/unified.h -msoft-float      -DZIMAGE     -c -o arch/arm/boot/compressed/piggy.gzip.o arch/arm/boot/compressed/piggy.gzip.S
  arm-hisiv200-linux-ld -EL    --defsym _kernel_bss_size=354564 --defsym zreladdr=0x00008000 -p --no-undefined -X -T arch/arm/boot/compressed/vmlinux.lds arch/arm/boot/compressed/head.o arch/arm/boot/compressed/piggy.gzip.o arch/arm/boot/compressed/misc.o arch/arm/boot/compressed/decompress.o arch/arm/boot/compressed/string.o arch/arm/boot/compressed/hyp-stub.o arch/arm/boot/compressed/lib1funcs.o arch/arm/boot/compressed/ashldi3.o -o arch/arm/boot/compressed/vmlinux 
  arm-hisiv200-linux-objcopy -O binary -R .comment -S  arch/arm/boot/compressed/vmlinux arch/arm/boot/zImage
  /bin/sh /home/liujingfei/project/histb_project_v2_Apr9/histb/source/kernel/linux-3.10.y/scripts/mkuboot.sh -A arm -O linux -C none  -T kernel -a 0x02000000 -e 0x02000000 -n 'Linux-3.10.0_s40' -d arch/arm/boot/zImage arch/arm/boot/uImage
Image Name:   Linux-3.10.0_s40
Created:      Wed May  6 15:46:35 2015
Image Type:   ARM Linux Kernel Image (uncompressed)
Data Size:    4817488 Bytes = 4704.58 kB = 4.59 MB
Load Address: 02000000
Entry Point:  02000000
make[2]: Leaving directory `/home/liujingfei/project/histb_project_v2_Apr9/histb/source/kernel/linux-3.10.y'
make -C /home/liujingfei/project/histb_project_v2_Apr9/histb/source/kernel/linux-3.10.y ARCH=arm \
		CROSS_COMPILE=arm-hisiv200-linux- \
		CONFIG_MSP= \
		CONFIG_ADVCA= \
		CFLAGS_KERNEL= AFLAGS_KERNEL= -j 20 modules
make[2]: Entering directory `/home/liujingfei/project/histb_project_v2_Apr9/histb/source/kernel/linux-3.10.y'
rm -f include/config/kernel.release
make -f /home/liujingfei/project/histb_project_v2_Apr9/histb/source/kernel/linux-3.10.y/scripts/Makefile.asm-generic \
	            src=asm obj=arch/arm/include/generated/asm
echo "3.10.0$(/bin/sh /home/liujingfei/project/histb_project_v2_Apr9/histb/source/kernel/linux-3.10.y/scripts/setlocalversion /home/liujingfei/project/histb_project_v2_Apr9/histb/source/kernel/linux-3.10.y)" > include/config/kernel.release
set -e; : '  CHK     include/generated/uapi/linux/version.h'; mkdir -p include/generated/uapi/linux/; 	(echo \#define LINUX_VERSION_CODE 199168; echo '#define KERNEL_VERSION(a,b,c) (((a) << 16) + ((b) << 8) + (c))';) < /home/liujingfei/project/histb_project_v2_Apr9/histb/source/kernel/linux-3.10.y/Makefile > include/generated/uapi/linux/version.h.tmp; if [ -r include/generated/uapi/linux/version.h ] && cmp -s include/generated/uapi/linux/version.h include/generated/uapi/linux/version.h.tmp; then rm -f include/generated/uapi/linux/version.h.tmp; else : '  UPD     include/generated/uapi/linux/version.h'; mv -f include/generated/uapi/linux/version.h.tmp include/generated/uapi/linux/version.h; fi
make -f /home/liujingfei/project/histb_project_v2_Apr9/histb/source/kernel/linux-3.10.y/scripts/Makefile.asm-generic \
	            src=uapi/asm obj=arch/arm/include/generated/uapi/asm
make -f scripts/Makefile.build obj=scripts/basic
make -f scripts/Makefile.modbuiltin obj=init
(cat /dev/null; ) > scripts/basic/modules.order
make -f scripts/Makefile.modbuiltin obj=usr
rm -f .tmp_quiet_recordmcount
make -f scripts/Makefile.modbuiltin obj=arch/arm/nwfpe
make -f scripts/Makefile.modbuiltin obj=arch/arm/vfp
make -f scripts/Makefile.modbuiltin obj=arch/arm/kernel
make -f scripts/Makefile.modbuiltin obj=arch/arm/mm
(for m in ; do echo kernel/$m; done;	\
	cat /dev/null ) > init/modules.builtin
(for m in ; do echo kernel/$m; done;	\
	cat /dev/null ) > arch/arm/vfp/modules.builtin
(for m in ; do echo kernel/$m; done;	\
	cat /dev/null ) > arch/arm/kernel/modules.builtin
(for m in ; do echo kernel/$m; done;	\
	cat /dev/null ) > usr/modules.builtin
(for m in ; do echo kernel/$m; done;	\
	cat /dev/null ) > arch/arm/nwfpe/modules.builtin
make -f scripts/Makefile.modbuiltin obj=arch/arm/common
(for m in ; do echo kernel/$m; done;	\
	cat /dev/null ) > arch/arm/mm/modules.builtin
make -f scripts/Makefile.modbuiltin obj=arch/arm/net
(for m in ; do echo kernel/$m; done;	\
	cat /dev/null ) > arch/arm/common/modules.builtin
make -f scripts/Makefile.modbuiltin obj=arch/arm/crypto
(for m in ; do echo kernel/$m; done;	\
	cat /dev/null ) > arch/arm/net/modules.builtin
make -f scripts/Makefile.modbuiltin obj=arch/arm/mach-s40
(for m in ; do echo kernel/$m; done;	\
	cat /dev/null ) > arch/arm/crypto/modules.builtin
make -f scripts/Makefile.modbuiltin obj=kernel
make -f scripts/Makefile.modbuiltin obj=arch/arm/mach-s40/cpu
make -f scripts/Makefile.modbuiltin obj=mm
make -f scripts/Makefile.modbuiltin obj=arch/arm/mach-s40/cpu/hi3716cv200
make -f scripts/Makefile.modbuiltin obj=arch/arm/mach-s40/cpu/hi3716cv200es
(for m in ; do echo kernel/$m; done;	\
	cat /dev/null ) > arch/arm/mach-s40/cpu/hi3716cv200/modules.builtin
(for m in ; do echo kernel/$m; done;	\
	cat /dev/null ) > arch/arm/mach-s40/cpu/hi3716cv200es/modules.builtin
make -f scripts/Makefile.modbuiltin obj=kernel/cpu
make -f scripts/Makefile.modbuiltin obj=kernel/events
make -f scripts/Makefile.modbuiltin obj=fs
make -f scripts/Makefile.modbuiltin obj=kernel/irq
make -f scripts/Makefile.modbuiltin obj=kernel/power
(for m in ; do echo kernel/$m; done;	\
	cat /dev/null ) > kernel/cpu/modules.builtin
(for m in ; do echo kernel/$m; done;	\
	cat /dev/null ) > mm/modules.builtin
(for m in ; do echo kernel/$m; done;	\
	cat /dev/null ) > kernel/events/modules.builtin
(for m in ; do echo kernel/$m; done;	\
	cat /dev/null ) > kernel/irq/modules.builtin
make -f scripts/Makefile.modbuiltin obj=kernel/sched
(for m in ; do echo kernel/$m; done;	\
	cat /dev/null arch/arm/mach-s40/cpu/hi3716cv200/modules.builtin arch/arm/mach-s40/cpu/hi3716cv200es/modules.builtin) > arch/arm/mach-s40/cpu/modules.builtin
make -f scripts/Makefile.modbuiltin obj=kernel/time
(for m in ; do echo kernel/$m; done;	\
	cat /dev/null ) > kernel/power/modules.builtin
(for m in ; do echo kernel/$m; done;	\
	cat /dev/null ) > kernel/sched/modules.builtin
make -f scripts/Makefile.modbuiltin obj=kernel/trace
make -f scripts/Makefile.modbuiltin obj=ipc
(for m in ; do echo kernel/$m; done;	\
	cat /dev/null arch/arm/mach-s40/cpu/modules.builtin) > arch/arm/mach-s40/modules.builtin
(for m in ; do echo kernel/$m; done;	\
	cat /dev/null ) > kernel/time/modules.builtin
(for m in ; do echo kernel/$m; done;	\
	cat /dev/null ) > kernel/trace/modules.builtin
make -f scripts/Makefile.modbuiltin obj=fs/configfs
make -f scripts/Makefile.modbuiltin obj=fs/cramfs
make -f scripts/Makefile.modbuiltin obj=fs/debugfs
(for m in fs/configfs/configfs.ko; do echo kernel/$m; done;	\
	cat /dev/null ) > fs/configfs/modules.builtin
make -f scripts/Makefile.modbuiltin obj=security
(for m in ; do echo kernel/$m; done;	\
	cat /dev/null kernel/cpu/modules.builtin kernel/events/modules.builtin kernel/irq/modules.builtin kernel/power/modules.builtin kernel/sched/modules.builtin kernel/time/modules.builtin kernel/trace/modules.builtin) > kernel/modules.builtin
make -f scripts/Makefile.modbuiltin obj=fs/devpts
make -f scripts/Makefile.modbuiltin obj=fs/exofs
(for m in ; do echo kernel/$m; done;	\
	cat /dev/null ) > ipc/modules.builtin
(for m in fs/cramfs/cramfs.ko; do echo kernel/$m; done;	\
	cat /dev/null ) > fs/cramfs/modules.builtin
(for m in ; do echo kernel/$m; done;	\
	cat /dev/null ) > fs/debugfs/modules.builtin
make -f scripts/Makefile.modbuiltin obj=fs/ext2
(for m in ; do echo kernel/$m; done;	\
	cat /dev/null ) > fs/devpts/modules.builtin
(for m in ; do echo kernel/$m; done;	\
	cat /dev/null ) > fs/exofs/modules.builtin
make -f scripts/Makefile.modbuiltin obj=crypto
make -f scripts/Makefile.modbuiltin obj=fs/ext3
make -f scripts/Makefile.modbuiltin obj=fs/ext4
(for m in ; do echo kernel/$m; done;	\
	cat /dev/null ) > security/modules.builtin
(for m in fs/ext2/ext2.ko; do echo kernel/$m; done;	\
	cat /dev/null ) > fs/ext2/modules.builtin
make -f scripts/Makefile.modbuiltin obj=fs/fat
(for m in fs/ext3/ext3.ko; do echo kernel/$m; done;	\
	cat /dev/null ) > fs/ext3/modules.builtin
make -f scripts/Makefile.modbuiltin obj=fs/fuse
make -f scripts/Makefile.modbuiltin obj=fs/isofs
(for m in fs/ext4/ext4.ko; do echo kernel/$m; done;	\
	cat /dev/null ) > fs/ext4/modules.builtin
(for m in fs/fat/fat.ko fs/fat/vfat.ko fs/fat/msdos.ko; do echo kernel/$m; done;	\
	cat /dev/null ) > fs/fat/modules.builtin
(for m in fs/fuse/fuse.ko; do echo kernel/$m; done;	\
	cat /dev/null ) > fs/fuse/modules.builtin
make -f scripts/Makefile.modbuiltin obj=fs/jbd
make -f scripts/Makefile.modbuiltin obj=fs/jbd2
make -f scripts/Makefile.modbuiltin obj=fs/jffs2
make -f scripts/Makefile.modbuiltin obj=fs/lockd
(for m in fs/isofs/isofs.ko; do echo kernel/$m; done;	\
	cat /dev/null ) > fs/isofs/modules.builtin
make -f scripts/Makefile.modbuiltin obj=fs/nfs
(for m in fs/jffs2/jffs2.ko; do echo kernel/$m; done;	\
	cat /dev/null ) > fs/jffs2/modules.builtin
(for m in fs/jbd2/jbd2.ko; do echo kernel/$m; done;	\
	cat /dev/null ) > fs/jbd2/modules.builtin
(for m in fs/lockd/lockd.ko; do echo kernel/$m; done;	\
	cat /dev/null ) > fs/lockd/modules.builtin
(for m in fs/jbd/jbd.ko; do echo kernel/$m; done;	\
	cat /dev/null ) > fs/jbd/modules.builtin
(for m in fs/nfs/nfs.ko fs/nfs/nfsv2.ko fs/nfs/nfsv3.ko; do echo kernel/$m; done;	\
	cat /dev/null ) > fs/nfs/modules.builtin
make -f scripts/Makefile.modbuiltin obj=fs/nfs_common
make -f scripts/Makefile.modbuiltin obj=block
(for m in crypto/crypto.ko crypto/crypto_wq.ko crypto/crypto_algapi.ko crypto/aead.ko crypto/crypto_blkcipher.ko crypto/chainiv.ko crypto/eseqiv.ko crypto/crypto_hash.ko crypto/pcompress.ko crypto/cryptomgr.ko crypto/hmac.ko crypto/md5.ko crypto/sha1_generic.ko crypto/sha256_generic.ko crypto/ecb.ko crypto/cbc.ko crypto/des_generic.ko crypto/aes_generic.ko crypto/arc4.ko crypto/deflate.ko crypto/crc32c.ko crypto/authenc.ko crypto/authencesn.ko crypto/lzo.ko crypto/rng.ko crypto/krng.ko; do echo kernel/$m; done;	\
	cat /dev/null ) > crypto/modules.builtin
make -f scripts/Makefile.modbuiltin obj=fs/nls
make -f scripts/Makefile.modbuiltin obj=fs/notify
make -f scripts/Makefile.modbuiltin obj=fs/proc
(for m in fs/nfs_common/nfs_acl.ko; do echo kernel/$m; done;	\
	cat /dev/null ) > fs/nfs_common/modules.builtin
make -f scripts/Makefile.modbuiltin obj=fs/notify/dnotify
(for m in fs/nls/nls_base.ko fs/nls/nls_cp437.ko fs/nls/nls_cp936.ko fs/nls/nls_ascii.ko fs/nls/nls_iso8859-1.ko fs/nls/nls_utf8.ko; do echo kernel/$m; done;	\
	cat /dev/null ) > fs/nls/modules.builtin
make -f scripts/Makefile.modbuiltin obj=fs/quota
make -f scripts/Makefile.modbuiltin obj=fs/notify/fanotify
(for m in ; do echo kernel/$m; done;	\
	cat /dev/null ) > fs/proc/modules.builtin
make -f scripts/Makefile.modbuiltin obj=drivers
make -f scripts/Makefile.modbuiltin obj=fs/ramfs
(for m in ; do echo kernel/$m; done;	\
	cat /dev/null ) > fs/notify/dnotify/modules.builtin
make -f scripts/Makefile.modbuiltin obj=fs/notify/inotify
make -f scripts/Makefile.modbuiltin obj=fs/squashfs
(for m in ; do echo kernel/$m; done;	\
	cat /dev/null ) > fs/quota/modules.builtin
make -f scripts/Makefile.modbuiltin obj=block/partitions
(for m in ; do echo kernel/$m; done;	\
	cat /dev/null ) > fs/notify/fanotify/modules.builtin
(for m in ; do echo kernel/$m; done;	\
	cat /dev/null ) > fs/ramfs/modules.builtin
make -f scripts/Makefile.modbuiltin obj=fs/sysfs
(for m in fs/squashfs/squashfs.ko; do echo kernel/$m; done;	\
	cat /dev/null ) > fs/squashfs/modules.builtin
(for m in ; do echo kernel/$m; done;	\
	cat /dev/null ) > fs/notify/inotify/modules.builtin
(for m in ; do echo kernel/$m; done;	\
	cat /dev/null ) > block/partitions/modules.builtin
make -f scripts/Makefile.modbuiltin obj=fs/ubifs
make -f scripts/Makefile.modbuiltin obj=fs/udf
(for m in ; do echo kernel/$m; done;	\
	cat /dev/null ) > fs/sysfs/modules.builtin
make -f scripts/Makefile.modbuiltin obj=fs/yaffs2
(for m in fs/ubifs/ubifs.ko; do echo kernel/$m; done;	\
	cat /dev/null ) > fs/ubifs/modules.builtin
(for m in fs/udf/udf.ko; do echo kernel/$m; done;	\
	cat /dev/null ) > fs/udf/modules.builtin
(for m in ; do echo kernel/$m; done;	\
	cat /dev/null fs/notify/dnotify/modules.builtin fs/notify/fanotify/modules.builtin fs/notify/inotify/modules.builtin) > fs/notify/modules.builtin
(for m in block/deadline-iosched.ko block/cfq-iosched.ko; do echo kernel/$m; done;	\
	cat /dev/null block/partitions/modules.builtin) > block/modules.builtin
(for m in fs/yaffs2/yaffs.ko; do echo kernel/$m; done;	\
	cat /dev/null ) > fs/yaffs2/modules.builtin
make -f scripts/Makefile.modbuiltin obj=sound
make -f scripts/Makefile.modbuiltin obj=drivers/amba
make -f scripts/Makefile.modbuiltin obj=drivers/ata
(for m in fs/binfmt_script.ko fs/mbcache.ko; do echo kernel/$m; done;	\
	cat /dev/null fs/configfs/modules.builtin fs/cramfs/modules.builtin fs/debugfs/modules.builtin fs/devpts/modules.builtin fs/exofs/modules.builtin fs/ext2/modules.builtin fs/ext3/modules.builtin fs/ext4/modules.builtin fs/fat/modules.builtin fs/fuse/modules.builtin fs/isofs/modules.builtin fs/jbd/modules.builtin fs/jbd2/modules.builtin fs/jffs2/modules.builtin fs/lockd/modules.builtin fs/nfs/modules.builtin fs/nfs_common/modules.builtin fs/nls/modules.builtin fs/notify/modules.builtin fs/proc/modules.builtin fs/quota/modules.builtin fs/ramfs/modules.builtin fs/squashfs/modules.builtin fs/sysfs/modules.builtin fs/ubifs/modules.builtin fs/udf/modules.builtin fs/yaffs2/modules.builtin) > fs/modules.builtin
make -f scripts/Makefile.modbuiltin obj=drivers/auxdisplay
make -f scripts/Makefile.modbuiltin obj=drivers/base
make -f scripts/Makefile.modbuiltin obj=drivers/block
(for m in ; do echo kernel/$m; done;	\
	cat /dev/null ) > drivers/amba/modules.builtin
(for m in ; do echo kernel/$m; done;	\
	cat /dev/null ) > drivers/auxdisplay/modules.builtin
(for m in drivers/ata/libata.ko; do echo kernel/$m; done;	\
	cat /dev/null ) > drivers/ata/modules.builtin
make -f scripts/Makefile.modbuiltin obj=drivers/base/power
make -f scripts/Makefile.modbuiltin obj=drivers/bluetooth
make -f scripts/Makefile.modbuiltin obj=firmware
(for m in drivers/block/brd.ko drivers/block/loop.ko; do echo kernel/$m; done;	\
	cat /dev/null ) > drivers/block/modules.builtin
make -f scripts/Makefile.modbuiltin obj=sound/arm
make -f scripts/Makefile.modbuiltin obj=sound/atmel
(for m in ; do echo kernel/$m; done;	\
	cat /dev/null ) > drivers/base/power/modules.builtin
make -f scripts/Makefile.modbuiltin obj=drivers/bus
(for m in ; do echo kernel/$m; done;	\
	cat /dev/null ) > sound/arm/modules.builtin
make -f scripts/Makefile.modbuiltin obj=sound/core
make -f scripts/Makefile.modbuiltin obj=arch/arm/oprofile
(for m in drivers/bluetooth/btusb.ko; do echo kernel/$m; done;	\
	cat /dev/null ) > drivers/bluetooth/modules.builtin
make -f scripts/Makefile.modbuiltin obj=drivers/cdrom
(for m in ; do echo kernel/$m; done;	\
	cat /dev/null ) > sound/atmel/modules.builtin
make -f scripts/Makefile.modbuiltin obj=sound/drivers
(for m in ; do echo kernel/$m; done;	\
	cat /dev/null ) > drivers/bus/modules.builtin
make -f scripts/Makefile.modbuiltin obj=drivers/char
(for m in drivers/base/firmware_class.ko; do echo kernel/$m; done;	\
	cat /dev/null drivers/base/power/modules.builtin) > drivers/base/modules.builtin
(for m in sound/core/snd.ko sound/core/snd-hwdep.ko sound/core/snd-timer.ko sound/core/snd-pcm.ko sound/core/snd-page-alloc.ko sound/core/snd-rawmidi.ko sound/core/snd-compress.ko; do echo kernel/$m; done;	\
	cat /dev/null ) > sound/core/modules.builtin
make -f scripts/Makefile.modbuiltin obj=drivers/clk
(for m in ; do echo kernel/$m; done;	\
	cat /dev/null ) > drivers/cdrom/modules.builtin
make -f scripts/Makefile.modbuiltin obj=sound/firewire
(for m in drivers/char/apm-emulation.ko; do echo kernel/$m; done;	\
	cat /dev/null ) > drivers/char/modules.builtin
make -f scripts/Makefile.modbuiltin obj=sound/i2c
make -f scripts/Makefile.modbuiltin obj=sound/drivers/mpu401
make -f scripts/Makefile.modbuiltin obj=drivers/clocksource
(for m in ; do echo kernel/$m; done;	\
	cat /dev/null ) > sound/firewire/modules.builtin
(for m in ; do echo kernel/$m; done;	\
	cat /dev/null ) > firmware/modules.builtin
(for m in ; do echo kernel/$m; done;	\
	cat /dev/null ) > drivers/clk/modules.builtin
(for m in ; do echo kernel/$m; done;	\
	cat /dev/null ) > sound/drivers/mpu401/modules.builtin
make -f scripts/Makefile.modbuiltin obj=sound/drivers/opl3
make -f scripts/Makefile.modbuiltin obj=net
make -f scripts/Makefile.modbuiltin obj=sound/isa
make -f scripts/Makefile.modbuiltin obj=drivers/cpufreq
make -f scripts/Makefile.modbuiltin obj=sound/mips
(for m in arch/arm/oprofile/oprofile.ko; do echo kernel/$m; done;	\
	cat /dev/null ) > arch/arm/oprofile/modules.builtin
(for m in ; do echo kernel/$m; done;	\
	cat /dev/null ) > drivers/clocksource/modules.builtin
make -f scripts/Makefile.modbuiltin obj=sound/i2c/other
make -f scripts/Makefile.modbuiltin obj=drivers/crypto
(for m in ; do echo kernel/$m; done;	\
	cat /dev/null ) > sound/drivers/opl3/modules.builtin
make -f scripts/Makefile.modbuiltin obj=sound/drivers/opl4
make -f scripts/Makefile.modbuiltin obj=sound/drivers/pcsp
make -f scripts/Makefile.modbuiltin obj=sound/isa/ad1816a
(for m in drivers/cpufreq/cpufreq_stats.ko drivers/cpufreq/cpufreq_performance.ko drivers/cpufreq/cpufreq_powersave.ko drivers/cpufreq/cpufreq_userspace.ko drivers/cpufreq/cpufreq_ondemand.ko drivers/cpufreq/cpufreq_conservative.ko drivers/cpufreq/cpufreq_interactive.ko drivers/cpufreq/freq_table.ko; do echo kernel/$m; done;	\
	cat /dev/null ) > drivers/cpufreq/modules.builtin
make -f scripts/Makefile.modbuiltin obj=sound/parisc
(for m in ; do echo kernel/$m; done;	\
	cat /dev/null ) > sound/mips/modules.builtin
make -f scripts/Makefile.modbuiltin obj=sound/drivers/vx
make -f scripts/Makefile.modbuiltin obj=sound/pci
(for m in ; do echo kernel/$m; done;	\
	cat /dev/null ) > sound/isa/ad1816a/modules.builtin
(for m in ; do echo kernel/$m; done;	\
	cat /dev/null ) > sound/drivers/pcsp/modules.builtin
(for m in ; do echo kernel/$m; done;	\
	cat /dev/null ) > sound/i2c/other/modules.builtin
make -f scripts/Makefile.modbuiltin obj=sound/isa/ad1848
make -f scripts/Makefile.modbuiltin obj=drivers/firewire
(for m in ; do echo kernel/$m; done;	\
	cat /dev/null ) > sound/parisc/modules.builtin
(for m in ; do echo kernel/$m; done;	\
	cat /dev/null ) > sound/drivers/opl4/modules.builtin
make -f scripts/Makefile.modbuiltin obj=drivers/firmware
(for m in ; do echo kernel/$m; done;	\
	cat /dev/null ) > drivers/crypto/modules.builtin
make -f scripts/Makefile.modbuiltin obj=sound/isa/cs423x
(for m in ; do echo kernel/$m; done;	\
	cat /dev/null ) > sound/drivers/vx/modules.builtin
make -f scripts/Makefile.modbuiltin obj=sound/pci/ac97
make -f scripts/Makefile.modbuiltin obj=sound/pcmcia
(for m in ; do echo kernel/$m; done;	\
	cat /dev/null ) > drivers/firmware/modules.builtin
make -f scripts/Makefile.modbuiltin obj=drivers/gpio
make -f scripts/Makefile.modbuiltin obj=sound/ppc
make -f scripts/Makefile.modbuiltin obj=sound/isa/es1688
make -f scripts/Makefile.modbuiltin obj=arch/arm/lib
(for m in ; do echo kernel/$m; done;	\
	cat /dev/null ) > sound/isa/ad1848/modules.builtin
make -f scripts/Makefile.modbuiltin obj=net/802
make -f scripts/Makefile.modbuiltin obj=drivers/gpu
(for m in ; do echo kernel/$m; done;	\
	cat /dev/null ) > drivers/gpio/modules.builtin
make -f scripts/Makefile.modbuiltin obj=sound/pcmcia/pdaudiocf
(for m in ; do echo kernel/$m; done;	\
	cat /dev/null ) > drivers/firewire/modules.builtin
make -f scripts/Makefile.modbuiltin obj=sound/pci/ali5451
(for m in ; do echo kernel/$m; done;	\
	cat /dev/null ) > sound/isa/cs423x/modules.builtin
(for m in ; do echo kernel/$m; done;	\
	cat /dev/null ) > sound/pci/ac97/modules.builtin
(for m in ; do echo kernel/$m; done;	\
	cat /dev/null ) > sound/ppc/modules.builtin
make -f scripts/Makefile.modbuiltin obj=sound/pcmcia/vx
make -f scripts/Makefile.modbuiltin obj=sound/isa/galaxy
make -f scripts/Makefile.modbuiltin obj=drivers/hid
(for m in ; do echo kernel/$m; done;	\
	cat /dev/null ) > sound/pcmcia/pdaudiocf/modules.builtin
(for m in ; do echo kernel/$m; done;	\
	cat /dev/null sound/i2c/other/modules.builtin) > sound/i2c/modules.builtin
(for m in net/802/p8022.ko net/802/psnap.ko net/802/stp.ko; do echo kernel/$m; done;	\
	cat /dev/null ) > net/802/modules.builtin
make -f scripts/Makefile.modbuiltin obj=drivers/gpu/drm
make -f scripts/Makefile.modbuiltin obj=sound/sh
(for m in ; do echo kernel/$m; done;	\
(for m in ; do echo kernel/$m; done;	\
	cat /dev/null ) > sound/isa/galaxy/modules.builtin
(for m in ; do echo kernel/$m; done;	\
	cat /dev/null ) > sound/isa/es1688/modules.builtin
(for m in ; do echo kernel/$m; done;	\
	cat /dev/null sound/drivers/mpu401/modules.builtin sound/drivers/opl3/modules.builtin sound/drivers/opl4/modules.builtin sound/drivers/pcsp/modules.builtin sound/drivers/vx/modules.builtin) > sound/drivers/modules.builtin
(for m in ; do echo kernel/$m; done;	\
	cat /dev/null ) > sound/pcmcia/vx/modules.builtin
make -f scripts/Makefile.modbuiltin obj=net/8021q
make -f scripts/Makefile.modbuiltin obj=drivers/hsi
make -f scripts/Makefile.modbuiltin obj=sound/soc
make -f scripts/Makefile.modbuiltin obj=drivers/hid/usbhid
make -f scripts/Makefile.modbuiltin obj=sound/pci/asihpi
	cat /dev/null ) > sound/pci/ali5451/modules.builtin
make -f scripts/Makefile.modbuiltin obj=drivers/gpu/drm/i2c
(for m in ; do echo kernel/$m; done;	\
	cat /dev/null ) > sound/sh/modules.builtin
(for m in net/8021q/vlan_core.ko net/8021q/8021q.ko; do echo kernel/$m; done;	\
	cat /dev/null ) > net/8021q/modules.builtin
(for m in ; do echo kernel/$m; done;	\
	cat /dev/null ) > sound/pci/asihpi/modules.builtin
make -f scripts/Makefile.modbuiltin obj=drivers/hsi/clients
(for m in drivers/hid/usbhid/usbhid.ko; do echo kernel/$m; done;	\
	cat /dev/null ) > drivers/hid/usbhid/modules.builtin
make -f scripts/Makefile.modbuiltin obj=sound/pci/au88x0
make -f scripts/Makefile.modbuiltin obj=sound/soc/atmel
(for m in ; do echo kernel/$m; done;	\
	cat /dev/null ) > drivers/gpu/drm/i2c/modules.builtin
make -f scripts/Makefile.modbuiltin obj=net/bluetooth
make -f scripts/Makefile.modbuiltin obj=sound/pci/aw2
make -f scripts/Makefile.modbuiltin obj=drivers/i2c
make -f scripts/Makefile.modbuiltin obj=sound/sparc
make -f scripts/Makefile.modbuiltin obj=sound/isa/gus
(for m in ; do echo kernel/$m; done;	\
	cat /dev/null ) > drivers/hsi/clients/modules.builtin
(for m in ; do echo kernel/$m; done;	\
	cat /dev/null ) > sound/pci/au88x0/modules.builtin
(for m in ; do echo kernel/$m; done;	\
	cat /dev/null sound/pcmcia/pdaudiocf/modules.builtin sound/pcmcia/vx/modules.builtin) > sound/pcmcia/modules.builtin
make -f scripts/Makefile.modbuiltin obj=lib
(for m in ; do echo kernel/$m; done;	\
	cat /dev/null ) > arch/arm/lib/modules.builtin
(for m in ; do echo kernel/$m; done;	\
	cat /dev/null ) > sound/soc/atmel/modules.builtin
make -f scripts/Makefile.modbuiltin obj=net/bluetooth/bnep
make -f scripts/Makefile.modbuiltin obj=sound/spi
make -f scripts/Makefile.modbuiltin obj=drivers/gpu/vga
make -f scripts/Makefile.modbuiltin obj=sound/isa/msnd
(for m in ; do echo kernel/$m; done;	\
	cat /dev/null ) > sound/isa/gus/modules.builtin
make -f scripts/Makefile.modbuiltin obj=drivers/idle
(for m in ; do echo kernel/$m; done;	\
	cat /dev/null ) > sound/sparc/modules.builtin
(for m in ; do echo kernel/$m; done;	\
	cat /dev/null ) > sound/pci/aw2/modules.builtin
make -f scripts/Makefile.modbuiltin obj=drivers/i2c/algos
make -f scripts/Makefile.modbuiltin obj=sound/pci/ca0106
make -f scripts/Makefile.modbuiltin obj=sound/synth
(for m in ; do echo kernel/$m; done;	\
	cat /dev/null ) > sound/isa/msnd/modules.builtin
(for m in ; do echo kernel/$m; done;	\
	cat /dev/null ) > drivers/idle/modules.builtin
make -f scripts/Makefile.modbuiltin obj=drivers/input
(for m in drivers/hid/hid.ko drivers/hid/hid-generic.ko drivers/hid/hid-a4tech.ko drivers/hid/hid-apple.ko drivers/hid/hid-belkin.ko drivers/hid/hid-cherry.ko drivers/hid/hid-chicony.ko drivers/hid/hid-cypress.ko drivers/hid/hid-ezkey.ko drivers/hid/hid-kensington.ko drivers/hid/hid-logitech.ko drivers/hid/hid-logitech-dj.ko drivers/hid/hid-microsoft.ko drivers/hid/hid-monterey.ko; do echo kernel/$m; done;	\
	cat /dev/null drivers/hid/usbhid/modules.builtin) > drivers/hid/modules.builtin
(for m in ; do echo kernel/$m; done;	\
	cat /dev/null ) > sound/pci/ca0106/modules.builtin
(for m in ; do echo kernel/$m; done;	\
	cat /dev/null ) > drivers/gpu/vga/modules.builtin
(for m in ; do echo kernel/$m; done;	\
	cat /dev/null ) > drivers/i2c/algos/modules.builtin
make -f scripts/Makefile.modbuiltin obj=drivers/input/gameport
(for m in ; do echo kernel/$m; done;	\
	cat /dev/null drivers/gpu/drm/i2c/modules.builtin) > drivers/gpu/drm/modules.builtin
(for m in ; do echo kernel/$m; done;	\
	cat /dev/null ) > sound/spi/modules.builtin
make -f scripts/Makefile.modbuiltin obj=sound/soc/au1x
make -f scripts/Makefile.modbuiltin obj=drivers/i2c/busses
make -f scripts/Makefile.modbuiltin obj=drivers/input/joystick
(for m in ; do echo kernel/$m; done;	\
	cat /dev/null ) > sound/synth/modules.builtin
(for m in ; do echo kernel/$m; done;	\
	cat /dev/null drivers/hsi/clients/modules.builtin) > drivers/hsi/modules.builtin
make -f scripts/Makefile.modbuiltin obj=net/bluetooth/hidp
make -f scripts/Makefile.modbuiltin obj=sound/usb
(for m in net/bluetooth/bnep/bnep.ko; do echo kernel/$m; done;	\
	cat /dev/null ) > net/bluetooth/bnep/modules.builtin
(for m in drivers/input/gameport/gameport.ko; do echo kernel/$m; done;	\
	cat /dev/null ) > drivers/input/gameport/modules.builtin
(for m in ; do echo kernel/$m; done;	\
	cat /dev/null ) > drivers/i2c/busses/modules.builtin
make -f scripts/Makefile.modbuiltin obj=net/bluetooth/rfcomm
(for m in net/bluetooth/hidp/hidp.ko; do echo kernel/$m; done;	\
	cat /dev/null ) > net/bluetooth/hidp/modules.builtin
make -f scripts/Makefile.modbuiltin obj=drivers/input/serio
make -f scripts/Makefile.modbuiltin obj=sound/pci/cs46xx
(for m in ; do echo kernel/$m; done;	\
	cat /dev/null ) > sound/soc/au1x/modules.builtin
make -f scripts/Makefile.modbuiltin obj=sound/isa/opti9xx
make -f scripts/Makefile.modbuiltin obj=sound/soc/blackfin
make -f scripts/Makefile.modbuiltin obj=sound/usb/6fire
make -f scripts/Makefile.modbuiltin obj=lib/lzo
make -f scripts/Makefile.modbuiltin obj=drivers/input/keyboard
make -f scripts/Makefile.modbuiltin obj=sound/soc/cirrus
make -f scripts/Makefile.modbuiltin obj=net/bridge
(for m in ; do echo kernel/$m; done;	\
	cat /dev/null ) > drivers/input/joystick/modules.builtin
(for m in ; do echo kernel/$m; done;	\
	cat /dev/null ) > sound/soc/blackfin/modules.builtin
make -f scripts/Makefile.modbuiltin obj=drivers/i2c/muxes
make -f scripts/Makefile.modbuiltin obj=drivers/iommu
(for m in net/bluetooth/rfcomm/rfcomm.ko; do echo kernel/$m; done;	\
	cat /dev/null ) > net/bluetooth/rfcomm/modules.builtin
(for m in ; do echo kernel/$m; done;	\
	cat /dev/null ) > sound/pci/cs46xx/modules.builtin
(for m in ; do echo kernel/$m; done;	\
	cat /dev/null drivers/gpu/drm/modules.builtin drivers/gpu/vga/modules.builtin) > drivers/gpu/modules.builtin
(for m in drivers/input/serio/serio.ko drivers/input/serio/serport.ko drivers/input/serio/libps2.ko; do echo kernel/$m; done;	\
	cat /dev/null ) > drivers/input/serio/modules.builtin
make -f scripts/Makefile.modbuiltin obj=sound/isa/sb
make -f scripts/Makefile.modbuiltin obj=sound/usb/caiaq
(for m in ; do echo kernel/$m; done;	\
	cat /dev/null ) > sound/isa/opti9xx/modules.builtin
(for m in ; do echo kernel/$m; done;	\
	cat /dev/null ) > sound/usb/6fire/modules.builtin
(for m in ; do echo kernel/$m; done;	\
	cat /dev/null ) > drivers/i2c/muxes/modules.builtin
(for m in ; do echo kernel/$m; done;	\
	cat /dev/null ) > sound/soc/cirrus/modules.builtin
make -f scripts/Makefile.modbuiltin obj=net/core
make -f scripts/Makefile.modbuiltin obj=net/bridge/netfilter
make -f scripts/Makefile.modbuiltin obj=drivers/input/misc
(for m in ; do echo kernel/$m; done;	\
	cat /dev/null ) > drivers/iommu/modules.builtin
make -f scripts/Makefile.modbuiltin obj=sound/isa/wavefront
(for m in ; do echo kernel/$m; done;	\
	cat /dev/null ) > sound/isa/sb/modules.builtin
(for m in ; do echo kernel/$m; done;	\
	cat /dev/null ) > sound/usb/caiaq/modules.builtin
make -f scripts/Makefile.modbuiltin obj=net/ethernet
(for m in lib/lzo/lzo_compress.ko lib/lzo/lzo_decompress.ko; do echo kernel/$m; done;	\
	cat /dev/null ) > lib/lzo/modules.builtin
(for m in ; do echo kernel/$m; done;	\
	cat /dev/null ) > net/core/modules.builtin
(for m in drivers/input/keyboard/atkbd.ko; do echo kernel/$m; done;	\
	cat /dev/null ) > drivers/input/keyboard/modules.builtin
(for m in net/bridge/netfilter/ebtables.ko net/bridge/netfilter/e	cat /dev/null net/bluetooth/bnep/modules.builtin net/bluetooth/hidp/modules.builtin net/bluetooth/rfcomm/modules.builtin) > net/bluetooth/modules.builtin
	cat /dev/null ) > net/bridge/netfilter/modules.builtin
make -f scripts/Makefile.modbuiltin obj=sound/isa/wss
make -f scripts/Makefile.modbuiltin obj=drivers/input/mouse
(for m in drivers/input/misc/uinput.ko; do echo kernel/$m; done;	\
	cat /dev/null ) > drivers/input/misc/modules.builtin
(for m in ; do echo kernel/$m; done;	\
	cat /dev/null ) > net/ethernet/modules.builtin
(for m in ; do echo kernel/$m; done;	\
	cat /dev/null ) > sound/isa/wavefront/modules.builtin
(for m in ; do echo kernel/$m; done;	\
	cat /dev/null ) > sound/isa/wss/modules.builtin
make -f scripts/Makefile.modbuiltin obj=sound/usb/misc
make -f scripts/Makefile.modbuiltin obj=drivers/irqchip
make -f scripts/Makefile.modbuiltin obj=lib/xz
make -f scripts/Makefile.modbuiltin obj=sound/pci/cs5535audio
(for m in ; do echo kernel/$m; done;	\
	cat /dev/null drivers/i2c/algos/modules.builtin drivers/i2c/busses/modules.builtin drivers/i2c/muxes/modules.builtin) > drivers/i2c/modules.builtin
make -f scripts/Makefile.modbuiltin obj=sound/soc/codecs
(for m in drivers/input/mouse/psmouse.ko; do echo kernel/$m; done;	\
	cat /dev/null ) > drivers/input/mouse/modules.builtin
make -f scripts/Makefile.modbuiltin obj=net/ipv4
make -f scripts/Makefile.modbuiltin obj=sound/soc/davinci
(for m in ; do echo kernel/$m; done;	\
	cat /dev/null ) > sound/usb/misc/modules.builtin
(for m in lib/xz/xz_dec.ko; do echo kernel/$m; done;	\
	cat /dev/null ) > lib/xz/modules.builtin
make -f scripts/Makefile.modbuiltin obj=lib/zlib_deflate
make -f scripts/Makefile.modbuiltin obj=sound/usb/usx2y
(for m in ; do echo kernel/$m; done;	\
	cat /dev/null ) > sound/soc/codecs/modules.builtin
make -f scripts/Makefile.modbuiltin obj=sound/pci/ctxfi
(for m in ; do echo kernel/$m; done;	\
	cat /dev/null ) > drivers/irqchip/modules.builtin
(for m in ; do echo kernel/$m; done;	\
	cat /dev/null ) > sound/pci/cs5535audio/modules.builtin
make -f scripts/Makefile.modbuiltin obj=lib/zlib_inflate
(for m in ; do echo kernel/$m; done;	\
	cat /dev/null ) > sound/soc/davinci/modules.builtin
(for m in lib/zlib_deflate/zlib_deflate.ko; do echo kernel/$m; done;	\
	cat /dev/null ) > lib/zlib_deflate/modules.builtin
make -f scripts/Makefile.modbuiltin obj=net/ipv4/netfilter
make -f scripts/Makefile.modbuiltin obj=sound/soc/dwc
make -f scripts/Makefile.modbuiltin obj=sound/pci/echoaudio
make -f scripts/Makefile.modbuiltin obj=net/ipv6
(for m in ; do echo kernel/$m; done;	\
	cat /dev/null ) > sound/pci/ctxfi/modules.builtin
make -f scripts/Makefile.modbuiltin obj=net/llc
(for m in ; do echo kernel/$m; done;	\
	cat /dev/null ) > sound/usb/usx2y/modules.builtin
make -f scripts/Makefile.modbuiltin obj=drivers/leds
(for m in ; do echo kernel/$m; done;	\
	cat /dev/null sound/isa/ad1816a/modules.builtin sound/isa/ad1848/modules.builtin sound/isa/cs423x/modules.builtin sound/isa/es1688/modules.builtin sound/isa/galaxy/modules.builtin sound/isa/gus/modules.builtin sound/isa/msnd/modules.builtin sound/isa/opti9xx/modules.builtin sound/isa/sb/modules.builtin sound/isa/wavefront/modules.builtin sound/isa/wss/modules.builtin) > sound/isa/modules.builtin
(for m in lib/zlib_inflate/zlib_inflate.ko; do echo kernel/$m; done;	\
	cat /dev/null ) > lib/zlib_inflate/modules.builtin
make -f scripts/Makefile.modbuiltin obj=net/ipv6/netfilter
(for m in net/bridge/bridge.ko; do echo kernel/$m; done;	\
	cat /dev/null net/bridge/netfilter/modules.builtin) > net/bridge/modules.builtin
make -f scripts/Makefile.modbuiltin obj=sound/pci/emu10k1
(for m in drivers/input/input-core.ko drivers/input/ff-memless.ko drivers/input/mousedev.ko drivers/input/joydev.ko drivers/input/evdev.ko; do echo kernel/$m; done;	\
	cat /dev/null drivers/input/joystick/modules.builtin drivers/input/keyboard/modules.builtin drivers/input/misc/modules.builtin drivers/input/mouse/modules.builtin) > drivers/input/modules.builtin
(for m in ; do echo kernel/$m; done;	\
	cat /dev/null ) > sound/pci/echoaudio/modules.builtin
make -f scripts/Makefile.modbuiltin obj=net/netfilter
(for m in net/llc/llc.ko; do echo kernel/$m; done;	\
	cat /dev/null ) > net/llc/modules.builtin
(for m in ; do echo kernel/$m; done;	\
	cat /dev/null ) > sound/soc/dwc/modules.builtin
(for m in net/ipv4/netfilter/nf_conntrack_ipv4.ko net/ipv4/netfilter/nf_nat_ipv4.ko net/ipv4/netfilter/nf_defrag_ipv4.ko net/ipv4/netfilter/nf_nat_h323.ko net/ipv4/netfilter/nf_nat_pptp.ko net/ipv4/netfilter/nf_nat_snmp_basic.ko net/ipv4/netfilter/nf_nat_proto_gre.ko net/ipv4/netfilter/ip_tables.ko net/ipv4/netfilter/iptable_filter.ko net/ipv4/netfilter/iptable_mangle.ko net/ipv4/netfilter/iptable_nat.ko net/ipv4/netfilter/iptable_raw.ko net/ipv4/netfilter/ipt_ah.ko net/ipv4/netfilter/ipt_rpfilter.ko net/ipv4/netfilter/ipt_CLUSTERIP.ko net/ipv4/netfilter/ipt_ECN.ko net/ipv4/netfilter/ipt_MASQUERADE.ko net/ipv4/netfilter/ipt_REJECT.ko net/ipv4/netfilter/ipt_ULOG.ko net/ipv4/netfilter/arp_tables.ko net/ipv4/netfilter/arpt_mangle.ko net/ipv4/netfilter/arptable_filter.ko; do echo kernel/$m; done;	\
	cat /dev/null ) > net/ipv4/netfilter/modules.builtin
make -f scripts/Makefile.modbuiltin obj=drivers/lguest
(for m in ; do echo kernel/$m; done;	\
	cat /dev/null ) > net/ipv6/netfilter/modules.builtin
make -f scripts/Makefile.modbuiltin obj=drivers/leds/trigger
make -f scripts/Makefile.modbuiltin obj=sound/pci/hda
(for m in ; do echo kernel/$m; done;	\
	cat /dev/null ) > sound/pci/emu10k1/modules.builtin
make -f scripts/Makefile.modbuiltin obj=net/netlink
(for m in sound/usb/snd-usb-audio.ko sound/usb/snd-usbmidi-lib.ko; do echo kernel/$m; done;	\
	cat /dev/null sound/usb/6fire/modules.builtin sound/usb/caiaq/modules.builtin sound/usb/misc/modules.builtin sound/usb/usx2y/modules.builtin) > sound/usb/modules.builtin
make -f scripts/Makefile.modbuiltin obj=sound/soc/fsl
make -f scripts/Makefile.modbuiltin obj=drivers/macintosh
make -f scripts/Makefile.modbuiltin obj=sound/pci/ice1712
(for m in ; do echo kernel/$m; done;	\
	cat /dev/null ) > drivers/leds/trigger/modules.builtin
(for m in lib/bitrev.ko lib/crc-ccitt.ko lib/crc16.ko lib/crc-itu-t.ko lib/crc32.ko lib/libcrc32c.ko lib/ts_kmp.ko lib/ts_bm.ko lib/ts_fsm.ko; do echo kernel/$m; done;	\
	cat /dev/null lib/lzo/modules.builtin lib/xz/modules.builtin lib/zlib_deflate/modules.builtin lib/zlib_inflate/modules.builtin) > lib/modules.builtin
(for m in ; do echo kernel/$m; done;	\
	cat /dev/null ) > sound/pci/hda/modules.builtin
(for m in ; do echo kernel/$m; done;	\
	cat /dev/null ) > net/netlink/modules.builtin
(for m in ; do echo kernel/$m; done;	\
	cat /dev/null ) > drivers/lguest/modules.builtin
make -f scripts/Makefile.modbuiltin obj=sound/soc/generic
make -f scripts/Makefile.modbuiltin obj=net/netfilter/ipset
make -f scripts/Makefile.modbuiltin obj=net/packet
make -f scripts/Makefile.modbuiltin obj=sound/soc/jz4740
(for m in ; do echo kernel/$m; done;	\
	cat /dev/null ) > sound/soc/fsl/modules.builtin
make -f scripts/Makefile.modbuiltin obj=drivers/media
(for m in net/netfilter/ipset/ip_set.ko net/netfilter/ipset/ip_set_bitmap_ip.ko net/netfilter/ipset/ip_set_bitmap_ipmac.ko net/netfilter/ipset/ip_set_bitmap_port.ko net/netfilter/ipset/ip_set_hash_ip.ko net/netfilter/ipset/ip_set_hash_ipport.ko net/netfilter/ipset/ip_set_hash_ipportip.ko net/netfilter/ipset/ip_set_hash_ipportnet.ko net/netfilter/ipset/ip_set_hash_net.ko net/netfilter/ipset/ip_set_hash_netport.ko net/netfilter/ipset/ip_set_hash_netiface.ko net/netfilter/ipset/ip_set_list_set.ko; do echo kernel/$m; done;	\
	cat /dev/null ) > net/netfilter/ipset/modules.builtin
(for m in ; do echo kernel/$m; done;	\
	cat /dev/null ) > sound/soc/generic/modules.builtin
(for m in ; do echo kernel/$m; done;	\
	cat /dev/null ) > drivers/macintosh/modules.builtin
(for m in ; do echo kernel/$m; done;	\
	cat /dev/null ) > sound/pci/ice1712/modules.builtin
make -f scripts/Makefile.modbuiltin obj=sound/pci/korg1212
(for m in net/ipv4/ip_tunnel.ko net/ipv4/ipip.ko net/ipv4/gre.ko net/ipv4/ip_gre.ko net/ipv4/ah4.ko net/ipv4/esp4.ko net/ipv4/xfrm4_mode_beet.ko net/ipv4/inet_lro.ko net/ipv4/tunnel4.ko net/ipv4/xfrm4_mode_transport.ko net/ipv4/xfrm4_mode_tunnel.ko net/ipv4/inet_diag.ko net/ipv4/tcp_diag.ko net/ipv4/udp_diag.ko net/ipv4/tcp_cubic.ko; do echo kernel/$m; done;	\
	cat /dev/null net/ipv4/netfilter/modules.builtin) > net/ipv4/modules.builtin
make -f scripts/Makefile.modbuiltin obj=net/rfkill
make -f scripts/Makefile.modbuiltin obj=sound/soc/kirkwood
(for m in net/packet/af_packet.ko net/packet/af_packet_diag.ko; do echo kernel/$m; done;	\
	cat /dev/null ) > net/packet/modules.builtin
make -f scripts/Makefile.modbuiltin obj=drivers/mfd
(for m in ; do echo kernel/$m; done;	\
	cat /dev/null ) > sound/soc/jz4740/modules.builtin
make -f scripts/Makefile.modbuiltin obj=net/sched
make -f scripts/Makefile.modbuiltin obj=drivers/media/common
make -f scripts/Makefile.modbuiltin obj=sound/pci/lola
(for m in net/rfkill/rfkill.ko; do echo kernel/$m; done;	\
	cat /dev/null ) > net/rfkill/modules.builtin
(for m in ; do echo kernel/$m; done;	\
	cat /dev/null net/ipv6/netfilter/modules.builtin) > net/ipv6/modules.builtin
(for m in ; do echo kernel/$m; done;	\
	cat /dev/null ) > sound/pci/korg1212/modules.builtin
make -f scripts/Makefile.modbuiltin obj=sound/soc/mid-x86
make -f scripts/Makefile.modbuiltin obj=net/sunrpc
make -f scripts/Makefile.modbuiltin obj=sound/pci/lx6464es
make -f scripts/Makefile.modbuiltin obj=drivers/media/common/b2c2
	cat /dev/null ) > net/sched/modules.builtin
(for m in ; do echo kernel/$m; done;	\
	cat /dev/null ) > drivers/media/firewire/modules.builtin
make -f scripts/Makefile.modbuiltin obj=drivers/misc/carma
make -f scripts/Makefile.modbuiltin obj=sound/pci/nm256
(for m in ; do echo kernel/$m; done;	\
	cat /dev/null ) > sound/pci/mixart/modules.builtin
make -f scripts/Makefile.modbuiltin obj=net/wireless
(for m in ; do echo kernel/$m; done;	\
	cat /dev/null ) > sound/soc/mxs/modules.builtin
make -f scripts/Makefile.modbuiltin obj=sound/soc/nuc900
(for m in ; do echo kernel/$m; done;	\
	cat /dev/null ) > drivers/media/common/b2c2/modules.builtin
(for m in net/unix/unix.ko net/unix/unix_diag.ko; do echo kernel/$m; done;	\
	cat /dev/null ) > net/unix/modules.builtin
make -f scripts/Makefile.modbuiltin obj=drivers/media/i2c/soc_camera
make -f scripts/Makefile.modbuiltin obj=sound/soc/omap
(for m in ; do echo kernel/$m; done;	\
	cat /dev/null ) > drivers/misc/carma/modules.builtin
(for m in ; do echo kernel/$m; done;	\
	cat /dev/null ) > sound/soc/nuc900/modules.builtin
make -f scripts/Makefile.modbuiltin obj=drivers/media/common/saa7146
(for m in ; do echo kernel/$m; done;	\
	cat /dev/null ) > sound/pci/nm256/modules.builtin
make -f scripts/Makefile.modbuiltin obj=sound/pci/oxygen
make -f scripts/Makefile.modbuiltin obj=drivers/misc/cb710
make -f scripts/Makefile.modbuiltin obj=drivers/media/mmc
(for m in ; do echo kernel/$m; done;	\
	cat /dev/null ) > net/wireless/modules.builtin
(for m in ; do echo kernel/$m; done;	\
	cat /dev/null ) > sound/soc/omap/modules.builtin
make -f scripts/Makefile.modbuiltin obj=net/xfrm
(for m in ; do echo kernel/$m; done;	\
	cat /dev/null ) > drivers/media/common/saa7146/modules.builtin
make -f scripts/Makefile.modbuiltin obj=drivers/media/parport
make -f scripts/Makefile.modbuiltin obj=drivers/media/common/siano
(for m in ; do echo kernel/$m; done;	\
	cat /dev/null ) > drivers/media/i2c/soc_camera/modules.builtin
(for m in ; do echo kernel/$m; done;	\
	cat /dev/null ) > drivers/misc/cb710/modules.builtin
make -f scripts/Makefile.modbuiltin obj=drivers/media/mmc/siano
make -f scripts/Makefile.modbuiltin obj=drivers/mmc
(for m in ; do echo kernel/$m; done;	\
	cat /dev/null ) > sound/pci/oxygen/modules.builtin
set -e; : '  CHK     include/generated/utsrelease.h'; mkdir -p include/generated/; 	if [ `echo -n "3.10.0_s40" | wc -c ` -gt 64 ]; then echo '"3.10.0_s40" exceeds 64 characters' >&2; exit 1; fi; (echo \#define UTS_RELEASE \"3.10.0_s40\";) < include/config/kernel.release > include/generated/utsrelease.h.tmp; if [ -r include/generated/utsrelease.h ] && cmp -s include/generated/utsrelease.h include/generated/utsrelease.h.tmp; then rm -f include/generated/utsrelease.h.tmp; else : '  UPD     include/generated/utsrelease.h'; mv -f include/generated/utsrelease.h.tmp include/generated/utsrelease.h; fi
make -f scripts/Makefile.modbuiltin obj=sound/pci/pcxhr
make -f scripts/Makefile.modbuiltin obj=drivers/misc/eeprom
make -f scripts/Makefile.modbuiltin obj=sound/soc/pxa
make -f scripts/Makefile.modbuiltin obj=drivers/media/pci
(for m in ; do echo kernel/$m; done;	\
	cat /dev/null ) > drivers/media/parport/modules.builtin
(for m in ; do echo kernel/$m; done;	\
	cat /dev/null ) > drivers/media/common/siano/modules.builtin
(for m in net/xfrm/xfrm_algo.ko; do echo kernel/$m; done;	\
	cat /dev/null ) > net/xfrm/modules.builtin
make -f scripts/Makefile.modbuiltin obj=sound/pci/riptide
make -f scripts/Makefile.modbuiltin obj=drivers/misc/lis3lv02d
(for m in ; do echo kernel/$m; done;	\
	cat /dev/null ) > drivers/misc/eeprom/modules.builtin
make -f scripts/Makefile.modbuiltin obj=sound/soc/s6000
(for m in ; do echo kernel/$m; done;	\
	cat /dev/null ) > drivers/media/mmc/siano/modules.builtin
make -f scripts/Makefile.modbuiltin obj=sound/pci/rme9652
make -f scripts/Makefile.modbuiltin obj=drivers/mtd
(for m in ; do echo kernel/$m; done;	\
	cat /dev/null ) > sound/pci/pcxhr/modules.builtin
make -f scripts/Makefile.modbuiltin obj=drivers/mmc/card
make -f scripts/Makefile.modbuiltin obj=drivers/media/platform
(for m in ; do echo kernel/$m; done;	\
	cat /dev/null ) > sound/soc/pxa/modules.builtin
make -f scripts/Makefile.modbuiltin obj=drivers/misc/ti-st
(for m in ; do echo kernel/$m; done;	\
	cat /dev/null ) > sound/soc/s6000/modules.builtin
(for m in ; do echo kernel/$m; done;	\
	cat /dev/null ) > drivers/misc/lis3lv02d/modules.builtin
(for m in ; do echo kernel/$m; done;	\
	cat /dev/null drivers/media/i2c/soc_camera/modules.builtin) > drivers/media/i2c/modules.builtin
make -f scripts/Makefile.modbuiltin obj=drivers/mtd/chips
(for m in ; do echo kernel/$m; done;	\
	cat /dev/null ) > sound/pci/rme9652/modules.builtin
make -f scripts/Makefile.modbuiltin obj=drivers/media/pci/b2c2
make -f scripts/Makefile.modbuiltin obj=drivers/mmc/core
(for m in ; do echo kernel/$m; done;	\
	cat /dev/null ) > sound/pci/riptide/modules.builtin
make -f scripts/Makefile.modbuiltin obj=drivers/media/radio
make -f scripts/Makefile.modbuiltin obj=sound/pci/trident
make -f scripts/Makefile.modbuiltin obj=drivers/media/platform/davinci
(for m in ; do echo kernel/$m; done;	\
	cat /dev/null drivers/media/common/b2c2/modules.builtin drivers/media/common/saa7146/modules.builtin drivers/media/common/siano/modules.builtin) > drivers/media/common/modules.builtin
(for m in drivers/mmc/card/mmc_block.ko; do echo kernel/$m; done;	\
	cat /dev/null ) > drivers/mmc/card/modules.builtin
(for m in ; do echo kernel/$m; done;	\
	cat /dev/null ) > drivers/misc/ti-st/modules.builtin
(for m in ; do echo kernel/$m; done;	\
	cat /dev/null net/802/modules.builtin net/8021q/modules.builtin net/bluetooth/modules.builtin net/bridge/modules.builtin net/core/modules.builtin net/ethernet/modules.builtin net/ipv4/modules.builtin net/ipv6/modules.builtin net/llc/modules.builtin net/netfilter/modules.builtin net/netlink/modules.builtin net/packet/modules.builtin net/rfkill/modules.builtin net/sched/modules.builtin net/sunrpc/modules.builtin net/unix/modules.builtin net/wireless/modules.builtin net/xfrm/modules.builtin) > net/modules.builtin
(for m in ; do echo kernel/$m; done;	\
	cat /dev/null ) > drivers/media/pci/b2c2/modules.builtin
(for m in ; do echo kernel/$m; done;	\
	cat /dev/null ) > sound/pci/trident/modules.builtin
make -f scripts/Makefile.modbuiltin obj=drivers/mmc/host
(for m in drivers/mtd/chips/chipreg.ko; do echo kernel/$m; done;	\
	cat /dev/null ) > drivers/mtd/chips/modules.builtin
(for m in ; do echo kernel/$m; done;	\
	cat /dev/null drivers/media/mmc/siano/modules.builtin) > drivers/media/mmc/modules.builtin
(for m in ; do echo kernel/$m; done;	\
	cat /dev/null ) > drivers/media/radio/modules.builtin
make -f scripts/Makefile.modbuiltin obj=drivers/mtd/devices
(for m in drivers/mmc/core/mmc_core.ko; do echo kernel/$m; done;	\
	cat /dev/null ) > drivers/mmc/core/modules.builtin
(for m in ; do echo kernel/$m; done;	\
	cat /dev/null ) > drivers/media/platform/davinci/modules.builtin
make -f scripts/Makefile.modbuiltin obj=drivers/net
make -f scripts/Makefile.modbuiltin obj=drivers/mmc/host/himciv200
make -f scripts/Makefile.modbuiltin obj=drivers/mtd/lpddr
make -f scripts/Makefile.modbuiltin obj=drivers/media/pci/ddbridge
make -f scripts/Makefile.modbuiltin obj=drivers/media/rc
make -f scripts/Makefile.modbuiltin obj=drivers/mtd/devices/hisfc350
make -f scripts/Makefile.modbuiltin obj=drivers/mtd/maps
make -f scripts/Makefile.build obj=scripts
(for m in ; do echo kernel/$m; done;	\
	cat /dev/null ) > drivers/mtd/lpddr/modules.builtin
(for m in ; do echo kernel/$m; done;	\
	cat /dev/null drivers/misc/carma/modules.builtin drivers/misc/cb710/modules.builtin drivers/misc/eeprom/modules.builtin drivers/misc/lis3lv02d/modules.builtin drivers/misc/ti-st/modules.builtin) > drivers/misc/modules.builtin
make -f scripts/Makefile.modbuiltin obj=sound/soc/samsung
(for m in drivers/mtd/devices/hisfc350/hisfc350.ko drivers/mtd/devices/hisfc350/hisfc350_os.ko drivers/mtd/devices/hisfc350/hisfc350_s40.ko drivers/mtd/devices/hisfc350/hisfc350_s40_spi_ids.ko; do echo kernel/$m; done;	\
	cat /dev/null ) > drivers/mtd/devices/hisfc350/modules.builtin
(for m in ; do echo kernel/$m; done;	\
	cat /dev/null ) > drivers/media/pci/ddbridge/modules.builtin
make -f scripts/Makefile.modbuiltin obj=sound/pci/vx222
make -f scripts/Makefile.modbuiltin obj=drivers/net/ethernet
make -f scripts/Makefile.modbuiltin obj=drivers/nfc
make -f scripts/Makefile.modbuiltin obj=drivers/media/pci/dm1105
make -f scripts/Makefile.modbuiltin obj=drivers/pinctrl
make -f scripts/Makefile.modbuiltin obj=drivers/media/tuners
make -f scripts/Makefile.modbuiltin obj=sound/soc/sh
(for m in ; do echo kernel/$m; done;	\
	cat /dev/null ) > sound/soc/samsung/modules.builtin
(for m in ; do echo kernel/$m; done;	\
	cat /dev/null ) > drivers/nfc/modules.builtin
make -f scripts/Makefile.modbuiltin obj=drivers/media/rc/keymaps
(for m in drivers/mmc/host/himciv200/himci.ko; do echo kernel/$m; done;	\
	cat /dev/null ) > drivers/mmc/host/himciv200/modules.builtin
make -f scripts/Makefile.modbuiltin obj=drivers/media/usb
(for m in ; do echo kernel/$m; done;	\
	cat /dev/null ) > drivers/media/tuners/modules.builtin
(for m in ; do echo kernel/$m; done;	\
	cat /dev/null ) > sound/pci/vx222/modules.builtin
(for m in ; do echo kernel/$m; done;	\
	cat /dev/null ) > drivers/mtd/maps/modules.builtin
(for m in ; do echo kernel/$m; done;	\
	cat /dev/null ) > drivers/media/pci/dm1105/modules.builtin
make -f scripts/Makefile.modbuiltin obj=drivers/media/pci/mantis
(for m in ; do echo kernel/$m; done;	\
	cat /dev/null ) > sound/soc/sh/modules.builtin
(for m in ; do echo kernel/$m; done;	\
	cat /dev/null ) > drivers/media/rc/keymaps/modules.builtin
(for m in ; do echo kernel/$m; done;	\
	cat /dev/null ) > drivers/pinctrl/modules.builtin
make -f scripts/Makefile.modbuiltin obj=drivers/net/ethernet/8390
make -f scripts/Makefile.modbuiltin obj=drivers/media/usb/b2c2
make -f scripts/Makefile.modbuiltin obj=sound/soc/tegra
(for m in ; do echo kernel/$m; done;	\
	cat /dev/null drivers/media/platform/davinci/modules.builtin) > drivers/media/platform/modules.builtin
make -f scripts/Makefile.modbuiltin obj=drivers/platform
(for m in ; do echo kernel/$m; done;	\
	cat /dev/null ) > drivers/net/ethernet/8390/modules.builtin
(for m in ; do echo kernel/$m; done;	\
	cat /dev/null ) > drivers/platform/modules.builtin
(for m in ; do echo kernel/$m; done;	\
	cat /dev/null ) > sound/soc/tegra/modules.builtin
make -f scripts/Makefile.modbuiltin obj=sound/pci/ymfpci
(for m in ; do echo kernel/$m; done;	\
	cat /dev/null ) > drivers/media/usb/b2c2/modules.builtin
(for m in ; do echo kernel/$m; done;	\
	cat /dev/null ) > drivers/media/pci/mantis/modules.builtin
(for m in drivers/mtd/devices/block2mtd.ko; do echo kernel/$m; done;	\
	cat /dev/null drivers/mtd/devices/hisfc350/modules.builtin) > drivers/mtd/devices/modules.builtin
make -f scripts/Makefile.modbuiltin obj=drivers/net/ethernet/broadcom
make -f scripts/Makefile.modbuiltin obj=sound/soc/txx9
make -f scripts/Makefile.modbuiltin obj=drivers/net/ethernet/cadence
(for m in ; do echo kernel/$m; done;	\
	cat /dev/null ) > sound/pci/ymfpci/modules.builtin
make -f scripts/Makefile.modbuiltin obj=drivers/media/usb/dvb-usb
make -f scripts/Makefile.modbuiltin obj=drivers/pwm
(for m in ; do echo kernel/$m; done;	\
	cat /dev/null ) > drivers/net/ethernet/broadcom/modules.builtin
make -f scripts/Makefile.modbuiltin obj=drivers/net/ethernet/cirrus
(for m in ; do echo kernel/$m; done;	\
	cat /dev/null drivers/media/rc/keymaps/modules.builtin) > drivers/media/rc/modules.builtin
make -f scripts/Makefile.modbuiltin obj=drivers/media/v4l2-core
(for m in ; do echo kernel/$m; done;	\
	cat /dev/null drivers/mmc/host/himciv200/modules.builtin) > drivers/mmc/host/modules.builtin
(for m in ; do echo kernel/$m; done;	\
	cat /dev/null ) > drivers/net/ethernet/cadence/modules.builtin
(for m in ; do echo kernel/$m; done;	\
	cat /dev/null ) > sound/soc/txx9/modules.builtin
make -f scripts/Makefile.modbuiltin obj=drivers/rtc
(for m in ; do echo kernel/$m; done;	\
	cat /dev/null ) > drivers/pwm/modules.builtin
(for m in drivers/media/v4l2-core/videodev.ko drivers/media/v4l2-core/v4l2-common.ko drivers/media/v4l2-core/videobuf2-core.ko drivers/media/v4l2-core/videobuf2-memops.ko drivers/media/v4l2-core/videobuf2-vmalloc.ko; do echo kernel/$m; done;	\
	cat /dev/null ) > drivers/media/v4l2-core/modules.builtin
(for m in ; do echo kernel/$m; done;	\
	cat /dev/null ) > drivers/media/usb/dvb-usb/modules.builtin
make -f scripts/Makefile.build obj=scripts/mod
(for m in ; do echo kernel/$m; done;	\
	cat /dev/null ) > drivers/net/ethernet/cirrus/modules.builtin
make -f scripts/Makefile.modbuiltin obj=drivers/net/ethernet/faraday
make -f scripts/Makefile.modbuiltin obj=drivers/media/pci/ngene
make -f scripts/Makefile.modbuiltin obj=drivers/media/usb/dvb-usb-v2
make -f scripts/Makefile.modbuiltin obj=sound/soc/ux500
(for m in ; do echo kernel/$m; done;	\
	cat /dev/null ) > drivers/rtc/modules.builtin
make -f scripts/Makefile.modbuiltin obj=drivers/mtd/nand
mkdir -p .tmp_versions ; rm -f .tmp_versions/*
make -f scripts/Makefile.modbuiltin obj=drivers/media/usb/s2255
(for m in ; do echo kernel/$m; done;	\
	cat /dev/null sound/pci/ac97/modules.builtin sound/pci/ali5451/modules.builtin sound/pci/asihpi/modules.builtin sound/pci/au88x0/modules.builtin sound/pci/aw2/modules.builtin sound/pci/ca0106/modules.builtin sound/pci/cs46xx/modules.builtin sound/pci/cs5535audio/modules.builtin sound/pci/ctxfi/modules.builtin sound/pci/echoaudio/modules.builtin sound/pci/emu10k1/modules.builtin sound/pci/hda/modules.builtin sound/pci/ice1712/modules.builtin sound/pci/korg1212/modules.builtin sound/pci/lola/modules.builtin sound/pci/lx6464es/modules.builtin sound/pci/mixart/modules.builtin sound/pci/nm256/modules.builtin sound/pci/oxygen/modules.builtin sound/pci/pcxhr/modules.builtin sound/pci/riptide/modules.builtin sound/pci/rme9652/modules.builtin sound/pci/trident/modules.builtin sound/pci/vx222/modules.builtin sound/pci/ymfpci/modules.builtin) > sound/pci/modules.builtin
make -f scripts/Makefile.modbuiltin obj=drivers/net/ethernet/hieth-gmac
make -f scripts/Makefile.modbuiltin obj=drivers/media/pci/pluto2
make -f scripts/Makefile.modbuiltin obj=drivers/net/phy
make -f scripts/Makefile.modbuiltin obj=drivers/scsi
(for m in ; do echo kernel/$m; done;	\
	cat /dev/null ) > sound/soc/ux500/modules.builtin
(cat /dev/null; ) > scripts/mod/modules.order
make -f scripts/Makefile.modbuiltin obj=drivers/mtd/onenand
(for m in ; do echo kernel/$m; done;	\
	cat /dev/null ) > drivers/media/usb/dvb-usb-v2/modules.builtin
make -f scripts/Makefile.modbuiltin obj=drivers/media/usb/siano
make -f scripts/Makefile.modbuiltin obj=drivers/mtd/nand/hinfc610
(for m in ; do echo kernel/$m; done;	\
	cat /dev/null ) > drivers/media/pci/ngene/modules.builtin
make -f scripts/Makefile.modbuiltin obj=drivers/staging
(for m in ; do echo kernel/$m; done;	\
	cat /dev/null ) > drivers/media/usb/s2255/modules.builtin
(for m in ; do echo kernel/$m; done;	\
	cat /dev/null drivers/mmc/card/modules.builtin drivers/mmc/core/modules.builtin drivers/mmc/host/modules.builtin) > drivers/mmc/modules.builtin
(for m in ; do echo kernel/$m; done;	\
	cat /dev/null ) > drivers/net/ethernet/faraday/modules.builtin
make -f scripts/Makefile.modbuiltin obj=drivers/scsi/arm
(for m in drivers/net/ethernet/hieth-gmac/hieth-gmac.ko; do echo kernel/$m; done;	\
	cat /dev/null ) > drivers/net/ethernet/hieth-gmac/modules.builtin
(for m in ; do echo kernel/$m; done;	\
	cat /dev/null ) > drivers/media/pci/pluto2/modules.builtin
(for m in ; do echo kernel/$m; done;	\
	cat /dev/null ) > drivers/media/usb/siano/modules.builtin
(for m in ; do echo kernel/$m; done;	\
	cat /dev/null ) > drivers/mtd/onenand/modules.builtin
make -f scripts/Makefile.modbuiltin obj=drivers/net/ethernet/i825xx
(for m in drivers/mtd/nand/hinfc610/hinfc610.ko drivers/mtd/nand/hinfc610/hinfc610_os.ko drivers/mtd/nand/hinfc610/hinfc610_gen.ko drivers/mtd/nand/hinfc610/hinfc610_dbg_inf.ko drivers/mtd/nand/hinfc610/hinfc610_ecc_info.ko drivers/mtd/nand/hinfc610/hinfc610_read_retry_hynix_bg_cdie.ko drivers/mtd/nand/hinfc610/hinfc610_read_retry_hynix_bg_bdie.ko drivers/mtd/nand/hinfc610/hinfc610_read_retry_hynix_cg_adie.ko drivers/mtd/nand/hinfc610/hinfc610_read_retry_micron.ko drivers/mtd/nand/hinfc610/hinfc610_read_retry_samsung.ko drivers/mtd/nand/hinfc610/hinfc610_read_retry_toshiba.ko drivers/mtd/nand/hinfc610/hinfc610_read_retry.ko drivers/mtd/nand/hinfc610/hinfc610_sync.ko drivers/mtd/nand/hinfc610/hinfc610_sync_onfi_23.ko drivers/mtd/nand/hinfc610/hinfc610_sync_toggle.ko; do echo kernel/$m; done;	\
	cat /dev/null ) > drivers/mtd/nand/hinfc610/modules.builtin
(for m in drivers/net/phy/libphy.ko; do echo kernel/$m; done;	\
	cat /dev/null ) > drivers/net/phy/modules.builtin
mkdir -p scripts/mod/
make -f scripts/Makefile.modbuiltin obj=drivers/staging/media
make -f scripts/Makefile.modbuiltin obj=drivers/net/ppp
(for m in ; do echo kernel/$m; done;	\
	cat /dev/null ) > drivers/scsi/arm/modules.builtin
make -f scripts/Makefile.modbuiltin obj=drivers/mtd/tests
make -f scripts/Makefile.modbuiltin obj=drivers/media/usb/stkwebcam
(for m in ; do echo kernel/$m; done;	\
	cat /dev/null ) > drivers/net/ethernet/i825xx/modules.builtin
make -f scripts/Makefile.modbuiltin obj=drivers/tty
make -f scripts/Makefile.modbuiltin obj=drivers/media/usb/ttusb-budget
(for m in ; do echo kernel/$m; done;	\
	cat /dev/null ) > drivers/staging/media/modules.builtin
make -f scripts/Makefile.modbuiltin obj=drivers/net/slip
(for m in ; do echo kernel/$m; done;	\
	cat /dev/null ) > drivers/media/usb/stkwebcam/modules.builtin
(for m in drivers/net/ppp/ppp_generic.ko drivers/net/ppp/ppp_async.ko drivers/net/ppp/bsd_comp.ko drivers/net/ppp/ppp_deflate.ko drivers/net/ppp/ppp_synctty.ko; do echo kernel/$m; done;	\
	cat /dev/null ) > drivers/net/ppp/modules.builtin
(for m in sound/soc/snd-soc-core.ko; do echo kernel/$m; done;	\
	cat /dev/null sound/soc/atmel/modules.builtin sound/soc/au1x/modules.builtin sound/soc/blackfin/modules.builtin sound/soc/cirrus/modules.builtin sound/soc/codecs/modules.builtin sound/soc/davinci/modules.builtin sound/soc/dwc/modules.builtin sound/soc/fsl/modules.builtin sound/soc/generic/modules.builtin sound/soc/jz4740/modules.builtin sound/soc/kirkwood/modules.builtin sound/soc/mid-x86/modules.builtin sound/soc/mxs/modules.builtin sound/soc/nuc900/modules.builtin sound/soc/omap/modules.builtin sound/soc/pxa/modules.builtin sound/soc/s6000/modules.builtin sound/soc/samsung/modules.builtin sound/soc/sh/modules.builtin sound/soc/tegra/modules.builtin sound/soc/txx9/modules.builtin sound/soc/ux500/modules.builtin) > sound/soc/modules.builtin
make -f scripts/Makefile.modbuiltin obj=drivers/media/pci/pt1
(for m in ; do echo kernel/$m; done;	\
	cat /dev/null ) > drivers/media/usb/ttusb-budget/modules.builtin
make -f scripts/Makefile.modbuiltin obj=drivers/net/ethernet/intel
make -f scripts/Makefile.modbuiltin obj=drivers/tty/ipwireless
(for m in ; do echo kernel/$m; done;	\
	cat /dev/null ) > drivers/mtd/tests/modules.builtin
(for m in drivers/mtd/nand/nand.ko drivers/mtd/nand/nand_ecc.ko drivers/mtd/nand/nand_ids.ko; do echo kernel/$m; done;	\
	cat /dev/null drivers/mtd/nand/hinfc610/modules.builtin) > drivers/mtd/nand/modules.builtin
make -f scripts/Makefile.modbuiltin obj=drivers/usb
make -f scripts/Makefile.modbuiltin obj=drivers/net/ethernet/marvell
make -f scripts/Makefile.modbuiltin obj=drivers/media/pci/saa7146
  arm-hisiv200-linux-gcc -Wp,-MD,scripts/mod/.devicetable-offsets.s.d  -nostdinc -isystem /opt/hisi-linux/x86-arm/arm-hisiv200-linux/bin/../lib/gcc/arm-hisiv200-linux-gnueabi/4.4.1/include -I/home/liujingfei/project/histb_project_v2_Apr9/histb/source/kernel/linux-3.10.y/arch/arm/include -Iarch/arm/include/generated  -Iinclude -I/home/liujingfei/project/histb_project_v2_Apr9/histb/source/kernel/linux-3.10.y/arch/arm/include/uapi -Iarch/arm/include/generated/uapi -I/home/liujingfei/project/histb_project_v2_Apr9/histb/source/kernel/linux-3.10.y/include/uapi -Iinclude/generated/uapi -include /home/liujingfei/project/histb_project_v2_Apr9/histb/source/kernel/linux-3.10.y/include/linux/kconfig.h -D__KERNEL__ -mlittle-endian -Iarch/arm/mach-s40/include -Wall -Wundef -Wstrict-prototypes -Wno-trigraphs -fno-strict-aliasing -fno-common -Werror-implicit-function-declaration -Wno-format-security -fno-delete-null-pointer-checks -O2 -fno-dwarf2-cfi-asm -fno-omit-frame-pointer -mapcs -mno-sched-prolog -fstack-protector -mabi=aapcs-linux -mno-thumb-interwork -funwind-tables -marm -D__LINUX_ARM_ARCH__=7 -march=armv7-a -msoft-float -Uarm -Wframe-larger-than=1024 -fno-omit-frame-pointer -fno-optimize-sibling-calls -pg -Wdeclaration-after-statement -Wno-pointer-sign -fno-strict-overflow -fconserve-stack    -D"KBUILD_STR(s)=#s" -D"KBUILD_BASENAME=KBUILD_STR(devicetable_offsets)"  -D"KBUILD_MODNAME=KBUILD_STR(devicetable_offsets)" -fverbose-asm -S -o scripts/mod/devicetable-offsets.s scripts/mod/devicetable-offsets.c
(for m in ; do echo kernel/$m; done;	\
	cat /dev/null ) > drivers/net/ethernet/intel/modules.builtin
(for m in ; do echo kernel/$m; done;	\
	cat /dev/null ) > drivers/media/pci/pt1/modules.builtin
make -f scripts/Makefile.modbuiltin obj=drivers/media/usb/ttusb-dec
make -f scripts/Makefile.modbuiltin obj=drivers/video
(for m in ; do echo kernel/$m; done;	\
	cat /dev/null ) > drivers/media/pci/saa7146/modules.builtin
make -f scripts/Makefile.modbuiltin obj=drivers/usb/class
(for m in ; do echo kernel/$m; done;	\
	cat /dev/null ) > drivers/tty/ipwireless/modules.builtin
(for m in ; do echo kernel/$m; done;	\
	cat /dev/null drivers/staging/media/modules.builtin) > drivers/staging/modules.builtin
make -f scripts/Makefile.modbuiltin obj=drivers/net/ethernet/micrel
(for m in ; do echo kernel/$m; done;	\
	cat /dev/null ) > drivers/net/ethernet/marvell/modules.builtin
(for m in drivers/scsi/scsi_mod.ko drivers/scsi/sd_mod.ko; do echo kernel/$m; done;	\
	cat /dev/null drivers/scsi/arm/modules.builtin) > drivers/scsi/modules.builtin
(for m in drivers/net/slip/slhc.ko; do echo kernel/$m; done;	\
	cat /dev/null ) > drivers/net/slip/modules.builtin
(for m in ; do echo kernel/$m; done;	\
	cat /dev/null ) > drivers/media/usb/ttusb-dec/modules.builtin
make -f scripts/Makefile.modbuiltin obj=drivers/mtd/ubi
(for m in sound/soundcore.ko; do echo kernel/$m; done;	\
	cat /dev/null sound/arm/modules.builtin sound/atmel/modules.builtin sound/core/modules.builtin sound/drivers/modules.builtin sound/firewire/modules.builtin sound/i2c/modules.builtin sound/isa/modules.builtin sound/mips/modules.builtin sound/parisc/modules.builtin sound/pci/modules.builtin sound/pcmcia/modules.builtin sound/ppc/modules.builtin sound/sh/modules.builtin sound/soc/modules.builtin sound/sparc/modules.builtin sound/spi/modules.builtin sound/synth/modules.builtin sound/usb/modules.builtin) > sound/modules.builtin
make -f scripts/Makefile.modbuiltin obj=drivers/tty/serial
make -f scripts/Makefile.modbuiltin obj=drivers/net/wireless
(for m in drivers/usb/class/cdc-wdm.ko; do echo kernel/$m; done;	\
	cat /dev/null ) > drivers/usb/class/modules.builtin
make -f scripts/Makefile.modbuiltin obj=drivers/video/backlight
make -f scripts/Makefile.modbuiltin obj=drivers/net/ethernet/natsemi
make -f scripts/Makefile.modbuiltin obj=drivers/media/pci/ttpci
make -f scripts/Makefile.modbuiltin obj=drivers/tty/vt
make -f scripts/Makefile.build obj=arch/arm/tools include/generated/mach-types.h
make -f scripts/Makefile.modbuiltin obj=drivers/media/usb/uvc
(for m in ; do echo kernel/$m; done;	\
	cat /dev/null ) > drivers/net/wireless/modules.builtin
(for m in drivers/tty/serial/serial_core.ko drivers/tty/serial/amba-pl011.ko; do echo kernel/$m; done;	\
	cat /dev/null ) > drivers/tty/serial/modules.builtin
(for m in drivers/mtd/ubi/ubi.ko; do echo kernel/$m; done;	\
	cat /dev/null ) > drivers/mtd/ubi/modules.builtin
(for m in ; do echo kernel/$m; done;	\
	cat /dev/null ) > drivers/net/ethernet/natsemi/modules.builtin
(for m in ; do echo kernel/$m; done;	\
	cat /dev/null ) > drivers/video/backlight/modules.builtin
(for m in ; do echo kernel/$m; done;	\
	cat /dev/null ) > drivers/net/ethernet/micrel/modules.builtin
make -f scripts/Makefile.modbuiltin obj=drivers/usb/core
make -f scripts/Makefile.modbuiltin obj=drivers/media/usb/zr364xx
(for m in ; do echo kernel/$m; done;	\
	cat /dev/null ) > drivers/tty/vt/modules.builtin
make -f scripts/Makefile.modbuiltin obj=drivers/net/ethernet/seeq
make -f scripts/Makefile.modbuiltin obj=drivers/video/console
(for m in drivers/media/usb/uvc/uvcvideo.ko; do echo kernel/$m; done;	\
	cat /dev/null ) > drivers/media/usb/uvc/modules.builtin
(for m in ; do echo kernel/$m; done;	\
	cat /dev/null ) > drivers/media/pci/ttpci/modules.builtin
make -f scripts/Makefile.modbuiltin obj=drivers/video/omap2
(for m in ; do echo kernel/$m; done;	\
	cat /dev/null ) > drivers/video/console/modules.builtin
(for m in ; do echo kernel/$m; done;	\
	cat /dev/null ) > drivers/net/ethernet/seeq/modules.builtin
(for m in drivers/usb/core/usbcore.ko; do echo kernel/$m; done;	\
	cat /dev/null ) > drivers/usb/core/modules.builtin
make -f scripts/Makefile.modbuiltin obj=drivers/usb/host
make -f scripts/Makefile.modbuiltin obj=drivers/net/ethernet/smsc
(for m in drivers/mtd/mtd.ko drivers/mtd/cmdlinepart.ko drivers/mtd/mtd_blkdevs.ko drivers/mtd/mtdblock.ko drivers/mtd/romblock.ko; do echo kernel/$m; done;	\
	cat /dev/null drivers/mtd/chips/modules.builtin drivers/mtd/devices/modules.builtin drivers/mtd/lpddr/modules.builtin drivers/mtd/maps/modules.builtin drivers/mtd/nand/modules.builtin drivers/mtd/onenand/modules.builtin drivers/mtd/tests/modules.builtin drivers/mtd/ubi/modules.builtin) > drivers/mtd/modules.builtin
(for m in ; do echo kernel/$m; done;	\
	cat /dev/null ) > drivers/media/usb/zr364xx/modules.builtin
make -f scripts/Makefile.modbuiltin obj=drivers/usb/misc
make -f scripts/Makefile.modbuiltin obj=drivers/net/ethernet/stmicro
make -f scripts/Makefile.modbuiltin obj=drivers/video/omap2/displays
(for m in ; do echo kernel/$m; done;	\
	cat /dev/null ) > drivers/usb/host/modules.builtin
make -f scripts/Makefile.modbuiltin obj=drivers/net/ethernet/wiznet
(for m in ; do echo kernel/$m; done;	\
	cat /dev/null ) > drivers/net/ethernet/smsc/modules.builtin
(for m in ; do echo kernel/$m; done;	\
	cat /dev/null ) > drivers/net/ethernet/stmicro/modules.builtin
(for m in ; do echo kernel/$m; done;	\
	cat /dev/null drivers/tty/ipwireless/modules.builtin drivers/tty/serial/modules.builtin drivers/tty/vt/modules.builtin) > drivers/tty/modules.builtin
make -f scripts/Makefile.modbuiltin obj=drivers/usb/serial
(for m in ; do echo kernel/$m; done;	\
	cat /dev/null ) > drivers/net/ethernet/wiznet/modules.builtin
make[3]: `include/generated/mach-types.h' is up to date.
(for m in ; do echo kernel/$m; done;	\
	cat /dev/null ) > drivers/usb/misc/modules.builtin
make -f scripts/Makefile.build obj=.
(for m in ; do echo kernel/$m; done;	\
	cat /dev/null ) > drivers/video/omap2/displays/modules.builtin
(for m in ; do echo kernel/$m; done;	\
	cat /dev/null drivers/media/usb/b2c2/modules.builtin drivers/media/usb/dvb-usb/modules.builtin drivers/media/usb/dvb-usb-v2/modules.builtin drivers/media/usb/s2255/modules.builtin drivers/media/usb/siano/modules.builtin drivers/media/usb/stkwebcam/modules.builtin drivers/media/usb/ttusb-budget/modules.builtin drivers/media/usb/ttusb-dec/modules.builtin drivers/media/usb/uvc/modules.builtin drivers/media/usb/zr364xx/modules.builtin) > drivers/media/usb/modules.builtin
(for m in ; do echo kernel/$m; done;	\
	cat /dev/null drivers/media/pci/b2c2/modules.builtin drivers/media/pci/ddbridge/modules.builtin drivers/media/pci/dm1105/modules.builtin drivers/media/pci/mantis/modules.builtin drivers/media/pci/ngene/modules.builtin drivers/media/pci/pluto2/modules.builtin drivers/media/pci/pt1/modules.builtin drivers/media/pci/saa7146/modules.builtin drivers/media/pci/ttpci/modules.builtin) > drivers/media/pci/modules.builtin
make -f scripts/Makefile.modbuiltin obj=drivers/usb/storage
(for m in drivers/usb/serial/usbserial.ko drivers/usb/serial/ftdi_sio.ko drivers/usb/serial/option.ko drivers/usb/serial/pl2303.ko drivers/usb/serial/usb_wwan.ko; do echo kernel/$m; done;	\
	cat /dev/null ) > drivers/usb/serial/modules.builtin
(for m in ; do echo kernel/$m; done;	\
	cat /dev/null drivers/net/ethernet/8390/modules.builtin drivers/net/ethernet/broadcom/modules.builtin drivers/net/ethernet/cadence/modules.builtin drivers/net/ethernet/cirrus/modules.builtin drivers/net/ethernet/faraday/modules.builtin drivers/net/ethernet/hieth-gmac/modules.builtin drivers/net/ethernet/i825xx/modules.builtin drivers/net/ethernet/intel/modules.builtin drivers/net/ethernet/marvell/modules.builtin drivers/net/ethernet/micrel/modules.builtin drivers/net/ethernet/natsemi/modules.builtin drivers/net/ethernet/seeq/modules.builtin drivers/net/ethernet/smsc/modules.builtin drivers/net/ethernet/stmicro/modules.builtin drivers/net/ethernet/wiznet/modules.builtin) > drivers/net/ethernet/modules.builtin
(for m in drivers/usb/storage/usb-storage.ko; do echo kernel/$m; done;	\
	cat /dev/null ) > drivers/usb/storage/modules.builtin
(for m in ; do echo kernel/$m; done;	\
	cat /dev/null drivers/video/omap2/displays/modules.builtin) > drivers/video/omap2/modules.builtin
(for m in ; do echo kernel/$m; done;	\
	cat /dev/null drivers/media/common/modules.builtin drivers/media/firewire/modules.builtin drivers/media/i2c/modules.builtin drivers/media/mmc/modules.builtin drivers/media/parport/modules.builtin drivers/media/pci/modules.builtin drivers/media/platform/modules.builtin drivers/media/radio/modules.builtin drivers/media/rc/modules.builtin drivers/media/tuners/modules.builtin drivers/media/usb/modules.builtin drivers/media/v4l2-core/modules.builtin) > drivers/media/modules.builtin
  	(set -e; echo "#ifndef __DEVICEVTABLE_OFFSETS_H__"; echo "#define __DEVICEVTABLE_OFFSETS_H__"; echo "/*"; echo " * DO NOT MODIFY."; echo " *"; echo " * This file was generated by Kbuild"; echo " *"; echo " */"; echo ""; sed -ne 	"/^->/{s:->#\(.*\):/* \1 */:; s:^->\([^ ]*\) [\$#]*\([-0-9]*\) \(.*\):#define \1 \2 /* \3 */:; s:^->\([^ ]*\) [\$#]*\([^ ]*\) \(.*\):#define \1 \2 /* \3 */:; s:->::; p;}" scripts/mod/devicetable-offsets.s; echo ""; echo "#endif" ) > scripts/mod/devicetable-offsets.h
(for m in drivers/video/fb.ko; do echo kernel/$m; done;	\
	cat /dev/null drivers/video/backlight/modules.builtin drivers/video/console/modules.builtin drivers/video/omap2/modules.builtin) > drivers/video/modules.builtin
(for m in ; do echo kernel/$m; done;	\
	cat /dev/null drivers/net/ethernet/modules.builtin drivers/net/phy/modules.builtin drivers/net/ppp/modules.builtin drivers/net/slip/modules.builtin drivers/net/wireless/modules.builtin) > drivers/net/modules.builtin
(for m in drivers/usb/usb-common.ko; do echo kernel/$m; done;	\
	cat /dev/null drivers/usb/class/modules.builtin drivers/usb/core/modules.builtin drivers/usb/host/modules.builtin drivers/usb/misc/modules.builtin drivers/usb/serial/modules.builtin drivers/usb/storage/modules.builtin) > drivers/usb/modules.builtin
(for m in ; do echo kernel/$m; done;	\
	cat /dev/null drivers/amba/modules.builtin drivers/ata/modules.builtin drivers/auxdisplay/modules.builtin drivers/base/modules.builtin drivers/block/modules.builtin drivers/bluetooth/modules.builtin drivers/bus/modules.builtin drivers/cdrom/modules.builtin drivers/char/modules.builtin drivers/clk/modules.builtin drivers/clocksource/modules.builtin drivers/cpufreq/modules.builtin drivers/crypto/modules.builtin drivers/firewire/modules.builtin drivers/firmware/modules.builtin drivers/gpio/modules.builtin drivers/gpu/modules.builtin drivers/hid/modules.builtin drivers/hsi/modules.builtin drivers/i2c/modules.builtin drivers/idle/modules.builtin drivers/input/modules.builtin drivers/input/gameport/modules.builtin drivers/input/serio/modules.builtin drivers/iommu/modules.builtin drivers/irqchip/modules.builtin drivers/leds/modules.builtin drivers/lguest/modules.builtin drivers/macintosh/modules.builtin drivers/media/modules.builtin drivers/mfd/modules.builtin drivers/misc/modules.builtin drivers/mmc/modules.builtin drivers/mtd/modules.builtin drivers/net/modules.builtin drivers/nfc/modules.builtin drivers/pinctrl/modules.builtin drivers/platform/modules.builtin drivers/pwm/modules.builtin drivers/rtc/modules.builtin drivers/scsi/modules.builtin drivers/staging/modules.builtin drivers/tty/modules.builtin drivers/usb/modules.builtin drivers/video/modules.builtin) > drivers/modules.builtin
  gcc -Wp,-MD,scripts/mod/.file2alias.o.d -Wall -Wmissing-prototypes -Wstrict-prototypes -O2 -fomit-frame-pointer     -c -o scripts/mod/file2alias.o scripts/mod/file2alias.c
(cat /dev/null; ) > modules.order
awk '!x[$0]++' init/modules.builtin usr/modules.builtin arch/arm/nwfpe/modules.builtin arch/arm/vfp/modules.builtin arch/arm/kernel/modules.builtin arch/arm/mm/modules.builtin arch/arm/common/modules.builtin arch/arm/net/modules.builtin arch/arm/crypto/modules.builtin arch/arm/mach-s40/modules.builtin kernel/modules.builtin mm/modules.builtin fs/modules.builtin ipc/modules.builtin security/modules.builtin crypto/modules.builtin block/modules.builtin drivers/modules.builtin sound/modules.builtin firmware/modules.builtin arch/arm/oprofile/modules.builtin net/modules.builtin arch/arm/lib/modules.builtin lib/modules.builtin > /home/liujingfei/project/histb_project_v2_Apr9/histb/source/kernel/linux-3.10.y/modules.builtin
mkdir -p kernel/
mkdir -p arch/arm/kernel/
  /bin/sh scripts/checksyscalls.sh arm-hisiv200-linux-gcc -Wp,-MD,./.missing-syscalls.d  -nostdinc -isystem /opt/hisi-linux/x86-arm/arm-hisiv200-linux/bin/../lib/gcc/arm-hisiv200-linux-gnueabi/4.4.1/include -I/home/liujingfei/project/histb_project_v2_Apr9/histb/source/kernel/linux-3.10.y/arch/arm/include -Iarch/arm/include/generated  -Iinclude -I/home/liujingfei/project/histb_project_v2_Apr9/histb/source/kernel/linux-3.10.y/arch/arm/include/uapi -Iarch/arm/include/generated/uapi -I/home/liujingfei/project/histb_project_v2_Apr9/histb/source/kernel/linux-3.10.y/include/uapi -Iinclude/generated/uapi -include /home/liujingfei/project/histb_project_v2_Apr9/histb/source/kernel/linux-3.10.y/include/linux/kconfig.h -D__KERNEL__ -mlittle-endian -Iarch/arm/mach-s40/include -Wall -Wundef -Wstrict-prototypes -Wno-trigraphs -fno-strict-aliasing -fno-common -Werror-implicit-function-declaration -Wno-format-security -fno-delete-null-pointer-checks -O2 -fno-dwarf2-cfi-asm -fno-omit-frame-pointer -mapcs -mno-sched-prolog -fstack-protector -mabi=aapcs-linux -mno-thumb-interwork -funwind-tables -marm -D__LINUX_ARM_ARCH__=7 -march=armv7-a -msoft-float -Uarm -Wframe-larger-than=1024 -fno-omit-frame-pointer -fno-optimize-sibling-calls -pg -Wdeclaration-after-statement -Wno-pointer-sign -fno-strict-overflow -fconserve-stack    -D"KBUILD_STR(s)=#s" -D"KBUILD_BASENAME=KBUILD_STR(missing_syscalls)"  -D"KBUILD_MODNAME=KBUILD_STR(missing_syscalls)" 
  gcc  -o scripts/mod/modpost scripts/mod/modpost.o scripts/mod/file2alias.o scripts/mod/sumversion.o  
(cat /dev/null; ) > scripts/modules.order
make -f scripts/Makefile.build obj=init
make -f scripts/Makefile.build obj=usr
make -f scripts/Makefile.build obj=arch/arm/nwfpe
(cat /dev/null; ) > usr/modules.order
make -f scripts/Makefile.build obj=arch/arm/vfp
make -f scripts/Makefile.build obj=arch/arm/kernel
(cat /dev/null; ) > init/modules.order
(cat /dev/null; ) > arch/arm/nwfpe/modules.order
make -f scripts/Makefile.build obj=arch/arm/mm
(cat /dev/null; ) > arch/arm/vfp/modules.order
make -f scripts/Makefile.build obj=arch/arm/common
make -f scripts/Makefile.build obj=arch/arm/net
make -f scripts/Makefile.build obj=arch/arm/crypto
(cat /dev/null; ) > arch/arm/common/modules.order
(cat /dev/null; ) > arch/arm/net/modules.order
make -f scripts/Makefile.build obj=arch/arm/mach-s40
(cat /dev/null; ) > arch/arm/crypto/modules.order
make -f scripts/Makefile.build obj=kernel
make -f scripts/Makefile.build obj=mm
(cat /dev/null; ) > arch/arm/mm/modules.order
make -f scripts/Makefile.build obj=fs
(cat /dev/null; ) > arch/arm/kernel/modules.order
make -f scripts/Makefile.build obj=arch/arm/mach-s40/cpu
make -f scripts/Makefile.build obj=ipc
make -f scripts/Makefile.build obj=arch/arm/mach-s40/cpu/hi3716cv200
make -f scripts/Makefile.build obj=arch/arm/mach-s40/cpu/hi3716cv200es
(cat /dev/null; ) > arch/arm/mach-s40/cpu/hi3716cv200/modules.order
(cat /dev/null; ) > arch/arm/mach-s40/cpu/hi3716cv200es/modules.order
(cat /dev/null;   cat arch/arm/mach-s40/cpu/hi3716cv200es/modules.order;   cat arch/arm/mach-s40/cpu/hi3716cv200/modules.order;) > arch/arm/mach-s40/cpu/modules.order
make -f scripts/Makefile.build obj=security
(cat /dev/null;   cat arch/arm/mach-s40/cpu/modules.order;) > arch/arm/mach-s40/modules.order
(cat /dev/null; ) > ipc/modules.order
make -f scripts/Makefile.build obj=crypto
(cat /dev/null; ) > security/modules.order
make -f scripts/Makefile.build obj=block
make -f scripts/Makefile.build obj=drivers
(cat /dev/null; ) > mm/modules.order
make -f scripts/Makefile.build obj=fs/autofs4
make -f scripts/Makefile.build obj=fs/configfs
make -f scripts/Makefile.build obj=fs/cramfs
make -f scripts/Makefile.build obj=fs/debugfs
make -f scripts/Makefile.build obj=drivers/amba
make -f scripts/Makefile.build obj=sound
make -f scripts/Makefile.build obj=fs/devpts
make -f scripts/Makefile.build obj=kernel/cpu
make -f scripts/Makefile.build obj=fs/exofs
make -f scripts/Makefile.build obj=fs/exportfs
make -f scripts/Makefile.build obj=drivers/ata
(cat /dev/null; ) > fs/cramfs/modules.order
make -f scripts/Makefile.build obj=kernel/events
make -f scripts/Makefile.build obj=drivers/auxdisplay
(cat /dev/null; ) > drivers/amba/modules.order
(cat /dev/null; ) > fs/debugfs/modules.order
(cat /dev/null; ) > fs/exofs/modules.order
(cat /dev/null; ) > fs/configfs/modules.order
make -f scripts/Makefile.build obj=fs/ext2
make -f scripts/Makefile.build obj=kernel/irq
make -f scripts/Makefile.build obj=drivers/base
make -f scripts/Makefile.build obj=kernel/power
make -f scripts/Makefile.build obj=fs/ext3
(cat /dev/null; ) > drivers/auxdisplay/modules.order
(cat /dev/null; ) > fs/devpts/modules.order
(cat /dev/null; ) > kernel/cpu/modules.order
make -f scripts/Makefile.build obj=kernel/sched
make -f scripts/Makefile.build obj=fs/ext4
make -f scripts/Makefile.build obj=drivers/block
make -f scripts/Makefile.build obj=drivers/bluetooth
make -f scripts/Makefile.build obj=fs/fat
(cat /dev/null;   echo kernel/fs/exportfs/exportfs.ko;) > fs/exportfs/modules.order
make -f scripts/Makefile.build obj=kernel/time
(cat /dev/null; ) > kernel/events/modules.order
make -f scripts/Makefile.build obj=fs/fuse
make -f scripts/Makefile.build obj=fs/isofs
(cat /dev/null; ) > drivers/block/modules.order
(cat /dev/null; ) > drivers/bluetooth/modules.order
make -f scripts/Makefile.build obj=sound/arm
make -f scripts/Makefile.build obj=kernel/trace
make -f scripts/Makefile.build obj=block/partitions
(cat /dev/null; ) > kernel/power/modules.order
make -f scripts/Makefile.build obj=drivers/bus
(cat /dev/null;   echo kernel/fs/autofs4/autofs4.ko;) > fs/autofs4/modules.order
(cat /dev/null; ) > sound/arm/modules.order
make -f scripts/Makefile.build obj=firmware
(cat /dev/null; ) > kernel/irq/modules.order
(cat /dev/null; ) > drivers/bus/modules.order
(cat /dev/null; ) > fs/fuse/modules.order
(cat /dev/null; ) > crypto/modules.order
make -f scripts/Makefile.build obj=drivers/cdrom
make -f scripts/Makefile.build obj=sound/atmel
(cat /dev/null; ) > kernel/sched/modules.order
make -f scripts/Makefile.build obj=fs/jbd
(cat /dev/null; ) > drivers/cdrom/modules.order
make -f scripts/Makefile.build obj=drivers/char
(cat /dev/null; ) > sound/atmel/modules.order
make -f scripts/Makefile.build obj=fs/jbd2
(cat /dev/null; ) > block/partitions/modules.order
make -f scripts/Makefile.build obj=sound/core
make -f scripts/Makefile.build obj=drivers/clk
make -f scripts/Makefile.build obj=sound/drivers
make -f scripts/Makefile.build obj=fs/jffs2
(cat /dev/null; ) > fs/isofs/modules.order
make -f scripts/Makefile.build obj=drivers/clocksource
make -f scripts/Makefile.build obj=sound/drivers/mpu401
(cat /dev/null;   cat block/partitions/modules.order;) > block/modules.order
(cat /dev/null; ) > sound/drivers/mpu401/modules.order
(cat /dev/null; ) > drivers/clk/modules.order
make -f scripts/Makefile.build obj=sound/drivers/opl3
(cat /dev/null; ) > fs/fat/modules.order
(cat /dev/null; ) > kernel/time/modules.order
make -f scripts/Makefile.build obj=sound/drivers/opl4
(cat /dev/null; ) > sound/drivers/opl3/modules.order
(cat /dev/null; ) > drivers/char/modules.order
(cat /dev/null; ) > drivers/clocksource/modules.order
(cat /dev/null; ) > sound/drivers/opl4/modules.order
(cat /dev/null; ) > fs/ext2/modules.order
make -f scripts/Makefile.build obj=drivers/base/power
make -f scripts/Makefile.build obj=arch/arm/oprofile
make -f scripts/Makefile.build obj=drivers/cpufreq
(cat /dev/null; ) > firmware/modules.order
(cat /dev/null; ) > fs/jbd2/modules.order
(cat /dev/null; ) > fs/jbd/modules.order
make -f scripts/Makefile.build obj=fs/jfs
(cat /dev/null;   echo kernel/drivers/ata/ahci_platform.ko;   echo kernel/drivers/ata/libahci.ko;) > drivers/ata/modules.order
make -f scripts/Makefile.build obj=sound/drivers/pcsp
(cat /dev/null; ) > fs/ext3/modules.order
make -f scripts/Makefile.build obj=fs/lockd
make -f scripts/Makefile.build obj=drivers/crypto
make -f scripts/Makefile.build obj=sound/firewire
make -f scripts/Makefile.build obj=sound/drivers/vx
make -f scripts/Makefile.build obj=fs/nfs
(cat /dev/null; ) > sound/drivers/pcsp/modules.order
(cat /dev/null; ) > sound/drivers/vx/modules.order
make -f scripts/Makefile.build obj=drivers/firewire
make -f scripts/Makefile.build obj=sound/i2c
(cat /dev/null; ) > drivers/crypto/modules.order
(cat /dev/null; ) > sound/firewire/modules.order
make -f scripts/Makefile.build obj=fs/nfs_common
(cat /dev/null; ) > drivers/firewire/modules.order
make -f scripts/Makefile.build obj=drivers/firmware
make -f scripts/Makefile.build obj=sound/i2c/other
make -f scripts/Makefile.build obj=sound/isa
make -f scripts/Makefile.build obj=net
make -f scripts/Makefile.build obj=fs/nls
make -f scripts/Makefile.build obj=drivers/gpio
(cat /dev/null; ) > drivers/firmware/modules.order
(cat /dev/null; ) > sound/i2c/other/modules.order
(cat /dev/null;   cat sound/drivers/opl3/modules.order;   cat sound/drivers/opl4/modules.order;   cat sound/drivers/mpu401/modules.order;   cat sound/drivers/vx/modules.order;   cat sound/drivers/pcsp/modules.order;) > sound/drivers/modules.order
make -f scripts/Makefile.build obj=sound/mips
(cat /dev/null; ) > fs/nfs_common/modules.order
make -f scripts/Makefile.build obj=fs/notify
(cat /dev/null; ) > drivers/base/power/modules.order
(cat /dev/null; ) > sound/mips/modules.order
make -f scripts/Makefile.build obj=sound/isa/ad1816a
make -f scripts/Makefile.build obj=sound/parisc
(cat /dev/null; ) > drivers/gpio/modules.order
make -f scripts/Makefile.build obj=drivers/gpu
(cat /dev/null;   cat sound/i2c/other/modules.order;) > sound/i2c/modules.order
(cat /dev/null; ) > sound/isa/ad1816a/modules.order
(cat /dev/null; ) > sound/parisc/modules.order
make -f scripts/Makefile.build obj=drivers/gpu/drm
(cat /dev/null;   cat drivers/base/power/modules.order;) > drivers/base/modules.order
make -f scripts/Makefile.build obj=drivers/hid
(cat /dev/null; ) > kernel/trace/modules.order
(cat /dev/null; ) > drivers/cpufreq/modules.order
make -f scripts/Makefile.build obj=fs/proc
make -f scripts/Makefile.build obj=drivers/gpu/drm/i2c
make -f scripts/Makefile.build obj=sound/isa/ad1848
(cat /dev/null;   cat kernel/sched/modules.order;   cat kernel/power/modules.order;   cat kernel/cpu/modules.order;   cat kernel/time/modules.order;   cat kernel/irq/modules.order;   cat kernel/trace/modules.order;   cat kernel/trace/modules.order;   cat kernel/trace/modules.order;   cat kernel/trace/modules.order;   cat kernel/trace/modules.order;   cat kernel/events/modules.order;) > kernel/modules.order
(cat /dev/null; ) > sound/core/modules.order
make -f scripts/Makefile.build obj=fs/quota
(cat /dev/null; ) > sound/isa/ad1848/modules.order
make -f scripts/Makefile.build obj=fs/ramfs
(cat /dev/null; ) > drivers/gpu/drm/i2c/modules.order
make -f scripts/Makefile.build obj=arch/arm/lib
make -f scripts/Makefile.build obj=fs/notify/dnotify
(cat /dev/null; ) > arch/arm/oprofile/modules.order
make -f scripts/Makefile.build obj=fs/reiserfs
make -f scripts/Makefile.build obj=sound/pci
make -f scripts/Makefile.build obj=net/802
make -f scripts/Makefile.build obj=sound/isa/cs423x
(cat /dev/null; ) > fs/ramfs/modules.order
(cat /dev/null; ) > fs/notify/dnotify/modules.order
make -f scripts/Makefile.build obj=fs/squashfs
(cat /dev/null;   cat drivers/gpu/drm/i2c/modules.order;) > drivers/gpu/drm/modules.order
(cat /dev/null; ) > fs/ext4/modules.order
(cat /dev/null; ) > sound/isa/cs423x/modules.order
make -f scripts/Makefile.build obj=net/8021q
make -f scripts/Makefile.build obj=sound/pci/ac97
make -f scripts/Makefile.build obj=fs/notify/fanotify
(cat /dev/null; ) > sound/pci/ac97/modules.order
make -f scripts/Makefile.build obj=sound/isa/es1688
make -f scripts/Makefile.build obj=drivers/hsi
make -f scripts/Makefile.build obj=drivers/gpu/vga
(cat /dev/null; ) > fs/jffs2/modules.order
(cat /dev/null; ) > sound/isa/es1688/modules.order
make -f scripts/Makefile.build obj=drivers/hsi/clients
(cat /dev/null; ) > fs/notify/fanotify/modules.order
make -f scripts/Makefile.build obj=drivers/i2c
(cat /dev/null; ) > drivers/gpu/vga/modules.order
make -f scripts/Makefile.build obj=sound/pci/ali5451
(cat /dev/null; ) > net/802/modules.order
make -f scripts/Makefile.build obj=net/bluetooth
(cat /dev/null; ) > drivers/hsi/clients/modules.order
make -f scripts/Makefile.build obj=drivers/i2c/algos
(cat /dev/null; ) > fs/lockd/modules.order
(cat /dev/null; ) > drivers/i2c/algos/modules.order
(cat /dev/null;   cat drivers/hsi/clients/modules.order;) > drivers/hsi/modules.order
(cat /dev/null;   echo kernel/fs/quota/quota_v1.ko;   echo kernel/fs/quota/quota_v2.ko;   echo kernel/fs/quota/quota_tree.ko;) > fs/quota/modules.order
(cat /dev/null; ) > sound/isa/galaxy/modules.order
(cat /dev/null; ) > net/8021q/modules.order
make -f scripts/Makefile.build obj=drivers/i2c/busses
make -f scripts/Makefile.build obj=sound/pci/asihpi
make -f scripts/Makefile.build obj=sound/pcmcia
make -f scripts/Makefile.build obj=sound/pci/au88x0
make -f scripts/Makefile.build obj=fs/sysfs
make -f scripts/Makefile.build obj=sound/isa/gus
(cat /dev/null; ) > sound/pci/asihpi/modules.order
(cat /dev/null; ) > drivers/i2c/busses/modules.order
make -f scripts/Makefile.build obj=sound/pcmcia/pdaudiocf
make -f scripts/Makefile.build obj=sound/ppc
make -f scripts/Makefile.build obj=net/bridge
make -f scripts/Makefile.build obj=fs/ubifs
make -f scripts/Makefile.build obj=lib
(cat /dev/null; ) > sound/isa/gus/modules.order
(cat /dev/null; ) > sound/pcmcia/pdaudiocf/modules.order
make -f scripts/Makefile.build obj=drivers/hid/usbhid
make -f scripts/Makefile.build obj=fs/udf
(cat /dev/null; ) > sound/ppc/modules.order
(cat /dev/null; ) > fs/notify/inotify/modules.order
(cat /dev/null; ) > sound/pci/au88x0/modules.order
make -f scripts/Makefile.build obj=fs/xfs
make -f scripts/Makefile.build obj=drivers/i2c/muxes
make -f scripts/Makefile.build obj=sound/isa/msnd
make -f scripts/Makefile.build obj=sound/pcmcia/vx
(cat /dev/null; ) > fs/squashfs/modules.order
(cat /dev/null; ) > drivers/i2c/muxes/modules.order
(cat /dev/null;   cat fs/notify/dnotify/modules.order;   cat fs/notify/inotify/modules.order;   cat fs/notify/fanotify/modules.order;) > fs/notify/modules.order
make -f scripts/Makefile.build obj=fs/yaffs2
(cat /dev/null; ) > sound/isa/msnd/modules.order
(cat /dev/null; ) > sound/pcmcia/vx/modules.order
(cat /dev/null; ) > sound/pci/aw2/modules.order
(cat /dev/null;   cat drivers/i2c/algos/modules.order;   cat drivers/i2c/busses/modules.order;   cat drivers/i2c/muxes/modules.order;) > drivers/i2c/modules.order
(cat /dev/null; ) > drivers/hid/usbhid/modules.order
(cat /dev/null; ) > fs/sysfs/modules.order
make -f scripts/Makefile.build obj=sound/isa/opti9xx
make -f scripts/Makefile.build obj=drivers/idle
(cat /dev/null; ) > sound/isa/opti9xx/modules.order
(cat /dev/null; ) > fs/proc/modules.order
make -f scripts/Makefile.build obj=sound/pci/ca0106
make -f scripts/Makefile.build obj=sound/isa/sb
(cat /dev/null; ) > sound/pci/ca0106/modules.order
(cat /dev/null;   cat sound/pcmcia/vx/modules.order;   cat sound/pcmcia/pdaudiocf/modules.order;) > sound/pcmcia/modules.order
(cat /dev/null;   cat drivers/hid/usbhid/modules.order;) > drivers/hid/modules.order
(cat /dev/null; ) > sound/isa/sb/modules.order
(cat /dev/null; ) > fs/nfs/modules.order
(cat /dev/null; ) > drivers/idle/modules.order
make -f scripts/Makefile.build obj=drivers/input
make -f scripts/Makefile.build obj=net/core
make -f scripts/Makefile.build obj=sound/pci/cs46xx
make -f scripts/Makefile.build obj=sound/isa/wavefront
make -f scripts/Makefile.build obj=net/ethernet
make -f scripts/Makefile.build obj=sound/sh
(cat /dev/null;   echo kernel/fs/jfs/jfs.ko;) > fs/jfs/modules.order
make -f scripts/Makefile.build obj=sound/pci/cs5535audio
(cat /dev/null; ) > sound/pci/cs46xx/modules.order
make -f scripts/Makefile.build obj=drivers/input/gameport
(cat /dev/null; ) > sound/isa/wavefront/modules.order
(cat /dev/null; ) > sound/sh/modules.order
make -f scripts/Makefile.build obj=sound/pci/ctxfi
(cat /dev/null; ) > sound/pci/cs5535audio/modules.order
(cat /dev/null; ) > net/ethernet/modules.order
make -f scripts/Makefile.build obj=net/bluetooth/bnep
make -f scripts/Makefile.build obj=sound/isa/wss
make -f scripts/Makefile.build obj=net/ipv4
(cat /dev/null; ) > drivers/input/gameport/modules.order
make -f scripts/Makefile.build obj=sound/soc
make -f scripts/Makefile.build obj=sound/pci/echoaudio
make -f scripts/Makefile.build obj=sound/sparc
(cat /dev/null; ) > sound/isa/wss/modules.order
(cat /dev/null; ) > sound/pci/echoaudio/modules.order
make -f scripts/Makefile.build obj=sound/spi
make -f scripts/Makefile.build obj=net/bluetooth/hidp
(cat /dev/null; ) > sound/pci/ctxfi/modules.order
(cat /dev/null; ) > sound/spi/modules.order
(cat /dev/null; ) > fs/udf/modules.order
(cat /dev/null; ) > sound/sparc/modules.order
make -f scripts/Makefile.build obj=sound/pci/emu10k1
(cat /dev/null; ) > sound/pci/emu10k1/modules.order
(cat /dev/null;   cat sound/isa/ad1816a/modules.order;   cat sound/isa/ad1848/modules.order;   cat sound/isa/cs423x/modules.order;   cat sound/isa/es1688/modules.order;   cat sound/isa/galaxy/modules.order;   cat sound/isa/gus/modules.order;   cat sound/isa/msnd/modules.order;   cat sound/isa/opti9xx/modules.order;   cat sound/isa/sb/modules.order;   cat sound/isa/wavefront/modules.order;   cat sound/isa/wss/modules.order;) > sound/isa/modules.order
make -f scripts/Makefile.build obj=sound/synth
make -f scripts/Makefile.build obj=net/ipv6
(cat /dev/null; ) > sound/synth/modules.order
make -f scripts/Makefile.build obj=drivers/input/joystick
make -f scripts/Makefile.build obj=net/bluetooth/rfcomm
make -f scripts/Makefile.build obj=sound/pci/hda
make -f scripts/Makefile.build obj=sound/usb
(cat /dev/null; ) > net/bluetooth/bnep/modules.order
(cat /dev/null; ) > drivers/input/joystick/modules.order
(cat /dev/null; ) > net/bluetooth/hidp/modules.order
make -f scripts/Makefile.build obj=net/llc
(cat /dev/null; ) > fs/yaffs2/modules.order
make -f scripts/Makefile.build obj=net/mac80211
make -f scripts/Makefile.build obj=drivers/input/serio
make -f scripts/Makefile.build obj=sound/pci/ice1712
make -f scripts/Makefile.build obj=sound/soc/atmel
(cat /dev/null; ) > sound/pci/ice1712/modules.order
make -f scripts/Makefile.build obj=drivers/input/keyboard
make -f scripts/Makefile.build obj=sound/pci/korg1212
make -f scripts/Makefile.build obj=net/bridge/netfilter
(cat /dev/null; ) > net/bluetooth/rfcomm/modules.order
(cat /dev/null; ) > fs/ubifs/modules.order
(cat /dev/null; ) > sound/soc/atmel/modules.order
make -f scripts/Makefile.build obj=drivers/input/misc
(cat /dev/null; ) > net/llc/modules.order
(cat /dev/null; ) > sound/pci/korg1212/modules.order
make -f scripts/Makefile.build obj=drivers/iommu
(cat /dev/null; ) > drivers/input/keyboard/modules.order
(cat /dev/null;   cat net/bluetooth/rfcomm/modules.order;   cat net/bluetooth/bnep/modules.order;   cat net/bluetooth/hidp/modules.order;) > net/bluetooth/modules.order
make -f scripts/Makefile.build obj=sound/soc/au1x
(cat /dev/null; ) > drivers/input/serio/modules.order
(cat /dev/null; ) > drivers/iommu/modules.order
(cat /dev/null; ) > sound/soc/au1x/modules.order
make -f scripts/Makefile.build obj=sound/soc/blackfin
make -f scripts/Makefile.build obj=drivers/input/mouse
(cat /dev/null; ) > drivers/input/misc/modules.order
make -f scripts/Makefile.build obj=sound/soc/cirrus
(cat /dev/null; ) > sound/soc/blackfin/modules.order
make -f scripts/Makefile.build obj=sound/pci/lola
make -f scripts/Makefile.build obj=net/ipv6/netfilter
make -f scripts/Makefile.build obj=sound/pci/lx6464es
make -f scripts/Makefile.build obj=sound/soc/codecs
(cat /dev/null; ) > sound/pci/lola/modules.order
(cat /dev/null; ) > sound/soc/cirrus/modules.order
(cat /dev/null; ) > sound/soc/codecs/modules.order
make -f scripts/Makefile.build obj=sound/usb/6fire
make -f scripts/Makefile.build obj=net/netfilter
make -f scripts/Makefile.build obj=sound/soc/davinci
make -f scripts/Makefile.build obj=drivers/irqchip
(cat /dev/null; ) > sound/usb/6fire/modules.order
(cat /dev/null; ) > net/ipv6/netfilter/modules.order
(cat /dev/null; ) > sound/pci/lx6464es/modules.order
(cat /dev/null; ) > sound/soc/davinci/modules.order
make -f scripts/Makefile.build obj=sound/pci/mixart
make -f scripts/Makefile.build obj=sound/soc/dwc
make -f scripts/Makefile.build obj=net/netlink
make -f scripts/Makefile.build obj=drivers/leds
(cat /dev/null; ) > drivers/input/mouse/modules.order
(cat /dev/null; ) > sound/pci/mixart/modules.order
(cat /dev/null;   cat net/ipv6/netfilter/modules.order;) > net/ipv6/modules.order
make -f scripts/Makefile.build obj=sound/usb/caiaq
(cat /dev/null; ) > sound/soc/dwc/modules.order
make -f scripts/Makefile.build obj=sound/pci/nm256
(cat /dev/null;   cat drivers/input/keyboard/modules.order;   cat drivers/input/mouse/modules.order;   cat drivers/input/joystick/modules.order;   cat drivers/input/misc/modules.order;) > drivers/input/modules.order
make -f scripts/Makefile.build obj=net/packet
(cat /dev/null; ) > drivers/irqchip/modules.order
make -f scripts/Makefile.build obj=drivers/lguest
(cat /dev/null; ) > sound/pci/nm256/modules.order
make -f scripts/Makefile.build obj=sound/usb/misc
(cat /dev/null; ) > sound/usb/caiaq/modules.order
(cat /dev/null; ) > sound/usb/misc/modules.order
make -f scripts/Makefile.build obj=sound/soc/fsl
make -f scripts/Makefile.build obj=sound/usb/usx2y
(cat /dev/null; ) > drivers/lguest/modules.order
make -f scripts/Makefile.build obj=drivers/leds/trigger
make -f scripts/Makefile.build obj=sound/pci/oxygen
(cat /dev/null; ) > drivers/leds/trigger/modules.order
(cat /dev/null; ) > net/netlink/modules.order
(cat /dev/null; ) > net/packet/modules.order
(cat /dev/null; ) > sound/soc/fsl/modules.order
(cat /dev/null;   echo kernel/fs/reiserfs/reiserfs.ko;) > fs/reiserfs/modules.order
make -f scripts/Makefile.build obj=sound/pci/pcxhr
(cat /dev/null; ) > sound/pci/oxygen/modules.order
(cat /dev/null; ) > sound/usb/usx2y/modules.order
make -f scripts/Makefile.build obj=drivers/macintosh
(cat /dev/null;   cat drivers/leds/trigger/modules.order;) > drivers/leds/modules.order
make -f scripts/Makefile.build obj=sound/soc/generic
make -f scripts/Makefile.build obj=net/rfkill
(cat /dev/null; ) > drivers/macintosh/modules.order
make -f scripts/Makefile.build obj=sound/pci/riptide
(cat /dev/null; ) > sound/pci/pcxhr/modules.order
(cat /dev/null;   cat sound/usb/misc/modules.order;   cat sound/usb/usx2y/modules.order;   cat sound/usb/caiaq/modules.order;   cat sound/usb/6fire/modules.order;) > sound/usb/modules.order
make -f scripts/Makefile.build obj=drivers/media
make -f scripts/Makefile.build obj=net/sched
make -f scripts/Makefile.build obj=sound/soc/jz4740
(cat /dev/null; ) > sound/soc/generic/modules.order
(cat /dev/null; ) > sound/pci/riptide/modules.order
make -f scripts/Makefile.build obj=sound/pci/rme9652
make -f scripts/Makefile.build obj=net/sunrpc
(cat /dev/null; ) > sound/soc/jz4740/modules.order
make -f scripts/Makefile.build obj=sound/pci/trident
make -f scripts/Makefile.build obj=drivers/media/common
make -f scripts/Makefile.build obj=net/unix
make -f scripts/Makefile.build obj=sound/soc/kirkwood
(cat /dev/null; ) > sound/pci/rme9652/modules.order
make -f scripts/Makefile.build obj=drivers/media/common/b2c2
make -f scripts/Makefile.build obj=net/wireless
make -f scripts/Makefile.build obj=drivers/mfd
(cat /dev/null; ) > sound/soc/kirkwood/modules.order
(cat /dev/null; ) > sound/pci/trident/modules.order
(cat /dev/null; ) > net/rfkill/modules.order
(cat /dev/null;   echo kernel/fs/nls/nls_cp737.ko;   echo kernel/fs/nls/nls_cp775.ko;   echo kernel/fs/nls/nls_cp850.ko;   echo kernel/fs/nls/nls_cp852.ko;   echo kernel/fs/nls/nls_cp855.ko;   echo kernel/fs/nls/nls_cp857.ko;   echo kernel/fs/nls/nls_cp860.ko;   echo kernel/fs/nls/nls_cp861.ko;   echo kernel/fs/nls/nls_cp862.ko;   echo kernel/fs/nls/nls_cp863.ko;   echo kernel/fs/nls/nls_cp864.ko;   echo kernel/fs/nls/nls_cp865.ko;   echo kernel/fs/nls/nls_cp866.ko;   echo kernel/fs/nls/nls_cp869.ko;   echo kernel/fs/nls/nls_cp874.ko;   echo kernel/fs/nls/nls_cp932.ko;   echo kernel/fs/nls/nls_euc-jp.ko;   echo kernel/fs/nls/nls_cp949.ko;   echo kernel/fs/nls/nls_cp950.ko;   echo kernel/fs/nls/nls_cp1250.ko;   echo kernel/fs/nls/nls_cp1251.ko;   echo kernel/fs/nls/nls_iso8859-2.ko;   echo kernel/fs/nls/nls_iso8859-3.ko;   echo kernel/fs/nls/nls_iso8859-4.ko;   echo kernel/fs/nls/nls_iso8859-5.ko;   echo kernel/fs/nls/nls_iso8859-6.ko;   echo kernel/fs/nls/nls_iso8859-7.ko;   echo kernel/fs/nls/nls_cp1255.ko;   echo kernel/fs/nls/nls_iso8859-9.ko;   echo kernel/fs/nls/nls_iso8859-13.ko;   echo kernel/fs/nls/nls_iso8859-14.ko;   echo kernel/fs/nls/nls_iso8859-15.ko;   echo kernel/fs/nls/nls_koi8-r.ko;   echo kernel/fs/nls/nls_koi8-u.ko;   echo kernel/fs/nls/nls_koi8-ru.ko;) > fs/nls/modules.order
make -f scripts/Makefile.build obj=lib/lzo
make -f scripts/Makefile.build obj=drivers/media/firewire
(cat /dev/null; ) > drivers/mfd/modules.order
make -f scripts/Makefile.build obj=drivers/media/i2c
(cat /dev/null; ) > net/sched/modules.order
(cat /dev/null; ) > drivers/media/firewire/modules.order
(cat /dev/null; ) > net/core/modules.order
(cat /dev/null; ) > drivers/media/common/b2c2/modules.order
make -f scripts/Makefile.build obj=sound/soc/mid-x86
make -f scripts/Makefile.build obj=net/xfrm
make -f scripts/Makefile.build obj=drivers/media/i2c/soc_camera
make -f scripts/Makefile.build obj=lib/xz
make -f scripts/Makefile.build obj=sound/pci/vx222
(cat /dev/null; ) > sound/soc/mid-x86/modules.order
(cat /dev/null; ) > lib/lzo/modules.order
make -f scripts/Makefile.build obj=drivers/misc
(cat /dev/null; ) > net/unix/modules.order
make -f scripts/Makefile.build obj=sound/pci/ymfpci
make -f scripts/Makefile.build obj=drivers/media/mmc
(cat /dev/null; ) > sound/pci/vx222/modules.order
make -f scripts/Makefile.build obj=drivers/mmc
make -f scripts/Makefile.build obj=sound/soc/mxs
make -f scripts/Makefile.build obj=drivers/misc/carma
(cat /dev/null; ) > drivers/media/common/saa7146/modules.order
make -f scripts/Makefile.build obj=drivers/mtd
make -f scripts/Makefile.build obj=drivers/media/mmc/siano
(cat /dev/null; ) > sound/pci/ymfpci/modules.order
make -f scripts/Makefile.build obj=lib/zlib_deflate
(cat /dev/null; ) > drivers/media/i2c/soc_camera/modules.order
make -f scripts/Makefile.build obj=drivers/mmc/card
(cat /dev/null; ) > net/bridge/netfilter/modules.order
(cat /dev/null; ) > sound/soc/mxs/modules.order
(cat /dev/null; ) > drivers/misc/carma/modules.order
(cat /dev/null; ) > drivers/media/mmc/siano/modules.order
make -f scripts/Makefile.build obj=lib/zlib_inflate
(cat /dev/null; ) > lib/xz/modules.order
make -f scripts/Makefile.build obj=drivers/media/common/siano
(cat /dev/null;   cat sound/pci/ac97/modules.order;   cat sound/pci/ali5451/modules.order;   cat sound/pci/asihpi/modules.order;   cat sound/pci/au88x0/modules.order;   cat sound/pci/aw2/modules.order;   cat sound/pci/ctxfi/modules.order;   cat sound/pci/ca0106/modules.order;   cat sound/pci/cs46xx/modules.order;   cat sound/pci/cs5535audio/modules.order;   cat sound/pci/lola/modules.order;   cat sound/pci/lx6464es/modules.order;   cat sound/pci/echoaudio/modules.order;   cat sound/pci/emu10k1/modules.order;   cat sound/pci/hda/modules.order;   cat sound/pci/ice1712/modules.order;   cat sound/pci/korg1212/modules.order;   cat sound/pci/mixart/modules.order;   cat sound/pci/nm256/modules.order;   cat sound/pci/oxygen/modules.order;   cat sound/pci/pcxhr/modules.order;   cat sound/pci/riptide/modules.order;   cat sound/pci/rme9652/modules.order;   cat sound/pci/trident/modules.order;   cat sound/pci/ymfpci/modules.order;   cat sound/pci/vx222/modules.order;) > sound/pci/modules.order
(cat /dev/null;   cat drivers/media/i2c/soc_camera/modules.order;) > drivers/media/i2c/modules.order
make -f scripts/Makefile.build obj=drivers/misc/cb710
(cat /dev/null;   cat net/bridge/netfilter/modules.order;) > net/bridge/modules.order
(cat /dev/null; ) > lib/zlib_deflate/modules.order
make -f scripts/Makefile.build obj=sound/soc/nuc900
(cat /dev/null; ) > drivers/media/common/siano/modules.order
make -f scripts/Makefile.build obj=drivers/nfc
(cat /dev/null; ) > drivers/misc/cb710/modules.order
(cat /dev/null; ) > drivers/mmc/card/modules.order
(cat /dev/null; ) > sound/soc/nuc900/modules.order
(cat /dev/null; ) > drivers/nfc/modules.order
(cat /dev/null;   cat drivers/media/mmc/siano/modules.order;) > drivers/media/mmc/modules.order
(cat /dev/null; ) > lib/zlib_inflate/modules.order
make -f scripts/Makefile.build obj=drivers/pinctrl
(cat /dev/null;   cat drivers/media/common/b2c2/modules.order;   cat drivers/media/common/saa7146/modules.order;   cat drivers/media/common/siano/modules.order;) > drivers/media/common/modules.order
make -f scripts/Makefile.build obj=drivers/misc/eeprom
make -f scripts/Makefile.build obj=sound/soc/omap
make -f scripts/Makefile.build obj=drivers/net/ethernet
(cat /dev/null; ) > drivers/misc/eeprom/modules.order
(cat /dev/null; ) > net/xfrm/modules.order
(cat /dev/null; ) > drivers/pinctrl/modules.order
make -f scripts/Makefile.build obj=drivers/net/phy
make -f scripts/Makefile.build obj=drivers/mmc/core
(cat /dev/null; ) > sound/soc/omap/modules.order
make -f scripts/Makefile.build obj=drivers/net/ethernet/8390
(cat /dev/null;   cat lib/zlib_inflate/modules.order;   cat lib/zlib_deflate/modules.order;   cat lib/lzo/modules.order;   cat lib/lzo/modules.order;   cat lib/xz/modules.order;) > lib/modules.order
make -f scripts/Makefile.build obj=drivers/media/parport
make -f scripts/Makefile.build obj=drivers/mmc/host
make -f scripts/Makefile.build obj=sound/soc/pxa
make -f scripts/Makefile.build obj=drivers/misc/lis3lv02d
make -f scripts/Makefile.build obj=drivers/platform
(cat /dev/null; ) > drivers/net/ethernet/8390/modules.order
(cat /dev/null; ) > sound/soc/pxa/modules.order
make -f scripts/Makefile.build obj=drivers/net/ethernet/broadcom
(cat /dev/null; ) > drivers/platform/modules.order
(cat /dev/null; ) > drivers/media/parport/modules.order
make -f scripts/Makefile.build obj=drivers/mmc/host/himciv200
(cat /dev/null; ) > drivers/misc/lis3lv02d/modules.order
make -f scripts/Makefile.build obj=drivers/mtd/chips
make -f scripts/Makefile.build obj=drivers/misc/ti-st
make -f scripts/Makefile.build obj=drivers/net/ethernet/cadence
(cat /dev/null; ) > drivers/net/ethernet/broadcom/modules.order
make -f scripts/Makefile.build obj=sound/soc/s6000
make -f scripts/Makefile.build obj=drivers/pwm
make -f scripts/Makefile.build obj=drivers/media/pci
make -f scripts/Makefile.build obj=sound/soc/samsung
(cat /dev/null; ) > drivers/misc/ti-st/modules.order
(cat /dev/null; ) > sound/soc/s6000/modules.order
(cat /dev/null; ) > drivers/net/ethernet/cadence/modules.order
(cat /dev/null; ) > drivers/pwm/modules.order
(cat /dev/null; ) > drivers/mmc/host/himciv200/modules.order
make -f scripts/Makefile.build obj=drivers/media/platform
make -f scripts/Makefile.build obj=drivers/media/pci/b2c2
(cat /dev/null; ) > drivers/mtd/chips/modules.order
(cat /dev/null; ) > drivers/net/phy/modules.order
make -f scripts/Makefile.build obj=drivers/rtc
make -f scripts/Makefile.build obj=sound/soc/sh
(cat /dev/null; ) > sound/soc/samsung/modules.order
make -f scripts/Makefile.build obj=drivers/mtd/devices
(cat /dev/null;   cat drivers/misc/eeprom/modules.order;   cat drivers/misc/cb710/modules.order;   cat drivers/misc/ti-st/modules.order;   cat drivers/misc/lis3lv02d/modules.order;   cat drivers/misc/carma/modules.order;) > drivers/misc/modules.order
make -f scripts/Makefile.build obj=drivers/net/ethernet/cirrus
(cat /dev/null; ) > sound/soc/sh/modules.order
make -f scripts/Makefile.build obj=drivers/net/ethernet/faraday
make -f scripts/Makefile.build obj=drivers/media/platform/davinci
(cat /dev/null; ) > drivers/net/ethernet/cirrus/modules.order
(cat /dev/null; ) > drivers/media/pci/b2c2/modules.order
make -f scripts/Makefile.build obj=sound/soc/tegra
(cat /dev/null; ) > drivers/rtc/modules.order
(cat /dev/null; ) > drivers/media/platform/davinci/modules.order
(cat /dev/null; ) > drivers/net/ethernet/faraday/modules.order
(cat /dev/null;   cat drivers/mmc/host/himciv200/modules.order;) > drivers/mmc/host/modules.order
make -f scripts/Makefile.build obj=drivers/net/ethernet/hieth-gmac
make -f scripts/Makefile.build obj=drivers/mtd/devices/hisfc350
make -f scripts/Makefile.build obj=drivers/net/ppp
make -f scripts/Makefile.build obj=drivers/media/pci/ddbridge
make -f scripts/Makefile.build obj=drivers/net/ethernet/i825xx
(cat /dev/null; ) > sound/soc/tegra/modules.order
make -f scripts/Makefile.build obj=drivers/mtd/lpddr
(cat /dev/null;   cat drivers/media/platform/davinci/modules.order;) > drivers/media/platform/modules.order
(cat /dev/null; ) > drivers/mtd/lpddr/modules.order
(cat /dev/null; ) > drivers/media/pci/ddbridge/modules.order
make -f scripts/Makefile.build obj=drivers/mtd/maps
make -f scripts/Makefile.build obj=drivers/media/pci/dm1105
make -f scripts/Makefile.build obj=sound/soc/txx9
(cat /dev/null; ) > drivers/net/ethernet/i825xx/modules.order
make -f scripts/Makefile.build obj=sound/soc/ux500
(cat /dev/null; ) > net/sunrpc/modules.order
make -f scripts/Makefile.build obj=drivers/media/pci/mantis
(cat /dev/null; ) > drivers/media/pci/dm1105/modules.order
(cat /dev/null; ) > sound/soc/ux500/modules.order
(cat /dev/null; ) > drivers/mtd/maps/modules.order
make -f scripts/Makefile.build obj=drivers/scsi
make -f scripts/Makefile.build obj=drivers/media/radio
(cat /dev/null; ) > sound/soc/txx9/modules.order
(cat /dev/null; ) > drivers/mtd/devices/hisfc350/modules.order
(cat /dev/null; ) > drivers/mmc/core/modules.order
(cat /dev/null; ) > drivers/media/pci/mantis/modules.order
(cat /dev/null; ) > drivers/media/radio/modules.order
make -f scripts/Makefile.build obj=drivers/staging
make -f scripts/Makefile.build obj=drivers/mtd/nand
(cat /dev/null; ) > drivers/net/ppp/modules.order
make -f scripts/Makefile.build obj=drivers/net/slip
make -f scripts/Makefile.build obj=drivers/media/rc
make -f scripts/Makefile.build obj=drivers/tty
(cat /dev/null;   cat drivers/mtd/devices/hisfc350/modules.order;) > drivers/mtd/devices/modules.order
(cat /dev/null;   cat drivers/mmc/core/modules.order;   cat drivers/mmc/card/modules.order;   cat drivers/mmc/host/modules.order;) > drivers/mmc/modules.order
make -f scripts/Makefile.build obj=drivers/media/pci/ngene
(cat /dev/null;   cat sound/soc/codecs/modules.order;   cat sound/soc/generic/modules.order;   cat sound/soc/atmel/modules.order;   cat sound/soc/au1x/modules.order;   cat sound/soc/blackfin/modules.order;   cat sound/soc/cirrus/modules.order;   cat sound/soc/davinci/modules.order;   cat sound/soc/dwc/modules.order;   cat sound/soc/fsl/modules.order;   cat sound/soc/jz4740/modules.order;   cat sound/soc/mid-x86/modules.order;   cat sound/soc/mxs/modules.order;   cat sound/soc/nuc900/modules.order;   cat sound/soc/omap/modules.order;   cat sound/soc/kirkwood/modules.order;   cat sound/soc/pxa/modules.order;   cat sound/soc/samsung/modules.order;   cat sound/soc/s6000/modules.order;   cat sound/soc/sh/modules.order;   cat sound/soc/tegra/modules.order;   cat sound/soc/txx9/modules.order;   cat sound/soc/ux500/modules.order;) > sound/soc/modules.order
make -f scripts/Makefile.build obj=drivers/media/tuners
make -f scripts/Makefile.build obj=drivers/net/usb
make -f scripts/Makefile.build obj=drivers/media/rc/keymaps
make -f scripts/Makefile.build obj=drivers/net/ethernet/intel
(cat /dev/null; ) > drivers/media/pci/ngene/modules.order
(cat /dev/null; ) > drivers/media/rc/keymaps/modules.order
(cat /dev/null; ) > drivers/net/usb/modules.order
(cat /dev/null; ) > drivers/media/tuners/modules.order
make -f scripts/Makefile.build obj=drivers/staging/media
(cat /dev/null; ) > drivers/net/ethernet/hieth-gmac/modules.order
(cat /dev/null; ) > drivers/net/slip/modules.order
(cat /dev/null; ) > drivers/net/ethernet/intel/modules.order
make -f scripts/Makefile.build obj=drivers/media/usb
make -f scripts/Makefile.build obj=drivers/mtd/onenand
(cat /dev/null;   echo kernel/net/wireless/cfg80211.ko;) > net/wireless/modules.order
make -f scripts/Makefile.build obj=drivers/net/ethernet/marvell
make -f scripts/Makefile.build obj=drivers/usb
make -f scripts/Makefile.build obj=drivers/media/v4l2-core
(cat /dev/null; ) > drivers/staging/media/modules.order
make -f scripts/Makefile.build obj=drivers/media/usb/b2c2
(cat /dev/null;   cat drivers/media/rc/keymaps/modules.order;) > drivers/media/rc/modules.order
make -f scripts/Makefile.build obj=drivers/media/pci/pluto2
make -f scripts/Makefile.build obj=drivers/net/wireless
(cat /dev/null; ) > drivers/mtd/onenand/modules.order
make -f scripts/Makefile.build obj=drivers/mtd/nand/hinfc610
(cat /dev/null; ) > drivers/net/ethernet/marvell/modules.order
(cat /dev/null; ) > drivers/media/usb/b2c2/modules.order
(cat /dev/null; ) > drivers/mtd/tests/modules.order
(cat /dev/null; ) > drivers/media/pci/pluto2/modules.order
make -f scripts/Makefile.build obj=drivers/mtd/ubi
(cat /dev/null;   cat drivers/staging/media/modules.order;) > drivers/staging/modules.order
make -f scripts/Makefile.build obj=drivers/usb/class
make -f scripts/Makefile.build obj=drivers/media/pci/pt1
make -f scripts/Makefile.build obj=drivers/media/usb/dvb-usb
make -f scripts/Makefile.build obj=drivers/video
make -f scripts/Makefile.build obj=drivers/net/ethernet/micrel
(cat /dev/null; ) > drivers/media/pci/pt1/modules.order
make -f scripts/Makefile.build obj=drivers/media/pci/saa7146
make -f scripts/Makefile.build obj=drivers/media/usb/dvb-usb-v2
(cat /dev/null; ) > drivers/media/usb/dvb-usb/modules.order
(cat /dev/null; ) > drivers/net/ethernet/micrel/modules.order
(cat /dev/null; ) > drivers/media/usb/dvb-usb-v2/modules.order
make -f scripts/Makefile.build obj=drivers/media/usb/gspca
(cat /dev/null; ) > drivers/media/pci/saa7146/modules.order
make -f scripts/Makefile.build obj=drivers/net/ethernet/natsemi
make -f scripts/Makefile.build obj=drivers/media/usb/s2255
make -f scripts/Makefile.build obj=drivers/tty/ipwireless
make -f scripts/Makefile.build obj=drivers/media/pci/ttpci
(cat /dev/null; ) > drivers/usb/class/modules.order
(cat /dev/null; ) > drivers/net/ethernet/natsemi/modules.order
(cat /dev/null; ) > drivers/media/pci/ttpci/modules.order
make -f scripts/Makefile.build obj=drivers/net/ethernet/seeq
make -f scripts/Makefile.build obj=drivers/net/wireless/ath
make -f scripts/Makefile.build obj=drivers/usb/core
make -f scripts/Makefile.build obj=drivers/media/usb/siano
(cat /dev/null; ) > drivers/media/v4l2-core/modules.order
make -f scripts/Makefile.build obj=drivers/net/ethernet/smsc
(cat /dev/null; ) > drivers/tty/ipwireless/modules.order
(cat /dev/null; ) > drivers/net/ethernet/seeq/modules.order
(cat /dev/null; ) > drivers/media/usb/s2255/modules.order
make -f scripts/Makefile.build obj=drivers/media/usb/stkwebcam
(cat /dev/null; ) > drivers/media/usb/siano/modules.order
make -f scripts/Makefile.build obj=drivers/video/backlight
(cat /dev/null;   cat drivers/media/pci/ttpci/modules.order;   cat drivers/media/pci/b2c2/modules.order;   cat drivers/media/pci/pluto2/modules.order;   cat drivers/media/pci/dm1105/modules.order;   cat drivers/media/pci/pt1/modules.order;   cat drivers/media/pci/mantis/modules.order;   cat drivers/media/pci/ngene/modules.order;   cat drivers/media/pci/ddbridge/modules.order;   cat drivers/media/pci/b2c2/modules.order;   cat drivers/media/pci/saa7146/modules.order;) > drivers/media/pci/modules.order
(cat /dev/null; ) > drivers/net/ethernet/smsc/modules.order
(cat /dev/null; ) > drivers/media/usb/stkwebcam/modules.order
make -f scripts/Makefile.build obj=drivers/tty/serial
make -f scripts/Makefile.build obj=drivers/usb/host
make -f scripts/Makefile.build obj=drivers/net/ethernet/stmicro
make -f scripts/Makefile.build obj=drivers/media/usb/ttusb-budget
make -f scripts/Makefile.build obj=net/ipv4/netfilter
make -f scripts/Makefile.build obj=drivers/video/console
(cat /dev/null; ) > drivers/net/ethernet/stmicro/modules.order
(cat /dev/null; ) > drivers/mtd/ubi/modules.order
make -f scripts/Makefile.build obj=drivers/usb/misc
(cat /dev/null; ) > drivers/media/usb/ttusb-budget/modules.order
(cat /dev/null;   echo kernel/drivers/media/usb/gspca/gspca_main.ko;) > drivers/media/usb/gspca/modules.order
make -f scripts/Makefile.build obj=drivers/scsi/arm
make -f scripts/Makefile.build obj=drivers/tty/vt
(cat /dev/null; ) > drivers/usb/misc/modules.order
(cat /dev/null; ) > drivers/video/console/modules.order
(cat /dev/null; ) > drivers/scsi/arm/modules.order
(cat /dev/null; ) > drivers/tty/serial/modules.order
make -f scripts/Makefile.build obj=drivers/media/usb/ttusb-dec
make -f scripts/Makefile.build obj=drivers/net/ethernet/wiznet
make -f scripts/Makefile.build obj=drivers/usb/serial
(cat /dev/null; ) > drivers/media/usb/ttusb-dec/modules.order
make -f scripts/Makefile.build obj=drivers/media/usb/uvc
make -f scripts/Makefile.build obj=drivers/usb/storage
(cat /dev/null; ) > drivers/net/ethernet/wiznet/modules.order
(cat /dev/null;   echo kernel/net/mac80211/mac80211.ko;) > net/mac80211/modules.order
make -f scripts/Makefile.build obj=drivers/media/usb/zr364xx
(cat /dev/null;   cat drivers/scsi/arm/modules.order;) > drivers/scsi/modules.order
(cat /dev/null;   echo kernel/drivers/video/backlight/lcd.ko;   echo kernel/drivers/video/backlight/backlight.ko;   echo kernel/drivers/video/backlight/generic_bl.ko;) > drivers/video/backlight/modules.order
make -f scripts/Makefile.build obj=drivers/video/omap2
(cat /dev/null;   cat drivers/net/ethernet/8390/modules.order;   cat drivers/net/ethernet/cadence/modules.order;   cat drivers/net/ethernet/broadcom/modules.order;   cat drivers/net/ethernet/cirrus/modules.order;   cat drivers/net/ethernet/faraday/modules.order;   cat drivers/net/ethernet/intel/modules.order;   cat drivers/net/ethernet/i825xx/modules.order;   cat drivers/net/ethernet/marvell/modules.order;   cat drivers/net/ethernet/micrel/modules.order;   cat drivers/net/ethernet/natsemi/modules.order;   cat drivers/net/ethernet/seeq/modules.order;   cat drivers/net/ethernet/smsc/modules.order;   cat drivers/net/ethernet/stmicro/modules.order;   cat drivers/net/ethernet/wiznet/modules.order;   cat drivers/net/ethernet/hieth-gmac/modules.order;) > drivers/net/ethernet/modules.order
make -f scripts/Makefile.build obj=drivers/video/omap2/displays
(cat /dev/null; ) > drivers/media/usb/zr364xx/modules.order
(cat /dev/null;   cat sound/core/modules.order;   cat sound/i2c/modules.order;   cat sound/drivers/modules.order;   cat sound/isa/modules.order;   cat sound/pci/modules.order;   cat sound/ppc/modules.order;   cat sound/arm/modules.order;   cat sound/sh/modules.order;   cat sound/synth/modules.order;   cat sound/usb/modules.order;   cat sound/firewire/modules.order;   cat sound/sparc/modules.order;   cat sound/spi/modules.order;   cat sound/parisc/modules.order;   cat sound/pcmcia/modules.order;   cat sound/mips/modules.order;   cat sound/soc/modules.order;   cat sound/atmel/modules.order;) > sound/modules.order
(cat /dev/null;   echo kernel/drivers/usb/host/ehci-hcd.ko;   echo kernel/drivers/usb/host/ohci-hcd.ko;) > drivers/usb/host/modules.order
(cat /dev/null; ) > drivers/video/omap2/displays/modules.order
(cat /dev/null; ) > drivers/tty/vt/modules.order
(cat /dev/null;   cat drivers/video/omap2/displays/modules.order;) > drivers/video/omap2/modules.order
(cat /dev/null;   cat drivers/tty/vt/modules.order;   cat drivers/tty/serial/modules.order;   cat drivers/tty/ipwireless/modules.order;) > drivers/tty/modules.order
(cat /dev/null; ) > drivers/mtd/nand/hinfc610/modules.order
make -f scripts/Makefile.build obj=drivers/net/wireless/ath/ath9k
(cat /dev/null; ) > drivers/usb/serial/modules.order
(cat /dev/null; ) > drivers/media/usb/uvc/modules.order
(cat /dev/null; ) > drivers/usb/storage/modules.order
(cat /dev/null;   cat drivers/video/console/modules.order;   cat drivers/video/backlight/modules.order;   cat drivers/video/omap2/modules.order;) > drivers/video/modules.order
(cat /dev/null;   cat drivers/mtd/nand/hinfc610/modules.order;) > drivers/mtd/nand/modules.order
(cat /dev/null;   cat drivers/mtd/chips/modules.order;   cat drivers/mtd/lpddr/modules.order;   cat drivers/mtd/maps/modules.order;   cat drivers/mtd/devices/modules.order;   cat drivers/mtd/nand/modules.order;   cat drivers/mtd/onenand/modules.order;   cat drivers/mtd/tests/modules.order;   cat drivers/mtd/ubi/modules.order;) > drivers/mtd/modules.order
(cat /dev/null;   cat drivers/media/usb/ttusb-dec/modules.order;   cat drivers/media/usb/ttusb-budget/modules.order;   cat drivers/media/usb/dvb-usb/modules.order;   cat drivers/media/usb/dvb-usb-v2/modules.order;   cat drivers/media/usb/siano/modules.order;   cat drivers/media/usb/b2c2/modules.order;   cat drivers/media/usb/zr364xx/modules.order;   cat drivers/media/usb/stkwebcam/modules.order;   cat drivers/media/usb/s2255/modules.order;   cat drivers/media/usb/uvc/modules.order;   cat drivers/media/usb/gspca/modules.order;) > drivers/media/usb/modules.order
(cat /dev/null; ) > drivers/usb/core/modules.order
(cat /dev/null;   cat drivers/usb/core/modules.order;   cat drivers/usb/host/modules.order;   cat drivers/usb/class/modules.order;   cat drivers/usb/storage/modules.order;   cat drivers/usb/storage/modules.order;   cat drivers/usb/serial/modules.order;   cat drivers/usb/misc/modules.order;) > drivers/usb/modules.order
(cat /dev/null;   cat drivers/media/i2c/modules.order;   cat drivers/media/tuners/modules.order;   cat drivers/media/v4l2-core/modules.order;   cat drivers/media/rc/modules.order;   cat drivers/media/common/modules.order;   cat drivers/media/platform/modules.order;   cat drivers/media/pci/modules.order;   cat drivers/media/usb/modules.order;   cat drivers/media/mmc/modules.order;   cat drivers/media/firewire/modules.order;   cat drivers/media/parport/modules.order;   cat drivers/media/radio/modules.order;) > drivers/media/modules.order
(cat /dev/null;   echo kernel/fs/xfs/xfs.ko;) > fs/xfs/modules.order
(cat /dev/null;   cat fs/notify/modules.order;   cat fs/nfs_common/modules.order;   cat fs/quota/modules.order;   cat fs/proc/modules.order;   cat fs/sysfs/modules.order;   cat fs/configfs/modules.order;   cat fs/devpts/modules.order;   cat fs/ext3/modules.order;   cat fs/ext2/modules.order;   cat fs/ext4/modules.order;   cat fs/jbd/modules.order;   cat fs/jbd2/modules.order;   cat fs/cramfs/modules.order;   cat fs/squashfs/modules.order;   cat fs/ramfs/modules.order;   cat fs/fat/modules.order;   cat fs/isofs/modules.order;   cat fs/nfs/modules.order;   cat fs/lockd/modules.order;   cat fs/nls/modules.order;   cat fs/jffs2/modules.order;   cat fs/ubifs/modules.order;   cat fs/fuse/modules.order;   cat fs/udf/modules.order;   cat fs/debugfs/modules.order;   cat fs/exofs/modules.order;   cat fs/yaffs2/modules.order;   cat fs/reiserfs/modules.order;   cat fs/exportfs/modules.order;   cat fs/autofs4/modules.order;   cat fs/jfs/modules.order;   cat fs/xfs/modules.order;) > fs/modules.order
(cat /dev/null; ) > net/ipv4/netfilter/modules.order
(cat /dev/null;   cat net/ipv4/netfilter/modules.order;) > net/ipv4/modules.order
make -f scripts/Makefile.build obj=net/netfilter/ipset
(cat /dev/null;   echo kernel/drivers/net/wireless/ath/ath9k/ath9k.ko;   echo kernel/drivers/net/wireless/ath/ath9k/ath9k_hw.ko;   echo kernel/drivers/net/wireless/ath/ath9k/ath9k_common.ko;   echo kernel/drivers/net/wireless/ath/ath9k/ath9k_htc.ko;) > drivers/net/wireless/ath/ath9k/modules.order
(cat /dev/null;   cat drivers/net/wireless/ath/ath9k/modules.order;   echo kernel/drivers/net/wireless/ath/ath.ko;) > drivers/net/wireless/ath/modules.order
(cat /dev/null; ) > net/netfilter/ipset/modules.order
(cat /dev/null;   echo kernel/drivers/net/wireless/zd1201.ko;   cat drivers/net/wireless/ath/modules.order;) > drivers/net/wireless/modules.order
(cat /dev/null;   cat net/netfilter/ipset/modules.order;) > net/netfilter/modules.order
(cat /dev/null;   cat drivers/net/phy/modules.order;   cat drivers/net/ethernet/modules.order;   cat drivers/net/ppp/modules.order;   cat drivers/net/ppp/modules.order;   cat drivers/net/ppp/modules.order;   cat drivers/net/ppp/modules.order;   cat drivers/net/ppp/modules.order;   cat drivers/net/slip/modules.order;   cat drivers/net/wireless/modules.order;   cat drivers/net/usb/modules.order;) > drivers/net/modules.order
(cat /dev/null;   cat net/core/modules.order;   cat net/llc/modules.order;   cat net/ethernet/modules.order;   cat net/802/modules.order;   cat net/sched/modules.order;   cat net/netlink/modules.order;   cat net/netfilter/modules.order;   cat net/ipv4/modules.order;   cat net/xfrm/modules.order;   cat net/unix/modules.order;   cat net/ipv6/modules.order;   cat net/packet/modules.order;   cat net/bridge/modules.order;   cat net/bluetooth/modules.order;   cat net/sunrpc/modules.order;   cat net/8021q/modules.order;   cat net/wireless/modules.order;   cat net/rfkill/modules.order;   cat net/mac80211/modules.order;) > net/modules.order
(cat /dev/null;   cat drivers/irqchip/modules.order;   cat drivers/bus/modules.order;   cat drivers/pinctrl/modules.order;   cat drivers/gpio/modules.order;   cat drivers/pwm/modules.order;   cat drivers/video/modules.order;   cat drivers/idle/modules.order;   cat drivers/amba/modules.order;   cat drivers/tty/modules.order;   cat drivers/char/modules.order;   cat drivers/gpu/modules.order;   cat drivers/base/modules.order;   cat drivers/block/modules.order;   cat drivers/misc/modules.order;   cat drivers/mfd/modules.order;   cat drivers/nfc/modules.order;   cat drivers/macintosh/modules.order;   cat drivers/scsi/modules.order;   cat drivers/ata/modules.order;   cat drivers/mtd/modules.order;   cat drivers/hsi/modules.order;   cat drivers/net/modules.order;   cat drivers/firewire/modules.order;   cat drivers/cdrom/modules.order;   cat drivers/auxdisplay/modules.order;   cat drivers/usb/modules.order;   cat drivers/input/serio/modules.order;   cat drivers/input/gameport/modules.order;   cat drivers/input/modules.order;   cat drivers/rtc/modules.order;   cat drivers/i2c/modules.order;   cat drivers/media/modules.order;   cat drivers/bluetooth/modules.order;   cat drivers/lguest/modules.order;   cat drivers/cpufreq/modules.order;   cat drivers/mmc/modules.order;   cat drivers/leds/modules.order;   cat drivers/firmware/modules.order;   cat drivers/crypto/modules.order;   cat drivers/clocksource/modules.order;   cat drivers/hid/modules.order;   cat drivers/staging/modules.order;   cat drivers/platform/modules.order;   cat drivers/clk/modules.order;   cat drivers/iommu/modules.order;) > drivers/modules.order
awk '!x[$0]++' /home/liujingfei/project/histb_project_v2_Apr9/histb/source/kernel/linux-3.10.y/init/modules.order /home/liujingfei/project/histb_project_v2_Apr9/histb/source/kernel/linux-3.10.y/usr/modules.order /home/liujingfei/project/histb_project_v2_Apr9/histb/source/kernel/linux-3.10.y/arch/arm/nwfpe/modules.order /home/liujingfei/project/histb_project_v2_Apr9/histb/source/kernel/linux-3.10.y/arch/arm/vfp/modules.order /home/liujingfei/project/histb_project_v2_Apr9/histb/source/kernel/linux-3.10.y/arch/arm/kernel/modules.order /home/liujingfei/project/histb_project_v2_Apr9/histb/source/kernel/linux-3.10.y/arch/arm/mm/modules.order /home/liujingfei/project/histb_project_v2_Apr9/histb/source/kernel/linux-3.10.y/arch/arm/common/modules.order /home/liujingfei/project/histb_project_v2_Apr9/histb/source/kernel/linux-3.10.y/arch/arm/net/modules.order /home/liujingfei/project/histb_project_v2_Apr9/histb/source/kernel/linux-3.10.y/arch/arm/crypto/modules.order /home/liujingfei/project/histb_project_v2_Apr9/histb/source/kernel/linux-3.10.y/arch/arm/mach-s40/modules.order /home/liujingfei/project/histb_project_v2_Apr9/histb/source/kernel/linux-3.10.y/kernel/modules.order /home/liujingfei/project/histb_project_v2_Apr9/histb/source/kernel/linux-3.10.y/mm/modules.order /home/liujingfei/project/histb_project_v2_Apr9/histb/source/kernel/linux-3.10.y/fs/modules.order /home/liujingfei/project/histb_project_v2_Apr9/histb/source/kernel/linux-3.10.y/ipc/modules.order /home/liujingfei/project/histb_project_v2_Apr9/histb/source/kernel/linux-3.10.y/security/modules.order /home/liujingfei/project/histb_project_v2_Apr9/histb/source/kernel/linux-3.10.y/crypto/modules.order /home/liujingfei/project/histb_project_v2_Apr9/histb/source/kernel/linux-3.10.y/block/modules.order /home/liujingfei/project/histb_project_v2_Apr9/histb/source/kernel/linux-3.10.y/drivers/modules.order /home/liujingfei/project/histb_project_v2_Apr9/histb/source/kernel/linux-3.10.y/sound/modules.order /home/liujingfei/project/histb_project_v2_Apr9/histb/source/kernel/linux-3.10.y/firmware/modules.order /home/liujingfei/project/histb_project_v2_Apr9/histb/source/kernel/linux-3.10.y/arch/arm/oprofile/modules.order /home/liujingfei/project/histb_project_v2_Apr9/histb/source/kernel/linux-3.10.y/net/modules.order /home/liujingfei/project/histb_project_v2_Apr9/histb/source/kernel/linux-3.10.y/arch/arm/lib/modules.order /home/liujingfei/project/histb_project_v2_Apr9/histb/source/kernel/linux-3.10.y/lib/modules.order > /home/liujingfei/project/histb_project_v2_Apr9/histb/source/kernel/linux-3.10.y/modules.order
make -f /home/liujingfei/project/histb_project_v2_Apr9/histb/source/kernel/linux-3.10.y/scripts/Makefile.modpost
  find .tmp_versions -name '*.mod' | xargs -r grep -h '\.ko$' | sort -u | sed 's/\.ko$/.o/' | scripts/mod/modpost   -o /home/liujingfei/project/histb_project_v2_Apr9/histb/source/kernel/linux-3.10.y/Module.symvers    -S  -s -T -
make -f /home/liujingfei/project/histb_project_v2_Apr9/histb/source/kernel/linux-3.10.y/scripts/Makefile.fwinst obj=firmware __fw_modbuild
make[2]: Leaving directory `/home/liujingfei/project/histb_project_v2_Apr9/histb/source/kernel/linux-3.10.y'
cp -fv /home/liujingfei/project/histb_project_v2_Apr9/histb/source/kernel/linux-3.10.y/arch/arm/boot/uImage /home/liujingfei/project/histb_project_v2_Apr9/histb/source/kernel/hi_kernel.bin
`/home/liujingfei/project/histb_project_v2_Apr9/histb/source/kernel/linux-3.10.y/arch/arm/boot/uImage' -> `/home/liujingfei/project/histb_project_v2_Apr9/histb/source/kernel/hi_kernel.bin'
cp -fv /home/liujingfei/project/histb_project_v2_Apr9/histb/source/kernel/linux-3.10.y/include/linux/vinput.h /home/liujingfei/v2/histb/source/msp/drv/include/hi_drv_vinput.h
`/home/liujingfei/project/histb_project_v2_Apr9/histb/source/kernel/linux-3.10.y/include/linux/vinput.h' -> `/home/liujingfei/v2/histb/source/msp/drv/include/hi_drv_vinput.h'
`/home/liujingfei/project/histb_project_v2_Apr9/histb/source/kernel/hi_kernel.bin' -> `/home/liujingfei/v2/histb/pub/image/hi_kernel.bin'
`/home/liujingfei/project/histb_project_v2_Apr9/histb/source/kernel/linux-3.10.y/drivers/usb/host/ehci-hcd.ko' -> `/home/liujingfei/v2/histb/pub/kmod/usb/ehci-hcd.ko'
`/home/liujingfei/project/histb_project_v2_Apr9/histb/source/kernel/linux-3.10.y/drivers/usb/host/ohci-hcd.ko' -> `/home/liujingfei/v2/histb/pub/kmod/usb/ohci-hcd.ko'
`/home/liujingfei/project/histb_project_v2_Apr9/histb/source/kernel/linux-3.10.y/drivers/ata/ahci_platform.ko' -> `/home/liujingfei/v2/histb/pub/kmod/sata/ahci_platform.ko'
`/home/liujingfei/project/histb_project_v2_Apr9/histb/source/kernel/linux-3.10.y/drivers/ata/libahci.ko' -> `/home/liujingfei/v2/histb/pub/kmod/sata/libahci.ko'
make[1]: Leaving directory `/home/liujingfei/project/histb_project_v2_Apr9/histb/source/kernel'
make -C /home/liujingfei/v2/histb/source/rootfs install
make[1]: Entering directory `/home/liujingfei/project/histb_project_v2_Apr9/histb/source/rootfs'
[35mBuild scripts ...[00m
make -C scripts PREFIX=/home/liujingfei/project/histb_project_v2_Apr9/histb/source/rootfs/pub/rootfs CROSS_COMPILE=arm-hisiv200-linux- CONFIG_LIBCPP_SUPPORT=y CONFIG_ETH_SUPPORT=y CONFIG_BUSYBOX_MDEV= CONFIG_BUSYBOX_UDEV=y CFG_HI_LOADER_TYPE=n
make[2]: Entering directory `/home/liujingfei/project/histb_project_v2_Apr9/histb/source/rootfs/scripts'
make[2]: Leaving directory `/home/liujingfei/project/histb_project_v2_Apr9/histb/source/rootfs/scripts'
[35mBuild busybox ...[00m
make -C busybox PREFIX=/home/liujingfei/project/histb_project_v2_Apr9/histb/source/rootfs/pub/rootfs CROSS_COMPILE=arm-hisiv200-linux- CONFIG_LIBCPP_SUPPORT=y CONFIG_ETH_SUPPORT=y CONFIG_BUSYBOX_MDEV= CONFIG_BUSYBOX_UDEV=y CFG_HI_LOADER_TYPE=n
make[2]: Entering directory `/home/liujingfei/project/histb_project_v2_Apr9/histb/source/rootfs/busybox'
make[3]: Entering directory `/home/liujingfei/project/histb_project_v2_Apr9/histb/source/rootfs/busybox/gcc4.4'
make[3]: Nothing to be done for `all'.
make[3]: Leaving directory `/home/liujingfei/project/histb_project_v2_Apr9/histb/source/rootfs/busybox/gcc4.4'
/home/liujingfei/project/histb_project_v2_Apr9/histb/source/rootfs/busybox
make[2]: Leaving directory `/home/liujingfei/project/histb_project_v2_Apr9/histb/source/rootfs/busybox'
[35mBuild dosfstools ...[00m
make -C dosfstools PREFIX=/home/liujingfei/project/histb_project_v2_Apr9/histb/source/rootfs/pub/rootfs CROSS_COMPILE=arm-hisiv200-linux- CONFIG_LIBCPP_SUPPORT=y CONFIG_ETH_SUPPORT=y CONFIG_BUSYBOX_MDEV= CONFIG_BUSYBOX_UDEV=y CFG_HI_LOADER_TYPE=n
make[2]: Entering directory `/home/liujingfei/project/histb_project_v2_Apr9/histb/source/rootfs/dosfstools'
make[3]: Entering directory `/home/liujingfei/project/histb_project_v2_Apr9/histb/source/rootfs/dosfstools/tmp/dosfstools-3.0.25'
make[3]: Nothing to be done for `all'.
make[3]: Leaving directory `/home/liujingfei/project/histb_project_v2_Apr9/histb/source/rootfs/dosfstools/tmp/dosfstools-3.0.25'
/home/liujingfei/project/histb_project_v2_Apr9/histb/source/rootfs/dosfstools
test -d /home/liujingfei/project/histb_project_v2_Apr9/histb/source/rootfs/pub/rootfs/sbin || mkdir -p /home/liujingfei/project/histb_project_v2_Apr9/histb/source/rootfs/pub/rootfs/sbin
install -v -t /home/liujingfei/project/histb_project_v2_Apr9/histb/source/rootfs/pub/rootfs/sbin /home/liujingfei/project/histb_project_v2_Apr9/histb/source/rootfs/dosfstools/tmp/dosfstools-3.0.25/fsck.fat && \
		cd /home/liujingfei/project/histb_project_v2_Apr9/histb/source/rootfs/pub/rootfs/sbin && \
		ln -sf fsck.fat dosfsck && \
		cd -
removed `/home/liujingfei/project/histb_project_v2_Apr9/histb/source/rootfs/pub/rootfs/sbin/fsck.fat'
`/home/liujingfei/project/histb_project_v2_Apr9/histb/source/rootfs/dosfstools/tmp/dosfstools-3.0.25/fsck.fat' -> `/home/liujingfei/project/histb_project_v2_Apr9/histb/source/rootfs/pub/rootfs/sbin/fsck.fat'
/home/liujingfei/project/histb_project_v2_Apr9/histb/source/rootfs/dosfstools
make[2]: Leaving directory `/home/liujingfei/project/histb_project_v2_Apr9/histb/source/rootfs/dosfstools'
[35mBuild e2fsprogs ...[00m
make -C e2fsprogs PREFIX=/home/liujingfei/project/histb_project_v2_Apr9/histb/source/rootfs/pub/rootfs CROSS_COMPILE=arm-hisiv200-linux- CONFIG_LIBCPP_SUPPORT=y CONFIG_ETH_SUPPORT=y CONFIG_BUSYBOX_MDEV= CONFIG_BUSYBOX_UDEV=y CFG_HI_LOADER_TYPE=n
make[2]: Entering directory `/home/liujingfei/project/histb_project_v2_Apr9/histb/source/rootfs/e2fsprogs'
make[2]: Nothing to be done for `all'.
make[2]: Leaving directory `/home/liujingfei/project/histb_project_v2_Apr9/histb/source/rootfs/e2fsprogs'
[35mBuild filecap ...[00m
make -C filecap PREFIX=/home/liujingfei/project/histb_project_v2_Apr9/histb/source/rootfs/pub/rootfs CROSS_COMPILE=arm-hisiv200-linux- CONFIG_LIBCPP_SUPPORT=y CONFIG_ETH_SUPPORT=y CONFIG_BUSYBOX_MDEV= CONFIG_BUSYBOX_UDEV=y CFG_HI_LOADER_TYPE=n
make[2]: Entering directory `/home/liujingfei/project/histb_project_v2_Apr9/histb/source/rootfs/filecap'
make[2]: Nothing to be done for `all'.
make[2]: Leaving directory `/home/liujingfei/project/histb_project_v2_Apr9/histb/source/rootfs/filecap'
[35mBuild gdb ...[00m
make -C gdb PREFIX=/home/liujingfei/project/histb_project_v2_Apr9/histb/source/rootfs/pub/rootfs CROSS_COMPILE=arm-hisiv200-linux- CONFIG_LIBCPP_SUPPORT=y CONFIG_ETH_SUPPORT=y CONFIG_BUSYBOX_MDEV= CONFIG_BUSYBOX_UDEV=y CFG_HI_LOADER_TYPE=n
make[2]: Entering directory `/home/liujingfei/project/histb_project_v2_Apr9/histb/source/rootfs/gdb'
make[2]: Nothing to be done for `all'.
make[2]: Leaving directory `/home/liujingfei/project/histb_project_v2_Apr9/histb/source/rootfs/gdb'
[35mBuild iptables ...[00m
make -C iptables PREFIX=/home/liujingfei/project/histb_project_v2_Apr9/histb/source/rootfs/pub/rootfs CROSS_COMPILE=arm-hisiv200-linux- CONFIG_LIBCPP_SUPPORT=y CONFIG_ETH_SUPPORT=y CONFIG_BUSYBOX_MDEV= CONFIG_BUSYBOX_UDEV=y CFG_HI_LOADER_TYPE=n
make[2]: Entering directory `/home/liujingfei/project/histb_project_v2_Apr9/histb/source/rootfs/iptables'
make[2]: Nothing to be done for `all'.
make[2]: Leaving directory `/home/liujingfei/project/histb_project_v2_Apr9/histb/source/rootfs/iptables'
[35mBuild mtd-utils ...[00m
make -C mtd-utils PREFIX=/home/liujingfei/project/histb_project_v2_Apr9/histb/source/rootfs/pub/rootfs CROSS_COMPILE=arm-hisiv200-linux- CONFIG_LIBCPP_SUPPORT=y CONFIG_ETH_SUPPORT=y CONFIG_BUSYBOX_MDEV= CONFIG_BUSYBOX_UDEV=y CFG_HI_LOADER_TYPE=n
make[2]: Entering directory `/home/liujingfei/project/histb_project_v2_Apr9/histb/source/rootfs/mtd-utils'
make[2]: Nothing to be done for `all'.
make[2]: Leaving directory `/home/liujingfei/project/histb_project_v2_Apr9/histb/source/rootfs/mtd-utils'
[35mBuild reg-tools-1.0.0 ...[00m
make -C reg-tools-1.0.0 PREFIX=/home/liujingfei/project/histb_project_v2_Apr9/histb/source/rootfs/pub/rootfs CROSS_COMPILE=arm-hisiv200-linux- CONFIG_LIBCPP_SUPPORT=y CONFIG_ETH_SUPPORT=y CONFIG_BUSYBOX_MDEV= CONFIG_BUSYBOX_UDEV=y CFG_HI_LOADER_TYPE=n
make[2]: Entering directory `/home/liujingfei/project/histb_project_v2_Apr9/histb/source/rootfs/reg-tools-1.0.0'
make[3]: Entering directory `/home/liujingfei/project/histb_project_v2_Apr9/histb/source/rootfs/reg-tools-1.0.0/tmp/reg-tools-1.0.0'
arm-hisiv200-linux-strip btools 
test -d /home/liujingfei/project/histb_project_v2_Apr9/histb/source/rootfs/pub/rootfs/bin/ || mkdir -p /home/liujingfei/project/histb_project_v2_Apr9/histb/source/rootfs/pub/rootfs/bin/
cp -rvf btools  /home/liujingfei/project/histb_project_v2_Apr9/histb/source/rootfs/pub/rootfs/bin/
`btools' -> `/home/liujingfei/project/histb_project_v2_Apr9/histb/source/rootfs/pub/rootfs/bin/btools'
reg tools OK
make[3]: Leaving directory `/home/liujingfei/project/histb_project_v2_Apr9/histb/source/rootfs/reg-tools-1.0.0/tmp/reg-tools-1.0.0'
/home/liujingfei/project/histb_project_v2_Apr9/histb/source/rootfs/reg-tools-1.0.0
test -d /home/liujingfei/project/histb_project_v2_Apr9/histb/source/rootfs/pub/rootfs/bin || mkdir -p /home/liujingfei/project/histb_project_v2_Apr9/histb/source/rootfs/pub/rootfs/bin
install -v -t /home/liujingfei/project/histb_project_v2_Apr9/histb/source/rootfs/pub/rootfs/bin /home/liujingfei/project/histb_project_v2_Apr9/histb/source/rootfs/reg-tools-1.0.0/tmp/reg-tools-1.0.0/btools
removed `/home/liujingfei/project/histb_project_v2_Apr9/histb/source/rootfs/pub/rootfs/bin/btools'
`/home/liujingfei/project/histb_project_v2_Apr9/histb/source/rootfs/reg-tools-1.0.0/tmp/reg-tools-1.0.0/btools' -> `/home/liujingfei/project/histb_project_v2_Apr9/histb/source/rootfs/pub/rootfs/bin/btools'
/home/liujingfei/project/histb_project_v2_Apr9/histb/source/rootfs/reg-tools-1.0.0
make[2]: Leaving directory `/home/liujingfei/project/histb_project_v2_Apr9/histb/source/rootfs/reg-tools-1.0.0'
[35mBuild top ...[00m
make -C top PREFIX=/home/liujingfei/project/histb_project_v2_Apr9/histb/source/rootfs/pub/rootfs CROSS_COMPILE=arm-hisiv200-linux- CONFIG_LIBCPP_SUPPORT=y CONFIG_ETH_SUPPORT=y CONFIG_BUSYBOX_MDEV= CONFIG_BUSYBOX_UDEV=y CFG_HI_LOADER_TYPE=n
make[2]: Entering directory `/home/liujingfei/project/histb_project_v2_Apr9/histb/source/rootfs/top'
make[2]: Nothing to be done for `all'.
make[2]: Leaving directory `/home/liujingfei/project/histb_project_v2_Apr9/histb/source/rootfs/top'
[35mBuild udev ...[00m
make -C udev PREFIX=/home/liujingfei/project/histb_project_v2_Apr9/histb/source/rootfs/pub/rootfs CROSS_COMPILE=arm-hisiv200-linux- CONFIG_LIBCPP_SUPPORT=y CONFIG_ETH_SUPPORT=y CONFIG_BUSYBOX_MDEV= CONFIG_BUSYBOX_UDEV=y CFG_HI_LOADER_TYPE=n
make[2]: Entering directory `/home/liujingfei/project/histb_project_v2_Apr9/histb/source/rootfs/udev'
make[2]: Nothing to be done for `all'.
make[2]: Leaving directory `/home/liujingfei/project/histb_project_v2_Apr9/histb/source/rootfs/udev'
[35mBuild pppd ...[00m
make -C pppd PREFIX=/home/liujingfei/project/histb_project_v2_Apr9/histb/source/rootfs/pub/rootfs CROSS_COMPILE=arm-hisiv200-linux- CONFIG_LIBCPP_SUPPORT=y CONFIG_ETH_SUPPORT=y CONFIG_BUSYBOX_MDEV= CONFIG_BUSYBOX_UDEV=y CFG_HI_LOADER_TYPE=n
make[2]: Entering directory `/home/liujingfei/project/histb_project_v2_Apr9/histb/source/rootfs/pppd'
Configuring for Linux
Creating Makefiles.
  Makefile <= linux/Makefile.top
  pppd/Makefile <= pppd/Makefile.linux
  pppstats/Makefile <= pppstats/Makefile.linux
  chat/Makefile <= chat/Makefile.linux
  pppdump/Makefile <= pppdump/Makefile.linux
  pppd/plugins/Makefile <= pppd/plugins/Makefile.linux
  pppd/plugins/rp-pppoe/Makefile <= pppd/plugins/rp-pppoe/Makefile.linux
  pppd/plugins/radius/Makefile <= pppd/plugins/radius/Makefile.linux
  pppd/plugins/pppoatm/Makefile <= pppd/plugins/pppoatm/Makefile.linux
  pppd/plugins/pppol2tp/Makefile <= pppd/plugins/pppol2tp/Makefile.linux
make[3]: Entering directory `/home/liujingfei/project/histb_project_v2_Apr9/histb/source/rootfs/pppd/tmp/ppp-2.4.5'
cd chat; make -w STATIC= all
make[4]: Entering directory `/home/liujingfei/project/histb_project_v2_Apr9/histb/source/rootfs/pppd/tmp/ppp-2.4.5/chat'
make[4]: Nothing to be done for `all'.
make[4]: Leaving directory `/home/liujingfei/project/histb_project_v2_Apr9/histb/source/rootfs/pppd/tmp/ppp-2.4.5/chat'
cd pppd/plugins; make -w all
make[4]: Entering directory `/home/liujingfei/project/histb_project_v2_Apr9/histb/source/rootfs/pppd/tmp/ppp-2.4.5/pppd/plugins'
for d in rp-pppoe pppoatm pppol2tp radius; do make -w -C $d all; done
make[5]: Entering directory `/home/liujingfei/project/histb_project_v2_Apr9/histb/source/rootfs/pppd/tmp/ppp-2.4.5/pppd/plugins/rp-pppoe'
make[5]: Nothing to be done for `all'.
make[5]: Leaving directory `/home/liujingfei/project/histb_project_v2_Apr9/histb/source/rootfs/pppd/tmp/ppp-2.4.5/pppd/plugins/rp-pppoe'
make[5]: Entering directory `/home/liujingfei/project/histb_project_v2_Apr9/histb/source/rootfs/pppd/tmp/ppp-2.4.5/pppd/plugins/pppoatm'
make[5]: Nothing to be done for `all'.
make[5]: Leaving directory `/home/liujingfei/project/histb_project_v2_Apr9/histb/source/rootfs/pppd/tmp/ppp-2.4.5/pppd/plugins/pppoatm'
make[5]: Entering directory `/home/liujingfei/project/histb_project_v2_Apr9/histb/source/rootfs/pppd/tmp/ppp-2.4.5/pppd/plugins/pppol2tp'
make[5]: Nothing to be done for `all'.
make[5]: Leaving directory `/home/liujingfei/project/histb_project_v2_Apr9/histb/source/rootfs/pppd/tmp/ppp-2.4.5/pppd/plugins/pppol2tp'
make[5]: Entering directory `/home/liujingfei/project/histb_project_v2_Apr9/histb/source/rootfs/pppd/tmp/ppp-2.4.5/pppd/plugins/radius'
make[5]: Nothing to be done for `all'.
make[5]: Leaving directory `/home/liujingfei/project/histb_project_v2_Apr9/histb/source/rootfs/pppd/tmp/ppp-2.4.5/pppd/plugins/radius'
make[4]: Leaving directory `/home/liujingfei/project/histb_project_v2_Apr9/histb/source/rootfs/pppd/tmp/ppp-2.4.5/pppd/plugins'
cd pppd; make -w STATIC= all
make[4]: Entering directory `/home/liujingfei/project/histb_project_v2_Apr9/histb/source/rootfs/pppd/tmp/ppp-2.4.5/pppd'
make[4]: Nothing to be done for `all'.
make[4]: Leaving directory `/home/liujingfei/project/histb_project_v2_Apr9/histb/source/rootfs/pppd/tmp/ppp-2.4.5/pppd'
cd pppstats; make -w STATIC= all
make[4]: Entering directory `/home/liujingfei/project/histb_project_v2_Apr9/histb/source/rootfs/pppd/tmp/ppp-2.4.5/pppstats'
make[4]: Nothing to be done for `all'.
make[4]: Leaving directory `/home/liujingfei/project/histb_project_v2_Apr9/histb/source/rootfs/pppd/tmp/ppp-2.4.5/pppstats'
cd pppdump; make -w STATIC= all
make[4]: Entering directory `/home/liujingfei/project/histb_project_v2_Apr9/histb/source/rootfs/pppd/tmp/ppp-2.4.5/pppdump'
make[4]: Nothing to be done for `all'.
make[4]: Leaving directory `/home/liujingfei/project/histb_project_v2_Apr9/histb/source/rootfs/pppd/tmp/ppp-2.4.5/pppdump'
make[3]: Leaving directory `/home/liujingfei/project/histb_project_v2_Apr9/histb/source/rootfs/pppd/tmp/ppp-2.4.5'
/home/liujingfei/project/histb_project_v2_Apr9/histb/source/rootfs/pppd
Configuring for Linux
Creating Makefiles.
  Makefile <= linux/Makefile.top
  pppd/Makefile <= pppd/Makefile.linux
  pppstats/Makefile <= pppstats/Makefile.linux
  chat/Makefile <= chat/Makefile.linux
  pppdump/Makefile <= pppdump/Makefile.linux
  pppd/plugins/Makefile <= pppd/plugins/Makefile.linux
  pppd/plugins/rp-pppoe/Makefile <= pppd/plugins/rp-pppoe/Makefile.linux
  pppd/plugins/radius/Makefile <= pppd/plugins/radius/Makefile.linux
  pppd/plugins/pppoatm/Makefile <= pppd/plugins/pppoatm/Makefile.linux
  pppd/plugins/pppol2tp/Makefile <= pppd/plugins/pppol2tp/Makefile.linux
make[3]: Entering directory `/home/liujingfei/project/histb_project_v2_Apr9/histb/source/rootfs/pppd/tmp/ppp-2.4.5'
cd chat; make -w STATIC= all
make[4]: Entering directory `/home/liujingfei/project/histb_project_v2_Apr9/histb/source/rootfs/pppd/tmp/ppp-2.4.5/chat'
make[4]: Nothing to be done for `all'.
make[4]: Leaving directory `/home/liujingfei/project/histb_project_v2_Apr9/histb/source/rootfs/pppd/tmp/ppp-2.4.5/chat'
cd pppd/plugins; make -w all
make[4]: Entering directory `/home/liujingfei/project/histb_project_v2_Apr9/histb/source/rootfs/pppd/tmp/ppp-2.4.5/pppd/plugins'
for d in rp-pppoe pppoatm pppol2tp radius; do make -w -C $d all; done
make[5]: Entering directory `/home/liujingfei/project/histb_project_v2_Apr9/histb/source/rootfs/pppd/tmp/ppp-2.4.5/pppd/plugins/rp-pppoe'
make[5]: Nothing to be done for `all'.
make[5]: Leaving directory `/home/liujingfei/project/histb_project_v2_Apr9/histb/source/rootfs/pppd/tmp/ppp-2.4.5/pppd/plugins/rp-pppoe'
make[5]: Entering directory `/home/liujingfei/project/histb_project_v2_Apr9/histb/source/rootfs/pppd/tmp/ppp-2.4.5/pppd/plugins/pppoatm'
make[5]: Nothing to be done for `all'.
make[5]: Leaving directory `/home/liujingfei/project/histb_project_v2_Apr9/histb/source/rootfs/pppd/tmp/ppp-2.4.5/pppd/plugins/pppoatm'
make[5]: Entering directory `/home/liujingfei/project/histb_project_v2_Apr9/histb/source/rootfs/pppd/tmp/ppp-2.4.5/pppd/plugins/pppol2tp'
make[5]: Nothing to be done for `all'.
make[5]: Leaving directory `/home/liujingfei/project/histb_project_v2_Apr9/histb/source/rootfs/pppd/tmp/ppp-2.4.5/pppd/plugins/pppol2tp'
make[5]: Entering directory `/home/liujingfei/project/histb_project_v2_Apr9/histb/source/rootfs/pppd/tmp/ppp-2.4.5/pppd/plugins/radius'
make[5]: Nothing to be done for `all'.
make[5]: Leaving directory `/home/liujingfei/project/histb_project_v2_Apr9/histb/source/rootfs/pppd/tmp/ppp-2.4.5/pppd/plugins/radius'
make[4]: Leaving directory `/home/liujingfei/project/histb_project_v2_Apr9/histb/source/rootfs/pppd/tmp/ppp-2.4.5/pppd/plugins'
cd pppd; make -w STATIC= all
make[4]: Entering directory `/home/liujingfei/project/histb_project_v2_Apr9/histb/source/rootfs/pppd/tmp/ppp-2.4.5/pppd'
make[4]: Nothing to be done for `all'.
make[4]: Leaving directory `/home/liujingfei/project/histb_project_v2_Apr9/histb/source/rootfs/pppd/tmp/ppp-2.4.5/pppd'
cd pppstats; make -w STATIC= all
make[4]: Entering directory `/home/liujingfei/project/histb_project_v2_Apr9/histb/source/rootfs/pppd/tmp/ppp-2.4.5/pppstats'
make[4]: Nothing to be done for `all'.
make[4]: Leaving directory `/home/liujingfei/project/histb_project_v2_Apr9/histb/source/rootfs/pppd/tmp/ppp-2.4.5/pppstats'
cd pppdump; make -w STATIC= all
make[4]: Entering directory `/home/liujingfei/project/histb_project_v2_Apr9/histb/source/rootfs/pppd/tmp/ppp-2.4.5/pppdump'
make[4]: Nothing to be done for `all'.
make[4]: Leaving directory `/home/liujingfei/project/histb_project_v2_Apr9/histb/source/rootfs/pppd/tmp/ppp-2.4.5/pppdump'
make[3]: Leaving directory `/home/liujingfei/project/histb_project_v2_Apr9/histb/source/rootfs/pppd/tmp/ppp-2.4.5'
/home/liujingfei/project/histb_project_v2_Apr9/histb/source/rootfs/pppd
Configuring for Linux
Creating Makefiles.
  Makefile <= linux/Makefile.top
  pppd/Makefile <= pppd/Makefile.linux
  pppstats/Makefile <= pppstats/Makefile.linux
  chat/Makefile <= chat/Makefile.linux
  pppdump/Makefile <= pppdump/Makefile.linux
  pppd/plugins/Makefile <= pppd/plugins/Makefile.linux
  pppd/plugins/rp-pppoe/Makefile <= pppd/plugins/rp-pppoe/Makefile.linux
  pppd/plugins/radius/Makefile <= pppd/plugins/radius/Makefile.linux
  pppd/plugins/pppoatm/Makefile <= pppd/plugins/pppoatm/Makefile.linux
  pppd/plugins/pppol2tp/Makefile <= pppd/plugins/pppol2tp/Makefile.linux
make[3]: Entering directory `/home/liujingfei/project/histb_project_v2_Apr9/histb/source/rootfs/pppd/tmp/ppp-2.4.5'
cd chat; make -w STATIC= all
make[4]: Entering directory `/home/liujingfei/project/histb_project_v2_Apr9/histb/source/rootfs/pppd/tmp/ppp-2.4.5/chat'
make[4]: Nothing to be done for `all'.
make[4]: Leaving directory `/home/liujingfei/project/histb_project_v2_Apr9/histb/source/rootfs/pppd/tmp/ppp-2.4.5/chat'
cd pppd/plugins; make -w all
make[4]: Entering directory `/home/liujingfei/project/histb_project_v2_Apr9/histb/source/rootfs/pppd/tmp/ppp-2.4.5/pppd/plugins'
for d in rp-pppoe pppoatm pppol2tp radius; do make -w -C $d all; done
make[5]: Entering directory `/home/liujingfei/project/histb_project_v2_Apr9/histb/source/rootfs/pppd/tmp/ppp-2.4.5/pppd/plugins/rp-pppoe'
make[5]: Nothing to be done for `all'.
make[5]: Leaving directory `/home/liujingfei/project/histb_project_v2_Apr9/histb/source/rootfs/pppd/tmp/ppp-2.4.5/pppd/plugins/rp-pppoe'
make[5]: Entering directory `/home/liujingfei/project/histb_project_v2_Apr9/histb/source/rootfs/pppd/tmp/ppp-2.4.5/pppd/plugins/pppoatm'
make[5]: Nothing to be done for `all'.
make[5]: Leaving directory `/home/liujingfei/project/histb_project_v2_Apr9/histb/source/rootfs/pppd/tmp/ppp-2.4.5/pppd/plugins/pppoatm'
make[5]: Entering directory `/home/liujingfei/project/histb_project_v2_Apr9/histb/source/rootfs/pppd/tmp/ppp-2.4.5/pppd/plugins/pppol2tp'
make[5]: Nothing to be done for `all'.
make[5]: Leaving directory `/home/liujingfei/project/histb_project_v2_Apr9/histb/source/rootfs/pppd/tmp/ppp-2.4.5/pppd/plugins/pppol2tp'
make[5]: Entering directory `/home/liujingfei/project/histb_project_v2_Apr9/histb/source/rootfs/pppd/tmp/ppp-2.4.5/pppd/plugins/radius'
make[5]: Nothing to be done for `all'.
make[5]: Leaving directory `/home/liujingfei/project/histb_project_v2_Apr9/histb/source/rootfs/pppd/tmp/ppp-2.4.5/pppd/plugins/radius'
make[4]: Leaving directory `/home/liujingfei/project/histb_project_v2_Apr9/histb/source/rootfs/pppd/tmp/ppp-2.4.5/pppd/plugins'
cd pppd; make -w STATIC= all
make[4]: Entering directory `/home/liujingfei/project/histb_project_v2_Apr9/histb/source/rootfs/pppd/tmp/ppp-2.4.5/pppd'
make[4]: Nothing to be done for `all'.
make[4]: Leaving directory `/home/liujingfei/project/histb_project_v2_Apr9/histb/source/rootfs/pppd/tmp/ppp-2.4.5/pppd'
cd pppstats; make -w STATIC= all
make[4]: Entering directory `/home/liujingfei/project/histb_project_v2_Apr9/histb/source/rootfs/pppd/tmp/ppp-2.4.5/pppstats'
make[4]: Nothing to be done for `all'.
make[4]: Leaving directory `/home/liujingfei/project/histb_project_v2_Apr9/histb/source/rootfs/pppd/tmp/ppp-2.4.5/pppstats'
cd pppdump; make -w STATIC= all
make[4]: Entering directory `/home/liujingfei/project/histb_project_v2_Apr9/histb/source/rootfs/pppd/tmp/ppp-2.4.5/pppdump'
make[4]: Nothing to be done for `all'.
make[4]: Leaving directory `/home/liujingfei/project/histb_project_v2_Apr9/histb/source/rootfs/pppd/tmp/ppp-2.4.5/pppdump'
make[3]: Leaving directory `/home/liujingfei/project/histb_project_v2_Apr9/histb/source/rootfs/pppd/tmp/ppp-2.4.5'
/home/liujingfei/project/histb_project_v2_Apr9/histb/source/rootfs/pppd
Configuring for Linux
Creating Makefiles.
  Makefile <= linux/Makefile.top
  pppd/Makefile <= pppd/Makefile.linux
  pppstats/Makefile <= pppstats/Makefile.linux
  chat/Makefile <= chat/Makefile.linux
  pppdump/Makefile <= pppdump/Makefile.linux
  pppd/plugins/Makefile <= pppd/plugins/Makefile.linux
  pppd/plugins/rp-pppoe/Makefile <= pppd/plugins/rp-pppoe/Makefile.linux
  pppd/plugins/radius/Makefile <= pppd/plugins/radius/Makefile.linux
  pppd/plugins/pppoatm/Makefile <= pppd/plugins/pppoatm/Makefile.linux
  pppd/plugins/pppol2tp/Makefile <= pppd/plugins/pppol2tp/Makefile.linux
make[3]: Entering directory `/home/liujingfei/project/histb_project_v2_Apr9/histb/source/rootfs/pppd/tmp/ppp-2.4.5'
cd chat; make -w STATIC= all
make[4]: Entering directory `/home/liujingfei/project/histb_project_v2_Apr9/histb/source/rootfs/pppd/tmp/ppp-2.4.5/chat'
make[4]: Nothing to be done for `all'.
make[4]: Leaving directory `/home/liujingfei/project/histb_project_v2_Apr9/histb/source/rootfs/pppd/tmp/ppp-2.4.5/chat'
cd pppd/plugins; make -w all
make[4]: Entering directory `/home/liujingfei/project/histb_project_v2_Apr9/histb/source/rootfs/pppd/tmp/ppp-2.4.5/pppd/plugins'
for d in rp-pppoe pppoatm pppol2tp radius; do make -w -C $d all; done
make[5]: Entering directory `/home/liujingfei/project/histb_project_v2_Apr9/histb/source/rootfs/pppd/tmp/ppp-2.4.5/pppd/plugins/rp-pppoe'
make[5]: Nothing to be done for `all'.
make[5]: Leaving directory `/home/liujingfei/project/histb_project_v2_Apr9/histb/source/rootfs/pppd/tmp/ppp-2.4.5/pppd/plugins/rp-pppoe'
make[5]: Entering directory `/home/liujingfei/project/histb_project_v2_Apr9/histb/source/rootfs/pppd/tmp/ppp-2.4.5/pppd/plugins/pppoatm'
make[5]: Nothing to be done for `all'.
make[5]: Leaving directory `/home/liujingfei/project/histb_project_v2_Apr9/histb/source/rootfs/pppd/tmp/ppp-2.4.5/pppd/plugins/pppoatm'
make[5]: Entering directory `/home/liujingfei/project/histb_project_v2_Apr9/histb/source/rootfs/pppd/tmp/ppp-2.4.5/pppd/plugins/pppol2tp'
make[5]: Nothing to be done for `all'.
make[5]: Leaving directory `/home/liujingfei/project/histb_project_v2_Apr9/histb/source/rootfs/pppd/tmp/ppp-2.4.5/pppd/plugins/pppol2tp'
make[5]: Entering directory `/home/liujingfei/project/histb_project_v2_Apr9/histb/source/rootfs/pppd/tmp/ppp-2.4.5/pppd/plugins/radius'
make[5]: Nothing to be done for `all'.
make[5]: Leaving directory `/home/liujingfei/project/histb_project_v2_Apr9/histb/source/rootfs/pppd/tmp/ppp-2.4.5/pppd/plugins/radius'
make[4]: Leaving directory `/home/liujingfei/project/histb_project_v2_Apr9/histb/source/rootfs/pppd/tmp/ppp-2.4.5/pppd/plugins'
cd pppd; make -w STATIC= all
make[4]: Entering directory `/home/liujingfei/project/histb_project_v2_Apr9/histb/source/rootfs/pppd/tmp/ppp-2.4.5/pppd'
make[4]: Nothing to be done for `all'.
make[4]: Leaving directory `/home/liujingfei/project/histb_project_v2_Apr9/histb/source/rootfs/pppd/tmp/ppp-2.4.5/pppd'
cd pppstats; make -w STATIC= all
make[4]: Entering directory `/home/liujingfei/project/histb_project_v2_Apr9/histb/source/rootfs/pppd/tmp/ppp-2.4.5/pppstats'
make[4]: Nothing to be done for `all'.
make[4]: Leaving directory `/home/liujingfei/project/histb_project_v2_Apr9/histb/source/rootfs/pppd/tmp/ppp-2.4.5/pppstats'
cd pppdump; make -w STATIC= all
make[4]: Entering directory `/home/liujingfei/project/histb_project_v2_Apr9/histb/source/rootfs/pppd/tmp/ppp-2.4.5/pppdump'
make[4]: Nothing to be done for `all'.
make[4]: Leaving directory `/home/liujingfei/project/histb_project_v2_Apr9/histb/source/rootfs/pppd/tmp/ppp-2.4.5/pppdump'
make[3]: Leaving directory `/home/liujingfei/project/histb_project_v2_Apr9/histb/source/rootfs/pppd/tmp/ppp-2.4.5'
/home/liujingfei/project/histb_project_v2_Apr9/histb/source/rootfs/pppd
Configuring for Linux
Creating Makefiles.
  Makefile <= linux/Makefile.top
  pppd/Makefile <= pppd/Makefile.linux
  pppstats/Makefile <= pppstats/Makefile.linux
  chat/Makefile <= chat/Makefile.linux
  pppdump/Makefile <= pppdump/Makefile.linux
  pppd/plugins/Makefile <= pppd/plugins/Makefile.linux
  pppd/plugins/rp-pppoe/Makefile <= pppd/plugins/rp-pppoe/Makefile.linux
  pppd/plugins/radius/Makefile <= pppd/plugins/radius/Makefile.linux
  pppd/plugins/pppoatm/Makefile <= pppd/plugins/pppoatm/Makefile.linux
  pppd/plugins/pppol2tp/Makefile <= pppd/plugins/pppol2tp/Makefile.linux
make[3]: Entering directory `/home/liujingfei/project/histb_project_v2_Apr9/histb/source/rootfs/pppd/tmp/ppp-2.4.5'
cd chat; make -w STATIC= all
make[4]: Entering directory `/home/liujingfei/project/histb_project_v2_Apr9/histb/source/rootfs/pppd/tmp/ppp-2.4.5/chat'
make[4]: Nothing to be done for `all'.
make[4]: Leaving directory `/home/liujingfei/project/histb_project_v2_Apr9/histb/source/rootfs/pppd/tmp/ppp-2.4.5/chat'
cd pppd/plugins; make -w all
make[4]: Entering directory `/home/liujingfei/project/histb_project_v2_Apr9/histb/source/rootfs/pppd/tmp/ppp-2.4.5/pppd/plugins'
for d in rp-pppoe pppoatm pppol2tp radius; do make -w -C $d all; done
make[5]: Entering directory `/home/liujingfei/project/histb_project_v2_Apr9/histb/source/rootfs/pppd/tmp/ppp-2.4.5/pppd/plugins/rp-pppoe'
make[5]: Nothing to be done for `all'.
make[5]: Leaving directory `/home/liujingfei/project/histb_project_v2_Apr9/histb/source/rootfs/pppd/tmp/ppp-2.4.5/pppd/plugins/rp-pppoe'
make[5]: Entering directory `/home/liujingfei/project/histb_project_v2_Apr9/histb/source/rootfs/pppd/tmp/ppp-2.4.5/pppd/plugins/pppoatm'
make[5]: Nothing to be done for `all'.
make[5]: Leaving directory `/home/liujingfei/project/histb_project_v2_Apr9/histb/source/rootfs/pppd/tmp/ppp-2.4.5/pppd/plugins/pppoatm'
make[5]: Entering directory `/home/liujingfei/project/histb_project_v2_Apr9/histb/source/rootfs/pppd/tmp/ppp-2.4.5/pppd/plugins/pppol2tp'
make[5]: Nothing to be done for `all'.
make[5]: Leaving directory `/home/liujingfei/project/histb_project_v2_Apr9/histb/source/rootfs/pppd/tmp/ppp-2.4.5/pppd/plugins/pppol2tp'
make[5]: Entering directory `/home/liujingfei/project/histb_project_v2_Apr9/histb/source/rootfs/pppd/tmp/ppp-2.4.5/pppd/plugins/radius'
make[5]: Nothing to be done for `all'.
make[5]: Leaving directory `/home/liujingfei/project/histb_project_v2_Apr9/histb/source/rootfs/pppd/tmp/ppp-2.4.5/pppd/plugins/radius'
make[4]: Leaving directory `/home/liujingfei/project/histb_project_v2_Apr9/histb/source/rootfs/pppd/tmp/ppp-2.4.5/pppd/plugins'
cd pppd; make -w STATIC= all
make[4]: Entering directory `/home/liujingfei/project/histb_project_v2_Apr9/histb/source/rootfs/pppd/tmp/ppp-2.4.5/pppd'
make[4]: Nothing to be done for `all'.
make[4]: Leaving directory `/home/liujingfei/project/histb_project_v2_Apr9/histb/source/rootfs/pppd/tmp/ppp-2.4.5/pppd'
cd pppstats; make -w STATIC= all
make[4]: Entering directory `/home/liujingfei/project/histb_project_v2_Apr9/histb/source/rootfs/pppd/tmp/ppp-2.4.5/pppstats'
make[4]: Nothing to be done for `all'.
make[4]: Leaving directory `/home/liujingfei/project/histb_project_v2_Apr9/histb/source/rootfs/pppd/tmp/ppp-2.4.5/pppstats'
cd pppdump; make -w STATIC= all
make[4]: Entering directory `/home/liujingfei/project/histb_project_v2_Apr9/histb/source/rootfs/pppd/tmp/ppp-2.4.5/pppdump'
make[4]: Nothing to be done for `all'.
make[4]: Leaving directory `/home/liujingfei/project/histb_project_v2_Apr9/histb/source/rootfs/pppd/tmp/ppp-2.4.5/pppdump'
make[3]: Leaving directory `/home/liujingfei/project/histb_project_v2_Apr9/histb/source/rootfs/pppd/tmp/ppp-2.4.5'
/home/liujingfei/project/histb_project_v2_Apr9/histb/source/rootfs/pppd
make[3]: Entering directory `/home/liujingfei/project/histb_project_v2_Apr9/histb/source/rootfs/pppd/tmp/ppp-2.4.5'
cd chat; make -w install
make[4]: Entering directory `/home/liujingfei/project/histb_project_v2_Apr9/histb/source/rootfs/pppd/tmp/ppp-2.4.5/chat'
mkdir -p /home/liujingfei/project/histb_project_v2_Apr9/histb/source/rootfs/pub/rootfs/usr/local/sbin /home/liujingfei/project/histb_project_v2_Apr9/histb/source/rootfs/pub/rootfs/usr/local/share/man/man8
install -c chat /home/liujingfei/project/histb_project_v2_Apr9/histb/source/rootfs/pub/rootfs/usr/local/sbin
install -c -m 644 chat.8 /home/liujingfei/project/histb_project_v2_Apr9/histb/source/rootfs/pub/rootfs/usr/local/share/man/man8
make[4]: Leaving directory `/home/liujingfei/project/histb_project_v2_Apr9/histb/source/rootfs/pppd/tmp/ppp-2.4.5/chat'
cd pppd/plugins; make -w install
make[4]: Entering directory `/home/liujingfei/project/histb_project_v2_Apr9/histb/source/rootfs/pppd/tmp/ppp-2.4.5/pppd/plugins'
install -d /home/liujingfei/project/histb_project_v2_Apr9/histb/source/rootfs/pub/rootfs/usr/local/lib/pppd/2.4.5
install minconn.so passprompt.so passwordfd.so winbind.so /home/liujingfei/project/histb_project_v2_Apr9/histb/source/rootfs/pub/rootfs/usr/local/lib/pppd/2.4.5
for d in rp-pppoe pppoatm pppol2tp radius; do make -w -C $d DESTDIR=/home/liujingfei/project/histb_project_v2_Apr9/histb/source/rootfs/pub/rootfs/usr/local install; done
make[5]: Entering directory `/home/liujingfei/project/histb_project_v2_Apr9/histb/source/rootfs/pppd/tmp/ppp-2.4.5/pppd/plugins/rp-pppoe'
install -d -m 755 /home/liujingfei/project/histb_project_v2_Apr9/histb/source/rootfs/pub/rootfs/usr/local/lib/pppd/2.4.5
install -c -m 4550 rp-pppoe.so /home/liujingfei/project/histb_project_v2_Apr9/histb/source/rootfs/pub/rootfs/usr/local/lib/pppd/2.4.5
install -d -m 755 /home/liujingfei/project/histb_project_v2_Apr9/histb/source/rootfs/pub/rootfs/usr/local/sbin
install -c -m 555 pppoe-discovery /home/liujingfei/project/histb_project_v2_Apr9/histb/source/rootfs/pub/rootfs/usr/local/sbin
make[5]: Leaving directory `/home/liujingfei/project/histb_project_v2_Apr9/histb/source/rootfs/pppd/tmp/ppp-2.4.5/pppd/plugins/rp-pppoe'
make[5]: Entering directory `/home/liujingfei/project/histb_project_v2_Apr9/histb/source/rootfs/pppd/tmp/ppp-2.4.5/pppd/plugins/pppoatm'
install -d -m 755 /home/liujingfei/project/histb_project_v2_Apr9/histb/source/rootfs/pub/rootfs/usr/local/lib/pppd/2.4.5
install -c -m 4550 pppoatm.so /home/liujingfei/project/histb_project_v2_Apr9/histb/source/rootfs/pub/rootfs/usr/local/lib/pppd/2.4.5
make[5]: Leaving directory `/home/liujingfei/project/histb_project_v2_Apr9/histb/source/rootfs/pppd/tmp/ppp-2.4.5/pppd/plugins/pppoatm'
make[5]: Entering directory `/home/liujingfei/project/histb_project_v2_Apr9/histb/source/rootfs/pppd/tmp/ppp-2.4.5/pppd/plugins/pppol2tp'
install -d -m 755 /home/liujingfei/project/histb_project_v2_Apr9/histb/source/rootfs/pub/rootfs/usr/local/lib/pppd/2.4.5
install -c -m 4550 pppol2tp.so openl2tp.so /home/liujingfei/project/histb_project_v2_Apr9/histb/source/rootfs/pub/rootfs/usr/local/lib/pppd/2.4.5
make[5]: Leaving directory `/home/liujingfei/project/histb_project_v2_Apr9/histb/source/rootfs/pppd/tmp/ppp-2.4.5/pppd/plugins/pppol2tp'
make[5]: Entering directory `/home/liujingfei/project/histb_project_v2_Apr9/histb/source/rootfs/pppd/tmp/ppp-2.4.5/pppd/plugins/radius'
install -d -m 755 /home/liujingfei/project/histb_project_v2_Apr9/histb/source/rootfs/pub/rootfs/usr/local/lib/pppd/2.4.5
install -c -m 755 radius.so /home/liujingfei/project/histb_project_v2_Apr9/histb/source/rootfs/pub/rootfs/usr/local/lib/pppd/2.4.5
install -c -m 755 radattr.so /home/liujingfei/project/histb_project_v2_Apr9/histb/source/rootfs/pub/rootfs/usr/local/lib/pppd/2.4.5
install -c -m 755 radrealms.so /home/liujingfei/project/histb_project_v2_Apr9/histb/source/rootfs/pub/rootfs/usr/local/lib/pppd/2.4.5
install -c -m 444 pppd-radius.8 /home/liujingfei/project/histb_project_v2_Apr9/histb/source/rootfs/pub/rootfs/usr/local/share/man/man8
install -c -m 444 pppd-radattr.8 /home/liujingfei/project/histb_project_v2_Apr9/histb/source/rootfs/pub/rootfs/usr/local/share/man/man8
make[5]: Leaving directory `/home/liujingfei/project/histb_project_v2_Apr9/histb/source/rootfs/pppd/tmp/ppp-2.4.5/pppd/plugins/radius'
make[4]: Leaving directory `/home/liujingfei/project/histb_project_v2_Apr9/histb/source/rootfs/pppd/tmp/ppp-2.4.5/pppd/plugins'
cd pppd; make -w install
make[4]: Entering directory `/home/liujingfei/project/histb_project_v2_Apr9/histb/source/rootfs/pppd/tmp/ppp-2.4.5/pppd'
mkdir -p /home/liujingfei/project/histb_project_v2_Apr9/histb/source/rootfs/pub/rootfs/usr/local/sbin /home/liujingfei/project/histb_project_v2_Apr9/histb/source/rootfs/pub/rootfs/usr/local/share/man/man8
install -c -m 555 pppd /home/liujingfei/project/histb_project_v2_Apr9/histb/source/rootfs/pub/rootfs/usr/local/sbin/pppd
if chgrp pppusers /home/liujingfei/project/histb_project_v2_Apr9/histb/source/rootfs/pub/rootfs/usr/local/sbin/pppd 2>/dev/null; then \
	  chmod o-rx,u+s /home/liujingfei/project/histb_project_v2_Apr9/histb/source/rootfs/pub/rootfs/usr/local/sbin/pppd; fi
install -c -m 444 pppd.8 /home/liujingfei/project/histb_project_v2_Apr9/histb/source/rootfs/pub/rootfs/usr/local/share/man/man8
make[4]: Leaving directory `/home/liujingfei/project/histb_project_v2_Apr9/histb/source/rootfs/pppd/tmp/ppp-2.4.5/pppd'
cd pppstats; make -w install
make[4]: Entering directory `/home/liujingfei/project/histb_project_v2_Apr9/histb/source/rootfs/pppd/tmp/ppp-2.4.5/pppstats'
mkdir -p /home/liujingfei/project/histb_project_v2_Apr9/histb/source/rootfs/pub/rootfs/usr/local/share/man/man8
install -c pppstats /home/liujingfei/project/histb_project_v2_Apr9/histb/source/rootfs/pub/rootfs/usr/local/sbin
install -c -m 444 pppstats.8 /home/liujingfei/project/histb_project_v2_Apr9/histb/source/rootfs/pub/rootfs/usr/local/share/man/man8
make[4]: Leaving directory `/home/liujingfei/project/histb_project_v2_Apr9/histb/source/rootfs/pppd/tmp/ppp-2.4.5/pppstats'
cd pppdump; make -w install
make[4]: Entering directory `/home/liujingfei/project/histb_project_v2_Apr9/histb/source/rootfs/pppd/tmp/ppp-2.4.5/pppdump'
mkdir -p /home/liujingfei/project/histb_project_v2_Apr9/histb/source/rootfs/pub/rootfs/usr/local/sbin /home/liujingfei/project/histb_project_v2_Apr9/histb/source/rootfs/pub/rootfs/usr/local/share/man/man8
install -c pppdump /home/liujingfei/project/histb_project_v2_Apr9/histb/source/rootfs/pub/rootfs/usr/local/sbin
install -c -m 444 pppdump.8 /home/liujingfei/project/histb_project_v2_Apr9/histb/source/rootfs/pub/rootfs/usr/local/share/man/man8
make[4]: Leaving directory `/home/liujingfei/project/histb_project_v2_Apr9/histb/source/rootfs/pppd/tmp/ppp-2.4.5/pppdump'
cd pppd; make -w install-devel
make[4]: Entering directory `/home/liujingfei/project/histb_project_v2_Apr9/histb/source/rootfs/pppd/tmp/ppp-2.4.5/pppd'
mkdir -p /home/liujingfei/project/histb_project_v2_Apr9/histb/source/rootfs/pub/rootfs/usr/local/include/pppd
install -c -m 644 ccp.h session.h chap-new.h ecp.h fsm.h ipcp.h ipxcp.h lcp.h magic.h md5.h patchlevel.h pathnames.h pppd.h upap.h eap.h sha1.h tdb.h spinlock.h /home/liujingfei/project/histb_project_v2_Apr9/histb/source/rootfs/pub/rootfs/usr/local/include/pppd
make[4]: Leaving directory `/home/liujingfei/project/histb_project_v2_Apr9/histb/source/rootfs/pppd/tmp/ppp-2.4.5/pppd'
make[3]: Leaving directory `/home/liujingfei/project/histb_project_v2_Apr9/histb/source/rootfs/pppd/tmp/ppp-2.4.5'
/home/liujingfei/project/histb_project_v2_Apr9/histb/source/rootfs/pppd
make[2]: Leaving directory `/home/liujingfei/project/histb_project_v2_Apr9/histb/source/rootfs/pppd'
[35mBuild mii-tool ...[00m
make -C mii-tool PREFIX=/home/liujingfei/project/histb_project_v2_Apr9/histb/source/rootfs/pub/rootfs CROSS_COMPILE=arm-hisiv200-linux- CONFIG_LIBCPP_SUPPORT=y CONFIG_ETH_SUPPORT=y CONFIG_BUSYBOX_MDEV= CONFIG_BUSYBOX_UDEV=y CFG_HI_LOADER_TYPE=n
make[2]: Entering directory `/home/liujingfei/project/histb_project_v2_Apr9/histb/source/rootfs/mii-tool'
make[2]: Nothing to be done for `all'.
make[2]: Leaving directory `/home/liujingfei/project/histb_project_v2_Apr9/histb/source/rootfs/mii-tool'
[35mBuild iperf ...[00m
make -C iperf PREFIX=/home/liujingfei/project/histb_project_v2_Apr9/histb/source/rootfs/pub/rootfs CROSS_COMPILE=arm-hisiv200-linux- CONFIG_LIBCPP_SUPPORT=y CONFIG_ETH_SUPPORT=y CONFIG_BUSYBOX_MDEV= CONFIG_BUSYBOX_UDEV=y CFG_HI_LOADER_TYPE=n
make[2]: Entering directory `/home/liujingfei/project/histb_project_v2_Apr9/histb/source/rootfs/iperf'
make[2]: Nothing to be done for `all'.
make[2]: Leaving directory `/home/liujingfei/project/histb_project_v2_Apr9/histb/source/rootfs/iperf'
[35mBuild msp_debug ...[00m
make -C msp_debug PREFIX=/home/liujingfei/project/histb_project_v2_Apr9/histb/source/rootfs/pub/rootfs CROSS_COMPILE=arm-hisiv200-linux- CONFIG_LIBCPP_SUPPORT=y CONFIG_ETH_SUPPORT=y CONFIG_BUSYBOX_MDEV= CONFIG_BUSYBOX_UDEV=y CFG_HI_LOADER_TYPE=n
make[2]: Entering directory `/home/liujingfei/project/histb_project_v2_Apr9/histb/source/rootfs/msp_debug'
make[2]: Nothing to be done for `all'.
make[2]: Leaving directory `/home/liujingfei/project/histb_project_v2_Apr9/histb/source/rootfs/msp_debug'
[35mBuild pq_debug ...[00m
make -C pq_debug PREFIX=/home/liujingfei/project/histb_project_v2_Apr9/histb/source/rootfs/pub/rootfs CROSS_COMPILE=arm-hisiv200-linux- CONFIG_LIBCPP_SUPPORT=y CONFIG_ETH_SUPPORT=y CONFIG_BUSYBOX_MDEV= CONFIG_BUSYBOX_UDEV=y CFG_HI_LOADER_TYPE=n
make[2]: Entering directory `/home/liujingfei/project/histb_project_v2_Apr9/histb/source/rootfs/pq_debug'
make[2]: Nothing to be done for `all'.
make[2]: Leaving directory `/home/liujingfei/project/histb_project_v2_Apr9/histb/source/rootfs/pq_debug'
[35mBuild sysstat ...[00m
make -C sysstat PREFIX=/home/liujingfei/project/histb_project_v2_Apr9/histb/source/rootfs/pub/rootfs CROSS_COMPILE=arm-hisiv200-linux- CONFIG_LIBCPP_SUPPORT=y CONFIG_ETH_SUPPORT=y CONFIG_BUSYBOX_MDEV= CONFIG_BUSYBOX_UDEV=y CFG_HI_LOADER_TYPE=n
make[2]: Entering directory `/home/liujingfei/project/histb_project_v2_Apr9/histb/source/rootfs/sysstat'
make[2]: Nothing to be done for `all'.
make[2]: Leaving directory `/home/liujingfei/project/histb_project_v2_Apr9/histb/source/rootfs/sysstat'
[35mBuild memtester ...[00m
make -C memtester PREFIX=/home/liujingfei/project/histb_project_v2_Apr9/histb/source/rootfs/pub/rootfs CROSS_COMPILE=arm-hisiv200-linux- CONFIG_LIBCPP_SUPPORT=y CONFIG_ETH_SUPPORT=y CONFIG_BUSYBOX_MDEV= CONFIG_BUSYBOX_UDEV=y CFG_HI_LOADER_TYPE=n
make[2]: Entering directory `/home/liujingfei/project/histb_project_v2_Apr9/histb/source/rootfs/memtester'
make[2]: Nothing to be done for `all'.
make[2]: Leaving directory `/home/liujingfei/project/histb_project_v2_Apr9/histb/source/rootfs/memtester'

File system is ready at "/home/liujingfei/project/histb_project_v2_Apr9/histb/source/rootfs/pub"

cp: cannot create special file `/home/liujingfei/v2/histb/pub/rootfs/dev/ttyAMA1': Operation not permitted
cp: cannot create special file `/home/liujingfei/v2/histb/pub/rootfs/dev/console': Operation not permitted
cp: cannot create special file `/home/liujingfei/v2/histb/pub/rootfs/dev/ttyS000': Operation not permitted
cp: cannot create special file `/home/liujingfei/v2/histb/pub/rootfs/dev/ttyAMA0': Operation not permitted
make[1]: [install] Error 1 (ignored)
/home/liujingfei/project/histb_project_v2_Apr9/histb/source/rootfs
make[1]: Leaving directory `/home/liujingfei/project/histb_project_v2_Apr9/histb/source/rootfs'
make -C /home/liujingfei/v2/histb/source/common install
make[1]: Entering directory `/home/liujingfei/project/histb_project_v2_Apr9/histb/source/common'
make -C api install
make[2]: Entering directory `/home/liujingfei/project/histb_project_v2_Apr9/histb/source/common/api'
Build libhi_common has completed.
Install common resources completed.
make[2]: Leaving directory `/home/liujingfei/project/histb_project_v2_Apr9/histb/source/common/api'
make -C drv install
make[2]: Entering directory `/home/liujingfei/project/histb_project_v2_Apr9/histb/source/common/drv'
make[3]: Entering directory `/home/liujingfei/project/histb_project_v2_Apr9/histb/source/kernel/linux-3.10.y'
test -e include/generated/autoconf.h -a -e include/config/auto.conf || (		\
	echo >&2;							\
	echo >&2 "  ERROR: Kernel configuration is invalid.";		\
	echo >&2 "         include/generated/autoconf.h or include/config/auto.conf are missing.";\
	echo >&2 "         Run 'make oldconfig && make prepare' on kernel src to fix it.";	\
	echo >&2 ;							\
	/bin/false)
mkdir -p /home/liujingfei/project/histb_project_v2_Apr9/histb/source/common/drv/.tmp_versions ; rm -f /home/liujingfei/project/histb_project_v2_Apr9/histb/source/common/drv/.tmp_versions/*
make -f scripts/Makefile.build obj=/home/liujingfei/project/histb_project_v2_Apr9/histb/source/common/drv
(cat /dev/null;   echo kernel//home/liujingfei/project/histb_project_v2_Apr9/histb/source/common/drv/hi_media.ko;   echo kernel//home/liujingfei/project/histb_project_v2_Apr9/histb/source/common/drv/hi_mmz.ko;   echo kernel//home/liujingfei/project/histb_project_v2_Apr9/histb/source/common/drv/hi_common.ko;) > /home/liujingfei/project/histb_project_v2_Apr9/histb/source/common/drv/modules.order
make -f /home/liujingfei/project/histb_project_v2_Apr9/histb/source/kernel/linux-3.10.y/scripts/Makefile.modpost
  find /home/liujingfei/project/histb_project_v2_Apr9/histb/source/common/drv/.tmp_versions -name '*.mod' | xargs -r grep -h '\.ko$' | sort -u | sed 's/\.ko$/.o/' | scripts/mod/modpost   -i /home/liujingfei/project/histb_project_v2_Apr9/histb/source/kernel/linux-3.10.y/Module.symvers -I /home/liujingfei/project/histb_project_v2_Apr9/histb/source/common/drv/Module.symvers  -o /home/liujingfei/project/histb_project_v2_Apr9/histb/source/common/drv/Module.symvers -S -w -s -T -
make[3]: Leaving directory `/home/liujingfei/project/histb_project_v2_Apr9/histb/source/kernel/linux-3.10.y'
make all   over !
make[2]: Leaving directory `/home/liujingfei/project/histb_project_v2_Apr9/histb/source/common/drv'
make[1]: Leaving directory `/home/liujingfei/project/histb_project_v2_Apr9/histb/source/common'
make -C /home/liujingfei/v2/histb/source/msp install
make[1]: Entering directory `/home/liujingfei/project/histb_project_v2_Apr9/histb/source/msp'
make -C drv install
make[2]: Entering directory `/home/liujingfei/project/histb_project_v2_Apr9/histb/source/msp/drv'
make -C gpio install
make[3]: Entering directory `/home/liujingfei/project/histb_project_v2_Apr9/histb/source/msp/drv/gpio'
make[4]: Entering directory `/home/liujingfei/project/histb_project_v2_Apr9/histb/source/kernel/linux-3.10.y'
test -e include/generated/autoconf.h -a -e include/config/auto.conf || (		\
	echo >&2;							\
	echo >&2 "  ERROR: Kernel configuration is invalid.";		\
	echo >&2 "         include/generated/autoconf.h or include/config/auto.conf are missing.";\
	echo >&2 "         Run 'make oldconfig && make prepare' on kernel src to fix it.";	\
	echo >&2 ;							\
	/bin/false)
mkdir -p /home/liujingfei/project/histb_project_v2_Apr9/histb/source/msp/drv/gpio/.tmp_versions ; rm -f /home/liujingfei/project/histb_project_v2_Apr9/histb/source/msp/drv/gpio/.tmp_versions/*
make -f scripts/Makefile.build obj=/home/liujingfei/project/histb_project_v2_Apr9/histb/source/msp/drv/gpio
(cat /dev/null;   echo kernel//home/liujingfei/project/histb_project_v2_Apr9/histb/source/msp/drv/gpio/hi_gpio.ko;) > /home/liujingfei/project/histb_project_v2_Apr9/histb/source/msp/drv/gpio/modules.order
make -f /home/liujingfei/project/histb_project_v2_Apr9/histb/source/kernel/linux-3.10.y/scripts/Makefile.modpost
  find /home/liujingfei/project/histb_project_v2_Apr9/histb/source/msp/drv/gpio/.tmp_versions -name '*.mod' | xargs -r grep -h '\.ko$' | sort -u | sed 's/\.ko$/.o/' | scripts/mod/modpost   -i /home/liujingfei/project/histb_project_v2_Apr9/histb/source/kernel/linux-3.10.y/Module.symvers -I /home/liujingfei/project/histb_project_v2_Apr9/histb/source/msp/drv/gpio/Module.symvers   -e /home/liujingfei/v2/histb/source/common/drv/Module.symvers -o /home/liujingfei/project/histb_project_v2_Apr9/histb/source/msp/drv/gpio/Module.symvers -S -w -s -T -
make[4]: Leaving directory `/home/liujingfei/project/histb_project_v2_Apr9/histb/source/kernel/linux-3.10.y'
make[3]: Leaving directory `/home/liujingfei/project/histb_project_v2_Apr9/histb/source/msp/drv/gpio'
make -C ir install
make[3]: Entering directory `/home/liujingfei/project/histb_project_v2_Apr9/histb/source/msp/drv/ir'
make -C ir_s2 install
make[4]: Entering directory `/home/liujingfei/project/histb_project_v2_Apr9/histb/source/msp/drv/ir/ir_s2'
make[5]: Entering directory `/home/liujingfei/project/histb_project_v2_Apr9/histb/source/kernel/linux-3.10.y'
test -e include/generated/autoconf.h -a -e include/config/auto.conf || (		\
	echo >&2;							\
	echo >&2 "  ERROR: Kernel configuration is invalid.";		\
	echo >&2 "         include/generated/autoconf.h or include/config/auto.conf are missing.";\
	echo >&2 "         Run 'make oldconfig && make prepare' on kernel src to fix it.";	\
	echo >&2 ;							\
	/bin/false)
mkdir -p /home/liujingfei/project/histb_project_v2_Apr9/histb/source/msp/drv/ir/ir_s2/.tmp_versions ; rm -f /home/liujingfei/project/histb_project_v2_Apr9/histb/source/msp/drv/ir/ir_s2/.tmp_versions/*
make -f scripts/Makefile.build obj=/home/liujingfei/project/histb_project_v2_Apr9/histb/source/msp/drv/ir/ir_s2
(cat /dev/null;   echo kernel//home/liujingfei/project/histb_project_v2_Apr9/histb/source/msp/drv/ir/ir_s2/hi_ir.ko;) > /home/liujingfei/project/histb_project_v2_Apr9/histb/source/msp/drv/ir/ir_s2/modules.order
make -f /home/liujingfei/project/histb_project_v2_Apr9/histb/source/kernel/linux-3.10.y/scripts/Makefile.modpost
  find /home/liujingfei/project/histb_project_v2_Apr9/histb/source/msp/drv/ir/ir_s2/.tmp_versions -name '*.mod' | xargs -r grep -h '\.ko$' | sort -u | sed 's/\.ko$/.o/' | scripts/mod/modpost   -i /home/liujingfei/project/histb_project_v2_Apr9/histb/source/kernel/linux-3.10.y/Module.symvers -I /home/liujingfei/project/histb_project_v2_Apr9/histb/source/msp/drv/ir/ir_s2/Module.symvers   -e /home/liujingfei/v2/histb/source/common/drv/Module.symvers -o /home/liujingfei/project/histb_project_v2_Apr9/histb/source/msp/drv/ir/ir_s2/Module.symvers -S -w -s -T -
make[5]: Leaving directory `/home/liujingfei/project/histb_project_v2_Apr9/histb/source/kernel/linux-3.10.y'
make[4]: Leaving directory `/home/liujingfei/project/histb_project_v2_Apr9/histb/source/msp/drv/ir/ir_s2'
make[3]: Leaving directory `/home/liujingfei/project/histb_project_v2_Apr9/histb/source/msp/drv/ir'
make -C pdm install
make[3]: Entering directory `/home/liujingfei/project/histb_project_v2_Apr9/histb/source/msp/drv/pdm'
make[4]: Entering directory `/home/liujingfei/project/histb_project_v2_Apr9/histb/source/kernel/linux-3.10.y'
test -e include/generated/autoconf.h -a -e include/config/auto.conf || (		\
	echo >&2;							\
	echo >&2 "  ERROR: Kernel configuration is invalid.";		\
	echo >&2 "         include/generated/autoconf.h or include/config/auto.conf are missing.";\
	echo >&2 "         Run 'make oldconfig && make prepare' on kernel src to fix it.";	\
	echo >&2 ;							\
	/bin/false)
mkdir -p /home/liujingfei/project/histb_project_v2_Apr9/histb/source/msp/drv/pdm/.tmp_versions ; rm -f /home/liujingfei/project/histb_project_v2_Apr9/histb/source/msp/drv/pdm/.tmp_versions/*
make -f scripts/Makefile.build obj=/home/liujingfei/project/histb_project_v2_Apr9/histb/source/msp/drv/pdm
  arm-hisiv200-linux-gcc -Wp,-MD,/home/liujingfei/project/histb_project_v2_Apr9/histb/source/msp/drv/pdm/.drv_pdm_intf.o.d  -nostdinc -isystem /opt/hisi-linux/x86-arm/arm-hisiv200-linux/bin/../lib/gcc/arm-hisiv200-linux-gnueabi/4.4.1/include -I/home/liujingfei/project/histb_project_v2_Apr9/histb/source/kernel/linux-3.10.y/arch/arm/include -Iarch/arm/include/generated  -Iinclude -I/home/liujingfei/project/histb_project_v2_Apr9/histb/source/kernel/linux-3.10.y/arch/arm/include/uapi -Iarch/arm/include/generated/uapi -I/home/liujingfei/project/histb_project_v2_Apr9/histb/source/kernel/linux-3.10.y/include/uapi -Iinclude/generated/uapi -include /home/liujingfei/project/histb_project_v2_Apr9/histb/source/kernel/linux-3.10.y/include/linux/kconfig.h -D__KERNEL__ -mlittle-endian -Iarch/arm/mach-s40/include -Wall -Wundef -Wstrict-prototypes -Wno-trigraphs -fno-strict-aliasing -fno-common -Werror-implicit-function-declaration -Wno-format-security -fno-delete-null-pointer-checks -O2 -fno-dwarf2-cfi-asm -fno-omit-frame-pointer -mapcs -mno-sched-prolog -fstack-protector -mabi=aapcs-linux -mno-thumb-interwork -funwind-tables -marm -D__LINUX_ARM_ARCH__=7 -march=armv7-a -msoft-float -Uarm -Wframe-larger-than=1024 -fno-omit-frame-pointer -fno-optimize-sibling-calls -pg -Wdeclaration-after-statement -Wno-pointer-sign -fno-strict-overflow -fconserve-stack -DCHIP_TYPE_hi3718cv100 -DSDK_VERSION="HiSTBLinuxV100R002C01SPC020" -DHI_GPIOI2C_SUPPORT -DHI_LOG_SUPPORT=1 -DHI_LOG_LEVEL=4 -DHI_PROC_SUPPORT=1 -DHI_KEYLED_SUPPORT -DHI_HDCP_SUPPORT -DHI_SCI_SUPPORT -DHI_VI_SUPPORT -DHI_VENC_SUPPORT -DHI_AENC_SUPPORT -DHI_PQ_SUPPORT -I/home/liujingfei/v2/histb/source/common/include -I/home/liujingfei/v2/histb/source/common/api/include -I/home/liujingfei/v2/histb/source/common/drv/include -I/home/liujingfei/v2/histb/source/msp/include -I/home/liujingfei/v2/histb/source/msp/api/include -I/home/liujingfei/v2/histb/source/msp/drv/include -I/home/liujingfei/v2/histb/source/component/ha_codec/include -I/home/liujingfei/v2/histb/source/msp/drv/pdm/db -I/home/liujingfei/v2/histb/source/msp/api/higo/include -I/home/liujingfei/v2/histb/source/common/drv/sys -I/home/liujingfei/v2/histb/source/common/drv/mmz  -DMODULE  -D"KBUILD_STR(s)=#s" -D"KBUILD_BASENAME=KBUILD_STR(drv_pdm_intf)"  -D"KBUILD_MODNAME=KBUILD_STR(hi_pdm)" -c -o /home/liujingfei/project/histb_project_v2_Apr9/histb/source/msp/drv/pdm/drv_pdm_intf.o /home/liujingfei/project/histb_project_v2_Apr9/histb/source/msp/drv/pdm/drv_pdm_intf.c
  if [ "-pg" = "-pg" ]; then if [ /home/liujingfei/project/histb_project_v2_Apr9/histb/source/msp/drv/pdm/drv_pdm_intf.o != "scripts/mod/empty.o" ]; then /home/liujingfei/project/histb_project_v2_Apr9/histb/source/kernel/linux-3.10.y/scripts/recordmcount  "/home/liujingfei/project/histb_project_v2_Apr9/histb/source/msp/drv/pdm/drv_pdm_intf.o"; fi; fi;
  arm-hisiv200-linux-gcc -Wp,-MD,/home/liujingfei/project/histb_project_v2_Apr9/histb/source/msp/drv/pdm/.drv_pdm.o.d  -nostdinc -isystem /opt/hisi-linux/x86-arm/arm-hisiv200-linux/bin/../lib/gcc/arm-hisiv200-linux-gnueabi/4.4.1/include -I/home/liujingfei/project/histb_project_v2_Apr9/histb/source/kernel/linux-3.10.y/arch/arm/include -Iarch/arm/include/generated  -Iinclude -I/home/liujingfei/project/histb_project_v2_Apr9/histb/source/kernel/linux-3.10.y/arch/arm/include/uapi -Iarch/arm/include/generated/uapi -I/home/liujingfei/project/histb_project_v2_Apr9/histb/source/kernel/linux-3.10.y/include/uapi -Iinclude/generated/uapi -include /home/liujingfei/project/histb_project_v2_Apr9/histb/source/kernel/linux-3.10.y/include/linux/kconfig.h -D__KERNEL__ -mlittle-endian -Iarch/arm/mach-s40/include -Wall -Wundef -Wstrict-prototypes -Wno-trigraphs -fno-strict-aliasing -fno-common -Werror-implicit-function-declaration -Wno-format-security -fno-delete-null-pointer-checks -O2 -fno-dwarf2-cfi-asm -fno-omit-frame-pointer -mapcs -mno-sched-prolog -fstack-protector -mabi=aapcs-linux -mno-thumb-interwork -funwind-tables -marm -D__LINUX_ARM_ARCH__=7 -march=armv7-a -msoft-float -Uarm -Wframe-larger-than=1024 -fno-omit-frame-pointer -fno-optimize-sibling-calls -pg -Wdeclaration-after-statement -Wno-pointer-sign -fno-strict-overflow -fconserve-stack -DCHIP_TYPE_hi3718cv100 -DSDK_VERSION="HiSTBLinuxV100R002C01SPC020" -DHI_GPIOI2C_SUPPORT -DHI_LOG_SUPPORT=1 -DHI_LOG_LEVEL=4 -DHI_PROC_SUPPORT=1 -DHI_KEYLED_SUPPORT -DHI_HDCP_SUPPORT -DHI_SCI_SUPPORT -DHI_VI_SUPPORT -DHI_VENC_SUPPORT -DHI_AENC_SUPPORT -DHI_PQ_SUPPORT -I/home/liujingfei/v2/histb/source/common/include -I/home/liujingfei/v2/histb/source/common/api/include -I/home/liujingfei/v2/histb/source/common/drv/include -I/home/liujingfei/v2/histb/source/msp/include -I/home/liujingfei/v2/histb/source/msp/api/include -I/home/liujingfei/v2/histb/source/msp/drv/include -I/home/liujingfei/v2/histb/source/component/ha_codec/include -I/home/liujingfei/v2/histb/source/msp/drv/pdm/db -I/home/liujingfei/v2/histb/source/msp/api/higo/include -I/home/liujingfei/v2/histb/source/common/drv/sys -I/home/liujingfei/v2/histb/source/common/drv/mmz  -DMODULE  -D"KBUILD_STR(s)=#s" -D"KBUILD_BASENAME=KBUILD_STR(drv_pdm)"  -D"KBUILD_MODNAME=KBUILD_STR(hi_pdm)" -c -o /home/liujingfei/project/histb_project_v2_Apr9/histb/source/msp/drv/pdm/drv_pdm.o /home/liujingfei/project/histb_project_v2_Apr9/histb/source/msp/drv/pdm/drv_pdm.c
  if [ "-pg" = "-pg" ]; then if [ /home/liujingfei/project/histb_project_v2_Apr9/histb/source/msp/drv/pdm/drv_pdm.o != "scripts/mod/empty.o" ]; then /home/liujingfei/project/histb_project_v2_Apr9/histb/source/kernel/linux-3.10.y/scripts/recordmcount  "/home/liujingfei/project/histb_project_v2_Apr9/histb/source/msp/drv/pdm/drv_pdm.o"; fi; fi;
  arm-hisiv200-linux-ld -EL    -r -o /home/liujingfei/project/histb_project_v2_Apr9/histb/source/msp/drv/pdm/hi_pdm.o /home/liujingfei/project/histb_project_v2_Apr9/histb/source/msp/drv/pdm/drv_pdm_intf.o /home/liujingfei/project/histb_project_v2_Apr9/histb/source/msp/drv/pdm/drv_pdm.o /home/liujingfei/project/histb_project_v2_Apr9/histb/source/msp/drv/pdm/db/hi_db.o 
(cat /dev/null;   echo kernel//home/liujingfei/project/histb_project_v2_Apr9/histb/source/msp/drv/pdm/hi_pdm.ko;) > /home/liujingfei/project/histb_project_v2_Apr9/histb/source/msp/drv/pdm/modules.order
make -f /home/liujingfei/project/histb_project_v2_Apr9/histb/source/kernel/linux-3.10.y/scripts/Makefile.modpost
  find /home/liujingfei/project/histb_project_v2_Apr9/histb/source/msp/drv/pdm/.tmp_versions -name '*.mod' | xargs -r grep -h '\.ko$' | sort -u | sed 's/\.ko$/.o/' | scripts/mod/modpost   -i /home/liujingfei/project/histb_project_v2_Apr9/histb/source/kernel/linux-3.10.y/Module.symvers -I /home/liujingfei/project/histb_project_v2_Apr9/histb/source/msp/drv/pdm/Module.symvers   -e /home/liujingfei/v2/histb/source/common/drv/Module.symvers -o /home/liujingfei/project/histb_project_v2_Apr9/histb/source/msp/drv/pdm/Module.symvers -S -w -s -T -
  arm-hisiv200-linux-ld -EL -r  -T /home/liujingfei/project/histb_project_v2_Apr9/histb/source/kernel/linux-3.10.y/scripts/module-common.lds --build-id  -o /home/liujingfei/project/histb_project_v2_Apr9/histb/source/msp/drv/pdm/hi_pdm.ko /home/liujingfei/project/histb_project_v2_Apr9/histb/source/msp/drv/pdm/hi_pdm.o /home/liujingfei/project/histb_project_v2_Apr9/histb/source/msp/drv/pdm/hi_pdm.mod.o
make[4]: Leaving directory `/home/liujingfei/project/histb_project_v2_Apr9/histb/source/kernel/linux-3.10.y'
make[3]: Leaving directory `/home/liujingfei/project/histb_project_v2_Apr9/histb/source/msp/drv/pdm'
make -C pq install
make[3]: Entering directory `/home/liujingfei/project/histb_project_v2_Apr9/histb/source/msp/drv/pq'
make[4]: Entering directory `/home/liujingfei/project/histb_project_v2_Apr9/histb/source/kernel/linux-3.10.y'
test -e include/generated/autoconf.h -a -e include/config/auto.conf || (		\
	echo >&2;							\
	echo >&2 "  ERROR: Kernel configuration is invalid.";		\
	echo >&2 "         include/generated/autoconf.h or include/config/auto.conf are missing.";\
	echo >&2 "         Run 'make oldconfig && make prepare' on kernel src to fix it.";	\
	echo >&2 ;							\
	/bin/false)
mkdir -p /home/liujingfei/project/histb_project_v2_Apr9/histb/source/msp/drv/pq/.tmp_versions ; rm -f /home/liujingfei/project/histb_project_v2_Apr9/histb/source/msp/drv/pq/.tmp_versions/*
make -f scripts/Makefile.build obj=/home/liujingfei/project/histb_project_v2_Apr9/histb/source/msp/drv/pq
  arm-hisiv200-linux-gcc -Wp,-MD,/home/liujingfei/project/histb_project_v2_Apr9/histb/source/msp/drv/pq/.drv_pq.o.d  -nostdinc -isystem /opt/hisi-linux/x86-arm/arm-hisiv200-linux/bin/../lib/gcc/arm-hisiv200-linux-gnueabi/4.4.1/include -I/home/liujingfei/project/histb_project_v2_Apr9/histb/source/kernel/linux-3.10.y/arch/arm/include -Iarch/arm/include/generated  -Iinclude -I/home/liujingfei/project/histb_project_v2_Apr9/histb/source/kernel/linux-3.10.y/arch/arm/include/uapi -Iarch/arm/include/generated/uapi -I/home/liujingfei/project/histb_project_v2_Apr9/histb/source/kernel/linux-3.10.y/include/uapi -Iinclude/generated/uapi -include /home/liujingfei/project/histb_project_v2_Apr9/histb/source/kernel/linux-3.10.y/include/linux/kconfig.h -D__KERNEL__ -mlittle-endian -Iarch/arm/mach-s40/include -Wall -Wundef -Wstrict-prototypes -Wno-trigraphs -fno-strict-aliasing -fno-common -Werror-implicit-function-declaration -Wno-format-security -fno-delete-null-pointer-checks -O2 -fno-dwarf2-cfi-asm -fno-omit-frame-pointer -mapcs -mno-sched-prolog -fstack-protector -mabi=aapcs-linux -mno-thumb-interwork -funwind-tables -marm -D__LINUX_ARM_ARCH__=7 -march=armv7-a -msoft-float -Uarm -Wframe-larger-than=1024 -fno-omit-frame-pointer -fno-optimize-sibling-calls -pg -Wdeclaration-after-statement -Wno-pointer-sign -fno-strict-overflow -fconserve-stack -DCHIP_TYPE_hi3718cv100 -DSDK_VERSION="HiSTBLinuxV100R002C01SPC020" -DHI_GPIOI2C_SUPPORT -DHI_LOG_SUPPORT=1 -DHI_LOG_LEVEL=4 -DHI_PROC_SUPPORT=1 -DHI_KEYLED_SUPPORT -DHI_HDCP_SUPPORT -DHI_SCI_SUPPORT -DHI_VI_SUPPORT -DHI_VENC_SUPPORT -DHI_AENC_SUPPORT -DHI_PQ_SUPPORT -I/home/liujingfei/v2/histb/source/common/include -I/home/liujingfei/v2/histb/source/common/api/include -I/home/liujingfei/v2/histb/source/common/drv/include -I/home/liujingfei/v2/histb/source/msp/include -I/home/liujingfei/v2/histb/source/msp/api/include -I/home/liujingfei/v2/histb/source/msp/drv/include -I/home/liujingfei/v2/histb/source/component/ha_codec/include -I/home/liujingfei/v2/histb/source/msp/api/higo/include -I/home/liujingfei/v2/histb/source/common/drv/sys -I/home/liujingfei/v2/histb/source/common/drv/mmz -I/home/liujingfei/v2/histb/source/common/api/flash/include  -DMODULE  -D"KBUILD_STR(s)=#s" -D"KBUILD_BASENAME=KBUILD_STR(drv_pq)"  -D"KBUILD_MODNAME=KBUILD_STR(hi_pq)" -c -o /home/liujingfei/project/histb_project_v2_Apr9/histb/source/msp/drv/pq/drv_pq.o /home/liujingfei/project/histb_project_v2_Apr9/histb/source/msp/drv/pq/drv_pq.c
  if [ "-pg" = "-pg" ]; then if [ /home/liujingfei/project/histb_project_v2_Apr9/histb/source/msp/drv/pq/drv_pq.o != "scripts/mod/empty.o" ]; then /home/liujingfei/project/histb_project_v2_Apr9/histb/source/kernel/linux-3.10.y/scripts/recordmcount  "/home/liujingfei/project/histb_project_v2_Apr9/histb/source/msp/drv/pq/drv_pq.o"; fi; fi;
  arm-hisiv200-linux-ld -EL    -r -o /home/liujingfei/project/histb_project_v2_Apr9/histb/source/msp/drv/pq/hi_pq.o /home/liujingfei/project/histb_project_v2_Apr9/histb/source/msp/drv/pq/drv_pq_intf.o /home/liujingfei/project/histb_project_v2_Apr9/histb/source/msp/drv/pq/drv_pq.o 
(cat /dev/null;   echo kernel//home/liujingfei/project/histb_project_v2_Apr9/histb/source/msp/drv/pq/hi_pq.ko;) > /home/liujingfei/project/histb_project_v2_Apr9/histb/source/msp/drv/pq/modules.order
make -f /home/liujingfei/project/histb_project_v2_Apr9/histb/source/kernel/linux-3.10.y/scripts/Makefile.modpost
  find /home/liujingfei/project/histb_project_v2_Apr9/histb/source/msp/drv/pq/.tmp_versions -name '*.mod' | xargs -r grep -h '\.ko$' | sort -u | sed 's/\.ko$/.o/' | scripts/mod/modpost   -i /home/liujingfei/project/histb_project_v2_Apr9/histb/source/kernel/linux-3.10.y/Module.symvers -I /home/liujingfei/project/histb_project_v2_Apr9/histb/source/msp/drv/pq/Module.symvers   -e /home/liujingfei/v2/histb/source/common/drv/Module.symvers -o /home/liujingfei/project/histb_project_v2_Apr9/histb/source/msp/drv/pq/Module.symvers -S -w -s -T -
  arm-hisiv200-linux-ld -EL -r  -T /home/liujingfei/project/histb_project_v2_Apr9/histb/source/kernel/linux-3.10.y/scripts/module-common.lds --build-id  -o /home/liujingfei/project/histb_project_v2_Apr9/histb/source/msp/drv/pq/hi_pq.ko /home/liujingfei/project/histb_project_v2_Apr9/histb/source/msp/drv/pq/hi_pq.o /home/liujingfei/project/histb_project_v2_Apr9/histb/source/msp/drv/pq/hi_pq.mod.o
make[4]: Leaving directory `/home/liujingfei/project/histb_project_v2_Apr9/histb/source/kernel/linux-3.10.y'
make[3]: Leaving directory `/home/liujingfei/project/histb_project_v2_Apr9/histb/source/msp/drv/pq'
make -C hdmi install
make[3]: Entering directory `/home/liujingfei/project/histb_project_v2_Apr9/histb/source/msp/drv/hdmi'
make[4]: Entering directory `/home/liujingfei/project/histb_project_v2_Apr9/histb/source/kernel/linux-3.10.y'
test -e include/generated/autoconf.h -a -e include/config/auto.conf || (		\
	echo >&2;							\
	echo >&2 "  ERROR: Kernel configuration is invalid.";		\
	echo >&2 "         include/generated/autoconf.h or include/config/auto.conf are missing.";\
	echo >&2 "         Run 'make oldconfig && make prepare' on kernel src to fix it.";	\
	echo >&2 ;							\
	/bin/false)
mkdir -p /home/liujingfei/project/histb_project_v2_Apr9/histb/source/msp/drv/hdmi/.tmp_versions ; rm -f /home/liujingfei/project/histb_project_v2_Apr9/histb/source/msp/drv/hdmi/.tmp_versions/*
make -f scripts/Makefile.build obj=/home/liujingfei/project/histb_project_v2_Apr9/histb/source/msp/drv/hdmi
(cat /dev/null;   echo kernel//home/liujingfei/project/histb_project_v2_Apr9/histb/source/msp/drv/hdmi/hi_hdmi.ko;) > /home/liujingfei/project/histb_project_v2_Apr9/histb/source/msp/drv/hdmi/modules.order
make -f /home/liujingfei/project/histb_project_v2_Apr9/histb/source/kernel/linux-3.10.y/scripts/Makefile.modpost
  find /home/liujingfei/project/histb_project_v2_Apr9/histb/source/msp/drv/hdmi/.tmp_versions -name '*.mod' | xargs -r grep -h '\.ko$' | sort -u | sed 's/\.ko$/.o/' | scripts/mod/modpost   -i /home/liujingfei/project/histb_project_v2_Apr9/histb/source/kernel/linux-3.10.y/Module.symvers -I /home/liujingfei/project/histb_project_v2_Apr9/histb/source/msp/drv/hdmi/Module.symvers   -e /home/liujingfei/v2/histb/source/common/drv/Module.symvers -o /home/liujingfei/project/histb_project_v2_Apr9/histb/source/msp/drv/hdmi/Module.symvers -S -w -s -T -
make[4]: Leaving directory `/home/liujingfei/project/histb_project_v2_Apr9/histb/source/kernel/linux-3.10.y'
make[3]: Leaving directory `/home/liujingfei/project/histb_project_v2_Apr9/histb/source/msp/drv/hdmi'
make -C vo install
make[3]: Entering directory `/home/liujingfei/project/histb_project_v2_Apr9/histb/source/msp/drv/vo'
make[4]: Entering directory `/home/liujingfei/project/histb_project_v2_Apr9/histb/source/kernel/linux-3.10.y'
test -e include/generated/autoconf.h -a -e include/config/auto.conf || (		\
	echo >&2;							\
	echo >&2 "  ERROR: Kernel configuration is invalid.";		\
	echo >&2 "         include/generated/autoconf.h or include/config/auto.conf are missing.";\
	echo >&2 "         Run 'make oldconfig && make prepare' on kernel src to fix it.";	\
	echo >&2 ;							\
	/bin/false)
mkdir -p /home/liujingfei/project/histb_project_v2_Apr9/histb/source/msp/drv/vo/.tmp_versions ; rm -f /home/liujingfei/project/histb_project_v2_Apr9/histb/source/msp/drv/vo/.tmp_versions/*
make -f scripts/Makefile.build obj=/home/liujingfei/project/histb_project_v2_Apr9/histb/source/msp/drv/vo
  arm-hisiv200-linux-gcc -Wp,-MD,/home/liujingfei/project/histb_project_v2_Apr9/histb/source/msp/drv/vo/./vdp_v1_0/.drv_disp_adp2unf.o.d  -nostdinc -isystem /opt/hisi-linux/x86-arm/arm-hisiv200-linux/bin/../lib/gcc/arm-hisiv200-linux-gnueabi/4.4.1/include -I/home/liujingfei/project/histb_project_v2_Apr9/histb/source/kernel/linux-3.10.y/arch/arm/include -Iarch/arm/include/generated  -Iinclude -I/home/liujingfei/project/histb_project_v2_Apr9/histb/source/kernel/linux-3.10.y/arch/arm/include/uapi -Iarch/arm/include/generated/uapi -I/home/liujingfei/project/histb_project_v2_Apr9/histb/source/kernel/linux-3.10.y/include/uapi -Iinclude/generated/uapi -include /home/liujingfei/project/histb_project_v2_Apr9/histb/source/kernel/linux-3.10.y/include/linux/kconfig.h -D__KERNEL__ -mlittle-endian -Iarch/arm/mach-s40/include -Wall -Wundef -Wstrict-prototypes -Wno-trigraphs -fno-strict-aliasing -fno-common -Werror-implicit-function-declaration -Wno-format-security -fno-delete-null-pointer-checks -O2 -fno-dwarf2-cfi-asm -fno-omit-frame-pointer -mapcs -mno-sched-prolog -fstack-protector -mabi=aapcs-linux -mno-thumb-interwork -funwind-tables -marm -D__LINUX_ARM_ARCH__=7 -march=armv7-a -msoft-float -Uarm -Wframe-larger-than=1024 -fno-omit-frame-pointer -fno-optimize-sibling-calls -pg -Wdeclaration-after-statement -Wno-pointer-sign -fno-strict-overflow -fconserve-stack -I/home/liujingfei/v2/histb/source/common/include -I/home/liujingfei/v2/histb/source/common/api/include -I/home/liujingfei/v2/histb/source/common/drv/include -I/home/liujingfei/v2/histb/source/msp/include -I/home/liujingfei/v2/histb/source/msp/api/include -I/home/liujingfei/v2/histb/source/msp/drv/include -I/home/liujingfei/v2/histb/source/msp/api/higo/include -I/home/liujingfei/v2/histb/source/msp/api/vo -DHI_DISP_BUILD_FULL -D__DISP_PLATFORM_SDK__ -D__DISP_D0_FOLLOW_D1__ -D__DISP_SELF_START__ -DHI_VO_SHARPNESS_SUPPORT -DHI_VO_HD_VIDEO_DO_DEI -DCHIP_TYPE_hi3718cv100 -DSDK_VERSION="HiSTBLinuxV100R002C01SPC020" -DHI_GPIOI2C_SUPPORT -DHI_LOG_SUPPORT=1 -DHI_LOG_LEVEL=4 -DHI_PROC_SUPPORT=1 -DHI_KEYLED_SUPPORT -DHI_HDCP_SUPPORT -DHI_SCI_SUPPORT -DHI_VI_SUPPORT -DHI_VENC_SUPPORT -DHI_AENC_SUPPORT -DHI_PQ_SUPPORT -I/home/liujingfei/v2/histb/source/msp/drv/vo/vdp_v1_0/hal/common -I/home/liujingfei/v2/histb/source/msp/drv/vo/vdp_v1_0/hal/cv200 -I/home/liujingfei/v2/histb/source/msp/drv/vo/vdp_v1_0/alg -I/home/liujingfei/v2/histb/source/msp/drv/vo/vdp_v1_0/com -I/home/liujingfei/v2/histb/source/msp/drv/vo/vdp_v1_0/drv -I/home/liujingfei/v2/histb/source/msp/drv/vo/vdp_v1_0 -I/home/liujingfei/v2/histb/source/msp/drv/vo/vdp_v1_0/include  -DMODULE  -D"KBUILD_STR(s)=#s" -D"KBUILD_BASENAME=KBUILD_STR(drv_disp_adp2unf)"  -D"KBUILD_MODNAME=KBUILD_STR(hi_vou)" -c -o /home/liujingfei/project/histb_project_v2_Apr9/histb/source/msp/drv/vo/./vdp_v1_0/drv_disp_adp2unf.o /home/liujingfei/project/histb_project_v2_Apr9/histb/source/msp/drv/vo/./vdp_v1_0/drv_disp_adp2unf.c
  if [ "-pg" = "-pg" ]; then if [ /home/liujingfei/project/histb_project_v2_Apr9/histb/source/msp/drv/vo/./vdp_v1_0/drv_disp_adp2unf.o != "scripts/mod/empty.o" ]; then /home/liujingfei/project/histb_project_v2_Apr9/histb/source/kernel/linux-3.10.y/scripts/recordmcount  "/home/liujingfei/project/histb_project_v2_Apr9/histb/source/msp/drv/vo/./vdp_v1_0/drv_disp_adp2unf.o"; fi; fi;
  arm-hisiv200-linux-ld -EL    -r -o /home/liujingfei/project/histb_project_v2_Apr9/histb/source/msp/drv/vo/hi_vou.o /home/liujingfei/project/histb_project_v2_Apr9/histb/source/msp/drv/vo/./vdp_v1_0/drv_disp.o /home/liujingfei/project/histb_project_v2_Apr9/histb/source/msp/drv/vo/./vdp_v1_0/drv_disp_adp2unf.o /home/liujingfei/project/histb_project_v2_Apr9/histb/source/msp/drv/vo/./vdp_v1_0/drv_disp_intf.o /home/liujingfei/project/histb_project_v2_Apr9/histb/source/msp/drv/vo/./vdp_v1_0/drv_win.o /home/liujingfei/project/histb_project_v2_Apr9/histb/source/msp/drv/vo/./vdp_v1_0/drv_win_intf.o /home/liujingfei/project/histb_project_v2_Apr9/histb/source/msp/drv/vo/./vdp_v1_0/com/drv_disp_debug.o /home/liujingfei/project/histb_project_v2_Apr9/histb/source/msp/drv/vo/./vdp_v1_0/com/drv_disp_osal.o /home/liujingfei/project/histb_project_v2_Apr9/histb/source/msp/drv/vo/./vdp_v1_0/drv/drv_disp_bufcore.o /home/liujingfei/project/histb_project_v2_Apr9/histb/source/msp/drv/vo/./vdp_v1_0/drv/drv_disp_buffer.o /home/liujingfei/project/histb_project_v2_Apr9/histb/source/msp/drv/vo/./vdp_v1_0/drv/drv_disp_cast.o /home/liujingfei/project/histb_project_v2_Apr9/histb/source/msp/drv/vo/./vdp_v1_0/drv/drv_disp_isr.o /home/liujingfei/project/histb_project_v2_Apr9/histb/source/msp/drv/vo/./vdp_v1_0/drv/drv_display.o /home/liujingfei/project/histb_project_v2_Apr9/histb/source/msp/drv/vo/./vdp_v1_0/drv/drv_virtual.o /home/liujingfei/project/histb_project_v2_Apr9/histb/source/msp/drv/vo/./vdp_v1_0/drv/drv_win_buffer.o /home/liujingfei/project/histb_project_v2_Apr9/histb/source/msp/drv/vo/./vdp_v1_0/drv/drv_win_prc.o /home/liujingfei/project/histb_project_v2_Apr9/histb/source/msp/drv/vo/./vdp_v1_0/drv/drv_window.o /home/liujingfei/project/histb_project_v2_Apr9/histb/source/msp/drv/vo/./vdp_v1_0/alg/drv_disp_alg_acc.o /home/liujingfei/project/histb_project_v2_Apr9/histb/source/msp/drv/vo/./vdp_v1_0/alg/drv_disp_alg_acm.o /home/liujingfei/project/histb_project_v2_Apr9/histb/source/msp/drv/vo/./vdp_v1_0/alg/drv_disp_alg_csc.o /home/liujingfei/project/histb_project_v2_Apr9/histb/source/msp/drv/vo/./vdp_v1_0/alg/drv_disp_alg_gamma.o /home/liujingfei/project/histb_project_v2_Apr9/histb/source/msp/drv/vo/./vdp_v1_0/alg/drv_disp_alg_rgb2yuv.o /home/liujingfei/project/histb_project_v2_Apr9/histb/source/msp/drv/vo/./vdp_v1_0/alg/drv_disp_alg_service.o /home/liujingfei/project/histb_project_v2_Apr9/histb/source/msp/drv/vo/./vdp_v1_0/hal/common/drv_disp_da.o /home/liujingfei/project/histb_project_v2_Apr9/histb/source/msp/drv/vo/./vdp_v1_0/hal/common/drv_disp_hal.o /home/liujingfei/project/histb_project_v2_Apr9/histb/source/msp/drv/vo/./vdp_v1_0/hal/common/drv_disp_hw.o /home/liujingfei/project/histb_project_v2_Apr9/histb/source/msp/drv/vo/./vdp_v1_0/hal/common/drv_disp_intf.o /home/liujingfei/project/histb_project_v2_Apr9/histb/source/msp/drv/vo/./vdp_v1_0/hal/common/drv_disp_ua.o /home/liujingfei/project/histb_project_v2_Apr9/histb/source/msp/drv/vo/./vdp_v1_0/hal/common/drv_win_hal.o /home/liujingfei/project/histb_project_v2_Apr9/histb/source/msp/drv/vo/./vdp_v1_0/hal/common/drv_win_hw.o /home/liujingfei/project/histb_project_v2_Apr9/histb/source/msp/drv/vo/./vdp_v1_0/hal/cv200/hal_specific_config.o /home/liujingfei/project/histb_project_v2_Apr9/histb/source/msp/drv/vo/./vdp_v1_0/hal/cv200/vdp_driver.o /home/liujingfei/project/histb_project_v2_Apr9/histb/source/msp/drv/vo/vdp_v1_0/alg/drv_disp_alg_zme.o 
(cat /dev/null;   echo kernel//home/liujingfei/project/histb_project_v2_Apr9/histb/source/msp/drv/vo/hi_vou.ko;) > /home/liujingfei/project/histb_project_v2_Apr9/histb/source/msp/drv/vo/modules.order
make -f /home/liujingfei/project/histb_project_v2_Apr9/histb/source/kernel/linux-3.10.y/scripts/Makefile.modpost
  find /home/liujingfei/project/histb_project_v2_Apr9/histb/source/msp/drv/vo/.tmp_versions -name '*.mod' | xargs -r grep -h '\.ko$' | sort -u | sed 's/\.ko$/.o/' | scripts/mod/modpost   -i /home/liujingfei/project/histb_project_v2_Apr9/histb/source/kernel/linux-3.10.y/Module.symvers -I /home/liujingfei/project/histb_project_v2_Apr9/histb/source/msp/drv/vo/Module.symvers   -e /home/liujingfei/v2/histb/source/common/drv/Module.symvers -o /home/liujingfei/project/histb_project_v2_Apr9/histb/source/msp/drv/vo/Module.symvers -S -w -s -T -
  arm-hisiv200-linux-ld -EL -r  -T /home/liujingfei/project/histb_project_v2_Apr9/histb/source/kernel/linux-3.10.y/scripts/module-common.lds --build-id  -o /home/liujingfei/project/histb_project_v2_Apr9/histb/source/msp/drv/vo/hi_vou.ko /home/liujingfei/project/histb_project_v2_Apr9/histb/source/msp/drv/vo/hi_vou.o /home/liujingfei/project/histb_project_v2_Apr9/histb/source/msp/drv/vo/hi_vou.mod.o
make[4]: Leaving directory `/home/liujingfei/project/histb_project_v2_Apr9/histb/source/kernel/linux-3.10.y'
make[3]: Leaving directory `/home/liujingfei/project/histb_project_v2_Apr9/histb/source/msp/drv/vo'
make -C hifb install
make[3]: Entering directory `/home/liujingfei/project/histb_project_v2_Apr9/histb/source/msp/drv/hifb'
make[4]: Entering directory `/home/liujingfei/project/histb_project_v2_Apr9/histb/source/kernel/linux-3.10.y'
test -e include/generated/autoconf.h -a -e include/config/auto.conf || (		\
	echo >&2;							\
	echo >&2 "  ERROR: Kernel configuration is invalid.";		\
	echo >&2 "         include/generated/autoconf.h or include/config/auto.conf are missing.";\
	echo >&2 "         Run 'make oldconfig && make prepare' on kernel src to fix it.";	\
	echo >&2 ;							\
	/bin/false)
mkdir -p /home/liujingfei/project/histb_project_v2_Apr9/histb/source/msp/drv/hifb/.tmp_versions ; rm -f /home/liujingfei/project/histb_project_v2_Apr9/histb/source/msp/drv/hifb/.tmp_versions/*
make -f scripts/Makefile.build obj=/home/liujingfei/project/histb_project_v2_Apr9/histb/source/msp/drv/hifb
  arm-hisiv200-linux-gcc -Wp,-MD,/home/liujingfei/project/histb_project_v2_Apr9/histb/source/msp/drv/hifb/./src/.hifb_main.o.d  -nostdinc -isystem /opt/hisi-linux/x86-arm/arm-hisiv200-linux/bin/../lib/gcc/arm-hisiv200-linux-gnueabi/4.4.1/include -I/home/liujingfei/project/histb_project_v2_Apr9/histb/source/kernel/linux-3.10.y/arch/arm/include -Iarch/arm/include/generated  -Iinclude -I/home/liujingfei/project/histb_project_v2_Apr9/histb/source/kernel/linux-3.10.y/arch/arm/include/uapi -Iarch/arm/include/generated/uapi -I/home/liujingfei/project/histb_project_v2_Apr9/histb/source/kernel/linux-3.10.y/include/uapi -Iinclude/generated/uapi -include /home/liujingfei/project/histb_project_v2_Apr9/histb/source/kernel/linux-3.10.y/include/linux/kconfig.h -D__KERNEL__ -mlittle-endian -Iarch/arm/mach-s40/include -Wall -Wundef -Wstrict-prototypes -Wno-trigraphs -fno-strict-aliasing -fno-common -Werror-implicit-function-declaration -Wno-format-security -fno-delete-null-pointer-checks -O2 -fno-dwarf2-cfi-asm -fno-omit-frame-pointer -mapcs -mno-sched-prolog -fstack-protector -mabi=aapcs-linux -mno-thumb-interwork -funwind-tables -marm -D__LINUX_ARM_ARCH__=7 -march=armv7-a -msoft-float -Uarm -Wframe-larger-than=1024 -fno-omit-frame-pointer -fno-optimize-sibling-calls -pg -Wdeclaration-after-statement -Wno-pointer-sign -fno-strict-overflow -fconserve-stack -I/home/liujingfei/v2/histb/source/common/include -I/home/liujingfei/v2/histb/source/common/api/include -I/home/liujingfei/v2/histb/source/common/drv/include -I/home/liujingfei/v2/histb/source/msp/include -I/home/liujingfei/v2/histb/source/msp/api/include -I/home/liujingfei/v2/histb/source/msp/drv/include -I/home/liujingfei/v2/histb/source/msp/drv/hifb/include -I/home/liujingfei/v2/histb/source/msp/drv/hifb/adp/include -I/home/liujingfei/v2/histb/source/msp/drv/hifb/adp/platform/include -I/home/liujingfei/v2/histb/source/msp/drv/hifb/adp/platform/alg -I/home/liujingfei/v2/histb/source/msp/drv/hifb/src -I/home/liujingfei/v2/histb/source/msp/drv/tde/include -I/home/liujingfei/v2/histb/source/msp/api/tde/include -I/home/liujingfei/v2/histb/source/msp/api/higo/include -I/home/liujingfei/v2/histb/source/component/ha_codec/include -I/home/liujingfei/v2/histb/source/msp/drv/jpeg/grc_cmm_inc -I/home/liujingfei/v2/histb/source/msp/drv/hifb/adp/platform/cv200 -DCFG_HIFB_STEREO3D_HW_SUPPORT -DCFG_HI_HD0_FB_VRAM_SIZE=7200 -DCFG_HI_HD1_FB_VRAM_SIZE=0 -DCFG_HI_HD2_FB_VRAM_SIZE=0 -DCFG_HI_SD0_FB_VRAM_SIZE=3240 -DHIFB_PROC_SUPPORT -DCONFIG_GFX_STB_SDK -DCHIP_TYPE_hi3718cv100 -DSDK_VERSION="HiSTBLinuxV100R002C01SPC020" -DHI_GPIOI2C_SUPPORT -DHI_LOG_SUPPORT=1 -DHI_LOG_LEVEL=4 -DHI_PROC_SUPPORT=1 -DHI_KEYLED_SUPPORT -DHI_HDCP_SUPPORT -DHI_SCI_SUPPORT -DHI_VI_SUPPORT -DHI_VENC_SUPPORT -DHI_AENC_SUPPORT -DHI_PQ_SUPPORT  -DMODULE  -D"KBUILD_STR(s)=#s" -D"KBUILD_BASENAME=KBUILD_STR(hifb_main)"  -D"KBUILD_MODNAME=KBUILD_STR(hi_fb)" -c -o /home/liujingfei/project/histb_project_v2_Apr9/histb/source/msp/drv/hifb/./src/hifb_main.o /home/liujingfei/project/histb_project_v2_Apr9/histb/source/msp/drv/hifb/./src/hifb_main.c
  if [ "-pg" = "-pg" ]; then if [ /home/liujingfei/project/histb_project_v2_Apr9/histb/source/msp/drv/hifb/./src/hifb_main.o != "scripts/mod/empty.o" ]; then /home/liujingfei/project/histb_project_v2_Apr9/histb/source/kernel/linux-3.10.y/scripts/recordmcount  "/home/liujingfei/project/histb_project_v2_Apr9/histb/source/msp/drv/hifb/./src/hifb_main.o"; fi; fi;
  arm-hisiv200-linux-gcc -Wp,-MD,/home/liujingfei/project/histb_project_v2_Apr9/histb/source/msp/drv/hifb/./src/.hifb_main_k.o.d  -nostdinc -isystem /opt/hisi-linux/x86-arm/arm-hisiv200-linux/bin/../lib/gcc/arm-hisiv200-linux-gnueabi/4.4.1/include -I/home/liujingfei/project/histb_project_v2_Apr9/histb/source/kernel/linux-3.10.y/arch/arm/include -Iarch/arm/include/generated  -Iinclude -I/home/liujingfei/project/histb_project_v2_Apr9/histb/source/kernel/linux-3.10.y/arch/arm/include/uapi -Iarch/arm/include/generated/uapi -I/home/liujingfei/project/histb_project_v2_Apr9/histb/source/kernel/linux-3.10.y/include/uapi -Iinclude/generated/uapi -include /home/liujingfei/project/histb_project_v2_Apr9/histb/source/kernel/linux-3.10.y/include/linux/kconfig.h -D__KERNEL__ -mlittle-endian -Iarch/arm/mach-s40/include -Wall -Wundef -Wstrict-prototypes -Wno-trigraphs -fno-strict-aliasing -fno-common -Werror-implicit-function-declaration -Wno-format-security -fno-delete-null-pointer-checks -O2 -fno-dwarf2-cfi-asm -fno-omit-frame-pointer -mapcs -mno-sched-prolog -fstack-protector -mabi=aapcs-linux -mno-thumb-interwork -funwind-tables -marm -D__LINUX_ARM_ARCH__=7 -march=armv7-a -msoft-float -Uarm -Wframe-larger-than=1024 -fno-omit-frame-pointer -fno-optimize-sibling-calls -pg -Wdeclaration-after-statement -Wno-pointer-sign -fno-strict-overflow -fconserve-stack -I/home/liujingfei/v2/histb/source/common/include -I/home/liujingfei/v2/histb/source/common/api/include -I/home/liujingfei/v2/histb/source/common/drv/include -I/home/liujingfei/v2/histb/source/msp/include -I/home/liujingfei/v2/histb/source/msp/api/include -I/home/liujingfei/v2/histb/source/msp/drv/include -I/home/liujingfei/v2/histb/source/msp/drv/hifb/include -I/home/liujingfei/v2/histb/source/msp/drv/hifb/adp/include -I/home/liujingfei/v2/histb/source/msp/drv/hifb/adp/platform/include -I/home/liujingfei/v2/histb/source/msp/drv/hifb/adp/platform/alg -I/home/liujingfei/v2/histb/source/msp/drv/hifb/src -I/home/liujingfei/v2/histb/source/msp/drv/tde/include -I/home/liujingfei/v2/histb/source/msp/api/tde/include -I/home/liujingfei/v2/histb/source/msp/api/higo/include -I/home/liujingfei/v2/histb/source/component/ha_codec/include -I/home/liujingfei/v2/histb/source/msp/drv/jpeg/grc_cmm_inc -I/home/liujingfei/v2/histb/source/msp/drv/hifb/adp/platform/cv200 -DCFG_HIFB_STEREO3D_HW_SUPPORT -DCFG_HI_HD0_FB_VRAM_SIZE=7200 -DCFG_HI_HD1_FB_VRAM_SIZE=0 -DCFG_HI_HD2_FB_VRAM_SIZE=0 -DCFG_HI_SD0_FB_VRAM_SIZE=3240 -DHIFB_PROC_SUPPORT -DCONFIG_GFX_STB_SDK -DCHIP_TYPE_hi3718cv100 -DSDK_VERSION="HiSTBLinuxV100R002C01SPC020" -DHI_GPIOI2C_SUPPORT -DHI_LOG_SUPPORT=1 -DHI_LOG_LEVEL=4 -DHI_PROC_SUPPORT=1 -DHI_KEYLED_SUPPORT -DHI_HDCP_SUPPORT -DHI_SCI_SUPPORT -DHI_VI_SUPPORT -DHI_VENC_SUPPORT -DHI_AENC_SUPPORT -DHI_PQ_SUPPORT  -DMODULE  -D"KBUILD_STR(s)=#s" -D"KBUILD_BASENAME=KBUILD_STR(hifb_main_k)"  -D"KBUILD_MODNAME=KBUILD_STR(hi_fb)" -c -o /home/liujingfei/project/histb_project_v2_Apr9/histb/source/msp/drv/hifb/./src/hifb_main_k.o /home/liujingfei/project/histb_project_v2_Apr9/histb/source/msp/drv/hifb/./src/hifb_main_k.c
  if [ "-pg" = "-pg" ]; then if [ /home/liujingfei/project/histb_project_v2_Apr9/histb/source/msp/drv/hifb/./src/hifb_main_k.o != "scripts/mod/empty.o" ]; then /home/liujingfei/project/histb_project_v2_Apr9/histb/source/kernel/linux-3.10.y/scripts/recordmcount  "/home/liujingfei/project/histb_project_v2_Apr9/histb/source/msp/drv/hifb/./src/hifb_main_k.o"; fi; fi;
  arm-hisiv200-linux-ld -EL    -r -o /home/liujingfei/project/histb_project_v2_Apr9/histb/source/msp/drv/hifb/hi_fb.o /home/liujingfei/project/histb_project_v2_Apr9/histb/source/msp/drv/hifb/./adp/platform/cv200/optm_hal.o /home/liujingfei/project/histb_project_v2_Apr9/histb/source/msp/drv/hifb/./adp/platform/cv200/optm_hifb.o /home/liujingfei/project/histb_project_v2_Apr9/histb/source/msp/drv/hifb/./adp/platform/alg/optm_alg_csc.o /home/liujingfei/project/histb_project_v2_Apr9/histb/source/msp/drv/hifb/./adp/platform/alg/optm_alg_gsharp.o /home/liujingfei/project/histb_project_v2_Apr9/histb/source/msp/drv/hifb/./adp/platform/alg/optm_alg_gzme.o /home/liujingfei/project/histb_project_v2_Apr9/histb/source/msp/drv/hifb/./adp/src/hifb_blit.o /home/liujingfei/project/histb_project_v2_Apr9/histb/source/msp/drv/hifb/./adp/src/hifb_drv_adpt.o /home/liujingfei/project/histb_project_v2_Apr9/histb/source/msp/drv/hifb/./src/hifb_comm.o /home/liujingfei/project/histb_project_v2_Apr9/histb/source/msp/drv/hifb/./src/hifb_main.o /home/liujingfei/project/histb_project_v2_Apr9/histb/source/msp/drv/hifb/./src/hifb_main_k.o /home/liujingfei/project/histb_project_v2_Apr9/histb/source/msp/drv/hifb/./src/hifb_scrolltext.o /home/liujingfei/project/histb_project_v2_Apr9/histb/source/msp/drv/hifb/./src/hifb_snapshot.o /home/liujingfei/project/histb_project_v2_Apr9/histb/source/msp/drv/hifb/./adp/platform/alg/optm_alg_zme_coef.o 
(cat /dev/null;   echo kernel//home/liujingfei/project/histb_project_v2_Apr9/histb/source/msp/drv/hifb/hi_fb.ko;) > /home/liujingfei/project/histb_project_v2_Apr9/histb/source/msp/drv/hifb/modules.order
make -f /home/liujingfei/project/histb_project_v2_Apr9/histb/source/kernel/linux-3.10.y/scripts/Makefile.modpost
  find /home/liujingfei/project/histb_project_v2_Apr9/histb/source/msp/drv/hifb/.tmp_versions -name '*.mod' | xargs -r grep -h '\.ko$' | sort -u | sed 's/\.ko$/.o/' | scripts/mod/modpost   -i /home/liujingfei/project/histb_project_v2_Apr9/histb/source/kernel/linux-3.10.y/Module.symvers -I /home/liujingfei/project/histb_project_v2_Apr9/histb/source/msp/drv/hifb/Module.symvers   -e /home/liujingfei/v2/histb/source/common/drv/Module.symvers -o /home/liujingfei/project/histb_project_v2_Apr9/histb/source/msp/drv/hifb/Module.symvers -S -w -s -T -
WARNING: modpost: Found 14 section mismatch(es).
To see full details build your kernel with:
'make CONFIG_DEBUG_SECTION_MISMATCH=y'
  arm-hisiv200-linux-ld -EL -r  -T /home/liujingfei/project/histb_project_v2_Apr9/histb/source/kernel/linux-3.10.y/scripts/module-common.lds --build-id  -o /home/liujingfei/project/histb_project_v2_Apr9/histb/source/msp/drv/hifb/hi_fb.ko /home/liujingfei/project/histb_project_v2_Apr9/histb/source/msp/drv/hifb/hi_fb.o /home/liujingfei/project/histb_project_v2_Apr9/histb/source/msp/drv/hifb/hi_fb.mod.o
make[4]: Leaving directory `/home/liujingfei/project/histb_project_v2_Apr9/histb/source/kernel/linux-3.10.y'
make[3]: Leaving directory `/home/liujingfei/project/histb_project_v2_Apr9/histb/source/msp/drv/hifb'
make -C tde install
make[3]: Entering directory `/home/liujingfei/project/histb_project_v2_Apr9/histb/source/msp/drv/tde'
make[4]: Entering directory `/home/liujingfei/project/histb_project_v2_Apr9/histb/source/kernel/linux-3.10.y'
test -e include/generated/autoconf.h -a -e include/config/auto.conf || (		\
	echo >&2;							\
	echo >&2 "  ERROR: Kernel configuration is invalid.";		\
	echo >&2 "         include/generated/autoconf.h or include/config/auto.conf are missing.";\
	echo >&2 "         Run 'make oldconfig && make prepare' on kernel src to fix it.";	\
	echo >&2 ;							\
	/bin/false)
mkdir -p /home/liujingfei/project/histb_project_v2_Apr9/histb/source/msp/drv/tde/.tmp_versions ; rm -f /home/liujingfei/project/histb_project_v2_Apr9/histb/source/msp/drv/tde/.tmp_versions/*
make -f scripts/Makefile.build obj=/home/liujingfei/project/histb_project_v2_Apr9/histb/source/msp/drv/tde
(cat /dev/null;   echo kernel//home/liujingfei/project/histb_project_v2_Apr9/histb/source/msp/drv/tde/hi_tde.ko;) > /home/liujingfei/project/histb_project_v2_Apr9/histb/source/msp/drv/tde/modules.order
make -f /home/liujingfei/project/histb_project_v2_Apr9/histb/source/kernel/linux-3.10.y/scripts/Makefile.modpost
  find /home/liujingfei/project/histb_project_v2_Apr9/histb/source/msp/drv/tde/.tmp_versions -name '*.mod' | xargs -r grep -h '\.ko$' | sort -u | sed 's/\.ko$/.o/' | scripts/mod/modpost   -i /home/liujingfei/project/histb_project_v2_Apr9/histb/source/kernel/linux-3.10.y/Module.symvers -I /home/liujingfei/project/histb_project_v2_Apr9/histb/source/msp/drv/tde/Module.symvers   -e /home/liujingfei/v2/histb/source/common/drv/Module.symvers -o /home/liujingfei/project/histb_project_v2_Apr9/histb/source/msp/drv/tde/Module.symvers -S -w -s -T -
make[4]: Leaving directory `/home/liujingfei/project/histb_project_v2_Apr9/histb/source/kernel/linux-3.10.y'
make[3]: Leaving directory `/home/liujingfei/project/histb_project_v2_Apr9/histb/source/msp/drv/tde'
make -C jpeg install
make[3]: Entering directory `/home/liujingfei/project/histb_project_v2_Apr9/histb/source/msp/drv/jpeg'
make[4]: Entering directory `/home/liujingfei/project/histb_project_v2_Apr9/histb/source/kernel/linux-3.10.y'
test -e include/generated/autoconf.h -a -e include/config/auto.conf || (		\
	echo >&2;							\
	echo >&2 "  ERROR: Kernel configuration is invalid.";		\
	echo >&2 "         include/generated/autoconf.h or include/config/auto.conf are missing.";\
	echo >&2 "         Run 'make oldconfig && make prepare' on kernel src to fix it.";	\
	echo >&2 ;							\
	/bin/false)
mkdir -p /home/liujingfei/project/histb_project_v2_Apr9/histb/source/msp/drv/jpeg/.tmp_versions ; rm -f /home/liujingfei/project/histb_project_v2_Apr9/histb/source/msp/drv/jpeg/.tmp_versions/*
make -f scripts/Makefile.build obj=/home/liujingfei/project/histb_project_v2_Apr9/histb/source/msp/drv/jpeg
  arm-hisiv200-linux-gcc -Wp,-MD,/home/liujingfei/project/histb_project_v2_Apr9/histb/source/msp/drv/jpeg/src/.jpg_hal.o.d  -nostdinc -isystem /opt/hisi-linux/x86-arm/arm-hisiv200-linux/bin/../lib/gcc/arm-hisiv200-linux-gnueabi/4.4.1/include -I/home/liujingfei/project/histb_project_v2_Apr9/histb/source/kernel/linux-3.10.y/arch/arm/include -Iarch/arm/include/generated  -Iinclude -I/home/liujingfei/project/histb_project_v2_Apr9/histb/source/kernel/linux-3.10.y/arch/arm/include/uapi -Iarch/arm/include/generated/uapi -I/home/liujingfei/project/histb_project_v2_Apr9/histb/source/kernel/linux-3.10.y/include/uapi -Iinclude/generated/uapi -include /home/liujingfei/project/histb_project_v2_Apr9/histb/source/kernel/linux-3.10.y/include/linux/kconfig.h -D__KERNEL__ -mlittle-endian -Iarch/arm/mach-s40/include -Wall -Wundef -Wstrict-prototypes -Wno-trigraphs -fno-strict-aliasing -fno-common -Werror-implicit-function-declaration -Wno-format-security -fno-delete-null-pointer-checks -O2 -fno-dwarf2-cfi-asm -fno-omit-frame-pointer -mapcs -mno-sched-prolog -fstack-protector -mabi=aapcs-linux -mno-thumb-interwork -funwind-tables -marm -D__LINUX_ARM_ARCH__=7 -march=armv7-a -msoft-float -Uarm -Wframe-larger-than=1024 -fno-omit-frame-pointer -fno-optimize-sibling-calls -pg -Wdeclaration-after-statement -Wno-pointer-sign -fno-strict-overflow -fconserve-stack -I/home/liujingfei/v2/histb/source/common/include -I/home/liujingfei/v2/histb/source/common/drv/include -I/home/liujingfei/v2/histb/source/msp/drv/include -I/home/liujingfei/v2/histb/source/msp/drv/jpeg/include -I/home/liujingfei/v2/histb/source/msp/drv/jpeg/src -I/home/liujingfei/v2/histb/source/msp/drv/jpeg/grc_cmm_inc -DCHIP_TYPE_hi3718cv100 -DSDK_VERSION="HiSTBLinuxV100R002C01SPC020" -DHI_GPIOI2C_SUPPORT -DHI_LOG_SUPPORT=1 -DHI_LOG_LEVEL=4 -DHI_PROC_SUPPORT=1 -DHI_KEYLED_SUPPORT -DHI_HDCP_SUPPORT -DHI_SCI_SUPPORT -DHI_VI_SUPPORT -DHI_VENC_SUPPORT -DHI_AENC_SUPPORT -DHI_PQ_SUPPORT -DCONFIG_HI_SDK_JPEG_VERSION -DCONFIG_GFX_STB_SDK -DCONFIG_CHIP_3718CV100_VERSION  -DMODULE  -D"KBUILD_STR(s)=#s" -D"KBUILD_BASENAME=KBUILD_STR(jpg_hal)"  -D"KBUILD_MODNAME=KBUILD_STR(hi_jpeg)" -c -o /home/liujingfei/project/histb_project_v2_Apr9/histb/source/msp/drv/jpeg/src/jpg_hal.o /home/liujingfei/project/histb_project_v2_Apr9/histb/source/msp/drv/jpeg/src/jpg_hal.c
  if [ "-pg" = "-pg" ]; then if [ /home/liujingfei/project/histb_project_v2_Apr9/histb/source/msp/drv/jpeg/src/jpg_hal.o != "scripts/mod/empty.o" ]; then /home/liujingfei/project/histb_project_v2_Apr9/histb/source/kernel/linux-3.10.y/scripts/recordmcount  "/home/liujingfei/project/histb_project_v2_Apr9/histb/source/msp/drv/jpeg/src/jpg_hal.o"; fi; fi;
  arm-hisiv200-linux-gcc -Wp,-MD,/home/liujingfei/project/histb_project_v2_Apr9/histb/source/msp/drv/jpeg/src/.jpg_proc.o.d  -nostdinc -isystem /opt/hisi-linux/x86-arm/arm-hisiv200-linux/bin/../lib/gcc/arm-hisiv200-linux-gnueabi/4.4.1/include -I/home/liujingfei/project/histb_project_v2_Apr9/histb/source/kernel/linux-3.10.y/arch/arm/include -Iarch/arm/include/generated  -Iinclude -I/home/liujingfei/project/histb_project_v2_Apr9/histb/source/kernel/linux-3.10.y/arch/arm/include/uapi -Iarch/arm/include/generated/uapi -I/home/liujingfei/project/histb_project_v2_Apr9/histb/source/kernel/linux-3.10.y/include/uapi -Iinclude/generated/uapi -include /home/liujingfei/project/histb_project_v2_Apr9/histb/source/kernel/linux-3.10.y/include/linux/kconfig.h -D__KERNEL__ -mlittle-endian -Iarch/arm/mach-s40/include -Wall -Wundef -Wstrict-prototypes -Wno-trigraphs -fno-strict-aliasing -fno-common -Werror-implicit-function-declaration -Wno-format-security -fno-delete-null-pointer-checks -O2 -fno-dwarf2-cfi-asm -fno-omit-frame-pointer -mapcs -mno-sched-prolog -fstack-protector -mabi=aapcs-linux -mno-thumb-interwork -funwind-tables -marm -D__LINUX_ARM_ARCH__=7 -march=armv7-a -msoft-float -Uarm -Wframe-larger-than=1024 -fno-omit-frame-pointer -fno-optimize-sibling-calls -pg -Wdeclaration-after-statement -Wno-pointer-sign -fno-strict-overflow -fconserve-stack -I/home/liujingfei/v2/histb/source/common/include -I/home/liujingfei/v2/histb/source/common/drv/include -I/home/liujingfei/v2/histb/source/msp/drv/include -I/home/liujingfei/v2/histb/source/msp/drv/jpeg/include -I/home/liujingfei/v2/histb/source/msp/drv/jpeg/src -I/home/liujingfei/v2/histb/source/msp/drv/jpeg/grc_cmm_inc -DCHIP_TYPE_hi3718cv100 -DSDK_VERSION="HiSTBLinuxV100R002C01SPC020" -DHI_GPIOI2C_SUPPORT -DHI_LOG_SUPPORT=1 -DHI_LOG_LEVEL=4 -DHI_PROC_SUPPORT=1 -DHI_KEYLED_SUPPORT -DHI_HDCP_SUPPORT -DHI_SCI_SUPPORT -DHI_VI_SUPPORT -DHI_VENC_SUPPORT -DHI_AENC_SUPPORT -DHI_PQ_SUPPORT -DCONFIG_HI_SDK_JPEG_VERSION -DCONFIG_GFX_STB_SDK -DCONFIG_CHIP_3718CV100_VERSION  -DMODULE  -D"KBUILD_STR(s)=#s" -D"KBUILD_BASENAME=KBUILD_STR(jpg_proc)"  -D"KBUILD_MODNAME=KBUILD_STR(hi_jpeg)" -c -o /home/liujingfei/project/histb_project_v2_Apr9/histb/source/msp/drv/jpeg/src/jpg_proc.o /home/liujingfei/project/histb_project_v2_Apr9/histb/source/msp/drv/jpeg/src/jpg_proc.c
  if [ "-pg" = "-pg" ]; then if [ /home/liujingfei/project/histb_project_v2_Apr9/histb/source/msp/drv/jpeg/src/jpg_proc.o != "scripts/mod/empty.o" ]; then /home/liujingfei/project/histb_project_v2_Apr9/histb/source/kernel/linux-3.10.y/scripts/recordmcount  "/home/liujingfei/project/histb_project_v2_Apr9/histb/source/msp/drv/jpeg/src/jpg_proc.o"; fi; fi;
  arm-hisiv200-linux-gcc -Wp,-MD,/home/liujingfei/project/histb_project_v2_Apr9/histb/source/msp/drv/jpeg/src/.jpg_suspend.o.d  -nostdinc -isystem /opt/hisi-linux/x86-arm/arm-hisiv200-linux/bin/../lib/gcc/arm-hisiv200-linux-gnueabi/4.4.1/include -I/home/liujingfei/project/histb_project_v2_Apr9/histb/source/kernel/linux-3.10.y/arch/arm/include -Iarch/arm/include/generated  -Iinclude -I/home/liujingfei/project/histb_project_v2_Apr9/histb/source/kernel/linux-3.10.y/arch/arm/include/uapi -Iarch/arm/include/generated/uapi -I/home/liujingfei/project/histb_project_v2_Apr9/histb/source/kernel/linux-3.10.y/include/uapi -Iinclude/generated/uapi -include /home/liujingfei/project/histb_project_v2_Apr9/histb/source/kernel/linux-3.10.y/include/linux/kconfig.h -D__KERNEL__ -mlittle-endian -Iarch/arm/mach-s40/include -Wall -Wundef -Wstrict-prototypes -Wno-trigraphs -fno-strict-aliasing -fno-common -Werror-implicit-function-declaration -Wno-format-security -fno-delete-null-pointer-checks -O2 -fno-dwarf2-cfi-asm -fno-omit-frame-pointer -mapcs -mno-sched-prolog -fstack-protector -mabi=aapcs-linux -mno-thumb-interwork -funwind-tables -marm -D__LINUX_ARM_ARCH__=7 -march=armv7-a -msoft-float -Uarm -Wframe-larger-than=1024 -fno-omit-frame-pointer -fno-optimize-sibling-calls -pg -Wdeclaration-after-statement -Wno-pointer-sign -fno-strict-overflow -fconserve-stack -I/home/liujingfei/v2/histb/source/common/include -I/home/liujingfei/v2/histb/source/common/drv/include -I/home/liujingfei/v2/histb/source/msp/drv/include -I/home/liujingfei/v2/histb/source/msp/drv/jpeg/include -I/home/liujingfei/v2/histb/source/msp/drv/jpeg/src -I/home/liujingfei/v2/histb/source/msp/drv/jpeg/grc_cmm_inc -DCHIP_TYPE_hi3718cv100 -DSDK_VERSION="HiSTBLinuxV100R002C01SPC020" -DHI_GPIOI2C_SUPPORT -DHI_LOG_SUPPORT=1 -DHI_LOG_LEVEL=4 -DHI_PROC_SUPPORT=1 -DHI_KEYLED_SUPPORT -DHI_HDCP_SUPPORT -DHI_SCI_SUPPORT -DHI_VI_SUPPORT -DHI_VENC_SUPPORT -DHI_AENC_SUPPORT -DHI_PQ_SUPPORT -DCONFIG_HI_SDK_JPEG_VERSION -DCONFIG_GFX_STB_SDK -DCONFIG_CHIP_3718CV100_VERSION  -DMODULE  -D"KBUILD_STR(s)=#s" -D"KBUILD_BASENAME=KBUILD_STR(jpg_suspend)"  -D"KBUILD_MODNAME=KBUILD_STR(hi_jpeg)" -c -o /home/liujingfei/project/histb_project_v2_Apr9/histb/source/msp/drv/jpeg/src/jpg_suspend.o /home/liujingfei/project/histb_project_v2_Apr9/histb/source/msp/drv/jpeg/src/jpg_suspend.c
  if [ "-pg" = "-pg" ]; then if [ /home/liujingfei/project/histb_project_v2_Apr9/histb/source/msp/drv/jpeg/src/jpg_suspend.o != "scripts/mod/empty.o" ]; then /home/liujingfei/project/histb_project_v2_Apr9/histb/source/kernel/linux-3.10.y/scripts/recordmcount  "/home/liujingfei/project/histb_project_v2_Apr9/histb/source/msp/drv/jpeg/src/jpg_suspend.o"; fi; fi;
  arm-hisiv200-linux-gcc -Wp,-MD,/home/liujingfei/project/histb_project_v2_Apr9/histb/source/msp/drv/jpeg/src/.jpg_osr.o.d  -nostdinc -isystem /opt/hisi-linux/x86-arm/arm-hisiv200-linux/bin/../lib/gcc/arm-hisiv200-linux-gnueabi/4.4.1/include -I/home/liujingfei/project/histb_project_v2_Apr9/histb/source/kernel/linux-3.10.y/arch/arm/include -Iarch/arm/include/generated  -Iinclude -I/home/liujingfei/project/histb_project_v2_Apr9/histb/source/kernel/linux-3.10.y/arch/arm/include/uapi -Iarch/arm/include/generated/uapi -I/home/liujingfei/project/histb_project_v2_Apr9/histb/source/kernel/linux-3.10.y/include/uapi -Iinclude/generated/uapi -include /home/liujingfei/project/histb_project_v2_Apr9/histb/source/kernel/linux-3.10.y/include/linux/kconfig.h -D__KERNEL__ -mlittle-endian -Iarch/arm/mach-s40/include -Wall -Wundef -Wstrict-prototypes -Wno-trigraphs -fno-strict-aliasing -fno-common -Werror-implicit-function-declaration -Wno-format-security -fno-delete-null-pointer-checks -O2 -fno-dwarf2-cfi-asm -fno-omit-frame-pointer -mapcs -mno-sched-prolog -fstack-protector -mabi=aapcs-linux -mno-thumb-interwork -funwind-tables -marm -D__LINUX_ARM_ARCH__=7 -march=armv7-a -msoft-float -Uarm -Wframe-larger-than=1024 -fno-omit-frame-pointer -fno-optimize-sibling-calls -pg -Wdeclaration-after-statement -Wno-pointer-sign -fno-strict-overflow -fconserve-stack -I/home/liujingfei/v2/histb/source/common/include -I/home/liujingfei/v2/histb/source/common/drv/include -I/home/liujingfei/v2/histb/source/msp/drv/include -I/home/liujingfei/v2/histb/source/msp/drv/jpeg/include -I/home/liujingfei/v2/histb/source/msp/drv/jpeg/src -I/home/liujingfei/v2/histb/source/msp/drv/jpeg/grc_cmm_inc -DCHIP_TYPE_hi3718cv100 -DSDK_VERSION="HiSTBLinuxV100R002C01SPC020" -DHI_GPIOI2C_SUPPORT -DHI_LOG_SUPPORT=1 -DHI_LOG_LEVEL=4 -DHI_PROC_SUPPORT=1 -DHI_KEYLED_SUPPORT -DHI_HDCP_SUPPORT -DHI_SCI_SUPPORT -DHI_VI_SUPPORT -DHI_VENC_SUPPORT -DHI_AENC_SUPPORT -DHI_PQ_SUPPORT -DCONFIG_HI_SDK_JPEG_VERSION -DCONFIG_GFX_STB_SDK -DCONFIG_CHIP_3718CV100_VERSION  -DMODULE  -D"KBUILD_STR(s)=#s" -D"KBUILD_BASENAME=KBUILD_STR(jpg_osr)"  -D"KBUILD_MODNAME=KBUILD_STR(hi_jpeg)" -c -o /home/liujingfei/project/histb_project_v2_Apr9/histb/source/msp/drv/jpeg/src/jpg_osr.o /home/liujingfei/project/histb_project_v2_Apr9/histb/source/msp/drv/jpeg/src/jpg_osr.c
  if [ "-pg" = "-pg" ]; then if [ /home/liujingfei/project/histb_project_v2_Apr9/histb/source/msp/drv/jpeg/src/jpg_osr.o != "scripts/mod/empty.o" ]; then /home/liujingfei/project/histb_project_v2_Apr9/histb/source/kernel/linux-3.10.y/scripts/recordmcount  "/home/liujingfei/project/histb_project_v2_Apr9/histb/source/msp/drv/jpeg/src/jpg_osr.o"; fi; fi;
  arm-hisiv200-linux-ld -EL    -r -o /home/liujingfei/project/histb_project_v2_Apr9/histb/source/msp/drv/jpeg/hi_jpeg.o /home/liujingfei/project/histb_project_v2_Apr9/histb/source/msp/drv/jpeg/src/jpg_hal.o /home/liujingfei/project/histb_project_v2_Apr9/histb/source/msp/drv/jpeg/src/jpg_proc.o /home/liujingfei/project/histb_project_v2_Apr9/histb/source/msp/drv/jpeg/src/jpg_suspend.o /home/liujingfei/project/histb_project_v2_Apr9/histb/source/msp/drv/jpeg/src/jpg_osr.o 
(cat /dev/null;   echo kernel//home/liujingfei/project/histb_project_v2_Apr9/histb/source/msp/drv/jpeg/hi_jpeg.ko;) > /home/liujingfei/project/histb_project_v2_Apr9/histb/source/msp/drv/jpeg/modules.order
make -f /home/liujingfei/project/histb_project_v2_Apr9/histb/source/kernel/linux-3.10.y/scripts/Makefile.modpost
  find /home/liujingfei/project/histb_project_v2_Apr9/histb/source/msp/drv/jpeg/.tmp_versions -name '*.mod' | xargs -r grep -h '\.ko$' | sort -u | sed 's/\.ko$/.o/' | scripts/mod/modpost   -i /home/liujingfei/project/histb_project_v2_Apr9/histb/source/kernel/linux-3.10.y/Module.symvers -I /home/liujingfei/project/histb_project_v2_Apr9/histb/source/msp/drv/jpeg/Module.symvers   -e /home/liujingfei/v2/histb/source/common/drv/Module.symvers -o /home/liujingfei/project/histb_project_v2_Apr9/histb/source/msp/drv/jpeg/Module.symvers -S -w -s -T -
  arm-hisiv200-linux-gcc -Wp,-MD,/home/liujingfei/project/histb_project_v2_Apr9/histb/source/msp/drv/jpeg/.hi_jpeg.mod.o.d  -nostdinc -isystem /opt/hisi-linux/x86-arm/arm-hisiv200-linux/bin/../lib/gcc/arm-hisiv200-linux-gnueabi/4.4.1/include -I/home/liujingfei/project/histb_project_v2_Apr9/histb/source/kernel/linux-3.10.y/arch/arm/include -Iarch/arm/include/generated  -Iinclude -I/home/liujingfei/project/histb_project_v2_Apr9/histb/source/kernel/linux-3.10.y/arch/arm/include/uapi -Iarch/arm/include/generated/uapi -I/home/liujingfei/project/histb_project_v2_Apr9/histb/source/kernel/linux-3.10.y/include/uapi -Iinclude/generated/uapi -include /home/liujingfei/project/histb_project_v2_Apr9/histb/source/kernel/linux-3.10.y/include/linux/kconfig.h -D__KERNEL__ -mlittle-endian -Iarch/arm/mach-s40/include -Wall -Wundef -Wstrict-prototypes -Wno-trigraphs -fno-strict-aliasing -fno-common -Werror-implicit-function-declaration -Wno-format-security -fno-delete-null-pointer-checks -O2 -fno-dwarf2-cfi-asm -fno-omit-frame-pointer -mapcs -mno-sched-prolog -fstack-protector -mabi=aapcs-linux -mno-thumb-interwork -funwind-tables -marm -D__LINUX_ARM_ARCH__=7 -march=armv7-a -msoft-float -Uarm -Wframe-larger-than=1024 -fno-omit-frame-pointer -fno-optimize-sibling-calls -pg -Wdeclaration-after-statement -Wno-pointer-sign -fno-strict-overflow -fconserve-stack -I/home/liujingfei/v2/histb/source/common/include -I/home/liujingfei/v2/histb/source/common/drv/include -I/home/liujingfei/v2/histb/source/msp/drv/include -I/home/liujingfei/v2/histb/source/msp/drv/jpeg/include -I/home/liujingfei/v2/histb/source/msp/drv/jpeg/src -I/home/liujingfei/v2/histb/source/msp/drv/jpeg/grc_cmm_inc -DCHIP_TYPE_hi3718cv100 -DSDK_VERSION="HiSTBLinuxV100R002C01SPC020" -DHI_GPIOI2C_SUPPORT -DHI_LOG_SUPPORT=1 -DHI_LOG_LEVEL=4 -DHI_PROC_SUPPORT=1 -DHI_KEYLED_SUPPORT -DHI_HDCP_SUPPORT -DHI_SCI_SUPPORT -DHI_VI_SUPPORT -DHI_VENC_SUPPORT -DHI_AENC_SUPPORT -DHI_PQ_SUPPORT -DCONFIG_HI_SDK_JPEG_VERSION -DCONFIG_GFX_STB_SDK -DCONFIG_CHIP_3718CV100_VERSION  -D"KBUILD_STR(s)=#s" -D"KBUILD_BASENAME=KBUILD_STR(hi_jpeg.mod)"  -D"KBUILD_MODNAME=KBUILD_STR(hi_jpeg)" -DMODULE  -c -o /home/liujingfei/project/histb_project_v2_Apr9/histb/source/msp/drv/jpeg/hi_jpeg.mod.o /home/liujingfei/project/histb_project_v2_Apr9/histb/source/msp/drv/jpeg/hi_jpeg.mod.c
  arm-hisiv200-linux-ld -EL -r  -T /home/liujingfei/project/histb_project_v2_Apr9/histb/source/kernel/linux-3.10.y/scripts/module-common.lds --build-id  -o /home/liujingfei/project/histb_project_v2_Apr9/histb/source/msp/drv/jpeg/hi_jpeg.ko /home/liujingfei/project/histb_project_v2_Apr9/histb/source/msp/drv/jpeg/hi_jpeg.o /home/liujingfei/project/histb_project_v2_Apr9/histb/source/msp/drv/jpeg/hi_jpeg.mod.o
make[4]: Leaving directory `/home/liujingfei/project/histb_project_v2_Apr9/histb/source/kernel/linux-3.10.y'
make[3]: Leaving directory `/home/liujingfei/project/histb_project_v2_Apr9/histb/source/msp/drv/jpeg'
make -C i2c install
make[3]: Entering directory `/home/liujingfei/project/histb_project_v2_Apr9/histb/source/msp/drv/i2c'
make -C std_i2c install
make[4]: Entering directory `/home/liujingfei/project/histb_project_v2_Apr9/histb/source/msp/drv/i2c/std_i2c'
make[5]: Entering directory `/home/liujingfei/project/histb_project_v2_Apr9/histb/source/kernel/linux-3.10.y'
test -e include/generated/autoconf.h -a -e include/config/auto.conf || (		\
	echo >&2;							\
	echo >&2 "  ERROR: Kernel configuration is invalid.";		\
	echo >&2 "         include/generated/autoconf.h or include/config/auto.conf are missing.";\
	echo >&2 "         Run 'make oldconfig && make prepare' on kernel src to fix it.";	\
	echo >&2 ;							\
	/bin/false)
mkdir -p /home/liujingfei/project/histb_project_v2_Apr9/histb/source/msp/drv/i2c/std_i2c/.tmp_versions ; rm -f /home/liujingfei/project/histb_project_v2_Apr9/histb/source/msp/drv/i2c/std_i2c/.tmp_versions/*
make -f scripts/Makefile.build obj=/home/liujingfei/project/histb_project_v2_Apr9/histb/source/msp/drv/i2c/std_i2c
(cat /dev/null;   echo kernel//home/liujingfei/project/histb_project_v2_Apr9/histb/source/msp/drv/i2c/std_i2c/hi_i2c.ko;) > /home/liujingfei/project/histb_project_v2_Apr9/histb/source/msp/drv/i2c/std_i2c/modules.order
make -f /home/liujingfei/project/histb_project_v2_Apr9/histb/source/kernel/linux-3.10.y/scripts/Makefile.modpost
  find /home/liujingfei/project/histb_project_v2_Apr9/histb/source/msp/drv/i2c/std_i2c/.tmp_versions -name '*.mod' | xargs -r grep -h '\.ko$' | sort -u | sed 's/\.ko$/.o/' | scripts/mod/modpost   -i /home/liujingfei/project/histb_project_v2_Apr9/histb/source/kernel/linux-3.10.y/Module.symvers -I /home/liujingfei/project/histb_project_v2_Apr9/histb/source/msp/drv/i2c/std_i2c/Module.symvers   -e /home/liujingfei/v2/histb/source/common/drv/Module.symvers -o /home/liujingfei/project/histb_project_v2_Apr9/histb/source/msp/drv/i2c/std_i2c/Module.symvers -S -w -s -T -
WARNING: "g_stI2cGpio" [/home/liujingfei/project/histb_project_v2_Apr9/histb/source/msp/drv/i2c/std_i2c/hi_i2c.ko] undefined!
make[5]: Leaving directory `/home/liujingfei/project/histb_project_v2_Apr9/histb/source/kernel/linux-3.10.y'
make[4]: Leaving directory `/home/liujingfei/project/histb_project_v2_Apr9/histb/source/msp/drv/i2c/std_i2c'
make -C gpio_i2c install
make[4]: Entering directory `/home/liujingfei/project/histb_project_v2_Apr9/histb/source/msp/drv/i2c/gpio_i2c'
make[5]: Entering directory `/home/liujingfei/project/histb_project_v2_Apr9/histb/source/kernel/linux-3.10.y'
test -e include/generated/autoconf.h -a -e include/config/auto.conf || (		\
	echo >&2;							\
	echo >&2 "  ERROR: Kernel configuration is invalid.";		\
	echo >&2 "         include/generated/autoconf.h or include/config/auto.conf are missing.";\
	echo >&2 "         Run 'make oldconfig && make prepare' on kernel src to fix it.";	\
	echo >&2 ;							\
	/bin/false)
mkdir -p /home/liujingfei/project/histb_project_v2_Apr9/histb/source/msp/drv/i2c/gpio_i2c/.tmp_versions ; rm -f /home/liujingfei/project/histb_project_v2_Apr9/histb/source/msp/drv/i2c/gpio_i2c/.tmp_versions/*
make -f scripts/Makefile.build obj=/home/liujingfei/project/histb_project_v2_Apr9/histb/source/msp/drv/i2c/gpio_i2c
(cat /dev/null;   echo kernel//home/liujingfei/project/histb_project_v2_Apr9/histb/source/msp/drv/i2c/gpio_i2c/hi_gpio_i2c.ko;) > /home/liujingfei/project/histb_project_v2_Apr9/histb/source/msp/drv/i2c/gpio_i2c/modules.order
make -f /home/liujingfei/project/histb_project_v2_Apr9/histb/source/kernel/linux-3.10.y/scripts/Makefile.modpost
  find /home/liujingfei/project/histb_project_v2_Apr9/histb/source/msp/drv/i2c/gpio_i2c/.tmp_versions -name '*.mod' | xargs -r grep -h '\.ko$' | sort -u | sed 's/\.ko$/.o/' | scripts/mod/modpost   -i /home/liujingfei/project/histb_project_v2_Apr9/histb/source/kernel/linux-3.10.y/Module.symvers -I /home/liujingfei/project/histb_project_v2_Apr9/histb/source/msp/drv/i2c/gpio_i2c/Module.symvers   -e /home/liujingfei/v2/histb/source/common/drv/Module.symvers -o /home/liujingfei/project/histb_project_v2_Apr9/histb/source/msp/drv/i2c/gpio_i2c/Module.symvers -S -w -s -T -
make[5]: Leaving directory `/home/liujingfei/project/histb_project_v2_Apr9/histb/source/kernel/linux-3.10.y'
make[4]: Leaving directory `/home/liujingfei/project/histb_project_v2_Apr9/histb/source/msp/drv/i2c/gpio_i2c'
make[3]: Leaving directory `/home/liujingfei/project/histb_project_v2_Apr9/histb/source/msp/drv/i2c'
make -C frontend install
make[3]: Entering directory `/home/liujingfei/project/histb_project_v2_Apr9/histb/source/msp/drv/frontend'
make[4]: Entering directory `/home/liujingfei/project/histb_project_v2_Apr9/histb/source/kernel/linux-3.10.y'
test -e include/generated/autoconf.h -a -e include/config/auto.conf || (		\
	echo >&2;							\
	echo >&2 "  ERROR: Kernel configuration is invalid.";		\
	echo >&2 "         include/generated/autoconf.h or include/config/auto.conf are missing.";\
	echo >&2 "         Run 'make oldconfig && make prepare' on kernel src to fix it.";	\
	echo >&2 ;							\
	/bin/false)
mkdir -p /home/liujingfei/project/histb_project_v2_Apr9/histb/source/msp/drv/frontend/.tmp_versions ; rm -f /home/liujingfei/project/histb_project_v2_Apr9/histb/source/msp/drv/frontend/.tmp_versions/*
make -f scripts/Makefile.build obj=/home/liujingfei/project/histb_project_v2_Apr9/histb/source/msp/drv/frontend
(cat /dev/null;   echo kernel//home/liujingfei/project/histb_project_v2_Apr9/histb/source/msp/drv/frontend/hi_tuner.ko;) > /home/liujingfei/project/histb_project_v2_Apr9/histb/source/msp/drv/frontend/modules.order
make -f /home/liujingfei/project/histb_project_v2_Apr9/histb/source/kernel/linux-3.10.y/scripts/Makefile.modpost
  find /home/liujingfei/project/histb_project_v2_Apr9/histb/source/msp/drv/frontend/.tmp_versions -name '*.mod' | xargs -r grep -h '\.ko$' | sort -u | sed 's/\.ko$/.o/' | scripts/mod/modpost   -i /home/liujingfei/project/histb_project_v2_Apr9/histb/source/kernel/linux-3.10.y/Module.symvers -I /home/liujingfei/project/histb_project_v2_Apr9/histb/source/msp/drv/frontend/Module.symvers   -e /home/liujingfei/v2/histb/source/common/drv/Module.symvers -o /home/liujingfei/project/histb_project_v2_Apr9/histb/source/msp/drv/frontend/Module.symvers -S -w -s -T -
WARNING: "HI_DRV_I2C_Write_sony" [/home/liujingfei/project/histb_project_v2_Apr9/histb/source/msp/drv/frontend/hi_tuner.ko] undefined!
WARNING: "HI_DRV_I2C_Read_sony" [/home/liujingfei/project/histb_project_v2_Apr9/histb/source/msp/drv/frontend/hi_tuner.ko] undefined!
make[4]: Leaving directory `/home/liujingfei/project/histb_project_v2_Apr9/histb/source/kernel/linux-3.10.y'
make[3]: Leaving directory `/home/liujingfei/project/histb_project_v2_Apr9/histb/source/msp/drv/frontend'
make -C demux install
make[3]: Entering directory `/home/liujingfei/project/histb_project_v2_Apr9/histb/source/msp/drv/demux'
make[4]: Entering directory `/home/liujingfei/project/histb_project_v2_Apr9/histb/source/kernel/linux-3.10.y'
test -e include/generated/autoconf.h -a -e include/config/auto.conf || (		\
	echo >&2;							\
	echo >&2 "  ERROR: Kernel configuration is invalid.";		\
	echo >&2 "         include/generated/autoconf.h or include/config/auto.conf are missing.";\
	echo >&2 "         Run 'make oldconfig && make prepare' on kernel src to fix it.";	\
	echo >&2 ;							\
	/bin/false)
mkdir -p /home/liujingfei/project/histb_project_v2_Apr9/histb/source/msp/drv/demux/.tmp_versions ; rm -f /home/liujingfei/project/histb_project_v2_Apr9/histb/source/msp/drv/demux/.tmp_versions/*
make -f scripts/Makefile.build obj=/home/liujingfei/project/histb_project_v2_Apr9/histb/source/msp/drv/demux
(cat /dev/null;   echo kernel//home/liujingfei/project/histb_project_v2_Apr9/histb/source/msp/drv/demux/hi_demux.ko;) > /home/liujingfei/project/histb_project_v2_Apr9/histb/source/msp/drv/demux/modules.order
make -f /home/liujingfei/project/histb_project_v2_Apr9/histb/source/kernel/linux-3.10.y/scripts/Makefile.modpost
  find /home/liujingfei/project/histb_project_v2_Apr9/histb/source/msp/drv/demux/.tmp_versions -name '*.mod' | xargs -r grep -h '\.ko$' | sort -u | sed 's/\.ko$/.o/' | scripts/mod/modpost   -i /home/liujingfei/project/histb_project_v2_Apr9/histb/source/kernel/linux-3.10.y/Module.symvers -I /home/liujingfei/project/histb_project_v2_Apr9/histb/source/msp/drv/demux/Module.symvers   -e /home/liujingfei/v2/histb/source/common/drv/Module.symvers -o /home/liujingfei/project/histb_project_v2_Apr9/histb/source/msp/drv/demux/Module.symvers -S -w -s -T -
make[4]: Leaving directory `/home/liujingfei/project/histb_project_v2_Apr9/histb/source/kernel/linux-3.10.y'
make[3]: Leaving directory `/home/liujingfei/project/histb_project_v2_Apr9/histb/source/msp/drv/demux'
make -C cipher install
make[3]: Entering directory `/home/liujingfei/project/histb_project_v2_Apr9/histb/source/msp/drv/cipher'
make[4]: Entering directory `/home/liujingfei/project/histb_project_v2_Apr9/histb/source/kernel/linux-3.10.y'
test -e include/generated/autoconf.h -a -e include/config/auto.conf || (		\
	echo >&2;							\
	echo >&2 "  ERROR: Kernel configuration is invalid.";		\
	echo >&2 "         include/generated/autoconf.h or include/config/auto.conf are missing.";\
	echo >&2 "         Run 'make oldconfig && make prepare' on kernel src to fix it.";	\
	echo >&2 ;							\
	/bin/false)
mkdir -p /home/liujingfei/project/histb_project_v2_Apr9/histb/source/msp/drv/cipher/.tmp_versions ; rm -f /home/liujingfei/project/histb_project_v2_Apr9/histb/source/msp/drv/cipher/.tmp_versions/*
make -f scripts/Makefile.build obj=/home/liujingfei/project/histb_project_v2_Apr9/histb/source/msp/drv/cipher
(cat /dev/null;   echo kernel//home/liujingfei/project/histb_project_v2_Apr9/histb/source/msp/drv/cipher/hi_cipher.ko;) > /home/liujingfei/project/histb_project_v2_Apr9/histb/source/msp/drv/cipher/modules.order
make -f /home/liujingfei/project/histb_project_v2_Apr9/histb/source/kernel/linux-3.10.y/scripts/Makefile.modpost
  find /home/liujingfei/project/histb_project_v2_Apr9/histb/source/msp/drv/cipher/.tmp_versions -name '*.mod' | xargs -r grep -h '\.ko$' | sort -u | sed 's/\.ko$/.o/' | scripts/mod/modpost   -i /home/liujingfei/project/histb_project_v2_Apr9/histb/source/kernel/linux-3.10.y/Module.symvers -I /home/liujingfei/project/histb_project_v2_Apr9/histb/source/msp/drv/cipher/Module.symvers   -e /home/liujingfei/v2/histb/source/common/drv/Module.symvers -o /home/liujingfei/project/histb_project_v2_Apr9/histb/source/msp/drv/cipher/Module.symvers -S -w -s -T -
make[4]: Leaving directory `/home/liujingfei/project/histb_project_v2_Apr9/histb/source/kernel/linux-3.10.y'
make[3]: Leaving directory `/home/liujingfei/project/histb_project_v2_Apr9/histb/source/msp/drv/cipher'
make -C otp install
make[3]: Entering directory `/home/liujingfei/project/histb_project_v2_Apr9/histb/source/msp/drv/otp'
make[4]: Entering directory `/home/liujingfei/project/histb_project_v2_Apr9/histb/source/kernel/linux-3.10.y'
test -e include/generated/autoconf.h -a -e include/config/auto.conf || (		\
	echo >&2;							\
	echo >&2 "  ERROR: Kernel configuration is invalid.";		\
	echo >&2 "         include/generated/autoconf.h or include/config/auto.conf are missing.";\
	echo >&2 "         Run 'make oldconfig && make prepare' on kernel src to fix it.";	\
	echo >&2 ;							\
	/bin/false)
mkdir -p /home/liujingfei/project/histb_project_v2_Apr9/histb/source/msp/drv/otp/.tmp_versions ; rm -f /home/liujingfei/project/histb_project_v2_Apr9/histb/source/msp/drv/otp/.tmp_versions/*
make -f scripts/Makefile.build obj=/home/liujingfei/project/histb_project_v2_Apr9/histb/source/msp/drv/otp
(cat /dev/null;   echo kernel//home/liujingfei/project/histb_project_v2_Apr9/histb/source/msp/drv/otp/hi_otp.ko;) > /home/liujingfei/project/histb_project_v2_Apr9/histb/source/msp/drv/otp/modules.order
make -f /home/liujingfei/project/histb_project_v2_Apr9/histb/source/kernel/linux-3.10.y/scripts/Makefile.modpost
  find /home/liujingfei/project/histb_project_v2_Apr9/histb/source/msp/drv/otp/.tmp_versions -name '*.mod' | xargs -r grep -h '\.ko$' | sort -u | sed 's/\.ko$/.o/' | scripts/mod/modpost   -i /home/liujingfei/project/histb_project_v2_Apr9/histb/source/kernel/linux-3.10.y/Module.symvers -I /home/liujingfei/project/histb_project_v2_Apr9/histb/source/msp/drv/otp/Module.symvers   -e /home/liujingfei/v2/histb/source/common/drv/Module.symvers -o /home/liujingfei/project/histb_project_v2_Apr9/histb/source/msp/drv/otp/Module.symvers -S -w -s -T -
make[4]: Leaving directory `/home/liujingfei/project/histb_project_v2_Apr9/histb/source/kernel/linux-3.10.y'
make[3]: Leaving directory `/home/liujingfei/project/histb_project_v2_Apr9/histb/source/msp/drv/otp'
make -C advca install
make[3]: Entering directory `/home/liujingfei/project/histb_project_v2_Apr9/histb/source/msp/drv/advca'
make[4]: Entering directory `/home/liujingfei/project/histb_project_v2_Apr9/histb/source/kernel/linux-3.10.y'
test -e include/generated/autoconf.h -a -e include/config/auto.conf || (		\
	echo >&2;							\
	echo >&2 "  ERROR: Kernel configuration is invalid.";		\
	echo >&2 "         include/generated/autoconf.h or include/config/auto.conf are missing.";\
	echo >&2 "         Run 'make oldconfig && make prepare' on kernel src to fix it.";	\
	echo >&2 ;							\
	/bin/false)
mkdir -p /home/liujingfei/project/histb_project_v2_Apr9/histb/source/msp/drv/advca/.tmp_versions ; rm -f /home/liujingfei/project/histb_project_v2_Apr9/histb/source/msp/drv/advca/.tmp_versions/*
make -f scripts/Makefile.build obj=/home/liujingfei/project/histb_project_v2_Apr9/histb/source/msp/drv/advca
(cat /dev/null;   echo kernel//home/liujingfei/project/histb_project_v2_Apr9/histb/source/msp/drv/advca/hi_advca.ko;) > /home/liujingfei/project/histb_project_v2_Apr9/histb/source/msp/drv/advca/modules.order
make -f /home/liujingfei/project/histb_project_v2_Apr9/histb/source/kernel/linux-3.10.y/scripts/Makefile.modpost
  find /home/liujingfei/project/histb_project_v2_Apr9/histb/source/msp/drv/advca/.tmp_versions -name '*.mod' | xargs -r grep -h '\.ko$' | sort -u | sed 's/\.ko$/.o/' | scripts/mod/modpost   -i /home/liujingfei/project/histb_project_v2_Apr9/histb/source/kernel/linux-3.10.y/Module.symvers -I /home/liujingfei/project/histb_project_v2_Apr9/histb/source/msp/drv/advca/Module.symvers   -e /home/liujingfei/v2/histb/source/msp/drv/otp/Module.symvers  -e /home/liujingfei/v2/histb/source/common/drv/Module.symvers -o /home/liujingfei/project/histb_project_v2_Apr9/histb/source/msp/drv/advca/Module.symvers -S -w -s -T -
make[4]: Leaving directory `/home/liujingfei/project/histb_project_v2_Apr9/histb/source/kernel/linux-3.10.y'
make[3]: Leaving directory `/home/liujingfei/project/histb_project_v2_Apr9/histb/source/msp/drv/advca'
make -C pm install
make[3]: Entering directory `/home/liujingfei/project/histb_project_v2_Apr9/histb/source/msp/drv/pm'
make[4]: Entering directory `/home/liujingfei/project/histb_project_v2_Apr9/histb/source/kernel/linux-3.10.y'
test -e include/generated/autoconf.h -a -e include/config/auto.conf || (		\
	echo >&2;							\
	echo >&2 "  ERROR: Kernel configuration is invalid.";		\
	echo >&2 "         include/generated/autoconf.h or include/config/auto.conf are missing.";\
	echo >&2 "         Run 'make oldconfig && make prepare' on kernel src to fix it.";	\
	echo >&2 ;							\
	/bin/false)
mkdir -p /home/liujingfei/project/histb_project_v2_Apr9/histb/source/msp/drv/pm/.tmp_versions ; rm -f /home/liujingfei/project/histb_project_v2_Apr9/histb/source/msp/drv/pm/.tmp_versions/*
make -f scripts/Makefile.build obj=/home/liujingfei/project/histb_project_v2_Apr9/histb/source/msp/drv/pm
(cat /dev/null;   echo kernel//home/liujingfei/project/histb_project_v2_Apr9/histb/source/msp/drv/pm/hi_pmoc.ko;) > /home/liujingfei/project/histb_project_v2_Apr9/histb/source/msp/drv/pm/modules.order
make -f /home/liujingfei/project/histb_project_v2_Apr9/histb/source/kernel/linux-3.10.y/scripts/Makefile.modpost
  find /home/liujingfei/project/histb_project_v2_Apr9/histb/source/msp/drv/pm/.tmp_versions -name '*.mod' | xargs -r grep -h '\.ko$' | sort -u | sed 's/\.ko$/.o/' | scripts/mod/modpost   -i /home/liujingfei/project/histb_project_v2_Apr9/histb/source/kernel/linux-3.10.y/Module.symvers -I /home/liujingfei/project/histb_project_v2_Apr9/histb/source/msp/drv/pm/Module.symvers   -e /home/liujingfei/v2/histb/source/common/drv/Module.symvers -o /home/liujingfei/project/histb_project_v2_Apr9/histb/source/msp/drv/pm/Module.symvers -S -w -s -T -
WARNING: modpost: Found 1 section mismatch(es).
To see full details build your kernel with:
'make CONFIG_DEBUG_SECTION_MISMATCH=y'
make[4]: Leaving directory `/home/liujingfei/project/histb_project_v2_Apr9/histb/source/kernel/linux-3.10.y'
make[3]: Leaving directory `/home/liujingfei/project/histb_project_v2_Apr9/histb/source/msp/drv/pm'
make -C avplay install
make[3]: Entering directory `/home/liujingfei/project/histb_project_v2_Apr9/histb/source/msp/drv/avplay'
make[4]: Entering directory `/home/liujingfei/project/histb_project_v2_Apr9/histb/source/kernel/linux-3.10.y'
test -e include/generated/autoconf.h -a -e include/config/auto.conf || (		\
	echo >&2;							\
	echo >&2 "  ERROR: Kernel configuration is invalid.";		\
	echo >&2 "         include/generated/autoconf.h or include/config/auto.conf are missing.";\
	echo >&2 "         Run 'make oldconfig && make prepare' on kernel src to fix it.";	\
	echo >&2 ;							\
	/bin/false)
mkdir -p /home/liujingfei/project/histb_project_v2_Apr9/histb/source/msp/drv/avplay/.tmp_versions ; rm -f /home/liujingfei/project/histb_project_v2_Apr9/histb/source/msp/drv/avplay/.tmp_versions/*
make -f scripts/Makefile.build obj=/home/liujingfei/project/histb_project_v2_Apr9/histb/source/msp/drv/avplay
(cat /dev/null;   echo kernel//home/liujingfei/project/histb_project_v2_Apr9/histb/source/msp/drv/avplay/hi_avplay.ko;) > /home/liujingfei/project/histb_project_v2_Apr9/histb/source/msp/drv/avplay/modules.order
make -f /home/liujingfei/project/histb_project_v2_Apr9/histb/source/kernel/linux-3.10.y/scripts/Makefile.modpost
  find /home/liujingfei/project/histb_project_v2_Apr9/histb/source/msp/drv/avplay/.tmp_versions -name '*.mod' | xargs -r grep -h '\.ko$' | sort -u | sed 's/\.ko$/.o/' | scripts/mod/modpost   -i /home/liujingfei/project/histb_project_v2_Apr9/histb/source/kernel/linux-3.10.y/Module.symvers -I /home/liujingfei/project/histb_project_v2_Apr9/histb/source/msp/drv/avplay/Module.symvers   -e /home/liujingfei/v2/histb/source/common/drv/Module.symvers -o /home/liujingfei/project/histb_project_v2_Apr9/histb/source/msp/drv/avplay/Module.symvers -S -w -s -T -
make[4]: Leaving directory `/home/liujingfei/project/histb_project_v2_Apr9/histb/source/kernel/linux-3.10.y'
make[3]: Leaving directory `/home/liujingfei/project/histb_project_v2_Apr9/histb/source/msp/drv/avplay'
make -C pvr install
make[3]: Entering directory `/home/liujingfei/project/histb_project_v2_Apr9/histb/source/msp/drv/pvr'
make[4]: Entering directory `/home/liujingfei/project/histb_project_v2_Apr9/histb/source/kernel/linux-3.10.y'
test -e include/generated/autoconf.h -a -e include/config/auto.conf || (		\
	echo >&2;							\
	echo >&2 "  ERROR: Kernel configuration is invalid.";		\
	echo >&2 "         include/generated/autoconf.h or include/config/auto.conf are missing.";\
	echo >&2 "         Run 'make oldconfig && make prepare' on kernel src to fix it.";	\
	echo >&2 ;							\
	/bin/false)
mkdir -p /home/liujingfei/project/histb_project_v2_Apr9/histb/source/msp/drv/pvr/.tmp_versions ; rm -f /home/liujingfei/project/histb_project_v2_Apr9/histb/source/msp/drv/pvr/.tmp_versions/*
make -f scripts/Makefile.build obj=/home/liujingfei/project/histb_project_v2_Apr9/histb/source/msp/drv/pvr
(cat /dev/null;   echo kernel//home/liujingfei/project/histb_project_v2_Apr9/histb/source/msp/drv/pvr/hi_pvr.ko;) > /home/liujingfei/project/histb_project_v2_Apr9/histb/source/msp/drv/pvr/modules.order
make -f /home/liujingfei/project/histb_project_v2_Apr9/histb/source/kernel/linux-3.10.y/scripts/Makefile.modpost
  find /home/liujingfei/project/histb_project_v2_Apr9/histb/source/msp/drv/pvr/.tmp_versions -name '*.mod' | xargs -r grep -h '\.ko$' | sort -u | sed 's/\.ko$/.o/' | scripts/mod/modpost   -i /home/liujingfei/project/histb_project_v2_Apr9/histb/source/kernel/linux-3.10.y/Module.symvers -I /home/liujingfei/project/histb_project_v2_Apr9/histb/source/msp/drv/pvr/Module.symvers   -e /home/liujingfei/v2/histb/source/common/drv/Module.symvers -o /home/liujingfei/project/histb_project_v2_Apr9/histb/source/msp/drv/pvr/Module.symvers -S -w -s -T -
make[4]: Leaving directory `/home/liujingfei/project/histb_project_v2_Apr9/histb/source/kernel/linux-3.10.y'
make[3]: Leaving directory `/home/liujingfei/project/histb_project_v2_Apr9/histb/source/msp/drv/pvr'
make -C sync install
make[3]: Entering directory `/home/liujingfei/project/histb_project_v2_Apr9/histb/source/msp/drv/sync'
make[4]: Entering directory `/home/liujingfei/project/histb_project_v2_Apr9/histb/source/kernel/linux-3.10.y'
test -e include/generated/autoconf.h -a -e include/config/auto.conf || (		\
	echo >&2;							\
	echo >&2 "  ERROR: Kernel configuration is invalid.";		\
	echo >&2 "         include/generated/autoconf.h or include/config/auto.conf are missing.";\
	echo >&2 "         Run 'make oldconfig && make prepare' on kernel src to fix it.";	\
	echo >&2 ;							\
	/bin/false)
mkdir -p /home/liujingfei/project/histb_project_v2_Apr9/histb/source/msp/drv/sync/.tmp_versions ; rm -f /home/liujingfei/project/histb_project_v2_Apr9/histb/source/msp/drv/sync/.tmp_versions/*
make -f scripts/Makefile.build obj=/home/liujingfei/project/histb_project_v2_Apr9/histb/source/msp/drv/sync
(cat /dev/null;   echo kernel//home/liujingfei/project/histb_project_v2_Apr9/histb/source/msp/drv/sync/hi_sync.ko;) > /home/liujingfei/project/histb_project_v2_Apr9/histb/source/msp/drv/sync/modules.order
make -f /home/liujingfei/project/histb_project_v2_Apr9/histb/source/kernel/linux-3.10.y/scripts/Makefile.modpost
  find /home/liujingfei/project/histb_project_v2_Apr9/histb/source/msp/drv/sync/.tmp_versions -name '*.mod' | xargs -r grep -h '\.ko$' | sort -u | sed 's/\.ko$/.o/' | scripts/mod/modpost   -i /home/liujingfei/project/histb_project_v2_Apr9/histb/source/kernel/linux-3.10.y/Module.symvers -I /home/liujingfei/project/histb_project_v2_Apr9/histb/source/msp/drv/sync/Module.symvers   -e /home/liujingfei/v2/histb/source/common/drv/Module.symvers -o /home/liujingfei/project/histb_project_v2_Apr9/histb/source/msp/drv/sync/Module.symvers -S -w -s -T -
make[4]: Leaving directory `/home/liujingfei/project/histb_project_v2_Apr9/histb/source/kernel/linux-3.10.y'
make[3]: Leaving directory `/home/liujingfei/project/histb_project_v2_Apr9/histb/source/msp/drv/sync'
make -C adsp install
make[3]: Entering directory `/home/liujingfei/project/histb_project_v2_Apr9/histb/source/msp/drv/adsp'
make -C adsp_v1_1 install
make[4]: Entering directory `/home/liujingfei/project/histb_project_v2_Apr9/histb/source/msp/drv/adsp/adsp_v1_1'
make[5]: Entering directory `/home/liujingfei/project/histb_project_v2_Apr9/histb/source/kernel/linux-3.10.y'
test -e include/generated/autoconf.h -a -e include/config/auto.conf || (		\
	echo >&2;							\
	echo >&2 "  ERROR: Kernel configuration is invalid.";		\
	echo >&2 "         include/generated/autoconf.h or include/config/auto.conf are missing.";\
	echo >&2 "         Run 'make oldconfig && make prepare' on kernel src to fix it.";	\
	echo >&2 ;							\
	/bin/false)
mkdir -p /home/liujingfei/project/histb_project_v2_Apr9/histb/source/msp/drv/adsp/adsp_v1_1/.tmp_versions ; rm -f /home/liujingfei/project/histb_project_v2_Apr9/histb/source/msp/drv/adsp/adsp_v1_1/.tmp_versions/*
make -f scripts/Makefile.build obj=/home/liujingfei/project/histb_project_v2_Apr9/histb/source/msp/drv/adsp/adsp_v1_1
(cat /dev/null;   echo kernel//home/liujingfei/project/histb_project_v2_Apr9/histb/source/msp/drv/adsp/adsp_v1_1/hi_adsp.ko;) > /home/liujingfei/project/histb_project_v2_Apr9/histb/source/msp/drv/adsp/adsp_v1_1/modules.order
make -f /home/liujingfei/project/histb_project_v2_Apr9/histb/source/kernel/linux-3.10.y/scripts/Makefile.modpost
  find /home/liujingfei/project/histb_project_v2_Apr9/histb/source/msp/drv/adsp/adsp_v1_1/.tmp_versions -name '*.mod' | xargs -r grep -h '\.ko$' | sort -u | sed 's/\.ko$/.o/' | scripts/mod/modpost   -i /home/liujingfei/project/histb_project_v2_Apr9/histb/source/kernel/linux-3.10.y/Module.symvers -I /home/liujingfei/project/histb_project_v2_Apr9/histb/source/msp/drv/adsp/adsp_v1_1/Module.symvers   -e /home/liujingfei/v2/histb/source/common/drv/Module.symvers -o /home/liujingfei/project/histb_project_v2_Apr9/histb/source/msp/drv/adsp/adsp_v1_1/Module.symvers -S -w -s -T -
make[5]: Leaving directory `/home/liujingfei/project/histb_project_v2_Apr9/histb/source/kernel/linux-3.10.y'
make[4]: Leaving directory `/home/liujingfei/project/histb_project_v2_Apr9/histb/source/msp/drv/adsp/adsp_v1_1'
make[3]: Leaving directory `/home/liujingfei/project/histb_project_v2_Apr9/histb/source/msp/drv/adsp'
make -C aiao install
make[3]: Entering directory `/home/liujingfei/project/histb_project_v2_Apr9/histb/source/msp/drv/aiao'
make -C aiao_v1_1 install
make[4]: Entering directory `/home/liujingfei/project/histb_project_v2_Apr9/histb/source/msp/drv/aiao/aiao_v1_1'
make[5]: Entering directory `/home/liujingfei/project/histb_project_v2_Apr9/histb/source/kernel/linux-3.10.y'
test -e include/generated/autoconf.h -a -e include/config/auto.conf || (		\
	echo >&2;							\
	echo >&2 "  ERROR: Kernel configuration is invalid.";		\
	echo >&2 "         include/generated/autoconf.h or include/config/auto.conf are missing.";\
	echo >&2 "         Run 'make oldconfig && make prepare' on kernel src to fix it.";	\
	echo >&2 ;							\
	/bin/false)
mkdir -p /home/liujingfei/project/histb_project_v2_Apr9/histb/source/msp/drv/aiao/aiao_v1_1/.tmp_versions ; rm -f /home/liujingfei/project/histb_project_v2_Apr9/histb/source/msp/drv/aiao/aiao_v1_1/.tmp_versions/*
make -f scripts/Makefile.build obj=/home/liujingfei/project/histb_project_v2_Apr9/histb/source/msp/drv/aiao/aiao_v1_1
  arm-hisiv200-linux-gcc -Wp,-MD,/home/liujingfei/project/histb_project_v2_Apr9/histb/source/msp/drv/aiao/aiao_v1_1/common/src/.audio_util.o.d  -nostdinc -isystem /opt/hisi-linux/x86-arm/arm-hisiv200-linux/bin/../lib/gcc/arm-hisiv200-linux-gnueabi/4.4.1/include -I/home/liujingfei/project/histb_project_v2_Apr9/histb/source/kernel/linux-3.10.y/arch/arm/include -Iarch/arm/include/generated  -Iinclude -I/home/liujingfei/project/histb_project_v2_Apr9/histb/source/kernel/linux-3.10.y/arch/arm/include/uapi -Iarch/arm/include/generated/uapi -I/home/liujingfei/project/histb_project_v2_Apr9/histb/source/kernel/linux-3.10.y/include/uapi -Iinclude/generated/uapi -include /home/liujingfei/project/histb_project_v2_Apr9/histb/source/kernel/linux-3.10.y/include/linux/kconfig.h -D__KERNEL__ -mlittle-endian -Iarch/arm/mach-s40/include -Wall -Wundef -Wstrict-prototypes -Wno-trigraphs -fno-strict-aliasing -fno-common -Werror-implicit-function-declaration -Wno-format-security -fno-delete-null-pointer-checks -O2 -fno-dwarf2-cfi-asm -fno-omit-frame-pointer -mapcs -mno-sched-prolog -fstack-protector -mabi=aapcs-linux -mno-thumb-interwork -funwind-tables -marm -D__LINUX_ARM_ARCH__=7 -march=armv7-a -msoft-float -Uarm -Wframe-larger-than=1024 -fno-omit-frame-pointer -fno-optimize-sibling-calls -pg -Wdeclaration-after-statement -Wno-pointer-sign -fno-strict-overflow -fconserve-stack -DCHIP_TYPE_hi3718cv100 -DSDK_VERSION="HiSTBLinuxV100R002C01SPC020" -DHI_GPIOI2C_SUPPORT -DHI_LOG_SUPPORT=1 -DHI_LOG_LEVEL=4 -DHI_PROC_SUPPORT=1 -DHI_KEYLED_SUPPORT -DHI_HDCP_SUPPORT -DHI_SCI_SUPPORT -DHI_VI_SUPPORT -DHI_VENC_SUPPORT -DHI_AENC_SUPPORT -DHI_PQ_SUPPORT -I/home/liujingfei/v2/histb/source/common/include -I/home/liujingfei/v2/histb/source/common/api/include -I/home/liujingfei/v2/histb/source/common/drv/include -I/home/liujingfei/v2/histb/source/msp/include -I/home/liujingfei/v2/histb/source/msp/api/include -I/home/liujingfei/v2/histb/source/msp/drv/include -I/home/liujingfei/v2/histb/source/msp/api/higo/include -I/home/liujingfei/v2/histb/source/msp/drv/adsp/adsp_v1_1/include -I/home/liujingfei/project/histb_project_v2_Apr9/histb/source/kernel/linux-3.10.y -I/home/liujingfei/v2/histb/source/msp/drv/aiao/aiao_v1_1/common/include -I/home/liujingfei/v2/histb/source/msp/drv/aiao/aiao_v1_1/ao -I/home/liujingfei/v2/histb/source/msp/drv/aiao/aiao_v1_1/ai -DHI_AUDIO_AI_SUPPORT -DHI_SND_DRV_TEMPLATE_OPT -DHI_SND_DRV_SUSPEND_SUPPORT -DHI_SND_CAST_SUPPORT -DHI_I2S0_SUPPORT -DHI_I2S1_SUPPORT  -DMODULE  -D"KBUILD_STR(s)=#s" -D"KBUILD_BASENAME=KBUILD_STR(audio_util)"  -D"KBUILD_MODNAME=KBUILD_STR(hi_aiao)" -c -o /home/liujingfei/project/histb_project_v2_Apr9/histb/source/msp/drv/aiao/aiao_v1_1/common/src/audio_util.o /home/liujingfei/project/histb_project_v2_Apr9/histb/source/msp/drv/aiao/aiao_v1_1/common/src/audio_util.c
  if [ "-pg" = "-pg" ]; then if [ /home/liujingfei/project/histb_project_v2_Apr9/histb/source/msp/drv/aiao/aiao_v1_1/common/src/audio_util.o != "scripts/mod/empty.o" ]; then /home/liujingfei/project/histb_project_v2_Apr9/histb/source/kernel/linux-3.10.y/scripts/recordmcount  "/home/liujingfei/project/histb_project_v2_Apr9/histb/source/msp/drv/aiao/aiao_v1_1/common/src/audio_util.o"; fi; fi;
  arm-hisiv200-linux-gcc -Wp,-MD,/home/liujingfei/project/histb_project_v2_Apr9/histb/source/msp/drv/aiao/aiao_v1_1/common/src/.hal_aiao.o.d  -nostdinc -isystem /opt/hisi-linux/x86-arm/arm-hisiv200-linux/bin/../lib/gcc/arm-hisiv200-linux-gnueabi/4.4.1/include -I/home/liujingfei/project/histb_project_v2_Apr9/histb/source/kernel/linux-3.10.y/arch/arm/include -Iarch/arm/include/generated  -Iinclude -I/home/liujingfei/project/histb_project_v2_Apr9/histb/source/kernel/linux-3.10.y/arch/arm/include/uapi -Iarch/arm/include/generated/uapi -I/home/liujingfei/project/histb_project_v2_Apr9/histb/source/kernel/linux-3.10.y/include/uapi -Iinclude/generated/uapi -include /home/liujingfei/project/histb_project_v2_Apr9/histb/source/kernel/linux-3.10.y/include/linux/kconfig.h -D__KERNEL__ -mlittle-endian -Iarch/arm/mach-s40/include -Wall -Wundef -Wstrict-prototypes -Wno-trigraphs -fno-strict-aliasing -fno-common -Werror-implicit-function-declaration -Wno-format-security -fno-delete-null-pointer-checks -O2 -fno-dwarf2-cfi-asm -fno-omit-frame-pointer -mapcs -mno-sched-prolog -fstack-protector -mabi=aapcs-linux -mno-thumb-interwork -funwind-tables -marm -D__LINUX_ARM_ARCH__=7 -march=armv7-a -msoft-float -Uarm -Wframe-larger-than=1024 -fno-omit-frame-pointer -fno-optimize-sibling-calls -pg -Wdeclaration-after-statement -Wno-pointer-sign -fno-strict-overflow -fconserve-stack -DCHIP_TYPE_hi3718cv100 -DSDK_VERSION="HiSTBLinuxV100R002C01SPC020" -DHI_GPIOI2C_SUPPORT -DHI_LOG_SUPPORT=1 -DHI_LOG_LEVEL=4 -DHI_PROC_SUPPORT=1 -DHI_KEYLED_SUPPORT -DHI_HDCP_SUPPORT -DHI_SCI_SUPPORT -DHI_VI_SUPPORT -DHI_VENC_SUPPORT -DHI_AENC_SUPPORT -DHI_PQ_SUPPORT -I/home/liujingfei/v2/histb/source/common/include -I/home/liujingfei/v2/histb/source/common/api/include -I/home/liujingfei/v2/histb/source/common/drv/include -I/home/liujingfei/v2/histb/source/msp/include -I/home/liujingfei/v2/histb/source/msp/api/include -I/home/liujingfei/v2/histb/source/msp/drv/include -I/home/liujingfei/v2/histb/source/msp/api/higo/include -I/home/liujingfei/v2/histb/source/msp/drv/adsp/adsp_v1_1/include -I/home/liujingfei/project/histb_project_v2_Apr9/histb/source/kernel/linux-3.10.y -I/home/liujingfei/v2/histb/source/msp/drv/aiao/aiao_v1_1/common/include -I/home/liujingfei/v2/histb/source/msp/drv/aiao/aiao_v1_1/ao -I/home/liujingfei/v2/histb/source/msp/drv/aiao/aiao_v1_1/ai -DHI_AUDIO_AI_SUPPORT -DHI_SND_DRV_TEMPLATE_OPT -DHI_SND_DRV_SUSPEND_SUPPORT -DHI_SND_CAST_SUPPORT -DHI_I2S0_SUPPORT -DHI_I2S1_SUPPORT  -DMODULE  -D"KBUILD_STR(s)=#s" -D"KBUILD_BASENAME=KBUILD_STR(hal_aiao)"  -D"KBUILD_MODNAME=KBUILD_STR(hi_aiao)" -c -o /home/liujingfei/project/histb_project_v2_Apr9/histb/source/msp/drv/aiao/aiao_v1_1/common/src/hal_aiao.o /home/liujingfei/project/histb_project_v2_Apr9/histb/source/msp/drv/aiao/aiao_v1_1/common/src/hal_aiao.c
  if [ "-pg" = "-pg" ]; then if [ /home/liujingfei/project/histb_project_v2_Apr9/histb/source/msp/drv/aiao/aiao_v1_1/common/src/hal_aiao.o != "scripts/mod/empty.o" ]; then /home/liujingfei/project/histb_project_v2_Apr9/histb/source/kernel/linux-3.10.y/scripts/recordmcount  "/home/liujingfei/project/histb_project_v2_Apr9/histb/source/msp/drv/aiao/aiao_v1_1/common/src/hal_aiao.o"; fi; fi;
  arm-hisiv200-linux-gcc -Wp,-MD,/home/liujingfei/project/histb_project_v2_Apr9/histb/source/msp/drv/aiao/aiao_v1_1/common/src/.hal_aiao_func.o.d  -nostdinc -isystem /opt/hisi-linux/x86-arm/arm-hisiv200-linux/bin/../lib/gcc/arm-hisiv200-linux-gnueabi/4.4.1/include -I/home/liujingfei/project/histb_project_v2_Apr9/histb/source/kernel/linux-3.10.y/arch/arm/include -Iarch/arm/include/generated  -Iinclude -I/home/liujingfei/project/histb_project_v2_Apr9/histb/source/kernel/linux-3.10.y/arch/arm/include/uapi -Iarch/arm/include/generated/uapi -I/home/liujingfei/project/histb_project_v2_Apr9/histb/source/kernel/linux-3.10.y/include/uapi -Iinclude/generated/uapi -include /home/liujingfei/project/histb_project_v2_Apr9/histb/source/kernel/linux-3.10.y/include/linux/kconfig.h -D__KERNEL__ -mlittle-endian -Iarch/arm/mach-s40/include -Wall -Wundef -Wstrict-prototypes -Wno-trigraphs -fno-strict-aliasing -fno-common -Werror-implicit-function-declaration -Wno-format-security -fno-delete-null-pointer-checks -O2 -fno-dwarf2-cfi-asm -fno-omit-frame-pointer -mapcs -mno-sched-prolog -fstack-protector -mabi=aapcs-linux -mno-thumb-interwork -funwind-tables -marm -D__LINUX_ARM_ARCH__=7 -march=armv7-a -msoft-float -Uarm -Wframe-larger-than=1024 -fno-omit-frame-pointer -fno-optimize-sibling-calls -pg -Wdeclaration-after-statement -Wno-pointer-sign -fno-strict-overflow -fconserve-stack -DCHIP_TYPE_hi3718cv100 -DSDK_VERSION="HiSTBLinuxV100R002C01SPC020" -DHI_GPIOI2C_SUPPORT -DHI_LOG_SUPPORT=1 -DHI_LOG_LEVEL=4 -DHI_PROC_SUPPORT=1 -DHI_KEYLED_SUPPORT -DHI_HDCP_SUPPORT -DHI_SCI_SUPPORT -DHI_VI_SUPPORT -DHI_VENC_SUPPORT -DHI_AENC_SUPPORT -DHI_PQ_SUPPORT -I/home/liujingfei/v2/histb/source/common/include -I/home/liujingfei/v2/histb/source/common/api/include -I/home/liujingfei/v2/histb/source/common/drv/include -I/home/liujingfei/v2/histb/source/msp/include -I/home/liujingfei/v2/histb/source/msp/api/include -I/home/liujingfei/v2/histb/source/msp/drv/include -I/home/liujingfei/v2/histb/source/msp/api/higo/include -I/home/liujingfei/v2/histb/source/msp/drv/adsp/adsp_v1_1/include -I/home/liujingfei/project/histb_project_v2_Apr9/histb/source/kernel/linux-3.10.y -I/home/liujingfei/v2/histb/source/msp/drv/aiao/aiao_v1_1/common/include -I/home/liujingfei/v2/histb/source/msp/drv/aiao/aiao_v1_1/ao -I/home/liujingfei/v2/histb/source/msp/drv/aiao/aiao_v1_1/ai -DHI_AUDIO_AI_SUPPORT -DHI_SND_DRV_TEMPLATE_OPT -DHI_SND_DRV_SUSPEND_SUPPORT -DHI_SND_CAST_SUPPORT -DHI_I2S0_SUPPORT -DHI_I2S1_SUPPORT  -DMODULE  -D"KBUILD_STR(s)=#s" -D"KBUILD_BASENAME=KBUILD_STR(hal_aiao_func)"  -D"KBUILD_MODNAME=KBUILD_STR(hi_aiao)" -c -o /home/liujingfei/project/histb_project_v2_Apr9/histb/source/msp/drv/aiao/aiao_v1_1/common/src/hal_aiao_func.o /home/liujingfei/project/histb_project_v2_Apr9/histb/source/msp/drv/aiao/aiao_v1_1/common/src/hal_aiao_func.c
  if [ "-pg" = "-pg" ]; then if [ /home/liujingfei/project/histb_project_v2_Apr9/histb/source/msp/drv/aiao/aiao_v1_1/common/src/hal_aiao_func.o != "scripts/mod/empty.o" ]; then /home/liujingfei/project/histb_project_v2_Apr9/histb/source/kernel/linux-3.10.y/scripts/recordmcount  "/home/liujingfei/project/histb_project_v2_Apr9/histb/source/msp/drv/aiao/aiao_v1_1/common/src/hal_aiao_func.o"; fi; fi;
  arm-hisiv200-linux-gcc -Wp,-MD,/home/liujingfei/project/histb_project_v2_Apr9/histb/source/msp/drv/aiao/aiao_v1_1/ao/.drv_ao.o.d  -nostdinc -isystem /opt/hisi-linux/x86-arm/arm-hisiv200-linux/bin/../lib/gcc/arm-hisiv200-linux-gnueabi/4.4.1/include -I/home/liujingfei/project/histb_project_v2_Apr9/histb/source/kernel/linux-3.10.y/arch/arm/include -Iarch/arm/include/generated  -Iinclude -I/home/liujingfei/project/histb_project_v2_Apr9/histb/source/kernel/linux-3.10.y/arch/arm/include/uapi -Iarch/arm/include/generated/uapi -I/home/liujingfei/project/histb_project_v2_Apr9/histb/source/kernel/linux-3.10.y/include/uapi -Iinclude/generated/uapi -include /home/liujingfei/project/histb_project_v2_Apr9/histb/source/kernel/linux-3.10.y/include/linux/kconfig.h -D__KERNEL__ -mlittle-endian -Iarch/arm/mach-s40/include -Wall -Wundef -Wstrict-prototypes -Wno-trigraphs -fno-strict-aliasing -fno-common -Werror-implicit-function-declaration -Wno-format-security -fno-delete-null-pointer-checks -O2 -fno-dwarf2-cfi-asm -fno-omit-frame-pointer -mapcs -mno-sched-prolog -fstack-protector -mabi=aapcs-linux -mno-thumb-interwork -funwind-tables -marm -D__LINUX_ARM_ARCH__=7 -march=armv7-a -msoft-float -Uarm -Wframe-larger-than=1024 -fno-omit-frame-pointer -fno-optimize-sibling-calls -pg -Wdeclaration-after-statement -Wno-pointer-sign -fno-strict-overflow -fconserve-stack -DCHIP_TYPE_hi3718cv100 -DSDK_VERSION="HiSTBLinuxV100R002C01SPC020" -DHI_GPIOI2C_SUPPORT -DHI_LOG_SUPPORT=1 -DHI_LOG_LEVEL=4 -DHI_PROC_SUPPORT=1 -DHI_KEYLED_SUPPORT -DHI_HDCP_SUPPORT -DHI_SCI_SUPPORT -DHI_VI_SUPPORT -DHI_VENC_SUPPORT -DHI_AENC_SUPPORT -DHI_PQ_SUPPORT -I/home/liujingfei/v2/histb/source/common/include -I/home/liujingfei/v2/histb/source/common/api/include -I/home/liujingfei/v2/histb/source/common/drv/include -I/home/liujingfei/v2/histb/source/msp/include -I/home/liujingfei/v2/histb/source/msp/api/include -I/home/liujingfei/v2/histb/source/msp/drv/include -I/home/liujingfei/v2/histb/source/msp/api/higo/include -I/home/liujingfei/v2/histb/source/msp/drv/adsp/adsp_v1_1/include -I/home/liujingfei/project/histb_project_v2_Apr9/histb/source/kernel/linux-3.10.y -I/home/liujingfei/v2/histb/source/msp/drv/aiao/aiao_v1_1/common/include -I/home/liujingfei/v2/histb/source/msp/drv/aiao/aiao_v1_1/ao -I/home/liujingfei/v2/histb/source/msp/drv/aiao/aiao_v1_1/ai -DHI_AUDIO_AI_SUPPORT -DHI_SND_DRV_TEMPLATE_OPT -DHI_SND_DRV_SUSPEND_SUPPORT -DHI_SND_CAST_SUPPORT -DHI_I2S0_SUPPORT -DHI_I2S1_SUPPORT  -DMODULE  -D"KBUILD_STR(s)=#s" -D"KBUILD_BASENAME=KBUILD_STR(drv_ao)"  -D"KBUILD_MODNAME=KBUILD_STR(hi_aiao)" -c -o /home/liujingfei/project/histb_project_v2_Apr9/histb/source/msp/drv/aiao/aiao_v1_1/ao/drv_ao.o /home/liujingfei/project/histb_project_v2_Apr9/histb/source/msp/drv/aiao/aiao_v1_1/ao/drv_ao.c
  if [ "-pg" = "-pg" ]; then if [ /home/liujingfei/project/histb_project_v2_Apr9/histb/source/msp/drv/aiao/aiao_v1_1/ao/drv_ao.o != "scripts/mod/empty.o" ]; then /home/liujingfei/project/histb_project_v2_Apr9/histb/source/kernel/linux-3.10.y/scripts/recordmcount  "/home/liujingfei/project/histb_project_v2_Apr9/histb/source/msp/drv/aiao/aiao_v1_1/ao/drv_ao.o"; fi; fi;
  arm-hisiv200-linux-gcc -Wp,-MD,/home/liujingfei/project/histb_project_v2_Apr9/histb/source/msp/drv/aiao/aiao_v1_1/ao/.drv_ao_op.o.d  -nostdinc -isystem /opt/hisi-linux/x86-arm/arm-hisiv200-linux/bin/../lib/gcc/arm-hisiv200-linux-gnueabi/4.4.1/include -I/home/liujingfei/project/histb_project_v2_Apr9/histb/source/kernel/linux-3.10.y/arch/arm/include -Iarch/arm/include/generated  -Iinclude -I/home/liujingfei/project/histb_project_v2_Apr9/histb/source/kernel/linux-3.10.y/arch/arm/include/uapi -Iarch/arm/include/generated/uapi -I/home/liujingfei/project/histb_project_v2_Apr9/histb/source/kernel/linux-3.10.y/include/uapi -Iinclude/generated/uapi -include /home/liujingfei/project/histb_project_v2_Apr9/histb/source/kernel/linux-3.10.y/include/linux/kconfig.h -D__KERNEL__ -mlittle-endian -Iarch/arm/mach-s40/include -Wall -Wundef -Wstrict-prototypes -Wno-trigraphs -fno-strict-aliasing -fno-common -Werror-implicit-function-declaration -Wno-format-security -fno-delete-null-pointer-checks -O2 -fno-dwarf2-cfi-asm -fno-omit-frame-pointer -mapcs -mno-sched-prolog -fstack-protector -mabi=aapcs-linux -mno-thumb-interwork -funwind-tables -marm -D__LINUX_ARM_ARCH__=7 -march=armv7-a -msoft-float -Uarm -Wframe-larger-than=1024 -fno-omit-frame-pointer -fno-optimize-sibling-calls -pg -Wdeclaration-after-statement -Wno-pointer-sign -fno-strict-overflow -fconserve-stack -DCHIP_TYPE_hi3718cv100 -DSDK_VERSION="HiSTBLinuxV100R002C01SPC020" -DHI_GPIOI2C_SUPPORT -DHI_LOG_SUPPORT=1 -DHI_LOG_LEVEL=4 -DHI_PROC_SUPPORT=1 -DHI_KEYLED_SUPPORT -DHI_HDCP_SUPPORT -DHI_SCI_SUPPORT -DHI_VI_SUPPORT -DHI_VENC_SUPPORT -DHI_AENC_SUPPORT -DHI_PQ_SUPPORT -I/home/liujingfei/v2/histb/source/common/include -I/home/liujingfei/v2/histb/source/common/api/include -I/home/liujingfei/v2/histb/source/common/drv/include -I/home/liujingfei/v2/histb/source/msp/include -I/home/liujingfei/v2/histb/source/msp/api/include -I/home/liujingfei/v2/histb/source/msp/drv/include -I/home/liujingfei/v2/histb/source/msp/api/higo/include -I/home/liujingfei/v2/histb/source/msp/drv/adsp/adsp_v1_1/include -I/home/liujingfei/project/histb_project_v2_Apr9/histb/source/kernel/linux-3.10.y -I/home/liujingfei/v2/histb/source/msp/drv/aiao/aiao_v1_1/common/include -I/home/liujingfei/v2/histb/source/msp/drv/aiao/aiao_v1_1/ao -I/home/liujingfei/v2/histb/source/msp/drv/aiao/aiao_v1_1/ai -DHI_AUDIO_AI_SUPPORT -DHI_SND_DRV_TEMPLATE_OPT -DHI_SND_DRV_SUSPEND_SUPPORT -DHI_SND_CAST_SUPPORT -DHI_I2S0_SUPPORT -DHI_I2S1_SUPPORT  -DMODULE  -D"KBUILD_STR(s)=#s" -D"KBUILD_BASENAME=KBUILD_STR(drv_ao_op)"  -D"KBUILD_MODNAME=KBUILD_STR(hi_aiao)" -c -o /home/liujingfei/project/histb_project_v2_Apr9/histb/source/msp/drv/aiao/aiao_v1_1/ao/drv_ao_op.o /home/liujingfei/project/histb_project_v2_Apr9/histb/source/msp/drv/aiao/aiao_v1_1/ao/drv_ao_op.c
  if [ "-pg" = "-pg" ]; then if [ /home/liujingfei/project/histb_project_v2_Apr9/histb/source/msp/drv/aiao/aiao_v1_1/ao/drv_ao_op.o != "scripts/mod/empty.o" ]; then /home/liujingfei/project/histb_project_v2_Apr9/histb/source/kernel/linux-3.10.y/scripts/recordmcount  "/home/liujingfei/project/histb_project_v2_Apr9/histb/source/msp/drv/aiao/aiao_v1_1/ao/drv_ao_op.o"; fi; fi;
  arm-hisiv200-linux-gcc -Wp,-MD,/home/liujingfei/project/histb_project_v2_Apr9/histb/source/msp/drv/aiao/aiao_v1_1/ao/.drv_ao_track.o.d  -nostdinc -isystem /opt/hisi-linux/x86-arm/arm-hisiv200-linux/bin/../lib/gcc/arm-hisiv200-linux-gnueabi/4.4.1/include -I/home/liujingfei/project/histb_project_v2_Apr9/histb/source/kernel/linux-3.10.y/arch/arm/include -Iarch/arm/include/generated  -Iinclude -I/home/liujingfei/project/histb_project_v2_Apr9/histb/source/kernel/linux-3.10.y/arch/arm/include/uapi -Iarch/arm/include/generated/uapi -I/home/liujingfei/project/histb_project_v2_Apr9/histb/source/kernel/linux-3.10.y/include/uapi -Iinclude/generated/uapi -include /home/liujingfei/project/histb_project_v2_Apr9/histb/source/kernel/linux-3.10.y/include/linux/kconfig.h -D__KERNEL__ -mlittle-endian -Iarch/arm/mach-s40/include -Wall -Wundef -Wstrict-prototypes -Wno-trigraphs -fno-strict-aliasing -fno-common -Werror-implicit-function-declaration -Wno-format-security -fno-delete-null-pointer-checks -O2 -fno-dwarf2-cfi-asm -fno-omit-frame-pointer -mapcs -mno-sched-prolog -fstack-protector -mabi=aapcs-linux -mno-thumb-interwork -funwind-tables -marm -D__LINUX_ARM_ARCH__=7 -march=armv7-a -msoft-float -Uarm -Wframe-larger-than=1024 -fno-omit-frame-pointer -fno-optimize-sibling-calls -pg -Wdeclaration-after-statement -Wno-pointer-sign -fno-strict-overflow -fconserve-stack -DCHIP_TYPE_hi3718cv100 -DSDK_VERSION="HiSTBLinuxV100R002C01SPC020" -DHI_GPIOI2C_SUPPORT -DHI_LOG_SUPPORT=1 -DHI_LOG_LEVEL=4 -DHI_PROC_SUPPORT=1 -DHI_KEYLED_SUPPORT -DHI_HDCP_SUPPORT -DHI_SCI_SUPPORT -DHI_VI_SUPPORT -DHI_VENC_SUPPORT -DHI_AENC_SUPPORT -DHI_PQ_SUPPORT -I/home/liujingfei/v2/histb/source/common/include -I/home/liujingfei/v2/histb/source/common/api/include -I/home/liujingfei/v2/histb/source/common/drv/include -I/home/liujingfei/v2/histb/source/msp/include -I/home/liujingfei/v2/histb/source/msp/api/include -I/home/liujingfei/v2/histb/source/msp/drv/include -I/home/liujingfei/v2/histb/source/msp/api/higo/include -I/home/liujingfei/v2/histb/source/msp/drv/adsp/adsp_v1_1/include -I/home/liujingfei/project/histb_project_v2_Apr9/histb/source/kernel/linux-3.10.y -I/home/liujingfei/v2/histb/source/msp/drv/aiao/aiao_v1_1/common/include -I/home/liujingfei/v2/histb/source/msp/drv/aiao/aiao_v1_1/ao -I/home/liujingfei/v2/histb/source/msp/drv/aiao/aiao_v1_1/ai -DHI_AUDIO_AI_SUPPORT -DHI_SND_DRV_TEMPLATE_OPT -DHI_SND_DRV_SUSPEND_SUPPORT -DHI_SND_CAST_SUPPORT -DHI_I2S0_SUPPORT -DHI_I2S1_SUPPORT  -DMODULE  -D"KBUILD_STR(s)=#s" -D"KBUILD_BASENAME=KBUILD_STR(drv_ao_track)"  -D"KBUILD_MODNAME=KBUILD_STR(hi_aiao)" -c -o /home/liujingfei/project/histb_project_v2_Apr9/histb/source/msp/drv/aiao/aiao_v1_1/ao/drv_ao_track.o /home/liujingfei/project/histb_project_v2_Apr9/histb/source/msp/drv/aiao/aiao_v1_1/ao/drv_ao_track.c
  if [ "-pg" = "-pg" ]; then if [ /home/liujingfei/project/histb_project_v2_Apr9/histb/source/msp/drv/aiao/aiao_v1_1/ao/drv_ao_track.o != "scripts/mod/empty.o" ]; then /home/liujingfei/project/histb_project_v2_Apr9/histb/source/kernel/linux-3.10.y/scripts/recordmcount  "/home/liujingfei/project/histb_project_v2_Apr9/histb/source/msp/drv/aiao/aiao_v1_1/ao/drv_ao_track.o"; fi; fi;
  arm-hisiv200-linux-gcc -Wp,-MD,/home/liujingfei/project/histb_project_v2_Apr9/histb/source/msp/drv/aiao/aiao_v1_1/ao/.hal_aoe.o.d  -nostdinc -isystem /opt/hisi-linux/x86-arm/arm-hisiv200-linux/bin/../lib/gcc/arm-hisiv200-linux-gnueabi/4.4.1/include -I/home/liujingfei/project/histb_project_v2_Apr9/histb/source/kernel/linux-3.10.y/arch/arm/include -Iarch/arm/include/generated  -Iinclude -I/home/liujingfei/project/histb_project_v2_Apr9/histb/source/kernel/linux-3.10.y/arch/arm/include/uapi -Iarch/arm/include/generated/uapi -I/home/liujingfei/project/histb_project_v2_Apr9/histb/source/kernel/linux-3.10.y/include/uapi -Iinclude/generated/uapi -include /home/liujingfei/project/histb_project_v2_Apr9/histb/source/kernel/linux-3.10.y/include/linux/kconfig.h -D__KERNEL__ -mlittle-endian -Iarch/arm/mach-s40/include -Wall -Wundef -Wstrict-prototypes -Wno-trigraphs -fno-strict-aliasing -fno-common -Werror-implicit-function-declaration -Wno-format-security -fno-delete-null-pointer-checks -O2 -fno-dwarf2-cfi-asm -fno-omit-frame-pointer -mapcs -mno-sched-prolog -fstack-protector -mabi=aapcs-linux -mno-thumb-interwork -funwind-tables -marm -D__LINUX_ARM_ARCH__=7 -march=armv7-a -msoft-float -Uarm -Wframe-larger-than=1024 -fno-omit-frame-pointer -fno-optimize-sibling-calls -pg -Wdeclaration-after-statement -Wno-pointer-sign -fno-strict-overflow -fconserve-stack -DCHIP_TYPE_hi3718cv100 -DSDK_VERSION="HiSTBLinuxV100R002C01SPC020" -DHI_GPIOI2C_SUPPORT -DHI_LOG_SUPPORT=1 -DHI_LOG_LEVEL=4 -DHI_PROC_SUPPORT=1 -DHI_KEYLED_SUPPORT -DHI_HDCP_SUPPORT -DHI_SCI_SUPPORT -DHI_VI_SUPPORT -DHI_VENC_SUPPORT -DHI_AENC_SUPPORT -DHI_PQ_SUPPORT -I/home/liujingfei/v2/histb/source/common/include -I/home/liujingfei/v2/histb/source/common/api/include -I/home/liujingfei/v2/histb/source/common/drv/include -I/home/liujingfei/v2/histb/source/msp/include -I/home/liujingfei/v2/histb/source/msp/api/include -I/home/liujingfei/v2/histb/source/msp/drv/include -I/home/liujingfei/v2/histb/source/msp/api/higo/include -I/home/liujingfei/v2/histb/source/msp/drv/adsp/adsp_v1_1/include -I/home/liujingfei/project/histb_project_v2_Apr9/histb/source/kernel/linux-3.10.y -I/home/liujingfei/v2/histb/source/msp/drv/aiao/aiao_v1_1/common/include -I/home/liujingfei/v2/histb/source/msp/drv/aiao/aiao_v1_1/ao -I/home/liujingfei/v2/histb/source/msp/drv/aiao/aiao_v1_1/ai -DHI_AUDIO_AI_SUPPORT -DHI_SND_DRV_TEMPLATE_OPT -DHI_SND_DRV_SUSPEND_SUPPORT -DHI_SND_CAST_SUPPORT -DHI_I2S0_SUPPORT -DHI_I2S1_SUPPORT  -DMODULE  -D"KBUILD_STR(s)=#s" -D"KBUILD_BASENAME=KBUILD_STR(hal_aoe)"  -D"KBUILD_MODNAME=KBUILD_STR(hi_aiao)" -c -o /home/liujingfei/project/histb_project_v2_Apr9/histb/source/msp/drv/aiao/aiao_v1_1/ao/hal_aoe.o /home/liujingfei/project/histb_project_v2_Apr9/histb/source/msp/drv/aiao/aiao_v1_1/ao/hal_aoe.c
  if [ "-pg" = "-pg" ]; then if [ /home/liujingfei/project/histb_project_v2_Apr9/histb/source/msp/drv/aiao/aiao_v1_1/ao/hal_aoe.o != "scripts/mod/empty.o" ]; then /home/liujingfei/project/histb_project_v2_Apr9/histb/source/kernel/linux-3.10.y/scripts/recordmcount  "/home/liujingfei/project/histb_project_v2_Apr9/histb/source/msp/drv/aiao/aiao_v1_1/ao/hal_aoe.o"; fi; fi;
  arm-hisiv200-linux-gcc -Wp,-MD,/home/liujingfei/project/histb_project_v2_Apr9/histb/source/msp/drv/aiao/aiao_v1_1/ao/.drv_ao_intf.o.d  -nostdinc -isystem /opt/hisi-linux/x86-arm/arm-hisiv200-linux/bin/../lib/gcc/arm-hisiv200-linux-gnueabi/4.4.1/include -I/home/liujingfei/project/histb_project_v2_Apr9/histb/source/kernel/linux-3.10.y/arch/arm/include -Iarch/arm/include/generated  -Iinclude -I/home/liujingfei/project/histb_project_v2_Apr9/histb/source/kernel/linux-3.10.y/arch/arm/include/uapi -Iarch/arm/include/generated/uapi -I/home/liujingfei/project/histb_project_v2_Apr9/histb/source/kernel/linux-3.10.y/include/uapi -Iinclude/generated/uapi -include /home/liujingfei/project/histb_project_v2_Apr9/histb/source/kernel/linux-3.10.y/include/linux/kconfig.h -D__KERNEL__ -mlittle-endian -Iarch/arm/mach-s40/include -Wall -Wundef -Wstrict-prototypes -Wno-trigraphs -fno-strict-aliasing -fno-common -Werror-implicit-function-declaration -Wno-format-security -fno-delete-null-pointer-checks -O2 -fno-dwarf2-cfi-asm -fno-omit-frame-pointer -mapcs -mno-sched-prolog -fstack-protector -mabi=aapcs-linux -mno-thumb-interwork -funwind-tables -marm -D__LINUX_ARM_ARCH__=7 -march=armv7-a -msoft-float -Uarm -Wframe-larger-than=1024 -fno-omit-frame-pointer -fno-optimize-sibling-calls -pg -Wdeclaration-after-statement -Wno-pointer-sign -fno-strict-overflow -fconserve-stack -DCHIP_TYPE_hi3718cv100 -DSDK_VERSION="HiSTBLinuxV100R002C01SPC020" -DHI_GPIOI2C_SUPPORT -DHI_LOG_SUPPORT=1 -DHI_LOG_LEVEL=4 -DHI_PROC_SUPPORT=1 -DHI_KEYLED_SUPPORT -DHI_HDCP_SUPPORT -DHI_SCI_SUPPORT -DHI_VI_SUPPORT -DHI_VENC_SUPPORT -DHI_AENC_SUPPORT -DHI_PQ_SUPPORT -I/home/liujingfei/v2/histb/source/common/include -I/home/liujingfei/v2/histb/source/common/api/include -I/home/liujingfei/v2/histb/source/common/drv/include -I/home/liujingfei/v2/histb/source/msp/include -I/home/liujingfei/v2/histb/source/msp/api/include -I/home/liujingfei/v2/histb/source/msp/drv/include -I/home/liujingfei/v2/histb/source/msp/api/higo/include -I/home/liujingfei/v2/histb/source/msp/drv/adsp/adsp_v1_1/include -I/home/liujingfei/project/histb_project_v2_Apr9/histb/source/kernel/linux-3.10.y -I/home/liujingfei/v2/histb/source/msp/drv/aiao/aiao_v1_1/common/include -I/home/liujingfei/v2/histb/source/msp/drv/aiao/aiao_v1_1/ao -I/home/liujingfei/v2/histb/source/msp/drv/aiao/aiao_v1_1/ai -DHI_AUDIO_AI_SUPPORT -DHI_SND_DRV_TEMPLATE_OPT -DHI_SND_DRV_SUSPEND_SUPPORT -DHI_SND_CAST_SUPPORT -DHI_I2S0_SUPPORT -DHI_I2S1_SUPPORT  -DMODULE  -D"KBUILD_STR(s)=#s" -D"KBUILD_BASENAME=KBUILD_STR(drv_ao_intf)"  -D"KBUILD_MODNAME=KBUILD_STR(hi_aiao)" -c -o /home/liujingfei/project/histb_project_v2_Apr9/histb/source/msp/drv/aiao/aiao_v1_1/ao/drv_ao_intf.o /home/liujingfei/project/histb_project_v2_Apr9/histb/source/msp/drv/aiao/aiao_v1_1/ao/drv_ao_intf.c
  if [ "-pg" = "-pg" ]; then if [ /home/liujingfei/project/histb_project_v2_Apr9/histb/source/msp/drv/aiao/aiao_v1_1/ao/drv_ao_intf.o != "scripts/mod/empty.o" ]; then /home/liujingfei/project/histb_project_v2_Apr9/histb/source/kernel/linux-3.10.y/scripts/recordmcount  "/home/liujingfei/project/histb_project_v2_Apr9/histb/source/msp/drv/aiao/aiao_v1_1/ao/drv_ao_intf.o"; fi; fi;
  arm-hisiv200-linux-gcc -Wp,-MD,/home/liujingfei/project/histb_project_v2_Apr9/histb/source/msp/drv/aiao/aiao_v1_1/ao/.hal_tianlai_adac.o.d  -nostdinc -isystem /opt/hisi-linux/x86-arm/arm-hisiv200-linux/bin/../lib/gcc/arm-hisiv200-linux-gnueabi/4.4.1/include -I/home/liujingfei/project/histb_project_v2_Apr9/histb/source/kernel/linux-3.10.y/arch/arm/include -Iarch/arm/include/generated  -Iinclude -I/home/liujingfei/project/histb_project_v2_Apr9/histb/source/kernel/linux-3.10.y/arch/arm/include/uapi -Iarch/arm/include/generated/uapi -I/home/liujingfei/project/histb_project_v2_Apr9/histb/source/kernel/linux-3.10.y/include/uapi -Iinclude/generated/uapi -include /home/liujingfei/project/histb_project_v2_Apr9/histb/source/kernel/linux-3.10.y/include/linux/kconfig.h -D__KERNEL__ -mlittle-endian -Iarch/arm/mach-s40/include -Wall -Wundef -Wstrict-prototypes -Wno-trigraphs -fno-strict-aliasing -fno-common -Werror-implicit-function-declaration -Wno-format-security -fno-delete-null-pointer-checks -O2 -fno-dwarf2-cfi-asm -fno-omit-frame-pointer -mapcs -mno-sched-prolog -fstack-protector -mabi=aapcs-linux -mno-thumb-interwork -funwind-tables -marm -D__LINUX_ARM_ARCH__=7 -march=armv7-a -msoft-float -Uarm -Wframe-larger-than=1024 -fno-omit-frame-pointer -fno-optimize-sibling-calls -pg -Wdeclaration-after-statement -Wno-pointer-sign -fno-strict-overflow -fconserve-stack -DCHIP_TYPE_hi3718cv100 -DSDK_VERSION="HiSTBLinuxV100R002C01SPC020" -DHI_GPIOI2C_SUPPORT -DHI_LOG_SUPPORT=1 -DHI_LOG_LEVEL=4 -DHI_PROC_SUPPORT=1 -DHI_KEYLED_SUPPORT -DHI_HDCP_SUPPORT -DHI_SCI_SUPPORT -DHI_VI_SUPPORT -DHI_VENC_SUPPORT -DHI_AENC_SUPPORT -DHI_PQ_SUPPORT -I/home/liujingfei/v2/histb/source/common/include -I/home/liujingfei/v2/histb/source/common/api/include -I/home/liujingfei/v2/histb/source/common/drv/include -I/home/liujingfei/v2/histb/source/msp/include -I/home/liujingfei/v2/histb/source/msp/api/include -I/home/liujingfei/v2/histb/source/msp/drv/include -I/home/liujingfei/v2/histb/source/msp/api/higo/include -I/home/liujingfei/v2/histb/source/msp/drv/adsp/adsp_v1_1/include -I/home/liujingfei/project/histb_project_v2_Apr9/histb/source/kernel/linux-3.10.y -I/home/liujingfei/v2/histb/source/msp/drv/aiao/aiao_v1_1/common/include -I/home/liujingfei/v2/histb/source/msp/drv/aiao/aiao_v1_1/ao -I/home/liujingfei/v2/histb/source/msp/drv/aiao/aiao_v1_1/ai -DHI_AUDIO_AI_SUPPORT -DHI_SND_DRV_TEMPLATE_OPT -DHI_SND_DRV_SUSPEND_SUPPORT -DHI_SND_CAST_SUPPORT -DHI_I2S0_SUPPORT -DHI_I2S1_SUPPORT  -DMODULE  -D"KBUILD_STR(s)=#s" -D"KBUILD_BASENAME=KBUILD_STR(hal_tianlai_adac)"  -D"KBUILD_MODNAME=KBUILD_STR(hi_aiao)" -c -o /home/liujingfei/project/histb_project_v2_Apr9/histb/source/msp/drv/aiao/aiao_v1_1/ao/hal_tianlai_adac.o /home/liujingfei/project/histb_project_v2_Apr9/histb/source/msp/drv/aiao/aiao_v1_1/ao/hal_tianlai_adac.c
  if [ "-pg" = "-pg" ]; then if [ /home/liujingfei/project/histb_project_v2_Apr9/histb/source/msp/drv/aiao/aiao_v1_1/ao/hal_tianlai_adac.o != "scripts/mod/empty.o" ]; then /home/liujingfei/project/histb_project_v2_Apr9/histb/source/kernel/linux-3.10.y/scripts/recordmcount  "/home/liujingfei/project/histb_project_v2_Apr9/histb/source/msp/drv/aiao/aiao_v1_1/ao/hal_tianlai_adac.o"; fi; fi;
  arm-hisiv200-linux-gcc -Wp,-MD,/home/liujingfei/project/histb_project_v2_Apr9/histb/source/msp/drv/aiao/aiao_v1_1/ai/.drv_ai.o.d  -nostdinc -isystem /opt/hisi-linux/x86-arm/arm-hisiv200-linux/bin/../lib/gcc/arm-hisiv200-linux-gnueabi/4.4.1/include -I/home/liujingfei/project/histb_project_v2_Apr9/histb/source/kernel/linux-3.10.y/arch/arm/include -Iarch/arm/include/generated  -Iinclude -I/home/liujingfei/project/histb_project_v2_Apr9/histb/source/kernel/linux-3.10.y/arch/arm/include/uapi -Iarch/arm/include/generated/uapi -I/home/liujingfei/project/histb_project_v2_Apr9/histb/source/kernel/linux-3.10.y/include/uapi -Iinclude/generated/uapi -include /home/liujingfei/project/histb_project_v2_Apr9/histb/source/kernel/linux-3.10.y/include/linux/kconfig.h -D__KERNEL__ -mlittle-endian -Iarch/arm/mach-s40/include -Wall -Wundef -Wstrict-prototypes -Wno-trigraphs -fno-strict-aliasing -fno-common -Werror-implicit-function-declaration -Wno-format-security -fno-delete-null-pointer-checks -O2 -fno-dwarf2-cfi-asm -fno-omit-frame-pointer -mapcs -mno-sched-prolog -fstack-protector -mabi=aapcs-linux -mno-thumb-interwork -funwind-tables -marm -D__LINUX_ARM_ARCH__=7 -march=armv7-a -msoft-float -Uarm -Wframe-larger-than=1024 -fno-omit-frame-pointer -fno-optimize-sibling-calls -pg -Wdeclaration-after-statement -Wno-pointer-sign -fno-strict-overflow -fconserve-stack -DCHIP_TYPE_hi3718cv100 -DSDK_VERSION="HiSTBLinuxV100R002C01SPC020" -DHI_GPIOI2C_SUPPORT -DHI_LOG_SUPPORT=1 -DHI_LOG_LEVEL=4 -DHI_PROC_SUPPORT=1 -DHI_KEYLED_SUPPORT -DHI_HDCP_SUPPORT -DHI_SCI_SUPPORT -DHI_VI_SUPPORT -DHI_VENC_SUPPORT -DHI_AENC_SUPPORT -DHI_PQ_SUPPORT -I/home/liujingfei/v2/histb/source/common/include -I/home/liujingfei/v2/histb/source/common/api/include -I/home/liujingfei/v2/histb/source/common/drv/include -I/home/liujingfei/v2/histb/source/msp/include -I/home/liujingfei/v2/histb/source/msp/api/include -I/home/liujingfei/v2/histb/source/msp/drv/include -I/home/liujingfei/v2/histb/source/msp/api/higo/include -I/home/liujingfei/v2/histb/source/msp/drv/adsp/adsp_v1_1/include -I/home/liujingfei/project/histb_project_v2_Apr9/histb/source/kernel/linux-3.10.y -I/home/liujingfei/v2/histb/source/msp/drv/aiao/aiao_v1_1/common/include -I/home/liujingfei/v2/histb/source/msp/drv/aiao/aiao_v1_1/ao -I/home/liujingfei/v2/histb/source/msp/drv/aiao/aiao_v1_1/ai -DHI_AUDIO_AI_SUPPORT -DHI_SND_DRV_TEMPLATE_OPT -DHI_SND_DRV_SUSPEND_SUPPORT -DHI_SND_CAST_SUPPORT -DHI_I2S0_SUPPORT -DHI_I2S1_SUPPORT  -DMODULE  -D"KBUILD_STR(s)=#s" -D"KBUILD_BASENAME=KBUILD_STR(drv_ai)"  -D"KBUILD_MODNAME=KBUILD_STR(hi_aiao)" -c -o /home/liujingfei/project/histb_project_v2_Apr9/histb/source/msp/drv/aiao/aiao_v1_1/ai/drv_ai.o /home/liujingfei/project/histb_project_v2_Apr9/histb/source/msp/drv/aiao/aiao_v1_1/ai/drv_ai.c
  if [ "-pg" = "-pg" ]; then if [ /home/liujingfei/project/histb_project_v2_Apr9/histb/source/msp/drv/aiao/aiao_v1_1/ai/drv_ai.o != "scripts/mod/empty.o" ]; then /home/liujingfei/project/histb_project_v2_Apr9/histb/source/kernel/linux-3.10.y/scripts/recordmcount  "/home/liujingfei/project/histb_project_v2_Apr9/histb/source/msp/drv/aiao/aiao_v1_1/ai/drv_ai.o"; fi; fi;
  arm-hisiv200-linux-gcc -Wp,-MD,/home/liujingfei/project/histb_project_v2_Apr9/histb/source/msp/drv/aiao/aiao_v1_1/ao/.drv_ao_cast.o.d  -nostdinc -isystem /opt/hisi-linux/x86-arm/arm-hisiv200-linux/bin/../lib/gcc/arm-hisiv200-linux-gnueabi/4.4.1/include -I/home/liujingfei/project/histb_project_v2_Apr9/histb/source/kernel/linux-3.10.y/arch/arm/include -Iarch/arm/include/generated  -Iinclude -I/home/liujingfei/project/histb_project_v2_Apr9/histb/source/kernel/linux-3.10.y/arch/arm/include/uapi -Iarch/arm/include/generated/uapi -I/home/liujingfei/project/histb_project_v2_Apr9/histb/source/kernel/linux-3.10.y/include/uapi -Iinclude/generated/uapi -include /home/liujingfei/project/histb_project_v2_Apr9/histb/source/kernel/linux-3.10.y/include/linux/kconfig.h -D__KERNEL__ -mlittle-endian -Iarch/arm/mach-s40/include -Wall -Wundef -Wstrict-prototypes -Wno-trigraphs -fno-strict-aliasing -fno-common -Werror-implicit-function-declaration -Wno-format-security -fno-delete-null-pointer-checks -O2 -fno-dwarf2-cfi-asm -fno-omit-frame-pointer -mapcs -mno-sched-prolog -fstack-protector -mabi=aapcs-linux -mno-thumb-interwork -funwind-tables -marm -D__LINUX_ARM_ARCH__=7 -march=armv7-a -msoft-float -Uarm -Wframe-larger-than=1024 -fno-omit-frame-pointer -fno-optimize-sibling-calls -pg -Wdeclaration-after-statement -Wno-pointer-sign -fno-strict-overflow -fconserve-stack -DCHIP_TYPE_hi3718cv100 -DSDK_VERSION="HiSTBLinuxV100R002C01SPC020" -DHI_GPIOI2C_SUPPORT -DHI_LOG_SUPPORT=1 -DHI_LOG_LEVEL=4 -DHI_PROC_SUPPORT=1 -DHI_KEYLED_SUPPORT -DHI_HDCP_SUPPORT -DHI_SCI_SUPPORT -DHI_VI_SUPPORT -DHI_VENC_SUPPORT -DHI_AENC_SUPPORT -DHI_PQ_SUPPORT -I/home/liujingfei/v2/histb/source/common/include -I/home/liujingfei/v2/histb/source/common/api/include -I/home/liujingfei/v2/histb/source/common/drv/include -I/home/liujingfei/v2/histb/source/msp/include -I/home/liujingfei/v2/histb/source/msp/api/include -I/home/liujingfei/v2/histb/source/msp/drv/include -I/home/liujingfei/v2/histb/source/msp/api/higo/include -I/home/liujingfei/v2/histb/source/msp/drv/adsp/adsp_v1_1/include -I/home/liujingfei/project/histb_project_v2_Apr9/histb/source/kernel/linux-3.10.y -I/home/liujingfei/v2/histb/source/msp/drv/aiao/aiao_v1_1/common/include -I/home/liujingfei/v2/histb/source/msp/drv/aiao/aiao_v1_1/ao -I/home/liujingfei/v2/histb/source/msp/drv/aiao/aiao_v1_1/ai -DHI_AUDIO_AI_SUPPORT -DHI_SND_DRV_TEMPLATE_OPT -DHI_SND_DRV_SUSPEND_SUPPORT -DHI_SND_CAST_SUPPORT -DHI_I2S0_SUPPORT -DHI_I2S1_SUPPORT  -DMODULE  -D"KBUILD_STR(s)=#s" -D"KBUILD_BASENAME=KBUILD_STR(drv_ao_cast)"  -D"KBUILD_MODNAME=KBUILD_STR(hi_aiao)" -c -o /home/liujingfei/project/histb_project_v2_Apr9/histb/source/msp/drv/aiao/aiao_v1_1/ao/drv_ao_cast.o /home/liujingfei/project/histb_project_v2_Apr9/histb/source/msp/drv/aiao/aiao_v1_1/ao/drv_ao_cast.c
  if [ "-pg" = "-pg" ]; then if [ /home/liujingfei/project/histb_project_v2_Apr9/histb/source/msp/drv/aiao/aiao_v1_1/ao/drv_ao_cast.o != "scripts/mod/empty.o" ]; then /home/liujingfei/project/histb_project_v2_Apr9/histb/source/kernel/linux-3.10.y/scripts/recordmcount  "/home/liujingfei/project/histb_project_v2_Apr9/histb/source/msp/drv/aiao/aiao_v1_1/ao/drv_ao_cast.o"; fi; fi;
  arm-hisiv200-linux-gcc -Wp,-MD,/home/liujingfei/project/histb_project_v2_Apr9/histb/source/msp/drv/aiao/aiao_v1_1/ao/.hal_cast.o.d  -nostdinc -isystem /opt/hisi-linux/x86-arm/arm-hisiv200-linux/bin/../lib/gcc/arm-hisiv200-linux-gnueabi/4.4.1/include -I/home/liujingfei/project/histb_project_v2_Apr9/histb/source/kernel/linux-3.10.y/arch/arm/include -Iarch/arm/include/generated  -Iinclude -I/home/liujingfei/project/histb_project_v2_Apr9/histb/source/kernel/linux-3.10.y/arch/arm/include/uapi -Iarch/arm/include/generated/uapi -I/home/liujingfei/project/histb_project_v2_Apr9/histb/source/kernel/linux-3.10.y/include/uapi -Iinclude/generated/uapi -include /home/liujingfei/project/histb_project_v2_Apr9/histb/source/kernel/linux-3.10.y/include/linux/kconfig.h -D__KERNEL__ -mlittle-endian -Iarch/arm/mach-s40/include -Wall -Wundef -Wstrict-prototypes -Wno-trigraphs -fno-strict-aliasing -fno-common -Werror-implicit-function-declaration -Wno-format-security -fno-delete-null-pointer-checks -O2 -fno-dwarf2-cfi-asm -fno-omit-frame-pointer -mapcs -mno-sched-prolog -fstack-protector -mabi=aapcs-linux -mno-thumb-interwork -funwind-tables -marm -D__LINUX_ARM_ARCH__=7 -march=armv7-a -msoft-float -Uarm -Wframe-larger-than=1024 -fno-omit-frame-pointer -fno-optimize-sibling-calls -pg -Wdeclaration-after-statement -Wno-pointer-sign -fno-strict-overflow -fconserve-stack -DCHIP_TYPE_hi3718cv100 -DSDK_VERSION="HiSTBLinuxV100R002C01SPC020" -DHI_GPIOI2C_SUPPORT -DHI_LOG_SUPPORT=1 -DHI_LOG_LEVEL=4 -DHI_PROC_SUPPORT=1 -DHI_KEYLED_SUPPORT -DHI_HDCP_SUPPORT -DHI_SCI_SUPPORT -DHI_VI_SUPPORT -DHI_VENC_SUPPORT -DHI_AENC_SUPPORT -DHI_PQ_SUPPORT -I/home/liujingfei/v2/histb/source/common/include -I/home/liujingfei/v2/histb/source/common/api/include -I/home/liujingfei/v2/histb/source/common/drv/include -I/home/liujingfei/v2/histb/source/msp/include -I/home/liujingfei/v2/histb/source/msp/api/include -I/home/liujingfei/v2/histb/source/msp/drv/include -I/home/liujingfei/v2/histb/source/msp/api/higo/include -I/home/liujingfei/v2/histb/source/msp/drv/adsp/adsp_v1_1/include -I/home/liujingfei/project/histb_project_v2_Apr9/histb/source/kernel/linux-3.10.y -I/home/liujingfei/v2/histb/source/msp/drv/aiao/aiao_v1_1/common/include -I/home/liujingfei/v2/histb/source/msp/drv/aiao/aiao_v1_1/ao -I/home/liujingfei/v2/histb/source/msp/drv/aiao/aiao_v1_1/ai -DHI_AUDIO_AI_SUPPORT -DHI_SND_DRV_TEMPLATE_OPT -DHI_SND_DRV_SUSPEND_SUPPORT -DHI_SND_CAST_SUPPORT -DHI_I2S0_SUPPORT -DHI_I2S1_SUPPORT  -DMODULE  -D"KBUILD_STR(s)=#s" -D"KBUILD_BASENAME=KBUILD_STR(hal_cast)"  -D"KBUILD_MODNAME=KBUILD_STR(hi_aiao)" -c -o /home/liujingfei/project/histb_project_v2_Apr9/histb/source/msp/drv/aiao/aiao_v1_1/ao/hal_cast.o /home/liujingfei/project/histb_project_v2_Apr9/histb/source/msp/drv/aiao/aiao_v1_1/ao/hal_cast.c
  if [ "-pg" = "-pg" ]; then if [ /home/liujingfei/project/histb_project_v2_Apr9/histb/source/msp/drv/aiao/aiao_v1_1/ao/hal_cast.o != "scripts/mod/empty.o" ]; then /home/liujingfei/project/histb_project_v2_Apr9/histb/source/kernel/linux-3.10.y/scripts/recordmcount  "/home/liujingfei/project/histb_project_v2_Apr9/histb/source/msp/drv/aiao/aiao_v1_1/ao/hal_cast.o"; fi; fi;
  arm-hisiv200-linux-ld -EL    -r -o /home/liujingfei/project/histb_project_v2_Apr9/histb/source/msp/drv/aiao/aiao_v1_1/hi_aiao.o /home/liujingfei/project/histb_project_v2_Apr9/histb/source/msp/drv/aiao/aiao_v1_1/drv_aiao_module.o /home/liujingfei/project/histb_project_v2_Apr9/histb/source/msp/drv/aiao/aiao_v1_1/common/src/audio_util.o /home/liujingfei/project/histb_project_v2_Apr9/histb/source/msp/drv/aiao/aiao_v1_1/common/src/hal_aiao.o /home/liujingfei/project/histb_project_v2_Apr9/histb/source/msp/drv/aiao/aiao_v1_1/common/src/hal_aiao_func.o /home/liujingfei/project/histb_project_v2_Apr9/histb/source/msp/drv/aiao/aiao_v1_1/common/src/hal_aiao_priv.o /home/liujingfei/project/histb_project_v2_Apr9/histb/source/msp/drv/aiao/aiao_v1_1/ao/drv_ao.o /home/liujingfei/project/histb_project_v2_Apr9/histb/source/msp/drv/aiao/aiao_v1_1/ao/drv_ao_op.o /home/liujingfei/project/histb_project_v2_Apr9/histb/source/msp/drv/aiao/aiao_v1_1/ao/drv_ao_track.o /home/liujingfei/project/histb_project_v2_Apr9/histb/source/msp/drv/aiao/aiao_v1_1/ao/hal_aoe_func.o /home/liujingfei/project/histb_project_v2_Apr9/histb/source/msp/drv/aiao/aiao_v1_1/ao/hal_aoe.o /home/liujingfei/project/histb_project_v2_Apr9/histb/source/msp/drv/aiao/aiao_v1_1/ao/drv_ao_intf.o /home/liujingfei/project/histb_project_v2_Apr9/histb/source/msp/drv/aiao/aiao_v1_1/ao/hal_tianlai_adac.o /home/liujingfei/project/histb_project_v2_Apr9/histb/source/msp/drv/aiao/aiao_v1_1/ai/drv_ai_intf.o /home/liujingfei/project/histb_project_v2_Apr9/histb/source/msp/drv/aiao/aiao_v1_1/ai/drv_ai.o /home/liujingfei/project/histb_project_v2_Apr9/histb/source/msp/drv/aiao/aiao_v1_1/ao/drv_ao_cast.o /home/liujingfei/project/histb_project_v2_Apr9/histb/source/msp/drv/aiao/aiao_v1_1/ao/hal_cast.o 
(cat /dev/null;   echo kernel//home/liujingfei/project/histb_project_v2_Apr9/histb/source/msp/drv/aiao/aiao_v1_1/hi_aiao.ko;) > /home/liujingfei/project/histb_project_v2_Apr9/histb/source/msp/drv/aiao/aiao_v1_1/modules.order
make -f /home/liujingfei/project/histb_project_v2_Apr9/histb/source/kernel/linux-3.10.y/scripts/Makefile.modpost
  find /home/liujingfei/project/histb_project_v2_Apr9/histb/source/msp/drv/aiao/aiao_v1_1/.tmp_versions -name '*.mod' | xargs -r grep -h '\.ko$' | sort -u | sed 's/\.ko$/.o/' | scripts/mod/modpost   -i /home/liujingfei/project/histb_project_v2_Apr9/histb/source/kernel/linux-3.10.y/Module.symvers -I /home/liujingfei/project/histb_project_v2_Apr9/histb/source/msp/drv/aiao/aiao_v1_1/Module.symvers   -e /home/liujingfei/v2/histb/source/common/drv/Module.symvers -o /home/liujingfei/project/histb_project_v2_Apr9/histb/source/msp/drv/aiao/aiao_v1_1/Module.symvers -S -w -s -T -
  arm-hisiv200-linux-ld -EL -r  -T /home/liujingfei/project/histb_project_v2_Apr9/histb/source/kernel/linux-3.10.y/scripts/module-common.lds --build-id  -o /home/liujingfei/project/histb_project_v2_Apr9/histb/source/msp/drv/aiao/aiao_v1_1/hi_aiao.ko /home/liujingfei/project/histb_project_v2_Apr9/histb/source/msp/drv/aiao/aiao_v1_1/hi_aiao.o /home/liujingfei/project/histb_project_v2_Apr9/histb/source/msp/drv/aiao/aiao_v1_1/hi_aiao.mod.o
make[5]: Leaving directory `/home/liujingfei/project/histb_project_v2_Apr9/histb/source/kernel/linux-3.10.y'
make[4]: Leaving directory `/home/liujingfei/project/histb_project_v2_Apr9/histb/source/msp/drv/aiao/aiao_v1_1'
make[3]: Leaving directory `/home/liujingfei/project/histb_project_v2_Apr9/histb/source/msp/drv/aiao'
make -C adec install
make[3]: Entering directory `/home/liujingfei/project/histb_project_v2_Apr9/histb/source/msp/drv/adec'
make[4]: Entering directory `/home/liujingfei/project/histb_project_v2_Apr9/histb/source/kernel/linux-3.10.y'
test -e include/generated/autoconf.h -a -e include/config/auto.conf || (		\
	echo >&2;							\
	echo >&2 "  ERROR: Kernel configuration is invalid.";		\
	echo >&2 "         include/generated/autoconf.h or include/config/auto.conf are missing.";\
	echo >&2 "         Run 'make oldconfig && make prepare' on kernel src to fix it.";	\
	echo >&2 ;							\
	/bin/false)
mkdir -p /home/liujingfei/project/histb_project_v2_Apr9/histb/source/msp/drv/adec/.tmp_versions ; rm -f /home/liujingfei/project/histb_project_v2_Apr9/histb/source/msp/drv/adec/.tmp_versions/*
make -f scripts/Makefile.build obj=/home/liujingfei/project/histb_project_v2_Apr9/histb/source/msp/drv/adec
(cat /dev/null;   echo kernel//home/liujingfei/project/histb_project_v2_Apr9/histb/source/msp/drv/adec/hi_adec.ko;) > /home/liujingfei/project/histb_project_v2_Apr9/histb/source/msp/drv/adec/modules.order
make -f /home/liujingfei/project/histb_project_v2_Apr9/histb/source/kernel/linux-3.10.y/scripts/Makefile.modpost
  find /home/liujingfei/project/histb_project_v2_Apr9/histb/source/msp/drv/adec/.tmp_versions -name '*.mod' | xargs -r grep -h '\.ko$' | sort -u | sed 's/\.ko$/.o/' | scripts/mod/modpost   -i /home/liujingfei/project/histb_project_v2_Apr9/histb/source/kernel/linux-3.10.y/Module.symvers -I /home/liujingfei/project/histb_project_v2_Apr9/histb/source/msp/drv/adec/Module.symvers   -e /home/liujingfei/v2/histb/source/common/drv/Module.symvers -o /home/liujingfei/project/histb_project_v2_Apr9/histb/source/msp/drv/adec/Module.symvers -S -w -s -T -
make[4]: Leaving directory `/home/liujingfei/project/histb_project_v2_Apr9/histb/source/kernel/linux-3.10.y'
make[3]: Leaving directory `/home/liujingfei/project/histb_project_v2_Apr9/histb/source/msp/drv/adec'
make -C vfmw install
make[3]: Entering directory `/home/liujingfei/project/histb_project_v2_Apr9/histb/source/msp/drv/vfmw'
make[4]: Entering directory `/home/liujingfei/project/histb_project_v2_Apr9/histb/source/msp/drv/vfmw/vfmw_v4.0'
make[5]: Entering directory `/home/liujingfei/project/histb_project_v2_Apr9/histb/source/kernel/linux-3.10.y'
test -e include/generated/autoconf.h -a -e include/config/auto.conf || (		\
	echo >&2;							\
	echo >&2 "  ERROR: Kernel configuration is invalid.";		\
	echo >&2 "         include/generated/autoconf.h or include/config/auto.conf are missing.";\
	echo >&2 "         Run 'make oldconfig && make prepare' on kernel src to fix it.";	\
	echo >&2 ;							\
	/bin/false)
mkdir -p /home/liujingfei/project/histb_project_v2_Apr9/histb/source/msp/drv/vfmw/vfmw_v4.0/.tmp_versions ; rm -f /home/liujingfei/project/histb_project_v2_Apr9/histb/source/msp/drv/vfmw/vfmw_v4.0/.tmp_versions/*
make -f scripts/Makefile.build obj=/home/liujingfei/project/histb_project_v2_Apr9/histb/source/msp/drv/vfmw/vfmw_v4.0
(cat /dev/null;   echo kernel//home/liujingfei/project/histb_project_v2_Apr9/histb/source/msp/drv/vfmw/vfmw_v4.0/hi_vfmw.ko;) > /home/liujingfei/project/histb_project_v2_Apr9/histb/source/msp/drv/vfmw/vfmw_v4.0/modules.order
make -f /home/liujingfei/project/histb_project_v2_Apr9/histb/source/kernel/linux-3.10.y/scripts/Makefile.modpost
  find /home/liujingfei/project/histb_project_v2_Apr9/histb/source/msp/drv/vfmw/vfmw_v4.0/.tmp_versions -name '*.mod' | xargs -r grep -h '\.ko$' | sort -u | sed 's/\.ko$/.o/' | scripts/mod/modpost   -i /home/liujingfei/project/histb_project_v2_Apr9/histb/source/kernel/linux-3.10.y/Module.symvers -I /home/liujingfei/project/histb_project_v2_Apr9/histb/source/msp/drv/vfmw/vfmw_v4.0/Module.symvers  -o /home/liujingfei/project/histb_project_v2_Apr9/histb/source/msp/drv/vfmw/vfmw_v4.0/Module.symvers -S -w -s -T -
WARNING: "HI_DRV_LD_Notify_Event" [/home/liujingfei/project/histb_project_v2_Apr9/histb/source/msp/drv/vfmw/vfmw_v4.0/hi_vfmw.ko] undefined!
WARNING: "HI_DRV_MMZ_Alloc" [/home/liujingfei/project/histb_project_v2_Apr9/histb/source/msp/drv/vfmw/vfmw_v4.0/hi_vfmw.ko] undefined!
WARNING: "HI_DRV_MMZ_Unmap" [/home/liujingfei/project/histb_project_v2_Apr9/histb/source/msp/drv/vfmw/vfmw_v4.0/hi_vfmw.ko] undefined!
WARNING: "HI_DRV_MMZ_MapCache" [/home/liujingfei/project/histb_project_v2_Apr9/histb/source/msp/drv/vfmw/vfmw_v4.0/hi_vfmw.ko] undefined!
WARNING: "HI_DRV_MODULE_Register" [/home/liujingfei/project/histb_project_v2_Apr9/histb/source/msp/drv/vfmw/vfmw_v4.0/hi_vfmw.ko] undefined!
WARNING: "HI_DRV_SYS_GetTimeStampMs" [/home/liujingfei/project/histb_project_v2_Apr9/histb/source/msp/drv/vfmw/vfmw_v4.0/hi_vfmw.ko] undefined!
WARNING: "HI_LogOut" [/home/liujingfei/project/histb_project_v2_Apr9/histb/source/msp/drv/vfmw/vfmw_v4.0/hi_vfmw.ko] undefined!
WARNING: "g_pstRegCrg" [/home/liujingfei/project/histb_project_v2_Apr9/histb/source/msp/drv/vfmw/vfmw_v4.0/hi_vfmw.ko] undefined!
WARNING: "HI_DRV_MMZ_Release" [/home/liujingfei/project/histb_project_v2_Apr9/histb/source/msp/drv/vfmw/vfmw_v4.0/hi_vfmw.ko] undefined!
WARNING: "HI_DRV_MMZ_Map" [/home/liujingfei/project/histb_project_v2_Apr9/histb/source/msp/drv/vfmw/vfmw_v4.0/hi_vfmw.ko] undefined!
WARNING: "HI_DRV_MODULE_UnRegister" [/home/liujingfei/project/histb_project_v2_Apr9/histb/source/msp/drv/vfmw/vfmw_v4.0/hi_vfmw.ko] undefined!
make[5]: Leaving directory `/home/liujingfei/project/histb_project_v2_Apr9/histb/source/kernel/linux-3.10.y'
make[4]: Leaving directory `/home/liujingfei/project/histb_project_v2_Apr9/histb/source/msp/drv/vfmw/vfmw_v4.0'
make[4]: Entering directory `/home/liujingfei/project/histb_project_v2_Apr9/histb/source/msp/drv/vfmw/softlib'
make -C /home/liujingfei/v2/histb/source/msp/drv/vfmw/softlib/hwmedia_v1.1
make[5]: Entering directory `/home/liujingfei/project/histb_project_v2_Apr9/histb/source/msp/drv/vfmw/softlib/hwmedia_v1.1'
make -C /home/liujingfei/v2/histb/source/kernel/linux-3.10.y ARCH=arm M=`pwd` modules
make[6]: Entering directory `/home/liujingfei/project/histb_project_v2_Apr9/histb/source/kernel/linux-3.10.y'
test -e include/generated/autoconf.h -a -e include/config/auto.conf || (		\
	echo >&2;							\
	echo >&2 "  ERROR: Kernel configuration is invalid.";		\
	echo >&2 "         include/generated/autoconf.h or include/config/auto.conf are missing.";\
	echo >&2 "         Run 'make oldconfig && make prepare' on kernel src to fix it.";	\
	echo >&2 ;							\
	/bin/false)
mkdir -p /home/liujingfei/project/histb_project_v2_Apr9/histb/source/msp/drv/vfmw/softlib/hwmedia_v1.1/.tmp_versions ; rm -f /home/liujingfei/project/histb_project_v2_Apr9/histb/source/msp/drv/vfmw/softlib/hwmedia_v1.1/.tmp_versions/*
make -f scripts/Makefile.build obj=/home/liujingfei/project/histb_project_v2_Apr9/histb/source/msp/drv/vfmw/softlib/hwmedia_v1.1
(cat /dev/null;   echo kernel//home/liujingfei/project/histb_project_v2_Apr9/histb/source/msp/drv/vfmw/softlib/hwmedia_v1.1/imedia.ko;) > /home/liujingfei/project/histb_project_v2_Apr9/histb/source/msp/drv/vfmw/softlib/hwmedia_v1.1/modules.order
make -f /home/liujingfei/project/histb_project_v2_Apr9/histb/source/kernel/linux-3.10.y/scripts/Makefile.modpost
  find /home/liujingfei/project/histb_project_v2_Apr9/histb/source/msp/drv/vfmw/softlib/hwmedia_v1.1/.tmp_versions -name '*.mod' | xargs -r grep -h '\.ko$' | sort -u | sed 's/\.ko$/.o/' | scripts/mod/modpost   -i /home/liujingfei/project/histb_project_v2_Apr9/histb/source/kernel/linux-3.10.y/Module.symvers -I /home/liujingfei/project/histb_project_v2_Apr9/histb/source/msp/drv/vfmw/softlib/hwmedia_v1.1/Module.symvers  -o /home/liujingfei/project/histb_project_v2_Apr9/histb/source/msp/drv/vfmw/softlib/hwmedia_v1.1/Module.symvers -S -w -s -T -
make[6]: Leaving directory `/home/liujingfei/project/histb_project_v2_Apr9/histb/source/kernel/linux-3.10.y'
make[5]: Leaving directory `/home/liujingfei/project/histb_project_v2_Apr9/histb/source/msp/drv/vfmw/softlib/hwmedia_v1.1'
cp /home/liujingfei/v2/histb/source/msp/drv/vfmw/softlib/hwmedia_v1.1/hwmedia.o /home/liujingfei/v2/histb/source/msp/drv/vfmw/softlib/hwmedia.o
make -C /home/liujingfei/v2/histb/source/kernel/linux-3.10.y M=/home/liujingfei/v2/histb/source/msp/drv/vfmw/softlib modules
make[5]: Entering directory `/home/liujingfei/project/histb_project_v2_Apr9/histb/source/kernel/linux-3.10.y'
test -e include/generated/autoconf.h -a -e include/config/auto.conf || (		\
	echo >&2;							\
	echo >&2 "  ERROR: Kernel configuration is invalid.";		\
	echo >&2 "         include/generated/autoconf.h or include/config/auto.conf are missing.";\
	echo >&2 "         Run 'make oldconfig && make prepare' on kernel src to fix it.";	\
	echo >&2 ;							\
	/bin/false)
mkdir -p /home/liujingfei/v2/histb/source/msp/drv/vfmw/softlib/.tmp_versions ; rm -f /home/liujingfei/v2/histb/source/msp/drv/vfmw/softlib/.tmp_versions/*
make -f scripts/Makefile.build obj=/home/liujingfei/v2/histb/source/msp/drv/vfmw/softlib
  arm-hisiv200-linux-ld -EL    -r -o /home/liujingfei/v2/histb/source/msp/drv/vfmw/softlib/hi_svdec.o /home/liujingfei/v2/histb/source/msp/drv/vfmw/softlib/./sdec_imedia_intf.o /home/liujingfei/v2/histb/source/msp/drv/vfmw/softlib/./sdec_imedia.o /home/liujingfei/v2/histb/source/msp/drv/vfmw/softlib/hwmedia.o 
(cat /dev/null;   echo kernel//home/liujingfei/v2/histb/source/msp/drv/vfmw/softlib/hi_svdec.ko;) > /home/liujingfei/v2/histb/source/msp/drv/vfmw/softlib/modules.order
make -f /home/liujingfei/project/histb_project_v2_Apr9/histb/source/kernel/linux-3.10.y/scripts/Makefile.modpost
  find /home/liujingfei/v2/histb/source/msp/drv/vfmw/softlib/.tmp_versions -name '*.mod' | xargs -r grep -h '\.ko$' | sort -u | sed 's/\.ko$/.o/' | scripts/mod/modpost   -i /home/liujingfei/project/histb_project_v2_Apr9/histb/source/kernel/linux-3.10.y/Module.symvers -I /home/liujingfei/v2/histb/source/msp/drv/vfmw/softlib/Module.symvers   -e /home/liujingfei/v2/histb/source/common/drv/Module.symvers -o /home/liujingfei/v2/histb/source/msp/drv/vfmw/softlib/Module.symvers -S -w -s -T -
  arm-hisiv200-linux-ld -EL -r  -T /home/liujingfei/project/histb_project_v2_Apr9/histb/source/kernel/linux-3.10.y/scripts/module-common.lds --build-id  -o /home/liujingfei/v2/histb/source/msp/drv/vfmw/softlib/hi_svdec.ko /home/liujingfei/v2/histb/source/msp/drv/vfmw/softlib/hi_svdec.o /home/liujingfei/v2/histb/source/msp/drv/vfmw/softlib/hi_svdec.mod.o
make[5]: Leaving directory `/home/liujingfei/project/histb_project_v2_Apr9/histb/source/kernel/linux-3.10.y'
make[4]: Leaving directory `/home/liujingfei/project/histb_project_v2_Apr9/histb/source/msp/drv/vfmw/softlib'
make[4]: Entering directory `/home/liujingfei/project/histb_project_v2_Apr9/histb/source/msp/drv/vfmw/vfmw_v4.0'
make[5]: Entering directory `/home/liujingfei/project/histb_project_v2_Apr9/histb/source/kernel/linux-3.10.y'
test -e include/generated/autoconf.h -a -e include/config/auto.conf || (		\
	echo >&2;							\
	echo >&2 "  ERROR: Kernel configuration is invalid.";		\
	echo >&2 "         include/generated/autoconf.h or include/config/auto.conf are missing.";\
	echo >&2 "         Run 'make oldconfig && make prepare' on kernel src to fix it.";	\
	echo >&2 ;							\
	/bin/false)
mkdir -p /home/liujingfei/project/histb_project_v2_Apr9/histb/source/msp/drv/vfmw/vfmw_v4.0/.tmp_versions ; rm -f /home/liujingfei/project/histb_project_v2_Apr9/histb/source/msp/drv/vfmw/vfmw_v4.0/.tmp_versions/*
make -f scripts/Makefile.build obj=/home/liujingfei/project/histb_project_v2_Apr9/histb/source/msp/drv/vfmw/vfmw_v4.0
(cat /dev/null;   echo kernel//home/liujingfei/project/histb_project_v2_Apr9/histb/source/msp/drv/vfmw/vfmw_v4.0/hi_vfmw.ko;) > /home/liujingfei/project/histb_project_v2_Apr9/histb/source/msp/drv/vfmw/vfmw_v4.0/modules.order
make -f /home/liujingfei/project/histb_project_v2_Apr9/histb/source/kernel/linux-3.10.y/scripts/Makefile.modpost
  find /home/liujingfei/project/histb_project_v2_Apr9/histb/source/msp/drv/vfmw/vfmw_v4.0/.tmp_versions -name '*.mod' | xargs -r grep -h '\.ko$' | sort -u | sed 's/\.ko$/.o/' | scripts/mod/modpost   -i /home/liujingfei/project/histb_project_v2_Apr9/histb/source/kernel/linux-3.10.y/Module.symvers -I /home/liujingfei/project/histb_project_v2_Apr9/histb/source/msp/drv/vfmw/vfmw_v4.0/Module.symvers  -o /home/liujingfei/project/histb_project_v2_Apr9/histb/source/msp/drv/vfmw/vfmw_v4.0/Module.symvers -S -w -s -T -
WARNING: "HI_DRV_LD_Notify_Event" [/home/liujingfei/project/histb_project_v2_Apr9/histb/source/msp/drv/vfmw/vfmw_v4.0/hi_vfmw.ko] undefined!
WARNING: "HI_DRV_MMZ_Alloc" [/home/liujingfei/project/histb_project_v2_Apr9/histb/source/msp/drv/vfmw/vfmw_v4.0/hi_vfmw.ko] undefined!
WARNING: "HI_DRV_MMZ_Unmap" [/home/liujingfei/project/histb_project_v2_Apr9/histb/source/msp/drv/vfmw/vfmw_v4.0/hi_vfmw.ko] undefined!
WARNING: "HI_DRV_MMZ_MapCache" [/home/liujingfei/project/histb_project_v2_Apr9/histb/source/msp/drv/vfmw/vfmw_v4.0/hi_vfmw.ko] undefined!
WARNING: "HI_DRV_MODULE_Register" [/home/liujingfei/project/histb_project_v2_Apr9/histb/source/msp/drv/vfmw/vfmw_v4.0/hi_vfmw.ko] undefined!
WARNING: "HI_DRV_SYS_GetTimeStampMs" [/home/liujingfei/project/histb_project_v2_Apr9/histb/source/msp/drv/vfmw/vfmw_v4.0/hi_vfmw.ko] undefined!
WARNING: "HI_LogOut" [/home/liujingfei/project/histb_project_v2_Apr9/histb/source/msp/drv/vfmw/vfmw_v4.0/hi_vfmw.ko] undefined!
WARNING: "g_pstRegCrg" [/home/liujingfei/project/histb_project_v2_Apr9/histb/source/msp/drv/vfmw/vfmw_v4.0/hi_vfmw.ko] undefined!
WARNING: "HI_DRV_MMZ_Release" [/home/liujingfei/project/histb_project_v2_Apr9/histb/source/msp/drv/vfmw/vfmw_v4.0/hi_vfmw.ko] undefined!
WARNING: "HI_DRV_MMZ_Map" [/home/liujingfei/project/histb_project_v2_Apr9/histb/source/msp/drv/vfmw/vfmw_v4.0/hi_vfmw.ko] undefined!
WARNING: "HI_DRV_MODULE_UnRegister" [/home/liujingfei/project/histb_project_v2_Apr9/histb/source/msp/drv/vfmw/vfmw_v4.0/hi_vfmw.ko] undefined!
make[5]: Leaving directory `/home/liujingfei/project/histb_project_v2_Apr9/histb/source/kernel/linux-3.10.y'
make[4]: Leaving directory `/home/liujingfei/project/histb_project_v2_Apr9/histb/source/msp/drv/vfmw/vfmw_v4.0'
make[4]: Entering directory `/home/liujingfei/project/histb_project_v2_Apr9/histb/source/msp/drv/vfmw/softlib'
make -C /home/liujingfei/v2/histb/source/msp/drv/vfmw/softlib/hwmedia_v1.1
make[5]: Entering directory `/home/liujingfei/project/histb_project_v2_Apr9/histb/source/msp/drv/vfmw/softlib/hwmedia_v1.1'
make -C /home/liujingfei/v2/histb/source/kernel/linux-3.10.y ARCH=arm M=`pwd` modules
make[6]: Entering directory `/home/liujingfei/project/histb_project_v2_Apr9/histb/source/kernel/linux-3.10.y'
test -e include/generated/autoconf.h -a -e include/config/auto.conf || (		\
	echo >&2;							\
	echo >&2 "  ERROR: Kernel configuration is invalid.";		\
	echo >&2 "         include/generated/autoconf.h or include/config/auto.conf are missing.";\
	echo >&2 "         Run 'make oldconfig && make prepare' on kernel src to fix it.";	\
	echo >&2 ;							\
	/bin/false)
mkdir -p /home/liujingfei/project/histb_project_v2_Apr9/histb/source/msp/drv/vfmw/softlib/hwmedia_v1.1/.tmp_versions ; rm -f /home/liujingfei/project/histb_project_v2_Apr9/histb/source/msp/drv/vfmw/softlib/hwmedia_v1.1/.tmp_versions/*
make -f scripts/Makefile.build obj=/home/liujingfei/project/histb_project_v2_Apr9/histb/source/msp/drv/vfmw/softlib/hwmedia_v1.1
(cat /dev/null;   echo kernel//home/liujingfei/project/histb_project_v2_Apr9/histb/source/msp/drv/vfmw/softlib/hwmedia_v1.1/imedia.ko;) > /home/liujingfei/project/histb_project_v2_Apr9/histb/source/msp/drv/vfmw/softlib/hwmedia_v1.1/modules.order
make -f /home/liujingfei/project/histb_project_v2_Apr9/histb/source/kernel/linux-3.10.y/scripts/Makefile.modpost
  find /home/liujingfei/project/histb_project_v2_Apr9/histb/source/msp/drv/vfmw/softlib/hwmedia_v1.1/.tmp_versions -name '*.mod' | xargs -r grep -h '\.ko$' | sort -u | sed 's/\.ko$/.o/' | scripts/mod/modpost   -i /home/liujingfei/project/histb_project_v2_Apr9/histb/source/kernel/linux-3.10.y/Module.symvers -I /home/liujingfei/project/histb_project_v2_Apr9/histb/source/msp/drv/vfmw/softlib/hwmedia_v1.1/Module.symvers  -o /home/liujingfei/project/histb_project_v2_Apr9/histb/source/msp/drv/vfmw/softlib/hwmedia_v1.1/Module.symvers -S -w -s -T -
make[6]: Leaving directory `/home/liujingfei/project/histb_project_v2_Apr9/histb/source/kernel/linux-3.10.y'
make[5]: Leaving directory `/home/liujingfei/project/histb_project_v2_Apr9/histb/source/msp/drv/vfmw/softlib/hwmedia_v1.1'
cp /home/liujingfei/v2/histb/source/msp/drv/vfmw/softlib/hwmedia_v1.1/hwmedia.o /home/liujingfei/v2/histb/source/msp/drv/vfmw/softlib/hwmedia.o
make -C /home/liujingfei/v2/histb/source/kernel/linux-3.10.y M=/home/liujingfei/v2/histb/source/msp/drv/vfmw/softlib modules
make[5]: Entering directory `/home/liujingfei/project/histb_project_v2_Apr9/histb/source/kernel/linux-3.10.y'
test -e include/generated/autoconf.h -a -e include/config/auto.conf || (		\
	echo >&2;							\
	echo >&2 "  ERROR: Kernel configuration is invalid.";		\
	echo >&2 "         include/generated/autoconf.h or include/config/auto.conf are missing.";\
	echo >&2 "         Run 'make oldconfig && make prepare' on kernel src to fix it.";	\
	echo >&2 ;							\
	/bin/false)
mkdir -p /home/liujingfei/v2/histb/source/msp/drv/vfmw/softlib/.tmp_versions ; rm -f /home/liujingfei/v2/histb/source/msp/drv/vfmw/softlib/.tmp_versions/*
make -f scripts/Makefile.build obj=/home/liujingfei/v2/histb/source/msp/drv/vfmw/softlib
  arm-hisiv200-linux-ld -EL    -r -o /home/liujingfei/v2/histb/source/msp/drv/vfmw/softlib/hi_svdec.o /home/liujingfei/v2/histb/source/msp/drv/vfmw/softlib/./sdec_imedia_intf.o /home/liujingfei/v2/histb/source/msp/drv/vfmw/softlib/./sdec_imedia.o /home/liujingfei/v2/histb/source/msp/drv/vfmw/softlib/hwmedia.o 
(cat /dev/null;   echo kernel//home/liujingfei/v2/histb/source/msp/drv/vfmw/softlib/hi_svdec.ko;) > /home/liujingfei/v2/histb/source/msp/drv/vfmw/softlib/modules.order
make -f /home/liujingfei/project/histb_project_v2_Apr9/histb/source/kernel/linux-3.10.y/scripts/Makefile.modpost
  find /home/liujingfei/v2/histb/source/msp/drv/vfmw/softlib/.tmp_versions -name '*.mod' | xargs -r grep -h '\.ko$' | sort -u | sed 's/\.ko$/.o/' | scripts/mod/modpost   -i /home/liujingfei/project/histb_project_v2_Apr9/histb/source/kernel/linux-3.10.y/Module.symvers -I /home/liujingfei/v2/histb/source/msp/drv/vfmw/softlib/Module.symvers   -e /home/liujingfei/v2/histb/source/common/drv/Module.symvers -o /home/liujingfei/v2/histb/source/msp/drv/vfmw/softlib/Module.symvers -S -w -s -T -
  arm-hisiv200-linux-ld -EL -r  -T /home/liujingfei/project/histb_project_v2_Apr9/histb/source/kernel/linux-3.10.y/scripts/module-common.lds --build-id  -o /home/liujingfei/v2/histb/source/msp/drv/vfmw/softlib/hi_svdec.ko /home/liujingfei/v2/histb/source/msp/drv/vfmw/softlib/hi_svdec.o /home/liujingfei/v2/histb/source/msp/drv/vfmw/softlib/hi_svdec.mod.o
make[5]: Leaving directory `/home/liujingfei/project/histb_project_v2_Apr9/histb/source/kernel/linux-3.10.y'
make[4]: Leaving directory `/home/liujingfei/project/histb_project_v2_Apr9/histb/source/msp/drv/vfmw/softlib'
make[3]: Leaving directory `/home/liujingfei/project/histb_project_v2_Apr9/histb/source/msp/drv/vfmw'
make -C vdec install
make[3]: Entering directory `/home/liujingfei/project/histb_project_v2_Apr9/histb/source/msp/drv/vdec'
echo 

make[4]: Entering directory `/home/liujingfei/project/histb_project_v2_Apr9/histb/source/kernel/linux-3.10.y'
test -e include/generated/autoconf.h -a -e include/config/auto.conf || (		\
	echo >&2;							\
	echo >&2 "  ERROR: Kernel configuration is invalid.";		\
	echo >&2 "         include/generated/autoconf.h or include/config/auto.conf are missing.";\
	echo >&2 "         Run 'make oldconfig && make prepare' on kernel src to fix it.";	\
	echo >&2 ;							\
	/bin/false)
mkdir -p /home/liujingfei/project/histb_project_v2_Apr9/histb/source/msp/drv/vdec/.tmp_versions ; rm -f /home/liujingfei/project/histb_project_v2_Apr9/histb/source/msp/drv/vdec/.tmp_versions/*
make -f scripts/Makefile.build obj=/home/liujingfei/project/histb_project_v2_Apr9/histb/source/msp/drv/vdec
  arm-hisiv200-linux-gcc -Wp,-MD,/home/liujingfei/project/histb_project_v2_Apr9/histb/source/msp/drv/vdec/.drv_vdec_intf.o.d  -nostdinc -isystem /opt/hisi-linux/x86-arm/arm-hisiv200-linux/bin/../lib/gcc/arm-hisiv200-linux-gnueabi/4.4.1/include -I/home/liujingfei/project/histb_project_v2_Apr9/histb/source/kernel/linux-3.10.y/arch/arm/include -Iarch/arm/include/generated  -Iinclude -I/home/liujingfei/project/histb_project_v2_Apr9/histb/source/kernel/linux-3.10.y/arch/arm/include/uapi -Iarch/arm/include/generated/uapi -I/home/liujingfei/project/histb_project_v2_Apr9/histb/source/kernel/linux-3.10.y/include/uapi -Iinclude/generated/uapi -include /home/liujingfei/project/histb_project_v2_Apr9/histb/source/kernel/linux-3.10.y/include/linux/kconfig.h -D__KERNEL__ -mlittle-endian -Iarch/arm/mach-s40/include -Wall -Wundef -Wstrict-prototypes -Wno-trigraphs -fno-strict-aliasing -fno-common -Werror-implicit-function-declaration -Wno-format-security -fno-delete-null-pointer-checks -O2 -fno-dwarf2-cfi-asm -fno-omit-frame-pointer -mapcs -mno-sched-prolog -fstack-protector -mabi=aapcs-linux -mno-thumb-interwork -funwind-tables -marm -D__LINUX_ARM_ARCH__=7 -march=armv7-a -msoft-float -Uarm -Wframe-larger-than=1024 -fno-omit-frame-pointer -fno-optimize-sibling-calls -pg -Wdeclaration-after-statement -Wno-pointer-sign -fno-strict-overflow -fconserve-stack -DCHIP_TYPE_hi3718cv100 -DSDK_VERSION="HiSTBLinuxV100R002C01SPC020" -DHI_GPIOI2C_SUPPORT -DHI_LOG_SUPPORT=1 -DHI_LOG_LEVEL=4 -DHI_PROC_SUPPORT=1 -DHI_KEYLED_SUPPORT -DHI_HDCP_SUPPORT -DHI_SCI_SUPPORT -DHI_VI_SUPPORT -DHI_VENC_SUPPORT -DHI_AENC_SUPPORT -DHI_PQ_SUPPORT -I/home/liujingfei/v2/histb/source/common/include -I/home/liujingfei/v2/histb/source/common/api/include -I/home/liujingfei/v2/histb/source/common/drv/include -I/home/liujingfei/v2/histb/source/msp/include -I/home/liujingfei/v2/histb/source/msp/api/include -I/home/liujingfei/v2/histb/source/msp/drv/include -I/home/liujingfei/v2/histb/source/msp/api/vdec -I/home/liujingfei/v2/histb/source/msp/drv/vdec -I/home/liujingfei/v2/histb/source/msp/drv/vfmw/vfmw_release -DHI_VDEC_PRE_FRAMEBUFFER=86 -DHI_VDEC_MAX_INSTANCE=16 -DHI_VDEC_MAX_REF_FRAME=7 -DHI_VDEC_MAX_DISP_FRAME=4 -DHI_VDEC_SCD_BUFFER_SIZE=0x200000 -DHI_VDEC_DEINTERLACE_SUPPORT=1 -DHI_VDEC_SVDEC_SUPPORT=1 -DHI_VDEC_HD_SIMPLE=0 -DHI_VDEC_USERDATA_CC_SUPPORT=1  -DMODULE  -D"KBUILD_STR(s)=#s" -D"KBUILD_BASENAME=KBUILD_STR(drv_vdec_intf)"  -D"KBUILD_MODNAME=KBUILD_STR(hi_vdec)" -c -o /home/liujingfei/project/histb_project_v2_Apr9/histb/source/msp/drv/vdec/drv_vdec_intf.o /home/liujingfei/project/histb_project_v2_Apr9/histb/source/msp/drv/vdec/drv_vdec_intf.c
  if [ "-pg" = "-pg" ]; then if [ /home/liujingfei/project/histb_project_v2_Apr9/histb/source/msp/drv/vdec/drv_vdec_intf.o != "scripts/mod/empty.o" ]; then /home/liujingfei/project/histb_project_v2_Apr9/histb/source/kernel/linux-3.10.y/scripts/recordmcount  "/home/liujingfei/project/histb_project_v2_Apr9/histb/source/msp/drv/vdec/drv_vdec_intf.o"; fi; fi;
  arm-hisiv200-linux-gcc -Wp,-MD,/home/liujingfei/project/histb_project_v2_Apr9/histb/source/msp/drv/vdec/.drv_vdec_intf_k.o.d  -nostdinc -isystem /opt/hisi-linux/x86-arm/arm-hisiv200-linux/bin/../lib/gcc/arm-hisiv200-linux-gnueabi/4.4.1/include -I/home/liujingfei/project/histb_project_v2_Apr9/histb/source/kernel/linux-3.10.y/arch/arm/include -Iarch/arm/include/generated  -Iinclude -I/home/liujingfei/project/histb_project_v2_Apr9/histb/source/kernel/linux-3.10.y/arch/arm/include/uapi -Iarch/arm/include/generated/uapi -I/home/liujingfei/project/histb_project_v2_Apr9/histb/source/kernel/linux-3.10.y/include/uapi -Iinclude/generated/uapi -include /home/liujingfei/project/histb_project_v2_Apr9/histb/source/kernel/linux-3.10.y/include/linux/kconfig.h -D__KERNEL__ -mlittle-endian -Iarch/arm/mach-s40/include -Wall -Wundef -Wstrict-prototypes -Wno-trigraphs -fno-strict-aliasing -fno-common -Werror-implicit-function-declaration -Wno-format-security -fno-delete-null-pointer-checks -O2 -fno-dwarf2-cfi-asm -fno-omit-frame-pointer -mapcs -mno-sched-prolog -fstack-protector -mabi=aapcs-linux -mno-thumb-interwork -funwind-tables -marm -D__LINUX_ARM_ARCH__=7 -march=armv7-a -msoft-float -Uarm -Wframe-larger-than=1024 -fno-omit-frame-pointer -fno-optimize-sibling-calls -pg -Wdeclaration-after-statement -Wno-pointer-sign -fno-strict-overflow -fconserve-stack -DCHIP_TYPE_hi3718cv100 -DSDK_VERSION="HiSTBLinuxV100R002C01SPC020" -DHI_GPIOI2C_SUPPORT -DHI_LOG_SUPPORT=1 -DHI_LOG_LEVEL=4 -DHI_PROC_SUPPORT=1 -DHI_KEYLED_SUPPORT -DHI_HDCP_SUPPORT -DHI_SCI_SUPPORT -DHI_VI_SUPPORT -DHI_VENC_SUPPORT -DHI_AENC_SUPPORT -DHI_PQ_SUPPORT -I/home/liujingfei/v2/histb/source/common/include -I/home/liujingfei/v2/histb/source/common/api/include -I/home/liujingfei/v2/histb/source/common/drv/include -I/home/liujingfei/v2/histb/source/msp/include -I/home/liujingfei/v2/histb/source/msp/api/include -I/home/liujingfei/v2/histb/source/msp/drv/include -I/home/liujingfei/v2/histb/source/msp/api/vdec -I/home/liujingfei/v2/histb/source/msp/drv/vdec -I/home/liujingfei/v2/histb/source/msp/drv/vfmw/vfmw_release -DHI_VDEC_PRE_FRAMEBUFFER=86 -DHI_VDEC_MAX_INSTANCE=16 -DHI_VDEC_MAX_REF_FRAME=7 -DHI_VDEC_MAX_DISP_FRAME=4 -DHI_VDEC_SCD_BUFFER_SIZE=0x200000 -DHI_VDEC_DEINTERLACE_SUPPORT=1 -DHI_VDEC_SVDEC_SUPPORT=1 -DHI_VDEC_HD_SIMPLE=0 -DHI_VDEC_USERDATA_CC_SUPPORT=1  -DMODULE  -D"KBUILD_STR(s)=#s" -D"KBUILD_BASENAME=KBUILD_STR(drv_vdec_intf_k)"  -D"KBUILD_MODNAME=KBUILD_STR(hi_vdec)" -c -o /home/liujingfei/project/histb_project_v2_Apr9/histb/source/msp/drv/vdec/drv_vdec_intf_k.o /home/liujingfei/project/histb_project_v2_Apr9/histb/source/msp/drv/vdec/drv_vdec_intf_k.c
  if [ "-pg" = "-pg" ]; then if [ /home/liujingfei/project/histb_project_v2_Apr9/histb/source/msp/drv/vdec/drv_vdec_intf_k.o != "scripts/mod/empty.o" ]; then /home/liujingfei/project/histb_project_v2_Apr9/histb/source/kernel/linux-3.10.y/scripts/recordmcount  "/home/liujingfei/project/histb_project_v2_Apr9/histb/source/msp/drv/vdec/drv_vdec_intf_k.o"; fi; fi;
  arm-hisiv200-linux-gcc -Wp,-MD,/home/liujingfei/project/histb_project_v2_Apr9/histb/source/msp/drv/vdec/.drv_vdec_pts_recv.o.d  -nostdinc -isystem /opt/hisi-linux/x86-arm/arm-hisiv200-linux/bin/../lib/gcc/arm-hisiv200-linux-gnueabi/4.4.1/include -I/home/liujingfei/project/histb_project_v2_Apr9/histb/source/kernel/linux-3.10.y/arch/arm/include -Iarch/arm/include/generated  -Iinclude -I/home/liujingfei/project/histb_project_v2_Apr9/histb/source/kernel/linux-3.10.y/arch/arm/include/uapi -Iarch/arm/include/generated/uapi -I/home/liujingfei/project/histb_project_v2_Apr9/histb/source/kernel/linux-3.10.y/include/uapi -Iinclude/generated/uapi -include /home/liujingfei/project/histb_project_v2_Apr9/histb/source/kernel/linux-3.10.y/include/linux/kconfig.h -D__KERNEL__ -mlittle-endian -Iarch/arm/mach-s40/include -Wall -Wundef -Wstrict-prototypes -Wno-trigraphs -fno-strict-aliasing -fno-common -Werror-implicit-function-declaration -Wno-format-security -fno-delete-null-pointer-checks -O2 -fno-dwarf2-cfi-asm -fno-omit-frame-pointer -mapcs -mno-sched-prolog -fstack-protector -mabi=aapcs-linux -mno-thumb-interwork -funwind-tables -marm -D__LINUX_ARM_ARCH__=7 -march=armv7-a -msoft-float -Uarm -Wframe-larger-than=1024 -fno-omit-frame-pointer -fno-optimize-sibling-calls -pg -Wdeclaration-after-statement -Wno-pointer-sign -fno-strict-overflow -fconserve-stack -DCHIP_TYPE_hi3718cv100 -DSDK_VERSION="HiSTBLinuxV100R002C01SPC020" -DHI_GPIOI2C_SUPPORT -DHI_LOG_SUPPORT=1 -DHI_LOG_LEVEL=4 -DHI_PROC_SUPPORT=1 -DHI_KEYLED_SUPPORT -DHI_HDCP_SUPPORT -DHI_SCI_SUPPORT -DHI_VI_SUPPORT -DHI_VENC_SUPPORT -DHI_AENC_SUPPORT -DHI_PQ_SUPPORT -I/home/liujingfei/v2/histb/source/common/include -I/home/liujingfei/v2/histb/source/common/api/include -I/home/liujingfei/v2/histb/source/common/drv/include -I/home/liujingfei/v2/histb/source/msp/include -I/home/liujingfei/v2/histb/source/msp/api/include -I/home/liujingfei/v2/histb/source/msp/drv/include -I/home/liujingfei/v2/histb/source/msp/api/vdec -I/home/liujingfei/v2/histb/source/msp/drv/vdec -I/home/liujingfei/v2/histb/source/msp/drv/vfmw/vfmw_release -DHI_VDEC_PRE_FRAMEBUFFER=86 -DHI_VDEC_MAX_INSTANCE=16 -DHI_VDEC_MAX_REF_FRAME=7 -DHI_VDEC_MAX_DISP_FRAME=4 -DHI_VDEC_SCD_BUFFER_SIZE=0x200000 -DHI_VDEC_DEINTERLACE_SUPPORT=1 -DHI_VDEC_SVDEC_SUPPORT=1 -DHI_VDEC_HD_SIMPLE=0 -DHI_VDEC_USERDATA_CC_SUPPORT=1  -DMODULE  -D"KBUILD_STR(s)=#s" -D"KBUILD_BASENAME=KBUILD_STR(drv_vdec_pts_recv)"  -D"KBUILD_MODNAME=KBUILD_STR(hi_vdec)" -c -o /home/liujingfei/project/histb_project_v2_Apr9/histb/source/msp/drv/vdec/drv_vdec_pts_recv.o /home/liujingfei/project/histb_project_v2_Apr9/histb/source/msp/drv/vdec/drv_vdec_pts_recv.c
  if [ "-pg" = "-pg" ]; then if [ /home/liujingfei/project/histb_project_v2_Apr9/histb/source/msp/drv/vdec/drv_vdec_pts_recv.o != "scripts/mod/empty.o" ]; then /home/liujingfei/project/histb_project_v2_Apr9/histb/source/kernel/linux-3.10.y/scripts/recordmcount  "/home/liujingfei/project/histb_project_v2_Apr9/histb/source/msp/drv/vdec/drv_vdec_pts_recv.o"; fi; fi;
  arm-hisiv200-linux-gcc -Wp,-MD,/home/liujingfei/project/histb_project_v2_Apr9/histb/source/msp/drv/vdec/.drv_vdec_usrdata.o.d  -nostdinc -isystem /opt/hisi-linux/x86-arm/arm-hisiv200-linux/bin/../lib/gcc/arm-hisiv200-linux-gnueabi/4.4.1/include -I/home/liujingfei/project/histb_project_v2_Apr9/histb/source/kernel/linux-3.10.y/arch/arm/include -Iarch/arm/include/generated  -Iinclude -I/home/liujingfei/project/histb_project_v2_Apr9/histb/source/kernel/linux-3.10.y/arch/arm/include/uapi -Iarch/arm/include/generated/uapi -I/home/liujingfei/project/histb_project_v2_Apr9/histb/source/kernel/linux-3.10.y/include/uapi -Iinclude/generated/uapi -include /home/liujingfei/project/histb_project_v2_Apr9/histb/source/kernel/linux-3.10.y/include/linux/kconfig.h -D__KERNEL__ -mlittle-endian -Iarch/arm/mach-s40/include -Wall -Wundef -Wstrict-prototypes -Wno-trigraphs -fno-strict-aliasing -fno-common -Werror-implicit-function-declaration -Wno-format-security -fno-delete-null-pointer-checks -O2 -fno-dwarf2-cfi-asm -fno-omit-frame-pointer -mapcs -mno-sched-prolog -fstack-protector -mabi=aapcs-linux -mno-thumb-interwork -funwind-tables -marm -D__LINUX_ARM_ARCH__=7 -march=armv7-a -msoft-float -Uarm -Wframe-larger-than=1024 -fno-omit-frame-pointer -fno-optimize-sibling-calls -pg -Wdeclaration-after-statement -Wno-pointer-sign -fno-strict-overflow -fconserve-stack -DCHIP_TYPE_hi3718cv100 -DSDK_VERSION="HiSTBLinuxV100R002C01SPC020" -DHI_GPIOI2C_SUPPORT -DHI_LOG_SUPPORT=1 -DHI_LOG_LEVEL=4 -DHI_PROC_SUPPORT=1 -DHI_KEYLED_SUPPORT -DHI_HDCP_SUPPORT -DHI_SCI_SUPPORT -DHI_VI_SUPPORT -DHI_VENC_SUPPORT -DHI_AENC_SUPPORT -DHI_PQ_SUPPORT -I/home/liujingfei/v2/histb/source/common/include -I/home/liujingfei/v2/histb/source/common/api/include -I/home/liujingfei/v2/histb/source/common/drv/include -I/home/liujingfei/v2/histb/source/msp/include -I/home/liujingfei/v2/histb/source/msp/api/include -I/home/liujingfei/v2/histb/source/msp/drv/include -I/home/liujingfei/v2/histb/source/msp/api/vdec -I/home/liujingfei/v2/histb/source/msp/drv/vdec -I/home/liujingfei/v2/histb/source/msp/drv/vfmw/vfmw_release -DHI_VDEC_PRE_FRAMEBUFFER=86 -DHI_VDEC_MAX_INSTANCE=16 -DHI_VDEC_MAX_REF_FRAME=7 -DHI_VDEC_MAX_DISP_FRAME=4 -DHI_VDEC_SCD_BUFFER_SIZE=0x200000 -DHI_VDEC_DEINTERLACE_SUPPORT=1 -DHI_VDEC_SVDEC_SUPPORT=1 -DHI_VDEC_HD_SIMPLE=0 -DHI_VDEC_USERDATA_CC_SUPPORT=1  -DMODULE  -D"KBUILD_STR(s)=#s" -D"KBUILD_BASENAME=KBUILD_STR(drv_vdec_usrdata)"  -D"KBUILD_MODNAME=KBUILD_STR(hi_vdec)" -c -o /home/liujingfei/project/histb_project_v2_Apr9/histb/source/msp/drv/vdec/drv_vdec_usrdata.o /home/liujingfei/project/histb_project_v2_Apr9/histb/source/msp/drv/vdec/drv_vdec_usrdata.c
  if [ "-pg" = "-pg" ]; then if [ /home/liujingfei/project/histb_project_v2_Apr9/histb/source/msp/drv/vdec/drv_vdec_usrdata.o != "scripts/mod/empty.o" ]; then /home/liujingfei/project/histb_project_v2_Apr9/histb/source/kernel/linux-3.10.y/scripts/recordmcount  "/home/liujingfei/project/histb_project_v2_Apr9/histb/source/msp/drv/vdec/drv_vdec_usrdata.o"; fi; fi;
  arm-hisiv200-linux-ld -EL    -r -o /home/liujingfei/project/histb_project_v2_Apr9/histb/source/msp/drv/vdec/hi_vdec.o /home/liujingfei/project/histb_project_v2_Apr9/histb/source/msp/drv/vdec/drv_vdec_buf_mng.o /home/liujingfei/project/histb_project_v2_Apr9/histb/source/msp/drv/vdec/drv_vdec_intf.o /home/liujingfei/project/histb_project_v2_Apr9/histb/source/msp/drv/vdec/drv_vdec_intf_k.o /home/liujingfei/project/histb_project_v2_Apr9/histb/source/msp/drv/vdec/drv_vdec_pts_recv.o /home/liujingfei/project/histb_project_v2_Apr9/histb/source/msp/drv/vdec/drv_vdec_alg_frd.o /home/liujingfei/project/histb_project_v2_Apr9/histb/source/msp/drv/vdec/drv_vdec_alg_api_frd.o /home/liujingfei/project/histb_project_v2_Apr9/histb/source/msp/drv/vdec/drv_vdec_usrdata.o 
(cat /dev/null;   echo kernel//home/liujingfei/project/histb_project_v2_Apr9/histb/source/msp/drv/vdec/hi_vdec.ko;) > /home/liujingfei/project/histb_project_v2_Apr9/histb/source/msp/drv/vdec/modules.order
make -f /home/liujingfei/project/histb_project_v2_Apr9/histb/source/kernel/linux-3.10.y/scripts/Makefile.modpost
  find /home/liujingfei/project/histb_project_v2_Apr9/histb/source/msp/drv/vdec/.tmp_versions -name '*.mod' | xargs -r grep -h '\.ko$' | sort -u | sed 's/\.ko$/.o/' | scripts/mod/modpost   -i /home/liujingfei/project/histb_project_v2_Apr9/histb/source/kernel/linux-3.10.y/Module.symvers -I /home/liujingfei/project/histb_project_v2_Apr9/histb/source/msp/drv/vdec/Module.symvers   -e /home/liujingfei/v2/histb/source/common/drv/Module.symvers -o /home/liujingfei/project/histb_project_v2_Apr9/histb/source/msp/drv/vdec/Module.symvers -S -w -s -T -
  arm-hisiv200-linux-ld -EL -r  -T /home/liujingfei/project/histb_project_v2_Apr9/histb/source/kernel/linux-3.10.y/scripts/module-common.lds --build-id  -o /home/liujingfei/project/histb_project_v2_Apr9/histb/source/msp/drv/vdec/hi_vdec.ko /home/liujingfei/project/histb_project_v2_Apr9/histb/source/msp/drv/vdec/hi_vdec.o /home/liujingfei/project/histb_project_v2_Apr9/histb/source/msp/drv/vdec/hi_vdec.mod.o
make[4]: Leaving directory `/home/liujingfei/project/histb_project_v2_Apr9/histb/source/kernel/linux-3.10.y'
make[3]: Leaving directory `/home/liujingfei/project/histb_project_v2_Apr9/histb/source/msp/drv/vdec'
make -C vpss install
make[3]: Entering directory `/home/liujingfei/project/histb_project_v2_Apr9/histb/source/msp/drv/vpss'
make[4]: Entering directory `/home/liujingfei/project/histb_project_v2_Apr9/histb/source/kernel/linux-3.10.y'
test -e include/generated/autoconf.h -a -e include/config/auto.conf || (		\
	echo >&2;							\
	echo >&2 "  ERROR: Kernel configuration is invalid.";		\
	echo >&2 "         include/generated/autoconf.h or include/config/auto.conf are missing.";\
	echo >&2 "         Run 'make oldconfig && make prepare' on kernel src to fix it.";	\
	echo >&2 ;							\
	/bin/false)
mkdir -p /home/liujingfei/project/histb_project_v2_Apr9/histb/source/msp/drv/vpss/.tmp_versions ; rm -f /home/liujingfei/project/histb_project_v2_Apr9/histb/source/msp/drv/vpss/.tmp_versions/*
make -f scripts/Makefile.build obj=/home/liujingfei/project/histb_project_v2_Apr9/histb/source/msp/drv/vpss
(cat /dev/null;   echo kernel//home/liujingfei/project/histb_project_v2_Apr9/histb/source/msp/drv/vpss/hi_vpss.ko;) > /home/liujingfei/project/histb_project_v2_Apr9/histb/source/msp/drv/vpss/modules.order
make -f /home/liujingfei/project/histb_project_v2_Apr9/histb/source/kernel/linux-3.10.y/scripts/Makefile.modpost
  find /home/liujingfei/project/histb_project_v2_Apr9/histb/source/msp/drv/vpss/.tmp_versions -name '*.mod' | xargs -r grep -h '\.ko$' | sort -u | sed 's/\.ko$/.o/' | scripts/mod/modpost   -i /home/liujingfei/project/histb_project_v2_Apr9/histb/source/kernel/linux-3.10.y/Module.symvers -I /home/liujingfei/project/histb_project_v2_Apr9/histb/source/msp/drv/vpss/Module.symvers   -e /home/liujingfei/v2/histb/source/common/drv/Module.symvers -o /home/liujingfei/project/histb_project_v2_Apr9/histb/source/msp/drv/vpss/Module.symvers -S -w -s -T -
make[4]: Leaving directory `/home/liujingfei/project/histb_project_v2_Apr9/histb/source/kernel/linux-3.10.y'
make[3]: Leaving directory `/home/liujingfei/project/histb_project_v2_Apr9/histb/source/msp/drv/vpss'
make -C wdg install
make[3]: Entering directory `/home/liujingfei/project/histb_project_v2_Apr9/histb/source/msp/drv/wdg'
make[4]: Entering directory `/home/liujingfei/project/histb_project_v2_Apr9/histb/source/kernel/linux-3.10.y'
test -e include/generated/autoconf.h -a -e include/config/auto.conf || (		\
	echo >&2;							\
	echo >&2 "  ERROR: Kernel configuration is invalid.";		\
	echo >&2 "         include/generated/autoconf.h or include/config/auto.conf are missing.";\
	echo >&2 "         Run 'make oldconfig && make prepare' on kernel src to fix it.";	\
	echo >&2 ;							\
	/bin/false)
mkdir -p /home/liujingfei/project/histb_project_v2_Apr9/histb/source/msp/drv/wdg/.tmp_versions ; rm -f /home/liujingfei/project/histb_project_v2_Apr9/histb/source/msp/drv/wdg/.tmp_versions/*
make -f scripts/Makefile.build obj=/home/liujingfei/project/histb_project_v2_Apr9/histb/source/msp/drv/wdg
(cat /dev/null;   echo kernel//home/liujingfei/project/histb_project_v2_Apr9/histb/source/msp/drv/wdg/hi_wdg.ko;) > /home/liujingfei/project/histb_project_v2_Apr9/histb/source/msp/drv/wdg/modules.order
make -f /home/liujingfei/project/histb_project_v2_Apr9/histb/source/kernel/linux-3.10.y/scripts/Makefile.modpost
  find /home/liujingfei/project/histb_project_v2_Apr9/histb/source/msp/drv/wdg/.tmp_versions -name '*.mod' | xargs -r grep -h '\.ko$' | sort -u | sed 's/\.ko$/.o/' | scripts/mod/modpost   -i /home/liujingfei/project/histb_project_v2_Apr9/histb/source/kernel/linux-3.10.y/Module.symvers -I /home/liujingfei/project/histb_project_v2_Apr9/histb/source/msp/drv/wdg/Module.symvers   -e /home/liujingfei/v2/histb/source/common/drv/Module.symvers -o /home/liujingfei/project/histb_project_v2_Apr9/histb/source/msp/drv/wdg/Module.symvers -S -w -s -T -
make[4]: Leaving directory `/home/liujingfei/project/histb_project_v2_Apr9/histb/source/kernel/linux-3.10.y'
make[3]: Leaving directory `/home/liujingfei/project/histb_project_v2_Apr9/histb/source/msp/drv/wdg'
make -C mce install
make[3]: Entering directory `/home/liujingfei/project/histb_project_v2_Apr9/histb/source/msp/drv/mce'
make[4]: Entering directory `/home/liujingfei/project/histb_project_v2_Apr9/histb/source/kernel/linux-3.10.y'
test -e include/generated/autoconf.h -a -e include/config/auto.conf || (		\
	echo >&2;							\
	echo >&2 "  ERROR: Kernel configuration is invalid.";		\
	echo >&2 "         include/generated/autoconf.h or include/config/auto.conf are missing.";\
	echo >&2 "         Run 'make oldconfig && make prepare' on kernel src to fix it.";	\
	echo >&2 ;							\
	/bin/false)
mkdir -p /home/liujingfei/project/histb_project_v2_Apr9/histb/source/msp/drv/mce/.tmp_versions ; rm -f /home/liujingfei/project/histb_project_v2_Apr9/histb/source/msp/drv/mce/.tmp_versions/*
make -f scripts/Makefile.build obj=/home/liujingfei/project/histb_project_v2_Apr9/histb/source/msp/drv/mce
  arm-hisiv200-linux-gcc -Wp,-MD,/home/liujingfei/project/histb_project_v2_Apr9/histb/source/msp/drv/mce/.drv_mce_intf.o.d  -nostdinc -isystem /opt/hisi-linux/x86-arm/arm-hisiv200-linux/bin/../lib/gcc/arm-hisiv200-linux-gnueabi/4.4.1/include -I/home/liujingfei/project/histb_project_v2_Apr9/histb/source/kernel/linux-3.10.y/arch/arm/include -Iarch/arm/include/generated  -Iinclude -I/home/liujingfei/project/histb_project_v2_Apr9/histb/source/kernel/linux-3.10.y/arch/arm/include/uapi -Iarch/arm/include/generated/uapi -I/home/liujingfei/project/histb_project_v2_Apr9/histb/source/kernel/linux-3.10.y/include/uapi -Iinclude/generated/uapi -include /home/liujingfei/project/histb_project_v2_Apr9/histb/source/kernel/linux-3.10.y/include/linux/kconfig.h -D__KERNEL__ -mlittle-endian -Iarch/arm/mach-s40/include -Wall -Wundef -Wstrict-prototypes -Wno-trigraphs -fno-strict-aliasing -fno-common -Werror-implicit-function-declaration -Wno-format-security -fno-delete-null-pointer-checks -O2 -fno-dwarf2-cfi-asm -fno-omit-frame-pointer -mapcs -mno-sched-prolog -fstack-protector -mabi=aapcs-linux -mno-thumb-interwork -funwind-tables -marm -D__LINUX_ARM_ARCH__=7 -march=armv7-a -msoft-float -Uarm -Wframe-larger-than=1024 -fno-omit-frame-pointer -fno-optimize-sibling-calls -pg -Wdeclaration-after-statement -Wno-pointer-sign -fno-strict-overflow -fconserve-stack -DCHIP_TYPE_hi3718cv100 -DSDK_VERSION="HiSTBLinuxV100R002C01SPC020" -DHI_GPIOI2C_SUPPORT -DHI_LOG_SUPPORT=1 -DHI_LOG_LEVEL=4 -DHI_PROC_SUPPORT=1 -DHI_KEYLED_SUPPORT -DHI_HDCP_SUPPORT -DHI_SCI_SUPPORT -DHI_VI_SUPPORT -DHI_VENC_SUPPORT -DHI_AENC_SUPPORT -DHI_PQ_SUPPORT -DHI_DAC_CVBS=3 -DHI_DAC_YPBPR_Y=1 -DHI_DAC_YPBPR_PB=0 -DHI_DAC_YPBPR_PR=2 -DHI_SND_MUTECTL_GPIO=0x39 -DHI_SCI_CLK_MODE=0 -DHI_SCI_VCCEN_MODE=1 -DHI_SCI_RESET_MODE=0 -DHI_SCI_VCCEN_LEVEL=0 -DHI_SCI_DETECT_LEVEL=1 -DHI_TSI_port_NUMBER=4 -DHI_TSO_PORT_NUMBER=2 -DHI_IF0_TYPE=2 -DHI_IF0_BIT_SELECTOR=0 -DHI_TSI0_TYPE=2 -DHI_TSI0_BIT_SELECTOR=0 -DHI_TSI1_TYPE=2 -DHI_TSI1_BIT_SELECTOR=0 -DHI_TSI2_TYPE=2 -DHI_TSI2_BIT_SELECTOR=0 -DHI_TSI3_TYPE=2 -DHI_TSI3_BIT_SELECTOR=0 -DHI_TSI4_TYPE=2 -DHI_TSI4_BIT_SELECTOR=0 -DHI_TSI5_BIT_SELECTOR=0 -DHI_TSO0_CLK=0 -DHI_TSO0_CLK_MODE=0 -DHI_TSO0_VALID_MODE=0 -DHI_TSO0_SERIAL=1 -DHI_TSO0_BIT_SELECTOR=0 -DHI_TSO1_CLK=0 -DHI_TSO1_CLK_MODE=0 -DHI_TSO1_VALID_MODE=0 -DHI_TSO1_SERIAL=1 -DHI_TSO1_BIT_SELECTOR=0 -DHI_TUNER_NUMBER=1 -DHI_TUNER0_ID=0 -DHI_TUNER_SIGNAL_TYPE=0 -DHI_TUNER_TYPE=17 -DHI_TUNER_DEV_ADDR=0xc0 -DHI_DEMOD_TYPE=256 -DHI_DEMOD_DEV_ADDR=0xa0 -DHI_DEMOD_TS_MODE=1 -DHI_DEMOD_I2C_CHANNEL=5 -DHI_DEMOD_RESET_GPIO=0x1 -DHI_DEMUX_PORT=0 -DHI_DEMOD_REF_CLOCK=24000 -DHI_TUNER_MAX_LPF=34 -DHI_TUNER_I2C_CLOCK=400 -DHI_LNBCTRL_DEV_ADDR=0x0 -DHI_TUNER1_ID=1 -DHI_TUNER1_SIGNAL_TYPE=0 -DHI_TUNER1_TYPE=4 -DHI_TUNER1_DEV_ADDR=0xc0 -DHI_DEMOD1_TYPE=256 -DHI_DEMOD1_DEV_ADDR=0xa0 -DHI_DEMOD1_TS_MODE=1 -DHI_DEMOD1_I2C_CHANNEL=3 -DHI_DEMOD1_RESET_GPIO=0x1 -DHI_DEMUX1_PORT=5 -DHI_DEMOD1_REF_CLOCK=24000 -DHI_TUNER1_MAX_LPF=34 -DHI_TUNER1_I2C_CLOCK=400 -DHI_LNBCTRL1_DEV_ADDR=0x0 -DHI_TUNER2_ID=2 -DHI_TUNER2_SIGNAL_TYPE=0 -DHI_TUNER2_TYPE=4 -DHI_TUNER2_DEV_ADDR=0xc0 -DHI_DEMOD2_TYPE=256 -DHI_DEMOD2_DEV_ADDR=0xa0 -DHI_DEMOD2_TS_MODE=1 -DHI_DEMOD2_I2C_CHANNEL=5 -DHI_DEMOD2_RESET_GPIO=0x0 -DHI_DEMUX2_PORT=0 -DHI_DEMOD2_REF_CLOCK=24000 -DHI_TUNER2_MAX_LPF=34 -DHI_TUNER2_I2C_CLOCK=400 -DHI_LNBCTRL2_DEV_ADDR=0x0 -DHI_TUNER3_ID=3 -DHI_TUNER3_SIGNAL_TYPE=0 -DHI_TUNER3_TYPE=4 -DHI_TUNER3_DEV_ADDR=0xc0 -DHI_DEMOD3_TYPE=256 -DHI_DEMOD3_DEV_ADDR=0xa0 -DHI_DEMOD3_TS_MODE=1 -DHI_DEMOD3_I2C_CHANNEL=5 -DHI_DEMOD3_RESET_GPIO=0x0 -DHI_DEMUX3_PORT=0 -DHI_DEMOD3_REF_CLOCK=24000 -DHI_TUNER3_MAX_LPF=34 -DHI_TUNER3_I2C_CLOCK=400 -DHI_LNBCTRL3_DEV_ADDR=0x0 -I/home/liujingfei/v2/histb/source/common/include -I/home/liujingfei/v2/histb/source/common/api/include -I/home/liujingfei/v2/histb/source/common/drv/include -I/home/liujingfei/v2/histb/source/msp/include -I/home/liujingfei/v2/histb/source/msp/api/include -I/home/liujingfei/v2/histb/source/msp/drv/include -I/home/liujingfei/v2/histb/source/component/ha_codec/include -I/home/liujingfei/v2/histb/source/msp/drv/mce/include -I/home/liujingfei/v2/histb/source/msp/api/higo/include -I/home/liujingfei/v2/histb/source/common/drv/sys -I/home/liujingfei/v2/histb/source/common/drv/mmz -I/home/liujingfei/v2/histb/source/msp/api/tde/include -I/home/liujingfei/v2/histb/source/msp/drv/adsp/adsp_v1_1/include -I/home/liujingfei/v2/histb/source/common/api/flash/include  -DMODULE  -D"KBUILD_STR(s)=#s" -D"KBUILD_BASENAME=KBUILD_STR(drv_mce_intf)"  -D"KBUILD_MODNAME=KBUILD_STR(hi_mce)" -c -o /home/liujingfei/project/histb_project_v2_Apr9/histb/source/msp/drv/mce/drv_mce_intf.o /home/liujingfei/project/histb_project_v2_Apr9/histb/source/msp/drv/mce/drv_mce_intf.c
  if [ "-pg" = "-pg" ]; then if [ /home/liujingfei/project/histb_project_v2_Apr9/histb/source/msp/drv/mce/drv_mce_intf.o != "scripts/mod/empty.o" ]; then /home/liujingfei/project/histb_project_v2_Apr9/histb/source/kernel/linux-3.10.y/scripts/recordmcount  "/home/liujingfei/project/histb_project_v2_Apr9/histb/source/msp/drv/mce/drv_mce_intf.o"; fi; fi;
  arm-hisiv200-linux-ld -EL    -r -o /home/liujingfei/project/histb_project_v2_Apr9/histb/source/msp/drv/mce/hi_mce.o /home/liujingfei/project/histb_project_v2_Apr9/histb/source/msp/drv/mce/drv_mce_intf.o 
(cat /dev/null;   echo kernel//home/liujingfei/project/histb_project_v2_Apr9/histb/source/msp/drv/mce/hi_mce.ko;) > /home/liujingfei/project/histb_project_v2_Apr9/histb/source/msp/drv/mce/modules.order
make -f /home/liujingfei/project/histb_project_v2_Apr9/histb/source/kernel/linux-3.10.y/scripts/Makefile.modpost
  find /home/liujingfei/project/histb_project_v2_Apr9/histb/source/msp/drv/mce/.tmp_versions -name '*.mod' | xargs -r grep -h '\.ko$' | sort -u | sed 's/\.ko$/.o/' | scripts/mod/modpost   -i /home/liujingfei/project/histb_project_v2_Apr9/histb/source/kernel/linux-3.10.y/Module.symvers -I /home/liujingfei/project/histb_project_v2_Apr9/histb/source/msp/drv/mce/Module.symvers   -e /home/liujingfei/v2/histb/source/common/drv/Module.symvers -o /home/liujingfei/project/histb_project_v2_Apr9/histb/source/msp/drv/mce/Module.symvers -S -w -s -T -
  arm-hisiv200-linux-ld -EL -r  -T /home/liujingfei/project/histb_project_v2_Apr9/histb/source/kernel/linux-3.10.y/scripts/module-common.lds --build-id  -o /home/liujingfei/project/histb_project_v2_Apr9/histb/source/msp/drv/mce/hi_mce.ko /home/liujingfei/project/histb_project_v2_Apr9/histb/source/msp/drv/mce/hi_mce.o /home/liujingfei/project/histb_project_v2_Apr9/histb/source/msp/drv/mce/hi_mce.mod.o
make[4]: Leaving directory `/home/liujingfei/project/histb_project_v2_Apr9/histb/source/kernel/linux-3.10.y'
make[3]: Leaving directory `/home/liujingfei/project/histb_project_v2_Apr9/histb/source/msp/drv/mce'
make -C png install
make[3]: Entering directory `/home/liujingfei/project/histb_project_v2_Apr9/histb/source/msp/drv/png'
make[4]: Entering directory `/home/liujingfei/project/histb_project_v2_Apr9/histb/source/kernel/linux-3.10.y'
test -e include/generated/autoconf.h -a -e include/config/auto.conf || (		\
	echo >&2;							\
	echo >&2 "  ERROR: Kernel configuration is invalid.";		\
	echo >&2 "         include/generated/autoconf.h or include/config/auto.conf are missing.";\
	echo >&2 "         Run 'make oldconfig && make prepare' on kernel src to fix it.";	\
	echo >&2 ;							\
	/bin/false)
mkdir -p /home/liujingfei/project/histb_project_v2_Apr9/histb/source/msp/drv/png/.tmp_versions ; rm -f /home/liujingfei/project/histb_project_v2_Apr9/histb/source/msp/drv/png/.tmp_versions/*
make -f scripts/Makefile.build obj=/home/liujingfei/project/histb_project_v2_Apr9/histb/source/msp/drv/png
(cat /dev/null;   echo kernel//home/liujingfei/project/histb_project_v2_Apr9/histb/source/msp/drv/png/hi_png.ko;) > /home/liujingfei/project/histb_project_v2_Apr9/histb/source/msp/drv/png/modules.order
make -f /home/liujingfei/project/histb_project_v2_Apr9/histb/source/kernel/linux-3.10.y/scripts/Makefile.modpost
  find /home/liujingfei/project/histb_project_v2_Apr9/histb/source/msp/drv/png/.tmp_versions -name '*.mod' | xargs -r grep -h '\.ko$' | sort -u | sed 's/\.ko$/.o/' | scripts/mod/modpost   -i /home/liujingfei/project/histb_project_v2_Apr9/histb/source/kernel/linux-3.10.y/Module.symvers -I /home/liujingfei/project/histb_project_v2_Apr9/histb/source/msp/drv/png/Module.symvers   -e /home/liujingfei/v2/histb/source/common/drv/Module.symvers -o /home/liujingfei/project/histb_project_v2_Apr9/histb/source/msp/drv/png/Module.symvers -S -w -s -T -
make[4]: Leaving directory `/home/liujingfei/project/histb_project_v2_Apr9/histb/source/kernel/linux-3.10.y'
make[3]: Leaving directory `/home/liujingfei/project/histb_project_v2_Apr9/histb/source/msp/drv/png'
make -C pwm install
make[3]: Entering directory `/home/liujingfei/project/histb_project_v2_Apr9/histb/source/msp/drv/pwm'
make[4]: Entering directory `/home/liujingfei/project/histb_project_v2_Apr9/histb/source/kernel/linux-3.10.y'
test -e include/generated/autoconf.h -a -e include/config/auto.conf || (		\
	echo >&2;							\
	echo >&2 "  ERROR: Kernel configuration is invalid.";		\
	echo >&2 "         include/generated/autoconf.h or include/config/auto.conf are missing.";\
	echo >&2 "         Run 'make oldconfig && make prepare' on kernel src to fix it.";	\
	echo >&2 ;							\
	/bin/false)
mkdir -p /home/liujingfei/project/histb_project_v2_Apr9/histb/source/msp/drv/pwm/.tmp_versions ; rm -f /home/liujingfei/project/histb_project_v2_Apr9/histb/source/msp/drv/pwm/.tmp_versions/*
make -f scripts/Makefile.build obj=/home/liujingfei/project/histb_project_v2_Apr9/histb/source/msp/drv/pwm
(cat /dev/null;   echo kernel//home/liujingfei/project/histb_project_v2_Apr9/histb/source/msp/drv/pwm/hi_pwm.ko;) > /home/liujingfei/project/histb_project_v2_Apr9/histb/source/msp/drv/pwm/modules.order
make -f /home/liujingfei/project/histb_project_v2_Apr9/histb/source/kernel/linux-3.10.y/scripts/Makefile.modpost
  find /home/liujingfei/project/histb_project_v2_Apr9/histb/source/msp/drv/pwm/.tmp_versions -name '*.mod' | xargs -r grep -h '\.ko$' | sort -u | sed 's/\.ko$/.o/' | scripts/mod/modpost   -i /home/liujingfei/project/histb_project_v2_Apr9/histb/source/kernel/linux-3.10.y/Module.symvers -I /home/liujingfei/project/histb_project_v2_Apr9/histb/source/msp/drv/pwm/Module.symvers   -e /home/liujingfei/v2/histb/source/common/drv/Module.symvers -o /home/liujingfei/project/histb_project_v2_Apr9/histb/source/msp/drv/pwm/Module.symvers -S -w -s -T -
make[4]: Leaving directory `/home/liujingfei/project/histb_project_v2_Apr9/histb/source/kernel/linux-3.10.y'
make[3]: Leaving directory `/home/liujingfei/project/histb_project_v2_Apr9/histb/source/msp/drv/pwm'
make -C omxvdec install
make[3]: Entering directory `/home/liujingfei/project/histb_project_v2_Apr9/histb/source/msp/drv/omxvdec'
make[4]: Entering directory `/home/liujingfei/project/histb_project_v2_Apr9/histb/source/kernel/linux-3.10.y'
test -e include/generated/autoconf.h -a -e include/config/auto.conf || (		\
	echo >&2;							\
	echo >&2 "  ERROR: Kernel configuration is invalid.";		\
	echo >&2 "         include/generated/autoconf.h or include/config/auto.conf are missing.";\
	echo >&2 "         Run 'make oldconfig && make prepare' on kernel src to fix it.";	\
	echo >&2 ;							\
	/bin/false)
mkdir -p /home/liujingfei/project/histb_project_v2_Apr9/histb/source/msp/drv/omxvdec/.tmp_versions ; rm -f /home/liujingfei/project/histb_project_v2_Apr9/histb/source/msp/drv/omxvdec/.tmp_versions/*
make -f scripts/Makefile.build obj=/home/liujingfei/project/histb_project_v2_Apr9/histb/source/msp/drv/omxvdec
  arm-hisiv200-linux-gcc -Wp,-MD,/home/liujingfei/project/histb_project_v2_Apr9/histb/source/msp/drv/omxvdec/.channel.o.d  -nostdinc -isystem /opt/hisi-linux/x86-arm/arm-hisiv200-linux/bin/../lib/gcc/arm-hisiv200-linux-gnueabi/4.4.1/include -I/home/liujingfei/project/histb_project_v2_Apr9/histb/source/kernel/linux-3.10.y/arch/arm/include -Iarch/arm/include/generated  -Iinclude -I/home/liujingfei/project/histb_project_v2_Apr9/histb/source/kernel/linux-3.10.y/arch/arm/include/uapi -Iarch/arm/include/generated/uapi -I/home/liujingfei/project/histb_project_v2_Apr9/histb/source/kernel/linux-3.10.y/include/uapi -Iinclude/generated/uapi -include /home/liujingfei/project/histb_project_v2_Apr9/histb/source/kernel/linux-3.10.y/include/linux/kconfig.h -D__KERNEL__ -mlittle-endian -Iarch/arm/mach-s40/include -Wall -Wundef -Wstrict-prototypes -Wno-trigraphs -fno-strict-aliasing -fno-common -Werror-implicit-function-declaration -Wno-format-security -fno-delete-null-pointer-checks -O2 -fno-dwarf2-cfi-asm -fno-omit-frame-pointer -mapcs -mno-sched-prolog -fstack-protector -mabi=aapcs-linux -mno-thumb-interwork -funwind-tables -marm -D__LINUX_ARM_ARCH__=7 -march=armv7-a -msoft-float -Uarm -Wframe-larger-than=1024 -fno-omit-frame-pointer -fno-optimize-sibling-calls -pg -Wdeclaration-after-statement -Wno-pointer-sign -fno-strict-overflow -fconserve-stack -DCHIP_TYPE_hi3718cv100 -DSDK_VERSION="HiSTBLinuxV100R002C01SPC020" -DHI_GPIOI2C_SUPPORT -DHI_LOG_SUPPORT=1 -DHI_LOG_LEVEL=4 -DHI_PROC_SUPPORT=1 -DHI_KEYLED_SUPPORT -DHI_HDCP_SUPPORT -DHI_SCI_SUPPORT -DHI_VI_SUPPORT -DHI_VENC_SUPPORT -DHI_AENC_SUPPORT -DHI_PQ_SUPPORT -I/home/liujingfei/v2/histb/source/common/include -I/home/liujingfei/v2/histb/source/common/api/include -I/home/liujingfei/v2/histb/source/common/drv/include -I/home/liujingfei/v2/histb/source/msp/include -I/home/liujingfei/v2/histb/source/msp/api/include -I/home/liujingfei/v2/histb/source/msp/drv/include -I/home/liujingfei/v2/histb/source/msp/drv/vfmw/vfmw_release -I/home/liujingfei/v2/histb/source/msp/drv/vdec  -DMODULE  -D"KBUILD_STR(s)=#s" -D"KBUILD_BASENAME=KBUILD_STR(channel)"  -D"KBUILD_MODNAME=KBUILD_STR(hi_omxvdec)" -c -o /home/liujingfei/project/histb_project_v2_Apr9/histb/source/msp/drv/omxvdec/channel.o /home/liujingfei/project/histb_project_v2_Apr9/histb/source/msp/drv/omxvdec/channel.c
  if [ "-pg" = "-pg" ]; then if [ /home/liujingfei/project/histb_project_v2_Apr9/histb/source/msp/drv/omxvdec/channel.o != "scripts/mod/empty.o" ]; then /home/liujingfei/project/histb_project_v2_Apr9/histb/source/kernel/linux-3.10.y/scripts/recordmcount  "/home/liujingfei/project/histb_project_v2_Apr9/histb/source/msp/drv/omxvdec/channel.o"; fi; fi;
  arm-hisiv200-linux-gcc -Wp,-MD,/home/liujingfei/project/histb_project_v2_Apr9/histb/source/msp/drv/omxvdec/.vdec.o.d  -nostdinc -isystem /opt/hisi-linux/x86-arm/arm-hisiv200-linux/bin/../lib/gcc/arm-hisiv200-linux-gnueabi/4.4.1/include -I/home/liujingfei/project/histb_project_v2_Apr9/histb/source/kernel/linux-3.10.y/arch/arm/include -Iarch/arm/include/generated  -Iinclude -I/home/liujingfei/project/histb_project_v2_Apr9/histb/source/kernel/linux-3.10.y/arch/arm/include/uapi -Iarch/arm/include/generated/uapi -I/home/liujingfei/project/histb_project_v2_Apr9/histb/source/kernel/linux-3.10.y/include/uapi -Iinclude/generated/uapi -include /home/liujingfei/project/histb_project_v2_Apr9/histb/source/kernel/linux-3.10.y/include/linux/kconfig.h -D__KERNEL__ -mlittle-endian -Iarch/arm/mach-s40/include -Wall -Wundef -Wstrict-prototypes -Wno-trigraphs -fno-strict-aliasing -fno-common -Werror-implicit-function-declaration -Wno-format-security -fno-delete-null-pointer-checks -O2 -fno-dwarf2-cfi-asm -fno-omit-frame-pointer -mapcs -mno-sched-prolog -fstack-protector -mabi=aapcs-linux -mno-thumb-interwork -funwind-tables -marm -D__LINUX_ARM_ARCH__=7 -march=armv7-a -msoft-float -Uarm -Wframe-larger-than=1024 -fno-omit-frame-pointer -fno-optimize-sibling-calls -pg -Wdeclaration-after-statement -Wno-pointer-sign -fno-strict-overflow -fconserve-stack -DCHIP_TYPE_hi3718cv100 -DSDK_VERSION="HiSTBLinuxV100R002C01SPC020" -DHI_GPIOI2C_SUPPORT -DHI_LOG_SUPPORT=1 -DHI_LOG_LEVEL=4 -DHI_PROC_SUPPORT=1 -DHI_KEYLED_SUPPORT -DHI_HDCP_SUPPORT -DHI_SCI_SUPPORT -DHI_VI_SUPPORT -DHI_VENC_SUPPORT -DHI_AENC_SUPPORT -DHI_PQ_SUPPORT -I/home/liujingfei/v2/histb/source/common/include -I/home/liujingfei/v2/histb/source/common/api/include -I/home/liujingfei/v2/histb/source/common/drv/include -I/home/liujingfei/v2/histb/source/msp/include -I/home/liujingfei/v2/histb/source/msp/api/include -I/home/liujingfei/v2/histb/source/msp/drv/include -I/home/liujingfei/v2/histb/source/msp/drv/vfmw/vfmw_release -I/home/liujingfei/v2/histb/source/msp/drv/vdec  -DMODULE  -D"KBUILD_STR(s)=#s" -D"KBUILD_BASENAME=KBUILD_STR(vdec)"  -D"KBUILD_MODNAME=KBUILD_STR(hi_omxvdec)" -c -o /home/liujingfei/project/histb_project_v2_Apr9/histb/source/msp/drv/omxvdec/vdec.o /home/liujingfei/project/histb_project_v2_Apr9/histb/source/msp/drv/omxvdec/vdec.c
  if [ "-pg" = "-pg" ]; then if [ /home/liujingfei/project/histb_project_v2_Apr9/histb/source/msp/drv/omxvdec/vdec.o != "scripts/mod/empty.o" ]; then /home/liujingfei/project/histb_project_v2_Apr9/histb/source/kernel/linux-3.10.y/scripts/recordmcount  "/home/liujingfei/project/histb_project_v2_Apr9/histb/source/msp/drv/omxvdec/vdec.o"; fi; fi;
  arm-hisiv200-linux-gcc -Wp,-MD,/home/liujingfei/project/histb_project_v2_Apr9/histb/source/msp/drv/omxvdec/.msg.o.d  -nostdinc -isystem /opt/hisi-linux/x86-arm/arm-hisiv200-linux/bin/../lib/gcc/arm-hisiv200-linux-gnueabi/4.4.1/include -I/home/liujingfei/project/histb_project_v2_Apr9/histb/source/kernel/linux-3.10.y/arch/arm/include -Iarch/arm/include/generated  -Iinclude -I/home/liujingfei/project/histb_project_v2_Apr9/histb/source/kernel/linux-3.10.y/arch/arm/include/uapi -Iarch/arm/include/generated/uapi -I/home/liujingfei/project/histb_project_v2_Apr9/histb/source/kernel/linux-3.10.y/include/uapi -Iinclude/generated/uapi -include /home/liujingfei/project/histb_project_v2_Apr9/histb/source/kernel/linux-3.10.y/include/linux/kconfig.h -D__KERNEL__ -mlittle-endian -Iarch/arm/mach-s40/include -Wall -Wundef -Wstrict-prototypes -Wno-trigraphs -fno-strict-aliasing -fno-common -Werror-implicit-function-declaration -Wno-format-security -fno-delete-null-pointer-checks -O2 -fno-dwarf2-cfi-asm -fno-omit-frame-pointer -mapcs -mno-sched-prolog -fstack-protector -mabi=aapcs-linux -mno-thumb-interwork -funwind-tables -marm -D__LINUX_ARM_ARCH__=7 -march=armv7-a -msoft-float -Uarm -Wframe-larger-than=1024 -fno-omit-frame-pointer -fno-optimize-sibling-calls -pg -Wdeclaration-after-statement -Wno-pointer-sign -fno-strict-overflow -fconserve-stack -DCHIP_TYPE_hi3718cv100 -DSDK_VERSION="HiSTBLinuxV100R002C01SPC020" -DHI_GPIOI2C_SUPPORT -DHI_LOG_SUPPORT=1 -DHI_LOG_LEVEL=4 -DHI_PROC_SUPPORT=1 -DHI_KEYLED_SUPPORT -DHI_HDCP_SUPPORT -DHI_SCI_SUPPORT -DHI_VI_SUPPORT -DHI_VENC_SUPPORT -DHI_AENC_SUPPORT -DHI_PQ_SUPPORT -I/home/liujingfei/v2/histb/source/common/include -I/home/liujingfei/v2/histb/source/common/api/include -I/home/liujingfei/v2/histb/source/common/drv/include -I/home/liujingfei/v2/histb/source/msp/include -I/home/liujingfei/v2/histb/source/msp/api/include -I/home/liujingfei/v2/histb/source/msp/drv/include -I/home/liujingfei/v2/histb/source/msp/drv/vfmw/vfmw_release -I/home/liujingfei/v2/histb/source/msp/drv/vdec  -DMODULE  -D"KBUILD_STR(s)=#s" -D"KBUILD_BASENAME=KBUILD_STR(msg)"  -D"KBUILD_MODNAME=KBUILD_STR(hi_omxvdec)" -c -o /home/liujingfei/project/histb_project_v2_Apr9/histb/source/msp/drv/omxvdec/msg.o /home/liujingfei/project/histb_project_v2_Apr9/histb/source/msp/drv/omxvdec/msg.c
  if [ "-pg" = "-pg" ]; then if [ /home/liujingfei/project/histb_project_v2_Apr9/histb/source/msp/drv/omxvdec/msg.o != "scripts/mod/empty.o" ]; then /home/liujingfei/project/histb_project_v2_Apr9/histb/source/kernel/linux-3.10.y/scripts/recordmcount  "/home/liujingfei/project/histb_project_v2_Apr9/histb/source/msp/drv/omxvdec/msg.o"; fi; fi;
  arm-hisiv200-linux-ld -EL    -r -o /home/liujingfei/project/histb_project_v2_Apr9/histb/source/msp/drv/omxvdec/hi_omxvdec.o /home/liujingfei/project/histb_project_v2_Apr9/histb/source/msp/drv/omxvdec/channel.o /home/liujingfei/project/histb_project_v2_Apr9/histb/source/msp/drv/omxvdec/vdec.o /home/liujingfei/project/histb_project_v2_Apr9/histb/source/msp/drv/omxvdec/msg.o 
(cat /dev/null;   echo kernel//home/liujingfei/project/histb_project_v2_Apr9/histb/source/msp/drv/omxvdec/hi_omxvdec.ko;) > /home/liujingfei/project/histb_project_v2_Apr9/histb/source/msp/drv/omxvdec/modules.order
make -f /home/liujingfei/project/histb_project_v2_Apr9/histb/source/kernel/linux-3.10.y/scripts/Makefile.modpost
  find /home/liujingfei/project/histb_project_v2_Apr9/histb/source/msp/drv/omxvdec/.tmp_versions -name '*.mod' | xargs -r grep -h '\.ko$' | sort -u | sed 's/\.ko$/.o/' | scripts/mod/modpost   -i /home/liujingfei/project/histb_project_v2_Apr9/histb/source/kernel/linux-3.10.y/Module.symvers -I /home/liujingfei/project/histb_project_v2_Apr9/histb/source/msp/drv/omxvdec/Module.symvers   -e /home/liujingfei/v2/histb/source/common/drv/Module.symvers  -e /home/liujingfei/v2/histb/source/msp/drv/vdec/Module.symvers -o /home/liujingfei/project/histb_project_v2_Apr9/histb/source/msp/drv/omxvdec/Module.symvers -S -w -s -T -
  arm-hisiv200-linux-ld -EL -r  -T /home/liujingfei/project/histb_project_v2_Apr9/histb/source/kernel/linux-3.10.y/scripts/module-common.lds --build-id  -o /home/liujingfei/project/histb_project_v2_Apr9/histb/source/msp/drv/omxvdec/hi_omxvdec.ko /home/liujingfei/project/histb_project_v2_Apr9/histb/source/msp/drv/omxvdec/hi_omxvdec.o /home/liujingfei/project/histb_project_v2_Apr9/histb/source/msp/drv/omxvdec/hi_omxvdec.mod.o
make[4]: Leaving directory `/home/liujingfei/project/histb_project_v2_Apr9/histb/source/kernel/linux-3.10.y'
make[3]: Leaving directory `/home/liujingfei/project/histb_project_v2_Apr9/histb/source/msp/drv/omxvdec'
make -C jpge install
make[3]: Entering directory `/home/liujingfei/project/histb_project_v2_Apr9/histb/source/msp/drv/jpge'
make[4]: Entering directory `/home/liujingfei/project/histb_project_v2_Apr9/histb/source/kernel/linux-3.10.y'
test -e include/generated/autoconf.h -a -e include/config/auto.conf || (		\
	echo >&2;							\
	echo >&2 "  ERROR: Kernel configuration is invalid.";		\
	echo >&2 "         include/generated/autoconf.h or include/config/auto.conf are missing.";\
	echo >&2 "         Run 'make oldconfig && make prepare' on kernel src to fix it.";	\
	echo >&2 ;							\
	/bin/false)
mkdir -p /home/liujingfei/project/histb_project_v2_Apr9/histb/source/msp/drv/jpge/.tmp_versions ; rm -f /home/liujingfei/project/histb_project_v2_Apr9/histb/source/msp/drv/jpge/.tmp_versions/*
make -f scripts/Makefile.build obj=/home/liujingfei/project/histb_project_v2_Apr9/histb/source/msp/drv/jpge
(cat /dev/null;   echo kernel//home/liujingfei/project/histb_project_v2_Apr9/histb/source/msp/drv/jpge/hi_jpge.ko;) > /home/liujingfei/project/histb_project_v2_Apr9/histb/source/msp/drv/jpge/modules.order
make -f /home/liujingfei/project/histb_project_v2_Apr9/histb/source/kernel/linux-3.10.y/scripts/Makefile.modpost
  find /home/liujingfei/project/histb_project_v2_Apr9/histb/source/msp/drv/jpge/.tmp_versions -name '*.mod' | xargs -r grep -h '\.ko$' | sort -u | sed 's/\.ko$/.o/' | scripts/mod/modpost   -i /home/liujingfei/project/histb_project_v2_Apr9/histb/source/kernel/linux-3.10.y/Module.symvers -I /home/liujingfei/project/histb_project_v2_Apr9/histb/source/msp/drv/jpge/Module.symvers   -e /home/liujingfei/v2/histb/source/common/drv/Module.symvers -o /home/liujingfei/project/histb_project_v2_Apr9/histb/source/msp/drv/jpge/Module.symvers -S -w -s -T -
make[4]: Leaving directory `/home/liujingfei/project/histb_project_v2_Apr9/histb/source/kernel/linux-3.10.y'
make[3]: Leaving directory `/home/liujingfei/project/histb_project_v2_Apr9/histb/source/msp/drv/jpge'
make -C gpu install
make[3]: Entering directory `/home/liujingfei/project/histb_project_v2_Apr9/histb/source/msp/drv/gpu'
make -C mali
make[4]: Entering directory `/home/liujingfei/project/histb_project_v2_Apr9/histb/source/msp/drv/gpu/mali'
make ARCH=arm -C /home/liujingfei/v2/histb/source/kernel/linux-3.10.y M=/home/liujingfei/project/histb_project_v2_Apr9/histb/source/msp/drv/gpu/mali modules
make[5]: Entering directory `/home/liujingfei/project/histb_project_v2_Apr9/histb/source/kernel/linux-3.10.y'
test -e include/generated/autoconf.h -a -e include/config/auto.conf || (		\
	echo >&2;							\
	echo >&2 "  ERROR: Kernel configuration is invalid.";		\
	echo >&2 "         include/generated/autoconf.h or include/config/auto.conf are missing.";\
	echo >&2 "         Run 'make oldconfig && make prepare' on kernel src to fix it.";	\
	echo >&2 ;							\
	/bin/false)
mkdir -p /home/liujingfei/project/histb_project_v2_Apr9/histb/source/msp/drv/gpu/mali/.tmp_versions ; rm -f /home/liujingfei/project/histb_project_v2_Apr9/histb/source/msp/drv/gpu/mali/.tmp_versions/*
make -f scripts/Makefile.build obj=/home/liujingfei/project/histb_project_v2_Apr9/histb/source/msp/drv/gpu/mali
  arm-hisiv200-linux-gcc -Wp,-MD,/home/liujingfei/project/histb_project_v2_Apr9/histb/source/msp/drv/gpu/mali/.__malidrv_build_info.o.d  -nostdinc -isystem /opt/hisi-linux/x86-arm/arm-hisiv200-linux/bin/../lib/gcc/arm-hisiv200-linux-gnueabi/4.4.1/include -I/home/liujingfei/project/histb_project_v2_Apr9/histb/source/kernel/linux-3.10.y/arch/arm/include -Iarch/arm/include/generated  -Iinclude -I/home/liujingfei/project/histb_project_v2_Apr9/histb/source/kernel/linux-3.10.y/arch/arm/include/uapi -Iarch/arm/include/generated/uapi -I/home/liujingfei/project/histb_project_v2_Apr9/histb/source/kernel/linux-3.10.y/include/uapi -Iinclude/generated/uapi -include /home/liujingfei/project/histb_project_v2_Apr9/histb/source/kernel/linux-3.10.y/include/linux/kconfig.h -D__KERNEL__ -mlittle-endian -Iarch/arm/mach-s40/include -Wall -Wundef -Wstrict-prototypes -Wno-trigraphs -fno-strict-aliasing -fno-common -Werror-implicit-function-declaration -Wno-format-security -fno-delete-null-pointer-checks -O2 -fno-dwarf2-cfi-asm -fno-omit-frame-pointer -mapcs -mno-sched-prolog -fstack-protector -mabi=aapcs-linux -mno-thumb-interwork -funwind-tables -marm -D__LINUX_ARM_ARCH__=7 -march=armv7-a -msoft-float -Uarm -Wframe-larger-than=1024 -fno-omit-frame-pointer -fno-optimize-sibling-calls -pg -Wdeclaration-after-statement -Wno-pointer-sign -fno-strict-overflow -fconserve-stack -I/home/liujingfei/project/histb_project_v2_Apr9/histb/source/msp/drv/gpu/mali/linux/license/gpl -DCHIP_TYPE_hi3718cv100 -DSDK_VERSION="HiSTBLinuxV100R002C01SPC020" -DHI_GPIOI2C_SUPPORT -DHI_LOG_SUPPORT=1 -DHI_LOG_LEVEL=4 -DHI_PROC_SUPPORT=1 -DHI_KEYLED_SUPPORT -DHI_HDCP_SUPPORT -DHI_SCI_SUPPORT -DHI_VI_SUPPORT -DHI_VENC_SUPPORT -DHI_AENC_SUPPORT -DHI_PQ_SUPPORT -DCONFIG_GPU_MAX_SHARE_MEM_SIZE=0x10000000 -DCONFIG_MALI_DMA_BUF_MAP_ON_ATTACH -DCONFIG_GPU_DVFS_ENABLE -DGPU_PROC_SUPPORT -DCONFIG_GPU_AVS_ENABLE -DCONFIG_MALI400_PROFILING=1 -DCONFIG_MALI400=1 -DMALI_FAKE_PLATFORM_DEVICE=1 -DCONFIG_MALI400_PROFILING=1 -DCONFIG_MALI_DMA_BUF_MAP_ON_ATTACH -DCONFIG_MALI_SHARED_INTERRUPTS -DCHIP_TYPE_hi3718cv100 -DSDK_VERSION="HiSTBLinuxV100R002C01SPC020" -DHI_GPIOI2C_SUPPORT -DHI_LOG_SUPPORT=1 -DHI_LOG_LEVEL=4 -DHI_PROC_SUPPORT=1 -DHI_KEYLED_SUPPORT -DHI_HDCP_SUPPORT -DHI_SCI_SUPPORT -DHI_VI_SUPPORT -DHI_VENC_SUPPORT -DHI_AENC_SUPPORT -DHI_PQ_SUPPORT -DCONFIG_GPU_MAX_SHARE_MEM_SIZE=0x10000000 -DCONFIG_MALI_DMA_BUF_MAP_ON_ATTACH -DCONFIG_GPU_DVFS_ENABLE -DGPU_PROC_SUPPORT -DCONFIG_GPU_AVS_ENABLE -DCONFIG_MALI400_PROFILING=1 -DPROFILING_SKIP_PP_JOBS=0 -DPROFILING_SKIP_PP_AND_GP_JOBS=0 -DMALI_PP_SCHEDULER_FORCE_NO_JOB_OVERLAP=0 -DMALI_PP_SCHEDULER_KEEP_SUB_JOB_STARTS_ALIGNED=0 -DMALI_PP_SCHEDULER_FORCE_NO_JOB_OVERLAP_BETWEEN_APPS=0 -DMALI_STATE_TRACKING=1 -DMALI_OS_MEMORY_KERNEL_BUFFER_SIZE_IN_MB=16 -DUSING_GPU_UTILIZATION=1 -DMALI_ENABLE_CPU_CYCLES=0 -DMALI_UPPER_HALF_SCHEDULING -I/home/liujingfei/project/histb_project_v2_Apr9/histb/source/msp/drv/gpu/mali -I/home/liujingfei/project/histb_project_v2_Apr9/histb/source/msp/drv/gpu/mali/include -I/home/liujingfei/project/histb_project_v2_Apr9/histb/source/msp/drv/gpu/mali/common -I/home/liujingfei/project/histb_project_v2_Apr9/histb/source/msp/drv/gpu/mali/linux -I/home/liujingfei/project/histb_project_v2_Apr9/histb/source/msp/drv/gpu/mali/platform -DSVN_REV_STRING=\"r4p0-00rel0-v0.0.1.60\" -I/home/liujingfei/v2/histb/source/common/include -I/home/liujingfei/v2/histb/source/common/drv/include -I/home/liujingfei/v2/histb/source/msp/drv/include  -DMODULE  -D"KBUILD_STR(s)=#s" -D"KBUILD_BASENAME=KBUILD_STR(__malidrv_build_info)"  -D"KBUILD_MODNAME=KBUILD_STR(mali)" -c -o /home/liujingfei/project/histb_project_v2_Apr9/histb/source/msp/drv/gpu/mali/__malidrv_build_info.o /home/liujingfei/project/histb_project_v2_Apr9/histb/source/msp/drv/gpu/mali/__malidrv_build_info.c
  if [ "-pg" = "-pg" ]; then if [ /home/liujingfei/project/histb_project_v2_Apr9/histb/source/msp/drv/gpu/mali/__malidrv_build_info.o != "scripts/mod/empty.o" ]; then /home/liujingfei/project/histb_project_v2_Apr9/histb/source/kernel/linux-3.10.y/scripts/recordmcount  "/home/liujingfei/project/histb_project_v2_Apr9/histb/source/msp/drv/gpu/mali/__malidrv_build_info.o"; fi; fi;
  arm-hisiv200-linux-ld -EL    -r -o /home/liujingfei/project/histb_project_v2_Apr9/histb/source/msp/drv/gpu/mali/mali.o /home/liujingfei/project/histb_project_v2_Apr9/histb/source/msp/drv/gpu/mali/linux/mali_osk_atomics.o /home/liujingfei/project/histb_project_v2_Apr9/histb/source/msp/drv/gpu/mali/linux/mali_osk_irq.o /home/liujingfei/project/histb_project_v2_Apr9/histb/source/msp/drv/gpu/mali/linux/mali_osk_wq.o /home/liujingfei/project/histb_project_v2_Apr9/histb/source/msp/drv/gpu/mali/linux/mali_osk_locks.o /home/liujingfei/project/histb_project_v2_Apr9/histb/source/msp/drv/gpu/mali/linux/mali_osk_wait_queue.o /home/liujingfei/project/histb_project_v2_Apr9/histb/source/msp/drv/gpu/mali/linux/mali_osk_low_level_mem.o /home/liujingfei/project/histb_project_v2_Apr9/histb/source/msp/drv/gpu/mali/linux/mali_osk_math.o /home/liujingfei/project/histb_project_v2_Apr9/histb/source/msp/drv/gpu/mali/linux/mali_osk_memory.o /home/liujingfei/project/histb_project_v2_Apr9/histb/source/msp/drv/gpu/mali/linux/mali_osk_misc.o /home/liujingfei/project/histb_project_v2_Apr9/histb/source/msp/drv/gpu/mali/linux/mali_osk_mali.o /home/liujingfei/project/histb_project_v2_Apr9/histb/source/msp/drv/gpu/mali/linux/mali_osk_notification.o /home/liujingfei/project/histb_project_v2_Apr9/histb/source/msp/drv/gpu/mali/linux/mali_osk_time.o /home/liujingfei/project/histb_project_v2_Apr9/histb/source/msp/drv/gpu/mali/linux/mali_osk_timers.o /home/liujingfei/project/histb_project_v2_Apr9/histb/source/msp/drv/gpu/mali/linux/mali_memory.o /home/liujingfei/project/histb_project_v2_Apr9/histb/source/msp/drv/gpu/mali/linux/mali_memory_os_alloc.o /home/liujingfei/project/histb_project_v2_Apr9/histb/source/msp/drv/gpu/mali/linux/mali_memory_external.o /home/liujingfei/project/histb_project_v2_Apr9/histb/source/msp/drv/gpu/mali/linux/mali_memory_block_alloc.o /home/liujingfei/project/histb_project_v2_Apr9/histb/source/msp/drv/gpu/mali/linux/mali_ukk_mem.o /home/liujingfei/project/histb_project_v2_Apr9/histb/source/msp/drv/gpu/mali/linux/mali_ukk_gp.o /home/liujingfei/project/histb_project_v2_Apr9/histb/source/msp/drv/gpu/mali/linux/mali_ukk_pp.o /home/liujingfei/project/histb_project_v2_Apr9/histb/source/msp/drv/gpu/mali/linux/mali_ukk_core.o /home/liujingfei/project/histb_project_v2_Apr9/histb/source/msp/drv/gpu/mali/linux/mali_ukk_soft_job.o /home/liujingfei/project/histb_project_v2_Apr9/histb/source/msp/drv/gpu/mali/linux/mali_ukk_timeline.o /home/liujingfei/project/histb_project_v2_Apr9/histb/source/msp/drv/gpu/mali/common/mali_kernel_core.o /home/liujingfei/project/histb_project_v2_Apr9/histb/source/msp/drv/gpu/mali/linux/mali_kernel_linux.o /home/liujingfei/project/histb_project_v2_Apr9/histb/source/msp/drv/gpu/mali/common/mali_kernel_descriptor_mapping.o /home/liujingfei/project/histb_project_v2_Apr9/histb/source/msp/drv/gpu/mali/common/mali_session.o /home/liujingfei/project/histb_project_v2_Apr9/histb/source/msp/drv/gpu/mali/linux/mali_device_pause_resume.o /home/liujingfei/project/histb_project_v2_Apr9/histb/source/msp/drv/gpu/mali/common/mali_kernel_vsync.o /home/liujingfei/project/histb_project_v2_Apr9/histb/source/msp/drv/gpu/mali/linux/mali_ukk_vsync.o /home/liujingfei/project/histb_project_v2_Apr9/histb/source/msp/drv/gpu/mali/linux/mali_kernel_sysfs.o /home/liujingfei/project/histb_project_v2_Apr9/histb/source/msp/drv/gpu/mali/common/mali_mmu.o /home/liujingfei/project/histb_project_v2_Apr9/histb/source/msp/drv/gpu/mali/common/mali_mmu_page_directory.o /home/liujingfei/project/histb_project_v2_Apr9/histb/source/msp/drv/gpu/mali/common/mali_mem_validation.o /home/liujingfei/project/histb_project_v2_Apr9/histb/source/msp/drv/gpu/mali/common/mali_hw_core.o /home/liujingfei/project/histb_project_v2_Apr9/histb/source/msp/drv/gpu/mali/common/mali_gp.o /home/liujingfei/project/histb_project_v2_Apr9/histb/source/msp/drv/gpu/mali/common/mali_pp.o /home/liujingfei/project/histb_project_v2_Apr9/histb/source/msp/drv/gpu/mali/common/mali_pp_job.o /home/liujingfei/project/histb_project_v2_Apr9/histb/source/msp/drv/gpu/mali/common/mali_gp_job.o /home/liujingfei/project/histb_project_v2_Apr9/histb/source/msp/drv/gpu/mali/common/mali_soft_job.o /home/liujingfei/project/histb_project_v2_Apr9/histb/source/msp/drv/gpu/mali/common/mali_scheduler.o /home/liujingfei/project/histb_project_v2_Apr9/histb/source/msp/drv/gpu/mali/common/mali_gp_scheduler.o /home/liujingfei/project/histb_project_v2_Apr9/histb/source/msp/drv/gpu/mali/common/mali_pp_scheduler.o /home/liujingfei/project/histb_project_v2_Apr9/histb/source/msp/drv/gpu/mali/common/mali_group.o /home/liujingfei/project/histb_project_v2_Apr9/histb/source/msp/drv/gpu/mali/common/mali_dlbu.o /home/liujingfei/project/histb_project_v2_Apr9/histb/source/msp/drv/gpu/mali/common/mali_broadcast.o /home/liujingfei/project/histb_project_v2_Apr9/histb/source/msp/drv/gpu/mali/common/mali_pm.o /home/liujingfei/project/histb_project_v2_Apr9/histb/source/msp/drv/gpu/mali/common/mali_pmu.o /home/liujingfei/project/histb_project_v2_Apr9/histb/source/msp/drv/gpu/mali/common/mali_user_settings_db.o /home/liujingfei/project/histb_project_v2_Apr9/histb/source/msp/drv/gpu/mali/common/mali_kernel_utilization.o /home/liujingfei/project/histb_project_v2_Apr9/histb/source/msp/drv/gpu/mali/common/mali_l2_cache.o /home/liujingfei/project/histb_project_v2_Apr9/histb/source/msp/drv/gpu/mali/common/mali_dma.o /home/liujingfei/project/histb_project_v2_Apr9/histb/source/msp/drv/gpu/mali/common/mali_timeline.o /home/liujingfei/project/histb_project_v2_Apr9/histb/source/msp/drv/gpu/mali/common/mali_timeline_fence_wait.o /home/liujingfei/project/histb_project_v2_Apr9/histb/source/msp/drv/gpu/mali/common/mali_timeline_sync_fence.o /home/liujingfei/project/histb_project_v2_Apr9/histb/source/msp/drv/gpu/mali/common/mali_spinlock_reentrant.o /home/liujingfei/project/histb_project_v2_Apr9/histb/source/msp/drv/gpu/mali/common/mali_pm_domain.o /home/liujingfei/project/histb_project_v2_Apr9/histb/source/msp/drv/gpu/mali/linux/mali_osk_pm.o /home/liujingfei/project/histb_project_v2_Apr9/histb/source/msp/drv/gpu/mali/linux/mali_pmu_power_up_down.o /home/liujingfei/project/histb_project_v2_Apr9/histb/source/msp/drv/gpu/mali/__malidrv_build_info.o /home/liujingfei/project/histb_project_v2_Apr9/histb/source/msp/drv/gpu/mali/platform/s40v200/s40v200.o /home/liujingfei/project/histb_project_v2_Apr9/histb/source/msp/drv/gpu/mali/platform/s40v200/s40v200_clk.o /home/liujingfei/project/histb_project_v2_Apr9/histb/source/msp/drv/gpu/mali/platform/s40v200/s40v200_core_scaling.o /home/liujingfei/project/histb_project_v2_Apr9/histb/source/msp/drv/gpu/mali/platform/s40v200/s40v200_gpu_proc.o /home/liujingfei/project/histb_project_v2_Apr9/histb/source/msp/drv/gpu/mali/platform/s40v200/s40v200_pmu.o /home/liujingfei/project/histb_project_v2_Apr9/histb/source/msp/drv/gpu/mali/linux/mali_ukk_profiling.o /home/liujingfei/project/histb_project_v2_Apr9/histb/source/msp/drv/gpu/mali/linux/mali_osk_profiling.o /home/liujingfei/project/histb_project_v2_Apr9/histb/source/msp/drv/gpu/mali/linux/mali_memory_dma_buf.o 
(cat /dev/null;   echo kernel//home/liujingfei/project/histb_project_v2_Apr9/histb/source/msp/drv/gpu/mali/mali.ko;) > /home/liujingfei/project/histb_project_v2_Apr9/histb/source/msp/drv/gpu/mali/modules.order
make -f /home/liujingfei/project/histb_project_v2_Apr9/histb/source/kernel/linux-3.10.y/scripts/Makefile.modpost
  find /home/liujingfei/project/histb_project_v2_Apr9/histb/source/msp/drv/gpu/mali/.tmp_versions -name '*.mod' | xargs -r grep -h '\.ko$' | sort -u | sed 's/\.ko$/.o/' | scripts/mod/modpost   -i /home/liujingfei/project/histb_project_v2_Apr9/histb/source/kernel/linux-3.10.y/Module.symvers -I /home/liujingfei/project/histb_project_v2_Apr9/histb/source/msp/drv/gpu/mali/Module.symvers   -e /home/liujingfei/v2/histb/source/common/drv/Module.symvers  -e /home/liujingfei/v2/histb/source/common/drv/Module.symvers -o /home/liujingfei/project/histb_project_v2_Apr9/histb/source/msp/drv/gpu/mali/Module.symvers -S -w -s -T -
WARNING: modpost: Found 1 section mismatch(es).
To see full details build your kernel with:
'make CONFIG_DEBUG_SECTION_MISMATCH=y'
  arm-hisiv200-linux-gcc -Wp,-MD,/home/liujingfei/project/histb_project_v2_Apr9/histb/source/msp/drv/gpu/mali/.mali.mod.o.d  -nostdinc -isystem /opt/hisi-linux/x86-arm/arm-hisiv200-linux/bin/../lib/gcc/arm-hisiv200-linux-gnueabi/4.4.1/include -I/home/liujingfei/project/histb_project_v2_Apr9/histb/source/kernel/linux-3.10.y/arch/arm/include -Iarch/arm/include/generated  -Iinclude -I/home/liujingfei/project/histb_project_v2_Apr9/histb/source/kernel/linux-3.10.y/arch/arm/include/uapi -Iarch/arm/include/generated/uapi -I/home/liujingfei/project/histb_project_v2_Apr9/histb/source/kernel/linux-3.10.y/include/uapi -Iinclude/generated/uapi -include /home/liujingfei/project/histb_project_v2_Apr9/histb/source/kernel/linux-3.10.y/include/linux/kconfig.h -D__KERNEL__ -mlittle-endian -Iarch/arm/mach-s40/include -Wall -Wundef -Wstrict-prototypes -Wno-trigraphs -fno-strict-aliasing -fno-common -Werror-implicit-function-declaration -Wno-format-security -fno-delete-null-pointer-checks -O2 -fno-dwarf2-cfi-asm -fno-omit-frame-pointer -mapcs -mno-sched-prolog -fstack-protector -mabi=aapcs-linux -mno-thumb-interwork -funwind-tables -marm -D__LINUX_ARM_ARCH__=7 -march=armv7-a -msoft-float -Uarm -Wframe-larger-than=1024 -fno-omit-frame-pointer -fno-optimize-sibling-calls -pg -Wdeclaration-after-statement -Wno-pointer-sign -fno-strict-overflow -fconserve-stack -I/home/liujingfei/project/histb_project_v2_Apr9/histb/source/msp/drv/gpu/mali/linux/license/gpl -DCHIP_TYPE_hi3718cv100 -DSDK_VERSION="HiSTBLinuxV100R002C01SPC020" -DHI_GPIOI2C_SUPPORT -DHI_LOG_SUPPORT=1 -DHI_LOG_LEVEL=4 -DHI_PROC_SUPPORT=1 -DHI_KEYLED_SUPPORT -DHI_HDCP_SUPPORT -DHI_SCI_SUPPORT -DHI_VI_SUPPORT -DHI_VENC_SUPPORT -DHI_AENC_SUPPORT -DHI_PQ_SUPPORT -DCONFIG_GPU_MAX_SHARE_MEM_SIZE=0x10000000 -DCONFIG_MALI_DMA_BUF_MAP_ON_ATTACH -DCONFIG_GPU_DVFS_ENABLE -DGPU_PROC_SUPPORT -DCONFIG_GPU_AVS_ENABLE -DCONFIG_MALI400_PROFILING=1 -DCONFIG_MALI400=1 -DMALI_FAKE_PLATFORM_DEVICE=1 -DCONFIG_MALI400_PROFILING=1 -DCONFIG_MALI_DMA_BUF_MAP_ON_ATTACH -DCONFIG_MALI_SHARED_INTERRUPTS -DCHIP_TYPE_hi3718cv100 -DSDK_VERSION="HiSTBLinuxV100R002C01SPC020" -DHI_GPIOI2C_SUPPORT -DHI_LOG_SUPPORT=1 -DHI_LOG_LEVEL=4 -DHI_PROC_SUPPORT=1 -DHI_KEYLED_SUPPORT -DHI_HDCP_SUPPORT -DHI_SCI_SUPPORT -DHI_VI_SUPPORT -DHI_VENC_SUPPORT -DHI_AENC_SUPPORT -DHI_PQ_SUPPORT -DCONFIG_GPU_MAX_SHARE_MEM_SIZE=0x10000000 -DCONFIG_MALI_DMA_BUF_MAP_ON_ATTACH -DCONFIG_GPU_DVFS_ENABLE -DGPU_PROC_SUPPORT -DCONFIG_GPU_AVS_ENABLE -DCONFIG_MALI400_PROFILING=1 -DPROFILING_SKIP_PP_JOBS=0 -DPROFILING_SKIP_PP_AND_GP_JOBS=0 -DMALI_PP_SCHEDULER_FORCE_NO_JOB_OVERLAP=0 -DMALI_PP_SCHEDULER_KEEP_SUB_JOB_STARTS_ALIGNED=0 -DMALI_PP_SCHEDULER_FORCE_NO_JOB_OVERLAP_BETWEEN_APPS=0 -DMALI_STATE_TRACKING=1 -DMALI_OS_MEMORY_KERNEL_BUFFER_SIZE_IN_MB=16 -DUSING_GPU_UTILIZATION=1 -DMALI_ENABLE_CPU_CYCLES=0 -DMALI_UPPER_HALF_SCHEDULING -I/home/liujingfei/project/histb_project_v2_Apr9/histb/source/msp/drv/gpu/mali -I/home/liujingfei/project/histb_project_v2_Apr9/histb/source/msp/drv/gpu/mali/include -I/home/liujingfei/project/histb_project_v2_Apr9/histb/source/msp/drv/gpu/mali/common -I/home/liujingfei/project/histb_project_v2_Apr9/histb/source/msp/drv/gpu/mali/linux -I/home/liujingfei/project/histb_project_v2_Apr9/histb/source/msp/drv/gpu/mali/platform -DSVN_REV_STRING=\"r4p0-00rel0-v0.0.1.60\" -I/home/liujingfei/v2/histb/source/common/include -I/home/liujingfei/v2/histb/source/common/drv/include -I/home/liujingfei/v2/histb/source/msp/drv/include -I/home/liujingfei/v2/histb/source/common/include -I/home/liujingfei/v2/histb/source/common/drv/include -I/home/liujingfei/v2/histb/source/msp/drv/include  -D"KBUILD_STR(s)=#s" -D"KBUILD_BASENAME=KBUILD_STR(mali.mod)"  -D"KBUILD_MODNAME=KBUILD_STR(mali)" -DMODULE  -c -o /home/liujingfei/project/histb_project_v2_Apr9/histb/source/msp/drv/gpu/mali/mali.mod.o /home/liujingfei/project/histb_project_v2_Apr9/histb/source/msp/drv/gpu/mali/mali.mod.c
  arm-hisiv200-linux-ld -EL -r  -T /home/liujingfei/project/histb_project_v2_Apr9/histb/source/kernel/linux-3.10.y/scripts/module-common.lds --build-id  -o /home/liujingfei/project/histb_project_v2_Apr9/histb/source/msp/drv/gpu/mali/mali.ko /home/liujingfei/project/histb_project_v2_Apr9/histb/source/msp/drv/gpu/mali/mali.o /home/liujingfei/project/histb_project_v2_Apr9/histb/source/msp/drv/gpu/mali/mali.mod.o
make[5]: Leaving directory `/home/liujingfei/project/histb_project_v2_Apr9/histb/source/kernel/linux-3.10.y'
make[4]: Leaving directory `/home/liujingfei/project/histb_project_v2_Apr9/histb/source/msp/drv/gpu/mali'
make[3]: Leaving directory `/home/liujingfei/project/histb_project_v2_Apr9/histb/source/msp/drv/gpu'
make -C keyled install
make[3]: Entering directory `/home/liujingfei/project/histb_project_v2_Apr9/histb/source/msp/drv/keyled'
make[4]: Entering directory `/home/liujingfei/project/histb_project_v2_Apr9/histb/source/kernel/linux-3.10.y'
test -e include/generated/autoconf.h -a -e include/config/auto.conf || (		\
	echo >&2;							\
	echo >&2 "  ERROR: Kernel configuration is invalid.";		\
	echo >&2 "         include/generated/autoconf.h or include/config/auto.conf are missing.";\
	echo >&2 "         Run 'make oldconfig && make prepare' on kernel src to fix it.";	\
	echo >&2 ;							\
	/bin/false)
mkdir -p /home/liujingfei/project/histb_project_v2_Apr9/histb/source/msp/drv/keyled/.tmp_versions ; rm -f /home/liujingfei/project/histb_project_v2_Apr9/histb/source/msp/drv/keyled/.tmp_versions/*
make -f scripts/Makefile.build obj=/home/liujingfei/project/histb_project_v2_Apr9/histb/source/msp/drv/keyled
(cat /dev/null;   echo kernel//home/liujingfei/project/histb_project_v2_Apr9/histb/source/msp/drv/keyled/hi_keyled.ko;) > /home/liujingfei/project/histb_project_v2_Apr9/histb/source/msp/drv/keyled/modules.order
make -f /home/liujingfei/project/histb_project_v2_Apr9/histb/source/kernel/linux-3.10.y/scripts/Makefile.modpost
  find /home/liujingfei/project/histb_project_v2_Apr9/histb/source/msp/drv/keyled/.tmp_versions -name '*.mod' | xargs -r grep -h '\.ko$' | sort -u | sed 's/\.ko$/.o/' | scripts/mod/modpost   -i /home/liujingfei/project/histb_project_v2_Apr9/histb/source/kernel/linux-3.10.y/Module.symvers -I /home/liujingfei/project/histb_project_v2_Apr9/histb/source/msp/drv/keyled/Module.symvers   -e /home/liujingfei/v2/histb/source/common/drv/Module.symvers -o /home/liujingfei/project/histb_project_v2_Apr9/histb/source/msp/drv/keyled/Module.symvers -S -w -s -T -
make[4]: Leaving directory `/home/liujingfei/project/histb_project_v2_Apr9/histb/source/kernel/linux-3.10.y'
make[3]: Leaving directory `/home/liujingfei/project/histb_project_v2_Apr9/histb/source/msp/drv/keyled'
make -C sci install
make[3]: Entering directory `/home/liujingfei/project/histb_project_v2_Apr9/histb/source/msp/drv/sci'
make[4]: Entering directory `/home/liujingfei/project/histb_project_v2_Apr9/histb/source/kernel/linux-3.10.y'
test -e include/generated/autoconf.h -a -e include/config/auto.conf || (		\
	echo >&2;							\
	echo >&2 "  ERROR: Kernel configuration is invalid.";		\
	echo >&2 "         include/generated/autoconf.h or include/config/auto.conf are missing.";\
	echo >&2 "         Run 'make oldconfig && make prepare' on kernel src to fix it.";	\
	echo >&2 ;							\
	/bin/false)
mkdir -p /home/liujingfei/project/histb_project_v2_Apr9/histb/source/msp/drv/sci/.tmp_versions ; rm -f /home/liujingfei/project/histb_project_v2_Apr9/histb/source/msp/drv/sci/.tmp_versions/*
make -f scripts/Makefile.build obj=/home/liujingfei/project/histb_project_v2_Apr9/histb/source/msp/drv/sci
(cat /dev/null;   echo kernel//home/liujingfei/project/histb_project_v2_Apr9/histb/source/msp/drv/sci/hi_sci.ko;) > /home/liujingfei/project/histb_project_v2_Apr9/histb/source/msp/drv/sci/modules.order
make -f /home/liujingfei/project/histb_project_v2_Apr9/histb/source/kernel/linux-3.10.y/scripts/Makefile.modpost
  find /home/liujingfei/project/histb_project_v2_Apr9/histb/source/msp/drv/sci/.tmp_versions -name '*.mod' | xargs -r grep -h '\.ko$' | sort -u | sed 's/\.ko$/.o/' | scripts/mod/modpost   -i /home/liujingfei/project/histb_project_v2_Apr9/histb/source/kernel/linux-3.10.y/Module.symvers -I /home/liujingfei/project/histb_project_v2_Apr9/histb/source/msp/drv/sci/Module.symvers   -e /home/liujingfei/v2/histb/source/common/drv/Module.symvers -o /home/liujingfei/project/histb_project_v2_Apr9/histb/source/msp/drv/sci/Module.symvers -S -w -s -T -
make[4]: Leaving directory `/home/liujingfei/project/histb_project_v2_Apr9/histb/source/kernel/linux-3.10.y'
make[3]: Leaving directory `/home/liujingfei/project/histb_project_v2_Apr9/histb/source/msp/drv/sci'
make -C aenc install
make[3]: Entering directory `/home/liujingfei/project/histb_project_v2_Apr9/histb/source/msp/drv/aenc'
make[4]: Entering directory `/home/liujingfei/project/histb_project_v2_Apr9/histb/source/kernel/linux-3.10.y'
test -e include/generated/autoconf.h -a -e include/config/auto.conf || (		\
	echo >&2;							\
	echo >&2 "  ERROR: Kernel configuration is invalid.";		\
	echo >&2 "         include/generated/autoconf.h or include/config/auto.conf are missing.";\
	echo >&2 "         Run 'make oldconfig && make prepare' on kernel src to fix it.";	\
	echo >&2 ;							\
	/bin/false)
mkdir -p /home/liujingfei/project/histb_project_v2_Apr9/histb/source/msp/drv/aenc/.tmp_versions ; rm -f /home/liujingfei/project/histb_project_v2_Apr9/histb/source/msp/drv/aenc/.tmp_versions/*
make -f scripts/Makefile.build obj=/home/liujingfei/project/histb_project_v2_Apr9/histb/source/msp/drv/aenc
(cat /dev/null;   echo kernel//home/liujingfei/project/histb_project_v2_Apr9/histb/source/msp/drv/aenc/hi_aenc.ko;) > /home/liujingfei/project/histb_project_v2_Apr9/histb/source/msp/drv/aenc/modules.order
make -f /home/liujingfei/project/histb_project_v2_Apr9/histb/source/kernel/linux-3.10.y/scripts/Makefile.modpost
  find /home/liujingfei/project/histb_project_v2_Apr9/histb/source/msp/drv/aenc/.tmp_versions -name '*.mod' | xargs -r grep -h '\.ko$' | sort -u | sed 's/\.ko$/.o/' | scripts/mod/modpost   -i /home/liujingfei/project/histb_project_v2_Apr9/histb/source/kernel/linux-3.10.y/Module.symvers -I /home/liujingfei/project/histb_project_v2_Apr9/histb/source/msp/drv/aenc/Module.symvers   -e /home/liujingfei/v2/histb/source/common/drv/Module.symvers -o /home/liujingfei/project/histb_project_v2_Apr9/histb/source/msp/drv/aenc/Module.symvers -S -w -s -T -
make[4]: Leaving directory `/home/liujingfei/project/histb_project_v2_Apr9/histb/source/kernel/linux-3.10.y'
make[3]: Leaving directory `/home/liujingfei/project/histb_project_v2_Apr9/histb/source/msp/drv/aenc'
make -C venc install
make[3]: Entering directory `/home/liujingfei/project/histb_project_v2_Apr9/histb/source/msp/drv/venc'
make[4]: Entering directory `/home/liujingfei/project/histb_project_v2_Apr9/histb/source/kernel/linux-3.10.y'
test -e include/generated/autoconf.h -a -e include/config/auto.conf || (		\
	echo >&2;							\
	echo >&2 "  ERROR: Kernel configuration is invalid.";		\
	echo >&2 "         include/generated/autoconf.h or include/config/auto.conf are missing.";\
	echo >&2 "         Run 'make oldconfig && make prepare' on kernel src to fix it.";	\
	echo >&2 ;							\
	/bin/false)
mkdir -p /home/liujingfei/project/histb_project_v2_Apr9/histb/source/msp/drv/venc/.tmp_versions ; rm -f /home/liujingfei/project/histb_project_v2_Apr9/histb/source/msp/drv/venc/.tmp_versions/*
make -f scripts/Makefile.build obj=/home/liujingfei/project/histb_project_v2_Apr9/histb/source/msp/drv/venc
(cat /dev/null;   echo kernel//home/liujingfei/project/histb_project_v2_Apr9/histb/source/msp/drv/venc/hi_venc.ko;) > /home/liujingfei/project/histb_project_v2_Apr9/histb/source/msp/drv/venc/modules.order
make -f /home/liujingfei/project/histb_project_v2_Apr9/histb/source/kernel/linux-3.10.y/scripts/Makefile.modpost
  find /home/liujingfei/project/histb_project_v2_Apr9/histb/source/msp/drv/venc/.tmp_versions -name '*.mod' | xargs -r grep -h '\.ko$' | sort -u | sed 's/\.ko$/.o/' | scripts/mod/modpost   -i /home/liujingfei/project/histb_project_v2_Apr9/histb/source/kernel/linux-3.10.y/Module.symvers -I /home/liujingfei/project/histb_project_v2_Apr9/histb/source/msp/drv/venc/Module.symvers   -e /home/liujingfei/v2/histb/source/common/drv/Module.symvers -o /home/liujingfei/project/histb_project_v2_Apr9/histb/source/msp/drv/venc/Module.symvers -S -w -s -T -
make[4]: Leaving directory `/home/liujingfei/project/histb_project_v2_Apr9/histb/source/kernel/linux-3.10.y'
make[3]: Leaving directory `/home/liujingfei/project/histb_project_v2_Apr9/histb/source/msp/drv/venc'
make -C vi install
make[3]: Entering directory `/home/liujingfei/project/histb_project_v2_Apr9/histb/source/msp/drv/vi'
make[4]: Entering directory `/home/liujingfei/project/histb_project_v2_Apr9/histb/source/kernel/linux-3.10.y'
test -e include/generated/autoconf.h -a -e include/config/auto.conf || (		\
	echo >&2;							\
	echo >&2 "  ERROR: Kernel configuration is invalid.";		\
	echo >&2 "         include/generated/autoconf.h or include/config/auto.conf are missing.";\
	echo >&2 "         Run 'make oldconfig && make prepare' on kernel src to fix it.";	\
	echo >&2 ;							\
	/bin/false)
mkdir -p /home/liujingfei/project/histb_project_v2_Apr9/histb/source/msp/drv/vi/.tmp_versions ; rm -f /home/liujingfei/project/histb_project_v2_Apr9/histb/source/msp/drv/vi/.tmp_versions/*
make -f scripts/Makefile.build obj=/home/liujingfei/project/histb_project_v2_Apr9/histb/source/msp/drv/vi
(cat /dev/null;   echo kernel//home/liujingfei/project/histb_project_v2_Apr9/histb/source/msp/drv/vi/hi_vi.ko;) > /home/liujingfei/project/histb_project_v2_Apr9/histb/source/msp/drv/vi/modules.order
make -f /home/liujingfei/project/histb_project_v2_Apr9/histb/source/kernel/linux-3.10.y/scripts/Makefile.modpost
  find /home/liujingfei/project/histb_project_v2_Apr9/histb/source/msp/drv/vi/.tmp_versions -name '*.mod' | xargs -r grep -h '\.ko$' | sort -u | sed 's/\.ko$/.o/' | scripts/mod/modpost   -i /home/liujingfei/project/histb_project_v2_Apr9/histb/source/kernel/linux-3.10.y/Module.symvers -I /home/liujingfei/project/histb_project_v2_Apr9/histb/source/msp/drv/vi/Module.symvers   -e /home/liujingfei/v2/histb/source/common/drv/Module.symvers -o /home/liujingfei/project/histb_project_v2_Apr9/histb/source/msp/drv/vi/Module.symvers -S -w -s -T -
make[4]: Leaving directory `/home/liujingfei/project/histb_project_v2_Apr9/histb/source/kernel/linux-3.10.y'
make[3]: Leaving directory `/home/liujingfei/project/histb_project_v2_Apr9/histb/source/msp/drv/vi'
make -C vad install
make[3]: Entering directory `/home/liujingfei/project/histb_project_v2_Apr9/histb/source/msp/drv/vad'
make[4]: Entering directory `/home/liujingfei/project/histb_project_v2_Apr9/histb/source/msp/drv/vad/sil9293'
make[5]: Entering directory `/home/liujingfei/project/histb_project_v2_Apr9/histb/source/kernel/linux-3.10.y'
test -e include/generated/autoconf.h -a -e include/config/auto.conf || (		\
	echo >&2;							\
	echo >&2 "  ERROR: Kernel configuration is invalid.";		\
	echo >&2 "         include/generated/autoconf.h or include/config/auto.conf are missing.";\
	echo >&2 "         Run 'make oldconfig && make prepare' on kernel src to fix it.";	\
	echo >&2 ;							\
	/bin/false)
mkdir -p /home/liujingfei/project/histb_project_v2_Apr9/histb/source/msp/drv/vad/sil9293/.tmp_versions ; rm -f /home/liujingfei/project/histb_project_v2_Apr9/histb/source/msp/drv/vad/sil9293/.tmp_versions/*
make -f scripts/Makefile.build obj=/home/liujingfei/project/histb_project_v2_Apr9/histb/source/msp/drv/vad/sil9293
(cat /dev/null;   echo kernel//home/liujingfei/project/histb_project_v2_Apr9/histb/source/msp/drv/vad/sil9293/hi_sil9293.ko;) > /home/liujingfei/project/histb_project_v2_Apr9/histb/source/msp/drv/vad/sil9293/modules.order
make -f /home/liujingfei/project/histb_project_v2_Apr9/histb/source/kernel/linux-3.10.y/scripts/Makefile.modpost
  find /home/liujingfei/project/histb_project_v2_Apr9/histb/source/msp/drv/vad/sil9293/.tmp_versions -name '*.mod' | xargs -r grep -h '\.ko$' | sort -u | sed 's/\.ko$/.o/' | scripts/mod/modpost   -i /home/liujingfei/project/histb_project_v2_Apr9/histb/source/kernel/linux-3.10.y/Module.symvers -I /home/liujingfei/project/histb_project_v2_Apr9/histb/source/msp/drv/vad/sil9293/Module.symvers   -e /home/liujingfei/v2/histb/source/common/drv/Module.symvers -o /home/liujingfei/project/histb_project_v2_Apr9/histb/source/msp/drv/vad/sil9293/Module.symvers -S -w -s -T -
make[5]: Leaving directory `/home/liujingfei/project/histb_project_v2_Apr9/histb/source/kernel/linux-3.10.y'
make[4]: Leaving directory `/home/liujingfei/project/histb_project_v2_Apr9/histb/source/msp/drv/vad/sil9293'
make[4]: Entering directory `/home/liujingfei/project/histb_project_v2_Apr9/histb/source/msp/drv/vad/sil9293'
make[5]: Entering directory `/home/liujingfei/project/histb_project_v2_Apr9/histb/source/kernel/linux-3.10.y'
test -e include/generated/autoconf.h -a -e include/config/auto.conf || (		\
	echo >&2;							\
	echo >&2 "  ERROR: Kernel configuration is invalid.";		\
	echo >&2 "         include/generated/autoconf.h or include/config/auto.conf are missing.";\
	echo >&2 "         Run 'make oldconfig && make prepare' on kernel src to fix it.";	\
	echo >&2 ;							\
	/bin/false)
mkdir -p /home/liujingfei/project/histb_project_v2_Apr9/histb/source/msp/drv/vad/sil9293/.tmp_versions ; rm -f /home/liujingfei/project/histb_project_v2_Apr9/histb/source/msp/drv/vad/sil9293/.tmp_versions/*
make -f scripts/Makefile.build obj=/home/liujingfei/project/histb_project_v2_Apr9/histb/source/msp/drv/vad/sil9293
(cat /dev/null;   echo kernel//home/liujingfei/project/histb_project_v2_Apr9/histb/source/msp/drv/vad/sil9293/hi_sil9293.ko;) > /home/liujingfei/project/histb_project_v2_Apr9/histb/source/msp/drv/vad/sil9293/modules.order
make -f /home/liujingfei/project/histb_project_v2_Apr9/histb/source/kernel/linux-3.10.y/scripts/Makefile.modpost
  find /home/liujingfei/project/histb_project_v2_Apr9/histb/source/msp/drv/vad/sil9293/.tmp_versions -name '*.mod' | xargs -r grep -h '\.ko$' | sort -u | sed 's/\.ko$/.o/' | scripts/mod/modpost   -i /home/liujingfei/project/histb_project_v2_Apr9/histb/source/kernel/linux-3.10.y/Module.symvers -I /home/liujingfei/project/histb_project_v2_Apr9/histb/source/msp/drv/vad/sil9293/Module.symvers   -e /home/liujingfei/v2/histb/source/common/drv/Module.symvers -o /home/liujingfei/project/histb_project_v2_Apr9/histb/source/msp/drv/vad/sil9293/Module.symvers -S -w -s -T -
make[5]: Leaving directory `/home/liujingfei/project/histb_project_v2_Apr9/histb/source/kernel/linux-3.10.y'
make[4]: Leaving directory `/home/liujingfei/project/histb_project_v2_Apr9/histb/source/msp/drv/vad/sil9293'
make[3]: Leaving directory `/home/liujingfei/project/histb_project_v2_Apr9/histb/source/msp/drv/vad'
make[2]: Leaving directory `/home/liujingfei/project/histb_project_v2_Apr9/histb/source/msp/drv'
make -C api install
make[2]: Entering directory `/home/liujingfei/project/histb_project_v2_Apr9/histb/source/msp/api'
make[3]: Entering directory `/home/liujingfei/project/histb_project_v2_Apr9/histb/source/msp/api/hdmi'
make[3]: Leaving directory `/home/liujingfei/project/histb_project_v2_Apr9/histb/source/msp/api/hdmi'
make[3]: Entering directory `/home/liujingfei/project/histb_project_v2_Apr9/histb/source/msp/api/gpio'
make[3]: Leaving directory `/home/liujingfei/project/histb_project_v2_Apr9/histb/source/msp/api/gpio'
make[3]: Entering directory `/home/liujingfei/project/histb_project_v2_Apr9/histb/source/msp/api/vo'
make[3]: Leaving directory `/home/liujingfei/project/histb_project_v2_Apr9/histb/source/msp/api/vo'
make[3]: Entering directory `/home/liujingfei/project/histb_project_v2_Apr9/histb/source/msp/api/pdm'
make[3]: Leaving directory `/home/liujingfei/project/histb_project_v2_Apr9/histb/source/msp/api/pdm'
make[3]: Entering directory `/home/liujingfei/project/histb_project_v2_Apr9/histb/source/msp/api/cipher'
make[3]: Leaving directory `/home/liujingfei/project/histb_project_v2_Apr9/histb/source/msp/api/cipher'
make[3]: Entering directory `/home/liujingfei/project/histb_project_v2_Apr9/histb/source/msp/api/advca'
make[3]: Leaving directory `/home/liujingfei/project/histb_project_v2_Apr9/histb/source/msp/api/advca'
make[3]: Entering directory `/home/liujingfei/project/histb_project_v2_Apr9/histb/source/msp/api/pwm'
make[3]: Leaving directory `/home/liujingfei/project/histb_project_v2_Apr9/histb/source/msp/api/pwm'
make[3]: Entering directory `/home/liujingfei/project/histb_project_v2_Apr9/histb/source/msp/api/i2c'
make[3]: Leaving directory `/home/liujingfei/project/histb_project_v2_Apr9/histb/source/msp/api/i2c'
make[3]: Entering directory `/home/liujingfei/project/histb_project_v2_Apr9/histb/source/msp/api/frontend'
make[3]: Leaving directory `/home/liujingfei/project/histb_project_v2_Apr9/histb/source/msp/api/frontend'
make[3]: Entering directory `/home/liujingfei/project/histb_project_v2_Apr9/histb/source/msp/api/ir'
make[3]: Leaving directory `/home/liujingfei/project/histb_project_v2_Apr9/histb/source/msp/api/ir'
make[3]: Entering directory `/home/liujingfei/project/histb_project_v2_Apr9/histb/source/msp/api/demux'
make[3]: Leaving directory `/home/liujingfei/project/histb_project_v2_Apr9/histb/source/msp/api/demux'
make[3]: Entering directory `/home/liujingfei/project/histb_project_v2_Apr9/histb/source/msp/api/tde'
make[3]: Leaving directory `/home/liujingfei/project/histb_project_v2_Apr9/histb/source/msp/api/tde'
make[3]: Entering directory `/home/liujingfei/project/histb_project_v2_Apr9/histb/source/msp/api/jpeg'
make -C jpeg6b
make[4]: Entering directory `/home/liujingfei/project/histb_project_v2_Apr9/histb/source/msp/api/jpeg/jpeg6b'
make -C src
make[5]: Entering directory `/home/liujingfei/project/histb_project_v2_Apr9/histb/source/msp/api/jpeg/jpeg6b/src'
rm -f  libjpeg6b*.a  -rf
ar rc  libjpeg6b.a  /home/liujingfei/project/histb_project_v2_Apr9/histb/source/msp/api/jpeg/jpeg6b/src/src_6b/jcapimin.o  /home/liujingfei/project/histb_project_v2_Apr9/histb/source/msp/api/jpeg/jpeg6b/src/src_6b/jcapistd.o  /home/liujingfei/project/histb_project_v2_Apr9/histb/source/msp/api/jpeg/jpeg6b/src/src_6b/jctrans.o /home/liujingfei/project/histb_project_v2_Apr9/histb/source/msp/api/jpeg/jpeg6b/src/src_6b/jcparam.o   /home/liujingfei/project/histb_project_v2_Apr9/histb/source/msp/api/jpeg/jpeg6b/src/src_6b/jcmainct.o  /home/liujingfei/project/histb_project_v2_Apr9/histb/source/msp/api/jpeg/jpeg6b/src/src_6b/jdatadst.o /home/liujingfei/project/histb_project_v2_Apr9/histb/source/msp/api/jpeg/jpeg6b/src/src_6b/jcinit.o    /home/liujingfei/project/histb_project_v2_Apr9/histb/source/msp/api/jpeg/jpeg6b/src/src_6b/jcmaster.o  /home/liujingfei/project/histb_project_v2_Apr9/histb/source/msp/api/jpeg/jpeg6b/src/src_6b/jcmarker.o /home/liujingfei/project/histb_project_v2_Apr9/histb/source/msp/api/jpeg/jpeg6b/src/src_6b/jchuff.o    /home/liujingfei/project/histb_project_v2_Apr9/histb/source/msp/api/jpeg/jpeg6b/src/src_6b/jcprepct.o  /home/liujingfei/project/histb_project_v2_Apr9/histb/source/msp/api/jpeg/jpeg6b/src/src_6b/jccoefct.o /home/liujingfei/project/histb_project_v2_Apr9/histb/source/msp/api/jpeg/jpeg6b/src/src_6b/jccolor.o   /home/liujingfei/project/histb_project_v2_Apr9/histb/source/msp/api/jpeg/jpeg6b/src/src_6b/jcsample.o  /home/liujingfei/project/histb_project_v2_Apr9/histb/source/msp/api/jpeg/jpeg6b/src/src_6b/jfdctint.o /home/liujingfei/project/histb_project_v2_Apr9/histb/source/msp/api/jpeg/jpeg6b/src/src_6b/jcphuff.o   /home/liujingfei/project/histb_project_v2_Apr9/histb/source/msp/api/jpeg/jpeg6b/src/src_6b/jcdctmgr.o  /home/liujingfei/project/histb_project_v2_Apr9/histb/source/msp/api/jpeg/jpeg6b/src/src_6b/jfdctfst.o /home/liujingfei/project/histb_project_v2_Apr9/histb/source/msp/api/jpeg/jpeg6b/src/src_6b/jfdctflt.o /home/liujingfei/project/histb_project_v2_Apr9/histb/source/msp/api/jpeg/jpeg6b/src/src_6b/jdapimin.o  /home/liujingfei/project/histb_project_v2_Apr9/histb/source/msp/api/jpeg/jpeg6b/src/src_6b/jdapistd.o  /home/liujingfei/project/histb_project_v2_Apr9/histb/source/msp/api/jpeg/jpeg6b/src/src_6b/jdtrans.o /home/liujingfei/project/histb_project_v2_Apr9/histb/source/msp/api/jpeg/jpeg6b/src/src_6b/jdatasrc.o  /home/liujingfei/project/histb_project_v2_Apr9/histb/source/msp/api/jpeg/jpeg6b/src/src_6b/jquant1.o   /home/liujingfei/project/histb_project_v2_Apr9/histb/source/msp/api/jpeg/jpeg6b/src/src_6b/jdmaster.o /home/liujingfei/project/histb_project_v2_Apr9/histb/source/msp/api/jpeg/jpeg6b/src/src_6b/jdinput.o   /home/liujingfei/project/histb_project_v2_Apr9/histb/source/msp/api/jpeg/jpeg6b/src/src_6b/jdmarker.o  /home/liujingfei/project/histb_project_v2_Apr9/histb/source/msp/api/jpeg/jpeg6b/src/src_6b/jdhuff.o /home/liujingfei/project/histb_project_v2_Apr9/histb/source/msp/api/jpeg/jpeg6b/src/src_6b/jdphuff.o   /home/liujingfei/project/histb_project_v2_Apr9/histb/source/msp/api/jpeg/jpeg6b/src/src_6b/jdmainct.o  /home/liujingfei/project/histb_project_v2_Apr9/histb/source/msp/api/jpeg/jpeg6b/src/src_6b/jdcoefct.o /home/liujingfei/project/histb_project_v2_Apr9/histb/source/msp/api/jpeg/jpeg6b/src/src_6b/jdpostct.o  /home/liujingfei/project/histb_project_v2_Apr9/histb/source/msp/api/jpeg/jpeg6b/src/src_6b/jddctmgr.o  /home/liujingfei/project/histb_project_v2_Apr9/histb/source/msp/api/jpeg/jpeg6b/src/src_6b/jquant2.o /home/liujingfei/project/histb_project_v2_Apr9/histb/source/msp/api/jpeg/jpeg6b/src/src_6b/jidctfst.o  /home/liujingfei/project/histb_project_v2_Apr9/histb/source/msp/api/jpeg/jpeg6b/src/src_6b/jidctflt.o  /home/liujingfei/project/histb_project_v2_Apr9/histb/source/msp/api/jpeg/jpeg6b/src/src_6b/jidctint.o /home/liujingfei/project/histb_project_v2_Apr9/histb/source/msp/api/jpeg/jpeg6b/src/src_6b/jidctred.o  /home/liujingfei/project/histb_project_v2_Apr9/histb/source/msp/api/jpeg/jpeg6b/src/src_6b/jdmerge.o   /home/liujingfei/project/histb_project_v2_Apr9/histb/source/msp/api/jpeg/jpeg6b/src/src_6b/jdsample.o /home/liujingfei/project/histb_project_v2_Apr9/histb/source/msp/api/jpeg/jpeg6b/src/src_6b/jdcolor.o   /home/liujingfei/project/histb_project_v2_Apr9/histb/source/msp/api/jpeg/jpeg6b/src/src_6b/jdcolor_userbuf.o /home/liujingfei/project/histb_project_v2_Apr9/histb/source/msp/api/jpeg/jpeg6b/src/src_6b/transupp.o /home/liujingfei/project/histb_project_v2_Apr9/histb/source/msp/api/jpeg/jpeg6b/src/src_hard/hi_jpeg_hdec_api.o  /home/liujingfei/project/histb_project_v2_Apr9/histb/source/msp/api/jpeg/jpeg6b/src/src_hard/jpeg_hdec_adp.o /home/liujingfei/project/histb_project_v2_Apr9/histb/source/msp/api/jpeg/jpeg6b/src/src_hard/jpeg_hdec_api.o     /home/liujingfei/project/histb_project_v2_Apr9/histb/source/msp/api/jpeg/jpeg6b/src/src_hard/jpeg_hdec_mem.o /home/liujingfei/project/histb_project_v2_Apr9/histb/source/msp/api/jpeg/jpeg6b/src/src_hard/jpeg_hdec_rwreg.o   /home/liujingfei/project/histb_project_v2_Apr9/histb/source/msp/api/jpeg/jpeg6b/src/src_hard/jpeg_hdec_setpara.o /home/liujingfei/project/histb_project_v2_Apr9/histb/source/msp/api/jpeg/jpeg6b/src/src_hard/jpeg_hdec_suspend.o /home/liujingfei/project/histb_project_v2_Apr9/histb/source/msp/api/jpeg/jpeg6b/src/src_hard/jpeg_hdec_table.o /home/liujingfei/project/histb_project_v2_Apr9/histb/source/msp/api/jpeg/jpeg6b/src/src_hard/jpeg_hdec_csc.o     /home/liujingfei/project/histb_project_v2_Apr9/histb/source/msp/api/jpeg/jpeg6b/src/src_hard/jpeg_hdec_sentstream.o /home/liujingfei/project/histb_project_v2_Apr9/histb/source/msp/api/jpeg/jpeg6b/src/src_hard/hi_jpeg_hdec_test.o /home/liujingfei/project/histb_project_v2_Apr9/histb/source/msp/api/jpeg/jpeg6b/src/src_6b/jcomapi.o  /home/liujingfei/project/histb_project_v2_Apr9/histb/source/msp/api/jpeg/jpeg6b/src/src_6b/jutils.o /home/liujingfei/project/histb_project_v2_Apr9/histb/source/msp/api/jpeg/jpeg6b/src/src_6b/jerror.o   /home/liujingfei/project/histb_project_v2_Apr9/histb/source/msp/api/jpeg/jpeg6b/src/src_6b/jmemmgr.o /home/liujingfei/project/histb_project_v2_Apr9/histb/source/msp/api/jpeg/jpeg6b/src/src_6b/jmemnobs.o 
ranlib libjpeg6b.a
ln -s  libjpeg6b.a  libjpeg.a
rm -f -rf libjpeg6b*.so
arm-hisiv200-linux-gcc -o  libjpeg6b.so -shared /home/liujingfei/project/histb_project_v2_Apr9/histb/source/msp/api/jpeg/jpeg6b/src/src_6b/jcapimin.o  /home/liujingfei/project/histb_project_v2_Apr9/histb/source/msp/api/jpeg/jpeg6b/src/src_6b/jcapistd.o  /home/liujingfei/project/histb_project_v2_Apr9/histb/source/msp/api/jpeg/jpeg6b/src/src_6b/jctrans.o /home/liujingfei/project/histb_project_v2_Apr9/histb/source/msp/api/jpeg/jpeg6b/src/src_6b/jcparam.o   /home/liujingfei/project/histb_project_v2_Apr9/histb/source/msp/api/jpeg/jpeg6b/src/src_6b/jcmainct.o  /home/liujingfei/project/histb_project_v2_Apr9/histb/source/msp/api/jpeg/jpeg6b/src/src_6b/jdatadst.o /home/liujingfei/project/histb_project_v2_Apr9/histb/source/msp/api/jpeg/jpeg6b/src/src_6b/jcinit.o    /home/liujingfei/project/histb_project_v2_Apr9/histb/source/msp/api/jpeg/jpeg6b/src/src_6b/jcmaster.o  /home/liujingfei/project/histb_project_v2_Apr9/histb/source/msp/api/jpeg/jpeg6b/src/src_6b/jcmarker.o /home/liujingfei/project/histb_project_v2_Apr9/histb/source/msp/api/jpeg/jpeg6b/src/src_6b/jchuff.o    /home/liujingfei/project/histb_project_v2_Apr9/histb/source/msp/api/jpeg/jpeg6b/src/src_6b/jcprepct.o  /home/liujingfei/project/histb_project_v2_Apr9/histb/source/msp/api/jpeg/jpeg6b/src/src_6b/jccoefct.o /home/liujingfei/project/histb_project_v2_Apr9/histb/source/msp/api/jpeg/jpeg6b/src/src_6b/jccolor.o   /home/liujingfei/project/histb_project_v2_Apr9/histb/source/msp/api/jpeg/jpeg6b/src/src_6b/jcsample.o  /home/liujingfei/project/histb_project_v2_Apr9/histb/source/msp/api/jpeg/jpeg6b/src/src_6b/jfdctint.o /home/liujingfei/project/histb_project_v2_Apr9/histb/source/msp/api/jpeg/jpeg6b/src/src_6b/jcphuff.o   /home/liujingfei/project/histb_project_v2_Apr9/histb/source/msp/api/jpeg/jpeg6b/src/src_6b/jcdctmgr.o  /home/liujingfei/project/histb_project_v2_Apr9/histb/source/msp/api/jpeg/jpeg6b/src/src_6b/jfdctfst.o /home/liujingfei/project/histb_project_v2_Apr9/histb/source/msp/api/jpeg/jpeg6b/src/src_6b/jfdctflt.o /home/liujingfei/project/histb_project_v2_Apr9/histb/source/msp/api/jpeg/jpeg6b/src/src_6b/jdapimin.o  /home/liujingfei/project/histb_project_v2_Apr9/histb/source/msp/api/jpeg/jpeg6b/src/src_6b/jdapistd.o  /home/liujingfei/project/histb_project_v2_Apr9/histb/source/msp/api/jpeg/jpeg6b/src/src_6b/jdtrans.o /home/liujingfei/project/histb_project_v2_Apr9/histb/source/msp/api/jpeg/jpeg6b/src/src_6b/jdatasrc.o  /home/liujingfei/project/histb_project_v2_Apr9/histb/source/msp/api/jpeg/jpeg6b/src/src_6b/jquant1.o   /home/liujingfei/project/histb_project_v2_Apr9/histb/source/msp/api/jpeg/jpeg6b/src/src_6b/jdmaster.o /home/liujingfei/project/histb_project_v2_Apr9/histb/source/msp/api/jpeg/jpeg6b/src/src_6b/jdinput.o   /home/liujingfei/project/histb_project_v2_Apr9/histb/source/msp/api/jpeg/jpeg6b/src/src_6b/jdmarker.o  /home/liujingfei/project/histb_project_v2_Apr9/histb/source/msp/api/jpeg/jpeg6b/src/src_6b/jdhuff.o /home/liujingfei/project/histb_project_v2_Apr9/histb/source/msp/api/jpeg/jpeg6b/src/src_6b/jdphuff.o   /home/liujingfei/project/histb_project_v2_Apr9/histb/source/msp/api/jpeg/jpeg6b/src/src_6b/jdmainct.o  /home/liujingfei/project/histb_project_v2_Apr9/histb/source/msp/api/jpeg/jpeg6b/src/src_6b/jdcoefct.o /home/liujingfei/project/histb_project_v2_Apr9/histb/source/msp/api/jpeg/jpeg6b/src/src_6b/jdpostct.o  /home/liujingfei/project/histb_project_v2_Apr9/histb/source/msp/api/jpeg/jpeg6b/src/src_6b/jddctmgr.o  /home/liujingfei/project/histb_project_v2_Apr9/histb/source/msp/api/jpeg/jpeg6b/src/src_6b/jquant2.o /home/liujingfei/project/histb_project_v2_Apr9/histb/source/msp/api/jpeg/jpeg6b/src/src_6b/jidctfst.o  /home/liujingfei/project/histb_project_v2_Apr9/histb/source/msp/api/jpeg/jpeg6b/src/src_6b/jidctflt.o  /home/liujingfei/project/histb_project_v2_Apr9/histb/source/msp/api/jpeg/jpeg6b/src/src_6b/jidctint.o /home/liujingfei/project/histb_project_v2_Apr9/histb/source/msp/api/jpeg/jpeg6b/src/src_6b/jidctred.o  /home/liujingfei/project/histb_project_v2_Apr9/histb/source/msp/api/jpeg/jpeg6b/src/src_6b/jdmerge.o   /home/liujingfei/project/histb_project_v2_Apr9/histb/source/msp/api/jpeg/jpeg6b/src/src_6b/jdsample.o /home/liujingfei/project/histb_project_v2_Apr9/histb/source/msp/api/jpeg/jpeg6b/src/src_6b/jdcolor.o   /home/liujingfei/project/histb_project_v2_Apr9/histb/source/msp/api/jpeg/jpeg6b/src/src_6b/jdcolor_userbuf.o /home/liujingfei/project/histb_project_v2_Apr9/histb/source/msp/api/jpeg/jpeg6b/src/src_6b/transupp.o /home/liujingfei/project/histb_project_v2_Apr9/histb/source/msp/api/jpeg/jpeg6b/src/src_hard/hi_jpeg_hdec_api.o  /home/liujingfei/project/histb_project_v2_Apr9/histb/source/msp/api/jpeg/jpeg6b/src/src_hard/jpeg_hdec_adp.o /home/liujingfei/project/histb_project_v2_Apr9/histb/source/msp/api/jpeg/jpeg6b/src/src_hard/jpeg_hdec_api.o     /home/liujingfei/project/histb_project_v2_Apr9/histb/source/msp/api/jpeg/jpeg6b/src/src_hard/jpeg_hdec_mem.o /home/liujingfei/project/histb_project_v2_Apr9/histb/source/msp/api/jpeg/jpeg6b/src/src_hard/jpeg_hdec_rwreg.o   /home/liujingfei/project/histb_project_v2_Apr9/histb/source/msp/api/jpeg/jpeg6b/src/src_hard/jpeg_hdec_setpara.o /home/liujingfei/project/histb_project_v2_Apr9/histb/source/msp/api/jpeg/jpeg6b/src/src_hard/jpeg_hdec_suspend.o /home/liujingfei/project/histb_project_v2_Apr9/histb/source/msp/api/jpeg/jpeg6b/src/src_hard/jpeg_hdec_table.o /home/liujingfei/project/histb_project_v2_Apr9/histb/source/msp/api/jpeg/jpeg6b/src/src_hard/jpeg_hdec_csc.o     /home/liujingfei/project/histb_project_v2_Apr9/histb/source/msp/api/jpeg/jpeg6b/src/src_hard/jpeg_hdec_sentstream.o /home/liujingfei/project/histb_project_v2_Apr9/histb/source/msp/api/jpeg/jpeg6b/src/src_hard/hi_jpeg_hdec_test.o /home/liujingfei/project/histb_project_v2_Apr9/histb/source/msp/api/jpeg/jpeg6b/src/src_6b/jcomapi.o  /home/liujingfei/project/histb_project_v2_Apr9/histb/source/msp/api/jpeg/jpeg6b/src/src_6b/jutils.o /home/liujingfei/project/histb_project_v2_Apr9/histb/source/msp/api/jpeg/jpeg6b/src/src_6b/jerror.o   /home/liujingfei/project/histb_project_v2_Apr9/histb/source/msp/api/jpeg/jpeg6b/src/src_6b/jmemmgr.o /home/liujingfei/project/histb_project_v2_Apr9/histb/source/msp/api/jpeg/jpeg6b/src/src_6b/jmemnobs.o  -L/home/liujingfei/v2/histb/source/common/api -L/home/liujingfei/v2/histb/source/msp/api 
ln -s  libjpeg6b.so  libjpeg.so
make[5]: Leaving directory `/home/liujingfei/project/histb_project_v2_Apr9/histb/source/msp/api/jpeg/jpeg6b/src'
make[4]: Leaving directory `/home/liujingfei/project/histb_project_v2_Apr9/histb/source/msp/api/jpeg/jpeg6b'
make -C jpegfmw
make[4]: Entering directory `/home/liujingfei/project/histb_project_v2_Apr9/histb/source/msp/api/jpeg/jpegfmw'
make[5]: Entering directory `/home/liujingfei/project/histb_project_v2_Apr9/histb/source/msp/api/jpeg/jpegfmw/src'
arm-hisiv200-linux-ar  -rc -o libhi_jpeg.a jpg_buf.o jpg_decctrl.o jpg_drvapi.o jpg_fmwhandle.o jpg_hdec.o jpg_parse.o
arm-hisiv200-linux-gcc -shared -o libhi_jpeg.so jpg_buf.o jpg_decctrl.o jpg_drvapi.o jpg_fmwhandle.o jpg_hdec.o jpg_parse.o
make[5]: Leaving directory `/home/liujingfei/project/histb_project_v2_Apr9/histb/source/msp/api/jpeg/jpegfmw/src'
make[4]: Leaving directory `/home/liujingfei/project/histb_project_v2_Apr9/histb/source/msp/api/jpeg/jpegfmw'
make -C jpeg6b install
make[4]: Entering directory `/home/liujingfei/project/histb_project_v2_Apr9/histb/source/msp/api/jpeg/jpeg6b'
make -C src
make[5]: Entering directory `/home/liujingfei/project/histb_project_v2_Apr9/histb/source/msp/api/jpeg/jpeg6b/src'
rm -f  libjpeg6b*.a  -rf
ar rc  libjpeg6b.a  /home/liujingfei/project/histb_project_v2_Apr9/histb/source/msp/api/jpeg/jpeg6b/src/src_6b/jcapimin.o  /home/liujingfei/project/histb_project_v2_Apr9/histb/source/msp/api/jpeg/jpeg6b/src/src_6b/jcapistd.o  /home/liujingfei/project/histb_project_v2_Apr9/histb/source/msp/api/jpeg/jpeg6b/src/src_6b/jctrans.o /home/liujingfei/project/histb_project_v2_Apr9/histb/source/msp/api/jpeg/jpeg6b/src/src_6b/jcparam.o   /home/liujingfei/project/histb_project_v2_Apr9/histb/source/msp/api/jpeg/jpeg6b/src/src_6b/jcmainct.o  /home/liujingfei/project/histb_project_v2_Apr9/histb/source/msp/api/jpeg/jpeg6b/src/src_6b/jdatadst.o /home/liujingfei/project/histb_project_v2_Apr9/histb/source/msp/api/jpeg/jpeg6b/src/src_6b/jcinit.o    /home/liujingfei/project/histb_project_v2_Apr9/histb/source/msp/api/jpeg/jpeg6b/src/src_6b/jcmaster.o  /home/liujingfei/project/histb_project_v2_Apr9/histb/source/msp/api/jpeg/jpeg6b/src/src_6b/jcmarker.o /home/liujingfei/project/histb_project_v2_Apr9/histb/source/msp/api/jpeg/jpeg6b/src/src_6b/jchuff.o    /home/liujingfei/project/histb_project_v2_Apr9/histb/source/msp/api/jpeg/jpeg6b/src/src_6b/jcprepct.o  /home/liujingfei/project/histb_project_v2_Apr9/histb/source/msp/api/jpeg/jpeg6b/src/src_6b/jccoefct.o /home/liujingfei/project/histb_project_v2_Apr9/histb/source/msp/api/jpeg/jpeg6b/src/src_6b/jccolor.o   /home/liujingfei/project/histb_project_v2_Apr9/histb/source/msp/api/jpeg/jpeg6b/src/src_6b/jcsample.o  /home/liujingfei/project/histb_project_v2_Apr9/histb/source/msp/api/jpeg/jpeg6b/src/src_6b/jfdctint.o /home/liujingfei/project/histb_project_v2_Apr9/histb/source/msp/api/jpeg/jpeg6b/src/src_6b/jcphuff.o   /home/liujingfei/project/histb_project_v2_Apr9/histb/source/msp/api/jpeg/jpeg6b/src/src_6b/jcdctmgr.o  /home/liujingfei/project/histb_project_v2_Apr9/histb/source/msp/api/jpeg/jpeg6b/src/src_6b/jfdctfst.o /home/liujingfei/project/histb_project_v2_Apr9/histb/source/msp/api/jpeg/jpeg6b/src/src_6b/jfdctflt.o /home/liujingfei/project/histb_project_v2_Apr9/histb/source/msp/api/jpeg/jpeg6b/src/src_6b/jdapimin.o  /home/liujingfei/project/histb_project_v2_Apr9/histb/source/msp/api/jpeg/jpeg6b/src/src_6b/jdapistd.o  /home/liujingfei/project/histb_project_v2_Apr9/histb/source/msp/api/jpeg/jpeg6b/src/src_6b/jdtrans.o /home/liujingfei/project/histb_project_v2_Apr9/histb/source/msp/api/jpeg/jpeg6b/src/src_6b/jdatasrc.o  /home/liujingfei/project/histb_project_v2_Apr9/histb/source/msp/api/jpeg/jpeg6b/src/src_6b/jquant1.o   /home/liujingfei/project/histb_project_v2_Apr9/histb/source/msp/api/jpeg/jpeg6b/src/src_6b/jdmaster.o /home/liujingfei/project/histb_project_v2_Apr9/histb/source/msp/api/jpeg/jpeg6b/src/src_6b/jdinput.o   /home/liujingfei/project/histb_project_v2_Apr9/histb/source/msp/api/jpeg/jpeg6b/src/src_6b/jdmarker.o  /home/liujingfei/project/histb_project_v2_Apr9/histb/source/msp/api/jpeg/jpeg6b/src/src_6b/jdhuff.o /home/liujingfei/project/histb_project_v2_Apr9/histb/source/msp/api/jpeg/jpeg6b/src/src_6b/jdphuff.o   /home/liujingfei/project/histb_project_v2_Apr9/histb/source/msp/api/jpeg/jpeg6b/src/src_6b/jdmainct.o  /home/liujingfei/project/histb_project_v2_Apr9/histb/source/msp/api/jpeg/jpeg6b/src/src_6b/jdcoefct.o /home/liujingfei/project/histb_project_v2_Apr9/histb/source/msp/api/jpeg/jpeg6b/src/src_6b/jdpostct.o  /home/liujingfei/project/histb_project_v2_Apr9/histb/source/msp/api/jpeg/jpeg6b/src/src_6b/jddctmgr.o  /home/liujingfei/project/histb_project_v2_Apr9/histb/source/msp/api/jpeg/jpeg6b/src/src_6b/jquant2.o /home/liujingfei/project/histb_project_v2_Apr9/histb/source/msp/api/jpeg/jpeg6b/src/src_6b/jidctfst.o  /home/liujingfei/project/histb_project_v2_Apr9/histb/source/msp/api/jpeg/jpeg6b/src/src_6b/jidctflt.o  /home/liujingfei/project/histb_project_v2_Apr9/histb/source/msp/api/jpeg/jpeg6b/src/src_6b/jidctint.o /home/liujingfei/project/histb_project_v2_Apr9/histb/source/msp/api/jpeg/jpeg6b/src/src_6b/jidctred.o  /home/liujingfei/project/histb_project_v2_Apr9/histb/source/msp/api/jpeg/jpeg6b/src/src_6b/jdmerge.o   /home/liujingfei/project/histb_project_v2_Apr9/histb/source/msp/api/jpeg/jpeg6b/src/src_6b/jdsample.o /home/liujingfei/project/histb_project_v2_Apr9/histb/source/msp/api/jpeg/jpeg6b/src/src_6b/jdcolor.o   /home/liujingfei/project/histb_project_v2_Apr9/histb/source/msp/api/jpeg/jpeg6b/src/src_6b/jdcolor_userbuf.o /home/liujingfei/project/histb_project_v2_Apr9/histb/source/msp/api/jpeg/jpeg6b/src/src_6b/transupp.o /home/liujingfei/project/histb_project_v2_Apr9/histb/source/msp/api/jpeg/jpeg6b/src/src_hard/hi_jpeg_hdec_api.o  /home/liujingfei/project/histb_project_v2_Apr9/histb/source/msp/api/jpeg/jpeg6b/src/src_hard/jpeg_hdec_adp.o /home/liujingfei/project/histb_project_v2_Apr9/histb/source/msp/api/jpeg/jpeg6b/src/src_hard/jpeg_hdec_api.o     /home/liujingfei/project/histb_project_v2_Apr9/histb/source/msp/api/jpeg/jpeg6b/src/src_hard/jpeg_hdec_mem.o /home/liujingfei/project/histb_project_v2_Apr9/histb/source/msp/api/jpeg/jpeg6b/src/src_hard/jpeg_hdec_rwreg.o   /home/liujingfei/project/histb_project_v2_Apr9/histb/source/msp/api/jpeg/jpeg6b/src/src_hard/jpeg_hdec_setpara.o /home/liujingfei/project/histb_project_v2_Apr9/histb/source/msp/api/jpeg/jpeg6b/src/src_hard/jpeg_hdec_suspend.o /home/liujingfei/project/histb_project_v2_Apr9/histb/source/msp/api/jpeg/jpeg6b/src/src_hard/jpeg_hdec_table.o /home/liujingfei/project/histb_project_v2_Apr9/histb/source/msp/api/jpeg/jpeg6b/src/src_hard/jpeg_hdec_csc.o     /home/liujingfei/project/histb_project_v2_Apr9/histb/source/msp/api/jpeg/jpeg6b/src/src_hard/jpeg_hdec_sentstream.o /home/liujingfei/project/histb_project_v2_Apr9/histb/source/msp/api/jpeg/jpeg6b/src/src_hard/hi_jpeg_hdec_test.o /home/liujingfei/project/histb_project_v2_Apr9/histb/source/msp/api/jpeg/jpeg6b/src/src_6b/jcomapi.o  /home/liujingfei/project/histb_project_v2_Apr9/histb/source/msp/api/jpeg/jpeg6b/src/src_6b/jutils.o /home/liujingfei/project/histb_project_v2_Apr9/histb/source/msp/api/jpeg/jpeg6b/src/src_6b/jerror.o   /home/liujingfei/project/histb_project_v2_Apr9/histb/source/msp/api/jpeg/jpeg6b/src/src_6b/jmemmgr.o /home/liujingfei/project/histb_project_v2_Apr9/histb/source/msp/api/jpeg/jpeg6b/src/src_6b/jmemnobs.o 
ranlib libjpeg6b.a
ln -s  libjpeg6b.a  libjpeg.a
rm -f -rf libjpeg6b*.so
arm-hisiv200-linux-gcc -o  libjpeg6b.so -shared /home/liujingfei/project/histb_project_v2_Apr9/histb/source/msp/api/jpeg/jpeg6b/src/src_6b/jcapimin.o  /home/liujingfei/project/histb_project_v2_Apr9/histb/source/msp/api/jpeg/jpeg6b/src/src_6b/jcapistd.o  /home/liujingfei/project/histb_project_v2_Apr9/histb/source/msp/api/jpeg/jpeg6b/src/src_6b/jctrans.o /home/liujingfei/project/histb_project_v2_Apr9/histb/source/msp/api/jpeg/jpeg6b/src/src_6b/jcparam.o   /home/liujingfei/project/histb_project_v2_Apr9/histb/source/msp/api/jpeg/jpeg6b/src/src_6b/jcmainct.o  /home/liujingfei/project/histb_project_v2_Apr9/histb/source/msp/api/jpeg/jpeg6b/src/src_6b/jdatadst.o /home/liujingfei/project/histb_project_v2_Apr9/histb/source/msp/api/jpeg/jpeg6b/src/src_6b/jcinit.o    /home/liujingfei/project/histb_project_v2_Apr9/histb/source/msp/api/jpeg/jpeg6b/src/src_6b/jcmaster.o  /home/liujingfei/project/histb_project_v2_Apr9/histb/source/msp/api/jpeg/jpeg6b/src/src_6b/jcmarker.o /home/liujingfei/project/histb_project_v2_Apr9/histb/source/msp/api/jpeg/jpeg6b/src/src_6b/jchuff.o    /home/liujingfei/project/histb_project_v2_Apr9/histb/source/msp/api/jpeg/jpeg6b/src/src_6b/jcprepct.o  /home/liujingfei/project/histb_project_v2_Apr9/histb/source/msp/api/jpeg/jpeg6b/src/src_6b/jccoefct.o /home/liujingfei/project/histb_project_v2_Apr9/histb/source/msp/api/jpeg/jpeg6b/src/src_6b/jccolor.o   /home/liujingfei/project/histb_project_v2_Apr9/histb/source/msp/api/jpeg/jpeg6b/src/src_6b/jcsample.o  /home/liujingfei/project/histb_project_v2_Apr9/histb/source/msp/api/jpeg/jpeg6b/src/src_6b/jfdctint.o /home/liujingfei/project/histb_project_v2_Apr9/histb/source/msp/api/jpeg/jpeg6b/src/src_6b/jcphuff.o   /home/liujingfei/project/histb_project_v2_Apr9/histb/source/msp/api/jpeg/jpeg6b/src/src_6b/jcdctmgr.o  /home/liujingfei/project/histb_project_v2_Apr9/histb/source/msp/api/jpeg/jpeg6b/src/src_6b/jfdctfst.o /home/liujingfei/project/histb_project_v2_Apr9/histb/source/msp/api/jpeg/jpeg6b/src/src_6b/jfdctflt.o /home/liujingfei/project/histb_project_v2_Apr9/histb/source/msp/api/jpeg/jpeg6b/src/src_6b/jdapimin.o  /home/liujingfei/project/histb_project_v2_Apr9/histb/source/msp/api/jpeg/jpeg6b/src/src_6b/jdapistd.o  /home/liujingfei/project/histb_project_v2_Apr9/histb/source/msp/api/jpeg/jpeg6b/src/src_6b/jdtrans.o /home/liujingfei/project/histb_project_v2_Apr9/histb/source/msp/api/jpeg/jpeg6b/src/src_6b/jdatasrc.o  /home/liujingfei/project/histb_project_v2_Apr9/histb/source/msp/api/jpeg/jpeg6b/src/src_6b/jquant1.o   /home/liujingfei/project/histb_project_v2_Apr9/histb/source/msp/api/jpeg/jpeg6b/src/src_6b/jdmaster.o /home/liujingfei/project/histb_project_v2_Apr9/histb/source/msp/api/jpeg/jpeg6b/src/src_6b/jdinput.o   /home/liujingfei/project/histb_project_v2_Apr9/histb/source/msp/api/jpeg/jpeg6b/src/src_6b/jdmarker.o  /home/liujingfei/project/histb_project_v2_Apr9/histb/source/msp/api/jpeg/jpeg6b/src/src_6b/jdhuff.o /home/liujingfei/project/histb_project_v2_Apr9/histb/source/msp/api/jpeg/jpeg6b/src/src_6b/jdphuff.o   /home/liujingfei/project/histb_project_v2_Apr9/histb/source/msp/api/jpeg/jpeg6b/src/src_6b/jdmainct.o  /home/liujingfei/project/histb_project_v2_Apr9/histb/source/msp/api/jpeg/jpeg6b/src/src_6b/jdcoefct.o /home/liujingfei/project/histb_project_v2_Apr9/histb/source/msp/api/jpeg/jpeg6b/src/src_6b/jdpostct.o  /home/liujingfei/project/histb_project_v2_Apr9/histb/source/msp/api/jpeg/jpeg6b/src/src_6b/jddctmgr.o  /home/liujingfei/project/histb_project_v2_Apr9/histb/source/msp/api/jpeg/jpeg6b/src/src_6b/jquant2.o /home/liujingfei/project/histb_project_v2_Apr9/histb/source/msp/api/jpeg/jpeg6b/src/src_6b/jidctfst.o  /home/liujingfei/project/histb_project_v2_Apr9/histb/source/msp/api/jpeg/jpeg6b/src/src_6b/jidctflt.o  /home/liujingfei/project/histb_project_v2_Apr9/histb/source/msp/api/jpeg/jpeg6b/src/src_6b/jidctint.o /home/liujingfei/project/histb_project_v2_Apr9/histb/source/msp/api/jpeg/jpeg6b/src/src_6b/jidctred.o  /home/liujingfei/project/histb_project_v2_Apr9/histb/source/msp/api/jpeg/jpeg6b/src/src_6b/jdmerge.o   /home/liujingfei/project/histb_project_v2_Apr9/histb/source/msp/api/jpeg/jpeg6b/src/src_6b/jdsample.o /home/liujingfei/project/histb_project_v2_Apr9/histb/source/msp/api/jpeg/jpeg6b/src/src_6b/jdcolor.o   /home/liujingfei/project/histb_project_v2_Apr9/histb/source/msp/api/jpeg/jpeg6b/src/src_6b/jdcolor_userbuf.o /home/liujingfei/project/histb_project_v2_Apr9/histb/source/msp/api/jpeg/jpeg6b/src/src_6b/transupp.o /home/liujingfei/project/histb_project_v2_Apr9/histb/source/msp/api/jpeg/jpeg6b/src/src_hard/hi_jpeg_hdec_api.o  /home/liujingfei/project/histb_project_v2_Apr9/histb/source/msp/api/jpeg/jpeg6b/src/src_hard/jpeg_hdec_adp.o /home/liujingfei/project/histb_project_v2_Apr9/histb/source/msp/api/jpeg/jpeg6b/src/src_hard/jpeg_hdec_api.o     /home/liujingfei/project/histb_project_v2_Apr9/histb/source/msp/api/jpeg/jpeg6b/src/src_hard/jpeg_hdec_mem.o /home/liujingfei/project/histb_project_v2_Apr9/histb/source/msp/api/jpeg/jpeg6b/src/src_hard/jpeg_hdec_rwreg.o   /home/liujingfei/project/histb_project_v2_Apr9/histb/source/msp/api/jpeg/jpeg6b/src/src_hard/jpeg_hdec_setpara.o /home/liujingfei/project/histb_project_v2_Apr9/histb/source/msp/api/jpeg/jpeg6b/src/src_hard/jpeg_hdec_suspend.o /home/liujingfei/project/histb_project_v2_Apr9/histb/source/msp/api/jpeg/jpeg6b/src/src_hard/jpeg_hdec_table.o /home/liujingfei/project/histb_project_v2_Apr9/histb/source/msp/api/jpeg/jpeg6b/src/src_hard/jpeg_hdec_csc.o     /home/liujingfei/project/histb_project_v2_Apr9/histb/source/msp/api/jpeg/jpeg6b/src/src_hard/jpeg_hdec_sentstream.o /home/liujingfei/project/histb_project_v2_Apr9/histb/source/msp/api/jpeg/jpeg6b/src/src_hard/hi_jpeg_hdec_test.o /home/liujingfei/project/histb_project_v2_Apr9/histb/source/msp/api/jpeg/jpeg6b/src/src_6b/jcomapi.o  /home/liujingfei/project/histb_project_v2_Apr9/histb/source/msp/api/jpeg/jpeg6b/src/src_6b/jutils.o /home/liujingfei/project/histb_project_v2_Apr9/histb/source/msp/api/jpeg/jpeg6b/src/src_6b/jerror.o   /home/liujingfei/project/histb_project_v2_Apr9/histb/source/msp/api/jpeg/jpeg6b/src/src_6b/jmemmgr.o /home/liujingfei/project/histb_project_v2_Apr9/histb/source/msp/api/jpeg/jpeg6b/src/src_6b/jmemnobs.o  -L/home/liujingfei/v2/histb/source/common/api -L/home/liujingfei/v2/histb/source/msp/api 
ln -s  libjpeg6b.so  libjpeg.so
make[5]: Leaving directory `/home/liujingfei/project/histb_project_v2_Apr9/histb/source/msp/api/jpeg/jpeg6b/src'
make[4]: Leaving directory `/home/liujingfei/project/histb_project_v2_Apr9/histb/source/msp/api/jpeg/jpeg6b'
if [ y ]; \
        then \
	make -C jpegfmw install; \
	fi;
make[4]: Entering directory `/home/liujingfei/project/histb_project_v2_Apr9/histb/source/msp/api/jpeg/jpegfmw'
make[5]: Entering directory `/home/liujingfei/project/histb_project_v2_Apr9/histb/source/msp/api/jpeg/jpegfmw/src'
arm-hisiv200-linux-ar  -rc -o libhi_jpeg.a jpg_buf.o jpg_decctrl.o jpg_drvapi.o jpg_fmwhandle.o jpg_hdec.o jpg_parse.o
arm-hisiv200-linux-gcc -shared -o libhi_jpeg.so jpg_buf.o jpg_decctrl.o jpg_drvapi.o jpg_fmwhandle.o jpg_hdec.o jpg_parse.o
make[5]: Leaving directory `/home/liujingfei/project/histb_project_v2_Apr9/histb/source/msp/api/jpeg/jpegfmw/src'
make[4]: Leaving directory `/home/liujingfei/project/histb_project_v2_Apr9/histb/source/msp/api/jpeg/jpegfmw'
make[3]: Leaving directory `/home/liujingfei/project/histb_project_v2_Apr9/histb/source/msp/api/jpeg'
make[3]: Entering directory `/home/liujingfei/project/histb_project_v2_Apr9/histb/source/msp/api/jpge'
make[3]: Leaving directory `/home/liujingfei/project/histb_project_v2_Apr9/histb/source/msp/api/jpge'
make[3]: Entering directory `/home/liujingfei/project/histb_project_v2_Apr9/histb/source/msp/api/png'
mkdir -p release
cd libpng-1.4.0;sh ./configure --host=arm-hisiv200-linux  CFLAGS=" -march=armv7-a -mcpu=cortex-a9 -mfloat-abi=softfp -mfpu=vfpv3-d16  -O2 -Wall -DUSE_AEC -D_GNU_SOURCE -D_XOPEN_SOURCE=600 -fPIC -DCHIP_TYPE_hi3718cv100 -DSDK_VERSION="HiSTBLinuxV100R002C01SPC020" -DHI_LOG_SUPPORT=1 -DHI_LOG_LEVEL=4 -DLOG_NETWORK_SUPPORT -DLOG_UDISK_SUPPORT -DHI_PROC_SUPPORT=1 -DHI_VI_SUPPORT -DHI_VENC_SUPPORT -DHI_PQ_SUPPORT -I/home/liujingfei/v2/histb/source/common/include -I/home/liujingfei/v2/histb/source/common/api/include -I/home/liujingfei/v2/histb/source/common/drv/include -I/home/liujingfei/v2/histb/source/msp/include -I/home/liujingfei/v2/histb/source/msp/api/include -I/home/liujingfei/v2/histb/source/msp/drv/include -I/home/liujingfei/v2/histb/source/msp/api/png/include -I/home/liujingfei/v2/histb/source/msp/drv/png/include -I/home/liujingfei/v2/histb/source/msp/api/jpeg/jpeg6b/grc_cmm_inc  -DCONFIG_GFX_STB_SDK " prefix=/home/liujingfei/v2/histb/source/msp/api/png/release;make install
configure: WARNING: If you wanted to set the --build type, don't use --host.
    If a cross compiler is detected then cross compile mode will be used.
checking for a BSD-compatible install... /usr/bin/install -c
checking whether build environment is sane... yes
checking for arm-hisiv200-linux-strip... arm-hisiv200-linux-strip
checking for a thread-safe mkdir -p... /bin/mkdir -p
checking for gawk... gawk
checking whether make sets $(MAKE)... yes
checking whether to enable maintainer-specific portions of Makefiles... no
checking for arm-hisiv200-linux-gcc... arm-hisiv200-linux-gcc
checking whether the C compiler works... yes
checking for C compiler default output file name... a.out
checking for suffix of executables... 
checking whether we are cross compiling... yes
checking for suffix of object files... o
checking whether we are using the GNU C compiler... yes
checking whether arm-hisiv200-linux-gcc accepts -g... yes
checking for arm-hisiv200-linux-gcc option to accept ISO C89... none needed
checking for style of include used by make... GNU
checking dependency style of arm-hisiv200-linux-gcc... gcc3
checking build system type... i686-pc-linux-gnu
checking host system type... arm-hisiv200-linux-gnu
checking for a sed that does not truncate output... /bin/sed
checking for grep that handles long lines and -e... /bin/grep
checking for egrep... /bin/grep -E
checking for fgrep... /bin/grep -F
checking for ld used by arm-hisiv200-linux-gcc... arm-hisiv200-linux-ld
checking if the linker (arm-hisiv200-linux-ld) is GNU ld... yes
checking how to run the C preprocessor... arm-hisiv200-linux-cpp
checking for arm-hisiv200-linux-sed... /bin/sed
checking whether ln -s works... yes
checking whether make sets $(MAKE)... (cached) yes
checking for BSD- or MS-compatible name lister (nm)... arm-hisiv200-linux-nm
checking the name lister (arm-hisiv200-linux-nm) interface... BSD nm
checking the maximum length of command line arguments... 805306365
checking whether the shell understands some XSI constructs... yes
checking whether the shell understands "+="... yes
checking for arm-hisiv200-linux-ld option to reload object files... -r
checking for arm-hisiv200-linux-objdump... arm-hisiv200-linux-objdump
checking how to recognize dependent libraries... pass_all
checking for arm-hisiv200-linux-ar... arm-hisiv200-linux-ar
checking for arm-hisiv200-linux-strip... (cached) arm-hisiv200-linux-strip
checking for arm-hisiv200-linux-ranlib... arm-hisiv200-linux-ranlib
checking command to parse arm-hisiv200-linux-nm output from arm-hisiv200-linux-gcc object... ok
checking for ANSI C header files... yes
checking for sys/types.h... yes
checking for sys/stat.h... yes
checking for stdlib.h... yes
checking for string.h... yes
checking for memory.h... yes
checking for strings.h... yes
checking for inttypes.h... yes
checking for stdint.h... yes
checking for unistd.h... yes
checking for dlfcn.h... yes
checking for objdir... .libs
checking if arm-hisiv200-linux-gcc supports -fno-rtti -fno-exceptions... no
checking for arm-hisiv200-linux-gcc option to produce PIC... -fPIC -DPIC
checking if arm-hisiv200-linux-gcc PIC flag -fPIC -DPIC works... yes
checking if arm-hisiv200-linux-gcc static flag -static works... yes
checking if arm-hisiv200-linux-gcc supports -c -o file.o... yes
checking if arm-hisiv200-linux-gcc supports -c -o file.o... (cached) yes
checking whether the arm-hisiv200-linux-gcc linker (arm-hisiv200-linux-ld) supports shared libraries... yes
checking whether -lc should be explicitly linked in... no
checking dynamic linker characteristics... GNU/Linux ld.so
checking how to hardcode library paths into programs... immediate
checking whether stripping libraries is possible... yes
checking if libtool supports shared libraries... yes
checking whether to build shared libraries... yes
checking whether to build static libraries... yes
checking for ANSI C header files... (cached) yes
checking malloc.h usability... yes
checking malloc.h presence... yes
checking for malloc.h... yes
checking for stdlib.h... (cached) yes
checking for string.h... (cached) yes
checking for strings.h... (cached) yes
checking for an ANSI C-conforming const... yes
checking for size_t... yes
checking whether struct tm is in sys/time.h or time.h... time.h
checking for working strtod... no
checking for pow... no
checking for pow in -lm... yes
checking for memset... yes
checking for pow... (cached) no
checking for pow in -lm... (cached) yes
checking if libraries can be versioned... yes
checking for symbol prefix... 
configure: pkgconfig directory is ${libdir}/pkgconfig
configure: creating ./config.status
config.status: creating Makefile
config.status: creating libpng.pc
config.status: creating libpng-config
config.status: creating config.h
config.status: config.h is unchanged
config.status: executing depfiles commands
config.status: executing libtool commands
make[4]: Entering directory `/home/liujingfei/project/histb_project_v2_Apr9/histb/source/msp/api/png/libpng-1.4.0'
cp libpng-config libpng14-config
cp libpng.pc libpng14.pc
make[5]: Entering directory `/home/liujingfei/project/histb_project_v2_Apr9/histb/source/msp/api/png/libpng-1.4.0'
test -z "/home/liujingfei/v2/histb/source/msp/api/png/release/bin" || /bin/mkdir -p "/home/liujingfei/v2/histb/source/msp/api/png/release/bin"
 /usr/bin/install -c libpng14-config '/home/liujingfei/v2/histb/source/msp/api/png/release/bin'
test -z "/home/liujingfei/v2/histb/source/msp/api/png/release/lib" || /bin/mkdir -p "/home/liujingfei/v2/histb/source/msp/api/png/release/lib"
 /bin/sh ./libtool   --mode=install /usr/bin/install -c   libpng14.la '/home/liujingfei/v2/histb/source/msp/api/png/release/lib'
libtool: install: /usr/bin/install -c .libs/libpng14.so.14.0.0 /home/liujingfei/v2/histb/source/msp/api/png/release/lib/libpng14.so.14.0.0
libtool: install: (cd /home/liujingfei/v2/histb/source/msp/api/png/release/lib && { ln -s -f libpng14.so.14.0.0 libpng14.so.14 || { rm -f libpng14.so.14 && ln -s libpng14.so.14.0.0 libpng14.so.14; }; })
libtool: install: (cd /home/liujingfei/v2/histb/source/msp/api/png/release/lib && { ln -s -f libpng14.so.14.0.0 libpng14.so || { rm -f libpng14.so && ln -s libpng14.so.14.0.0 libpng14.so; }; })
libtool: install: /usr/bin/install -c .libs/libpng14.lai /home/liujingfei/v2/histb/source/msp/api/png/release/lib/libpng14.la
libtool: install: /usr/bin/install -c .libs/libpng14.a /home/liujingfei/v2/histb/source/msp/api/png/release/lib/libpng14.a
libtool: install: chmod 644 /home/liujingfei/v2/histb/source/msp/api/png/release/lib/libpng14.a
libtool: install: arm-hisiv200-linux-ranlib /home/liujingfei/v2/histb/source/msp/api/png/release/lib/libpng14.a
libtool: finish: PATH="/opt/hisi-linux/x86-arm/arm-hisiv200-linux/target/bin:/home/liujingfei/work/go/bin:/home/liujingfei/project/gopath/bin:/usr/local/bin:/usr/bin:/bin:/usr/local/games:/usr/games:/sbin" ldconfig -n /home/liujingfei/v2/histb/source/msp/api/png/release/lib
----------------------------------------------------------------------
Libraries have been installed in:
   /home/liujingfei/v2/histb/source/msp/api/png/release/lib

If you ever happen to want to link against installed libraries
in a given directory, LIBDIR, you must either use libtool, and
specify the full pathname of the library, or use the `-LLIBDIR'
flag during linking and do at least one of the following:
   - add LIBDIR to the `LD_LIBRARY_PATH' environment variable
     during execution
   - add LIBDIR to the `LD_RUN_PATH' environment variable
     during linking
   - use the `-Wl,-rpath -Wl,LIBDIR' linker flag
   - have your system administrator add LIBDIR to `/etc/ld.so.conf'

See any operating system documentation about shared libraries for
more information, such as the ld(1) and ld.so(8) manual pages.
----------------------------------------------------------------------
make  install-exec-hook
make[6]: Entering directory `/home/liujingfei/project/histb_project_v2_Apr9/histb/source/msp/api/png/libpng-1.4.0'
cd /home/liujingfei/v2/histb/source/msp/api/png/release/bin; rm -f libpng-config
cd /home/liujingfei/v2/histb/source/msp/api/png/release/bin; ln -s libpng14-config libpng-config
+ cd /home/liujingfei/v2/histb/source/msp/api/png/release/lib
+ for ext in a la so sl dylib
+ rm -f libpng.a
+ test -f libpng14.a
+ ln -s libpng14.a libpng.a
+ for ext in a la so sl dylib
+ rm -f libpng.la
+ test -f libpng14.la
+ ln -s libpng14.la libpng.la
+ for ext in a la so sl dylib
+ rm -f libpng.so
+ test -f libpng14.so
+ ln -s libpng14.so libpng.so
+ for ext in a la so sl dylib
+ rm -f libpng.sl
+ test -f libpng14.sl
+ for ext in a la so sl dylib
+ rm -f libpng.dylib
+ test -f libpng14.dylib
make[6]: Leaving directory `/home/liujingfei/project/histb_project_v2_Apr9/histb/source/msp/api/png/libpng-1.4.0'
test -z "/home/liujingfei/v2/histb/source/msp/api/png/release/share/man/man3" || /bin/mkdir -p "/home/liujingfei/v2/histb/source/msp/api/png/release/share/man/man3"
 /usr/bin/install -c -m 644 libpng.3 libpngpf.3 '/home/liujingfei/v2/histb/source/msp/api/png/release/share/man/man3'
test -z "/home/liujingfei/v2/histb/source/msp/api/png/release/share/man/man5" || /bin/mkdir -p "/home/liujingfei/v2/histb/source/msp/api/png/release/share/man/man5"
 /usr/bin/install -c -m 644 png.5 '/home/liujingfei/v2/histb/source/msp/api/png/release/share/man/man5'
test -z "/home/liujingfei/v2/histb/source/msp/api/png/release/lib/pkgconfig" || /bin/mkdir -p "/home/liujingfei/v2/histb/source/msp/api/png/release/lib/pkgconfig"
 /usr/bin/install -c -m 644 libpng14.pc '/home/liujingfei/v2/histb/source/msp/api/png/release/lib/pkgconfig'
test -z "/home/liujingfei/v2/histb/source/msp/api/png/release/include/libpng14" || /bin/mkdir -p "/home/liujingfei/v2/histb/source/msp/api/png/release/include/libpng14"
 /usr/bin/install -c -m 644 png.h pngconf.h '/home/liujingfei/v2/histb/source/msp/api/png/release/include/libpng14'
make  install-data-hook
make[6]: Entering directory `/home/liujingfei/project/histb_project_v2_Apr9/histb/source/msp/api/png/libpng-1.4.0'
cd /home/liujingfei/v2/histb/source/msp/api/png/release/include; rm -f png.h pngconf.h
cd /home/liujingfei/v2/histb/source/msp/api/png/release/include; ln -s libpng14/png.h png.h
cd /home/liujingfei/v2/histb/source/msp/api/png/release/include; ln -s libpng14/pngconf.h \
		pngconf.h
cd /home/liujingfei/v2/histb/source/msp/api/png/release/lib/pkgconfig; rm -f libpng.pc
cd /home/liujingfei/v2/histb/source/msp/api/png/release/lib/pkgconfig; ln -s libpng14.pc libpng.pc
make[6]: Leaving directory `/home/liujingfei/project/histb_project_v2_Apr9/histb/source/msp/api/png/libpng-1.4.0'
make[5]: Leaving directory `/home/liujingfei/project/histb_project_v2_Apr9/histb/source/msp/api/png/libpng-1.4.0'
make[4]: Leaving directory `/home/liujingfei/project/histb_project_v2_Apr9/histb/source/msp/api/png/libpng-1.4.0'
make[3]: Leaving directory `/home/liujingfei/project/histb_project_v2_Apr9/histb/source/msp/api/png'
make[3]: Entering directory `/home/liujingfei/project/histb_project_v2_Apr9/histb/source/msp/api/higo'
if [ -z y ]; \
        then \
       	rm -f  /home/liujingfei/v2/histb/pub/lib/extern/higo-adp/decoder/libhigo_png.so; \
	arm-hisiv200-linux-ar -r lib/libhigoadp.a lib/cut-obj/higoimageproviderdec_png.o; \
	fi; \
	if [ -z y ]; \
	then \
	rm -f  /home/liujingfei/v2/histb/pub/lib/extern/higo-adp/font/libhigo_freetype2.so; \
	arm-hisiv200-linux-ar -r lib/libhigo.a lib/cut-obj/higofontprovider_freetype.o; \
	fi;
rm -rf lib/cut-obj
make[3]: Leaving directory `/home/liujingfei/project/histb_project_v2_Apr9/histb/source/msp/api/higo'
make[3]: Entering directory `/home/liujingfei/project/histb_project_v2_Apr9/histb/source/msp/api/otp'
make[3]: Leaving directory `/home/liujingfei/project/histb_project_v2_Apr9/histb/source/msp/api/otp'
make[3]: Entering directory `/home/liujingfei/project/histb_project_v2_Apr9/histb/source/msp/api/pm'
make[3]: Leaving directory `/home/liujingfei/project/histb_project_v2_Apr9/histb/source/msp/api/pm'
make[3]: Entering directory `/home/liujingfei/project/histb_project_v2_Apr9/histb/source/msp/api/avplay'
make[3]: Leaving directory `/home/liujingfei/project/histb_project_v2_Apr9/histb/source/msp/api/avplay'
make[3]: Entering directory `/home/liujingfei/project/histb_project_v2_Apr9/histb/source/msp/api/pvr'
make[3]: Leaving directory `/home/liujingfei/project/histb_project_v2_Apr9/histb/source/msp/api/pvr'
make[3]: Entering directory `/home/liujingfei/project/histb_project_v2_Apr9/histb/source/msp/api/sync'
make[3]: Leaving directory `/home/liujingfei/project/histb_project_v2_Apr9/histb/source/msp/api/sync'
make[3]: Entering directory `/home/liujingfei/project/histb_project_v2_Apr9/histb/source/msp/api/ao'
make[3]: Leaving directory `/home/liujingfei/project/histb_project_v2_Apr9/histb/source/msp/api/ao'
make[3]: Entering directory `/home/liujingfei/project/histb_project_v2_Apr9/histb/source/msp/api/adec'
make[3]: Leaving directory `/home/liujingfei/project/histb_project_v2_Apr9/histb/source/msp/api/adec'
make[3]: Entering directory `/home/liujingfei/project/histb_project_v2_Apr9/histb/source/msp/api/vdec'
make[3]: Leaving directory `/home/liujingfei/project/histb_project_v2_Apr9/histb/source/msp/api/vdec'
make[3]: Entering directory `/home/liujingfei/project/histb_project_v2_Apr9/histb/source/msp/api/wdg'
make[3]: Leaving directory `/home/liujingfei/project/histb_project_v2_Apr9/histb/source/msp/api/wdg'
make[3]: Entering directory `/home/liujingfei/project/histb_project_v2_Apr9/histb/source/msp/api/omx'
make -C omx_core install
make[4]: Entering directory `/home/liujingfei/project/histb_project_v2_Apr9/histb/source/msp/api/omx/omx_core'
make[4]: Leaving directory `/home/liujingfei/project/histb_project_v2_Apr9/histb/source/msp/api/omx/omx_core'
make -C omx_vdec install
make[4]: Entering directory `/home/liujingfei/project/histb_project_v2_Apr9/histb/source/msp/api/omx/omx_vdec'
make[4]: Leaving directory `/home/liujingfei/project/histb_project_v2_Apr9/histb/source/msp/api/omx/omx_vdec'
make -C omx_venc install
make[4]: Entering directory `/home/liujingfei/project/histb_project_v2_Apr9/histb/source/msp/api/omx/omx_venc'
make[4]: Leaving directory `/home/liujingfei/project/histb_project_v2_Apr9/histb/source/msp/api/omx/omx_venc'
make[3]: Leaving directory `/home/liujingfei/project/histb_project_v2_Apr9/histb/source/msp/api/omx'
make[3]: Entering directory `/home/liujingfei/project/histb_project_v2_Apr9/histb/source/msp/api/mce'
make[3]: Leaving directory `/home/liujingfei/project/histb_project_v2_Apr9/histb/source/msp/api/mce'
make[3]: Entering directory `/home/liujingfei/project/histb_project_v2_Apr9/histb/source/msp/api/gpu'
/home/liujingfei/project/histb_project_v2_Apr9/histb/source/msp/api/gpu
make[3]: Leaving directory `/home/liujingfei/project/histb_project_v2_Apr9/histb/source/msp/api/gpu'
make[3]: Entering directory `/home/liujingfei/project/histb_project_v2_Apr9/histb/source/msp/api/ai'
make[3]: Leaving directory `/home/liujingfei/project/histb_project_v2_Apr9/histb/source/msp/api/ai'
make[3]: Entering directory `/home/liujingfei/project/histb_project_v2_Apr9/histb/source/msp/api/keyled'
make[3]: Leaving directory `/home/liujingfei/project/histb_project_v2_Apr9/histb/source/msp/api/keyled'
make[3]: Entering directory `/home/liujingfei/project/histb_project_v2_Apr9/histb/source/msp/api/aenc'
make[3]: Leaving directory `/home/liujingfei/project/histb_project_v2_Apr9/histb/source/msp/api/aenc'
make[3]: Entering directory `/home/liujingfei/project/histb_project_v2_Apr9/histb/source/msp/api/hdcp'
make[3]: Leaving directory `/home/liujingfei/project/histb_project_v2_Apr9/histb/source/msp/api/hdcp'
make[3]: Entering directory `/home/liujingfei/project/histb_project_v2_Apr9/histb/source/msp/api/sci'
make[3]: Leaving directory `/home/liujingfei/project/histb_project_v2_Apr9/histb/source/msp/api/sci'
make[3]: Entering directory `/home/liujingfei/project/histb_project_v2_Apr9/histb/source/msp/api/vi'
make[3]: Leaving directory `/home/liujingfei/project/histb_project_v2_Apr9/histb/source/msp/api/vi'
make[3]: Entering directory `/home/liujingfei/project/histb_project_v2_Apr9/histb/source/msp/api/venc'
make[3]: Leaving directory `/home/liujingfei/project/histb_project_v2_Apr9/histb/source/msp/api/venc'
make[3]: Entering directory `/home/liujingfei/project/histb_project_v2_Apr9/histb/source/msp/api/pq'
make[3]: Leaving directory `/home/liujingfei/project/histb_project_v2_Apr9/histb/source/msp/api/pq'
make[3]: Entering directory `/home/liujingfei/project/histb_project_v2_Apr9/histb/source/msp/api/hdmi'
make[3]: Leaving directory `/home/liujingfei/project/histb_project_v2_Apr9/histb/source/msp/api/hdmi'
make[3]: Entering directory `/home/liujingfei/project/histb_project_v2_Apr9/histb/source/msp/api/gpio'
make[3]: Leaving directory `/home/liujingfei/project/histb_project_v2_Apr9/histb/source/msp/api/gpio'
make[3]: Entering directory `/home/liujingfei/project/histb_project_v2_Apr9/histb/source/msp/api/vo'
make[3]: Leaving directory `/home/liujingfei/project/histb_project_v2_Apr9/histb/source/msp/api/vo'
make[3]: Entering directory `/home/liujingfei/project/histb_project_v2_Apr9/histb/source/msp/api/pdm'
make[3]: Leaving directory `/home/liujingfei/project/histb_project_v2_Apr9/histb/source/msp/api/pdm'
make[3]: Entering directory `/home/liujingfei/project/histb_project_v2_Apr9/histb/source/msp/api/cipher'
make[3]: Leaving directory `/home/liujingfei/project/histb_project_v2_Apr9/histb/source/msp/api/cipher'
make[3]: Entering directory `/home/liujingfei/project/histb_project_v2_Apr9/histb/source/msp/api/advca'
make[3]: Leaving directory `/home/liujingfei/project/histb_project_v2_Apr9/histb/source/msp/api/advca'
make[3]: Entering directory `/home/liujingfei/project/histb_project_v2_Apr9/histb/source/msp/api/pwm'
make[3]: Leaving directory `/home/liujingfei/project/histb_project_v2_Apr9/histb/source/msp/api/pwm'
make[3]: Entering directory `/home/liujingfei/project/histb_project_v2_Apr9/histb/source/msp/api/i2c'
make[3]: Leaving directory `/home/liujingfei/project/histb_project_v2_Apr9/histb/source/msp/api/i2c'
make[3]: Entering directory `/home/liujingfei/project/histb_project_v2_Apr9/histb/source/msp/api/frontend'
make[3]: Leaving directory `/home/liujingfei/project/histb_project_v2_Apr9/histb/source/msp/api/frontend'
make[3]: Entering directory `/home/liujingfei/project/histb_project_v2_Apr9/histb/source/msp/api/ir'
make[3]: Leaving directory `/home/liujingfei/project/histb_project_v2_Apr9/histb/source/msp/api/ir'
make[3]: Entering directory `/home/liujingfei/project/histb_project_v2_Apr9/histb/source/msp/api/demux'
make[3]: Leaving directory `/home/liujingfei/project/histb_project_v2_Apr9/histb/source/msp/api/demux'
make[3]: Entering directory `/home/liujingfei/project/histb_project_v2_Apr9/histb/source/msp/api/tde'
make[3]: Leaving directory `/home/liujingfei/project/histb_project_v2_Apr9/histb/source/msp/api/tde'
make[3]: Entering directory `/home/liujingfei/project/histb_project_v2_Apr9/histb/source/msp/api/jpeg'
make -C jpeg6b
make[4]: Entering directory `/home/liujingfei/project/histb_project_v2_Apr9/histb/source/msp/api/jpeg/jpeg6b'
make -C src
make[5]: Entering directory `/home/liujingfei/project/histb_project_v2_Apr9/histb/source/msp/api/jpeg/jpeg6b/src'
rm -f  libjpeg6b*.a  -rf
ar rc  libjpeg6b.a  /home/liujingfei/project/histb_project_v2_Apr9/histb/source/msp/api/jpeg/jpeg6b/src/src_6b/jcapimin.o  /home/liujingfei/project/histb_project_v2_Apr9/histb/source/msp/api/jpeg/jpeg6b/src/src_6b/jcapistd.o  /home/liujingfei/project/histb_project_v2_Apr9/histb/source/msp/api/jpeg/jpeg6b/src/src_6b/jctrans.o /home/liujingfei/project/histb_project_v2_Apr9/histb/source/msp/api/jpeg/jpeg6b/src/src_6b/jcparam.o   /home/liujingfei/project/histb_project_v2_Apr9/histb/source/msp/api/jpeg/jpeg6b/src/src_6b/jcmainct.o  /home/liujingfei/project/histb_project_v2_Apr9/histb/source/msp/api/jpeg/jpeg6b/src/src_6b/jdatadst.o /home/liujingfei/project/histb_project_v2_Apr9/histb/source/msp/api/jpeg/jpeg6b/src/src_6b/jcinit.o    /home/liujingfei/project/histb_project_v2_Apr9/histb/source/msp/api/jpeg/jpeg6b/src/src_6b/jcmaster.o  /home/liujingfei/project/histb_project_v2_Apr9/histb/source/msp/api/jpeg/jpeg6b/src/src_6b/jcmarker.o /home/liujingfei/project/histb_project_v2_Apr9/histb/source/msp/api/jpeg/jpeg6b/src/src_6b/jchuff.o    /home/liujingfei/project/histb_project_v2_Apr9/histb/source/msp/api/jpeg/jpeg6b/src/src_6b/jcprepct.o  /home/liujingfei/project/histb_project_v2_Apr9/histb/source/msp/api/jpeg/jpeg6b/src/src_6b/jccoefct.o /home/liujingfei/project/histb_project_v2_Apr9/histb/source/msp/api/jpeg/jpeg6b/src/src_6b/jccolor.o   /home/liujingfei/project/histb_project_v2_Apr9/histb/source/msp/api/jpeg/jpeg6b/src/src_6b/jcsample.o  /home/liujingfei/project/histb_project_v2_Apr9/histb/source/msp/api/jpeg/jpeg6b/src/src_6b/jfdctint.o /home/liujingfei/project/histb_project_v2_Apr9/histb/source/msp/api/jpeg/jpeg6b/src/src_6b/jcphuff.o   /home/liujingfei/project/histb_project_v2_Apr9/histb/source/msp/api/jpeg/jpeg6b/src/src_6b/jcdctmgr.o  /home/liujingfei/project/histb_project_v2_Apr9/histb/source/msp/api/jpeg/jpeg6b/src/src_6b/jfdctfst.o /home/liujingfei/project/histb_project_v2_Apr9/histb/source/msp/api/jpeg/jpeg6b/src/src_6b/jfdctflt.o /home/liujingfei/project/histb_project_v2_Apr9/histb/source/msp/api/jpeg/jpeg6b/src/src_6b/jdapimin.o  /home/liujingfei/project/histb_project_v2_Apr9/histb/source/msp/api/jpeg/jpeg6b/src/src_6b/jdapistd.o  /home/liujingfei/project/histb_project_v2_Apr9/histb/source/msp/api/jpeg/jpeg6b/src/src_6b/jdtrans.o /home/liujingfei/project/histb_project_v2_Apr9/histb/source/msp/api/jpeg/jpeg6b/src/src_6b/jdatasrc.o  /home/liujingfei/project/histb_project_v2_Apr9/histb/source/msp/api/jpeg/jpeg6b/src/src_6b/jquant1.o   /home/liujingfei/project/histb_project_v2_Apr9/histb/source/msp/api/jpeg/jpeg6b/src/src_6b/jdmaster.o /home/liujingfei/project/histb_project_v2_Apr9/histb/source/msp/api/jpeg/jpeg6b/src/src_6b/jdinput.o   /home/liujingfei/project/histb_project_v2_Apr9/histb/source/msp/api/jpeg/jpeg6b/src/src_6b/jdmarker.o  /home/liujingfei/project/histb_project_v2_Apr9/histb/source/msp/api/jpeg/jpeg6b/src/src_6b/jdhuff.o /home/liujingfei/project/histb_project_v2_Apr9/histb/source/msp/api/jpeg/jpeg6b/src/src_6b/jdphuff.o   /home/liujingfei/project/histb_project_v2_Apr9/histb/source/msp/api/jpeg/jpeg6b/src/src_6b/jdmainct.o  /home/liujingfei/project/histb_project_v2_Apr9/histb/source/msp/api/jpeg/jpeg6b/src/src_6b/jdcoefct.o /home/liujingfei/project/histb_project_v2_Apr9/histb/source/msp/api/jpeg/jpeg6b/src/src_6b/jdpostct.o  /home/liujingfei/project/histb_project_v2_Apr9/histb/source/msp/api/jpeg/jpeg6b/src/src_6b/jddctmgr.o  /home/liujingfei/project/histb_project_v2_Apr9/histb/source/msp/api/jpeg/jpeg6b/src/src_6b/jquant2.o /home/liujingfei/project/histb_project_v2_Apr9/histb/source/msp/api/jpeg/jpeg6b/src/src_6b/jidctfst.o  /home/liujingfei/project/histb_project_v2_Apr9/histb/source/msp/api/jpeg/jpeg6b/src/src_6b/jidctflt.o  /home/liujingfei/project/histb_project_v2_Apr9/histb/source/msp/api/jpeg/jpeg6b/src/src_6b/jidctint.o /home/liujingfei/project/histb_project_v2_Apr9/histb/source/msp/api/jpeg/jpeg6b/src/src_6b/jidctred.o  /home/liujingfei/project/histb_project_v2_Apr9/histb/source/msp/api/jpeg/jpeg6b/src/src_6b/jdmerge.o   /home/liujingfei/project/histb_project_v2_Apr9/histb/source/msp/api/jpeg/jpeg6b/src/src_6b/jdsample.o /home/liujingfei/project/histb_project_v2_Apr9/histb/source/msp/api/jpeg/jpeg6b/src/src_6b/jdcolor.o   /home/liujingfei/project/histb_project_v2_Apr9/histb/source/msp/api/jpeg/jpeg6b/src/src_6b/jdcolor_userbuf.o /home/liujingfei/project/histb_project_v2_Apr9/histb/source/msp/api/jpeg/jpeg6b/src/src_6b/transupp.o /home/liujingfei/project/histb_project_v2_Apr9/histb/source/msp/api/jpeg/jpeg6b/src/src_hard/hi_jpeg_hdec_api.o  /home/liujingfei/project/histb_project_v2_Apr9/histb/source/msp/api/jpeg/jpeg6b/src/src_hard/jpeg_hdec_adp.o /home/liujingfei/project/histb_project_v2_Apr9/histb/source/msp/api/jpeg/jpeg6b/src/src_hard/jpeg_hdec_api.o     /home/liujingfei/project/histb_project_v2_Apr9/histb/source/msp/api/jpeg/jpeg6b/src/src_hard/jpeg_hdec_mem.o /home/liujingfei/project/histb_project_v2_Apr9/histb/source/msp/api/jpeg/jpeg6b/src/src_hard/jpeg_hdec_rwreg.o   /home/liujingfei/project/histb_project_v2_Apr9/histb/source/msp/api/jpeg/jpeg6b/src/src_hard/jpeg_hdec_setpara.o /home/liujingfei/project/histb_project_v2_Apr9/histb/source/msp/api/jpeg/jpeg6b/src/src_hard/jpeg_hdec_suspend.o /home/liujingfei/project/histb_project_v2_Apr9/histb/source/msp/api/jpeg/jpeg6b/src/src_hard/jpeg_hdec_table.o /home/liujingfei/project/histb_project_v2_Apr9/histb/source/msp/api/jpeg/jpeg6b/src/src_hard/jpeg_hdec_csc.o     /home/liujingfei/project/histb_project_v2_Apr9/histb/source/msp/api/jpeg/jpeg6b/src/src_hard/jpeg_hdec_sentstream.o /home/liujingfei/project/histb_project_v2_Apr9/histb/source/msp/api/jpeg/jpeg6b/src/src_hard/hi_jpeg_hdec_test.o /home/liujingfei/project/histb_project_v2_Apr9/histb/source/msp/api/jpeg/jpeg6b/src/src_6b/jcomapi.o  /home/liujingfei/project/histb_project_v2_Apr9/histb/source/msp/api/jpeg/jpeg6b/src/src_6b/jutils.o /home/liujingfei/project/histb_project_v2_Apr9/histb/source/msp/api/jpeg/jpeg6b/src/src_6b/jerror.o   /home/liujingfei/project/histb_project_v2_Apr9/histb/source/msp/api/jpeg/jpeg6b/src/src_6b/jmemmgr.o /home/liujingfei/project/histb_project_v2_Apr9/histb/source/msp/api/jpeg/jpeg6b/src/src_6b/jmemnobs.o 
ranlib libjpeg6b.a
ln -s  libjpeg6b.a  libjpeg.a
rm -f -rf libjpeg6b*.so
arm-hisiv200-linux-gcc -o  libjpeg6b.so -shared /home/liujingfei/project/histb_project_v2_Apr9/histb/source/msp/api/jpeg/jpeg6b/src/src_6b/jcapimin.o  /home/liujingfei/project/histb_project_v2_Apr9/histb/source/msp/api/jpeg/jpeg6b/src/src_6b/jcapistd.o  /home/liujingfei/project/histb_project_v2_Apr9/histb/source/msp/api/jpeg/jpeg6b/src/src_6b/jctrans.o /home/liujingfei/project/histb_project_v2_Apr9/histb/source/msp/api/jpeg/jpeg6b/src/src_6b/jcparam.o   /home/liujingfei/project/histb_project_v2_Apr9/histb/source/msp/api/jpeg/jpeg6b/src/src_6b/jcmainct.o  /home/liujingfei/project/histb_project_v2_Apr9/histb/source/msp/api/jpeg/jpeg6b/src/src_6b/jdatadst.o /home/liujingfei/project/histb_project_v2_Apr9/histb/source/msp/api/jpeg/jpeg6b/src/src_6b/jcinit.o    /home/liujingfei/project/histb_project_v2_Apr9/histb/source/msp/api/jpeg/jpeg6b/src/src_6b/jcmaster.o  /home/liujingfei/project/histb_project_v2_Apr9/histb/source/msp/api/jpeg/jpeg6b/src/src_6b/jcmarker.o /home/liujingfei/project/histb_project_v2_Apr9/histb/source/msp/api/jpeg/jpeg6b/src/src_6b/jchuff.o    /home/liujingfei/project/histb_project_v2_Apr9/histb/source/msp/api/jpeg/jpeg6b/src/src_6b/jcprepct.o  /home/liujingfei/project/histb_project_v2_Apr9/histb/source/msp/api/jpeg/jpeg6b/src/src_6b/jccoefct.o /home/liujingfei/project/histb_project_v2_Apr9/histb/source/msp/api/jpeg/jpeg6b/src/src_6b/jccolor.o   /home/liujingfei/project/histb_project_v2_Apr9/histb/source/msp/api/jpeg/jpeg6b/src/src_6b/jcsample.o  /home/liujingfei/project/histb_project_v2_Apr9/histb/source/msp/api/jpeg/jpeg6b/src/src_6b/jfdctint.o /home/liujingfei/project/histb_project_v2_Apr9/histb/source/msp/api/jpeg/jpeg6b/src/src_6b/jcphuff.o   /home/liujingfei/project/histb_project_v2_Apr9/histb/source/msp/api/jpeg/jpeg6b/src/src_6b/jcdctmgr.o  /home/liujingfei/project/histb_project_v2_Apr9/histb/source/msp/api/jpeg/jpeg6b/src/src_6b/jfdctfst.o /home/liujingfei/project/histb_project_v2_Apr9/histb/source/msp/api/jpeg/jpeg6b/src/src_6b/jfdctflt.o /home/liujingfei/project/histb_project_v2_Apr9/histb/source/msp/api/jpeg/jpeg6b/src/src_6b/jdapimin.o  /home/liujingfei/project/histb_project_v2_Apr9/histb/source/msp/api/jpeg/jpeg6b/src/src_6b/jdapistd.o  /home/liujingfei/project/histb_project_v2_Apr9/histb/source/msp/api/jpeg/jpeg6b/src/src_6b/jdtrans.o /home/liujingfei/project/histb_project_v2_Apr9/histb/source/msp/api/jpeg/jpeg6b/src/src_6b/jdatasrc.o  /home/liujingfei/project/histb_project_v2_Apr9/histb/source/msp/api/jpeg/jpeg6b/src/src_6b/jquant1.o   /home/liujingfei/project/histb_project_v2_Apr9/histb/source/msp/api/jpeg/jpeg6b/src/src_6b/jdmaster.o /home/liujingfei/project/histb_project_v2_Apr9/histb/source/msp/api/jpeg/jpeg6b/src/src_6b/jdinput.o   /home/liujingfei/project/histb_project_v2_Apr9/histb/source/msp/api/jpeg/jpeg6b/src/src_6b/jdmarker.o  /home/liujingfei/project/histb_project_v2_Apr9/histb/source/msp/api/jpeg/jpeg6b/src/src_6b/jdhuff.o /home/liujingfei/project/histb_project_v2_Apr9/histb/source/msp/api/jpeg/jpeg6b/src/src_6b/jdphuff.o   /home/liujingfei/project/histb_project_v2_Apr9/histb/source/msp/api/jpeg/jpeg6b/src/src_6b/jdmainct.o  /home/liujingfei/project/histb_project_v2_Apr9/histb/source/msp/api/jpeg/jpeg6b/src/src_6b/jdcoefct.o /home/liujingfei/project/histb_project_v2_Apr9/histb/source/msp/api/jpeg/jpeg6b/src/src_6b/jdpostct.o  /home/liujingfei/project/histb_project_v2_Apr9/histb/source/msp/api/jpeg/jpeg6b/src/src_6b/jddctmgr.o  /home/liujingfei/project/histb_project_v2_Apr9/histb/source/msp/api/jpeg/jpeg6b/src/src_6b/jquant2.o /home/liujingfei/project/histb_project_v2_Apr9/histb/source/msp/api/jpeg/jpeg6b/src/src_6b/jidctfst.o  /home/liujingfei/project/histb_project_v2_Apr9/histb/source/msp/api/jpeg/jpeg6b/src/src_6b/jidctflt.o  /home/liujingfei/project/histb_project_v2_Apr9/histb/source/msp/api/jpeg/jpeg6b/src/src_6b/jidctint.o /home/liujingfei/project/histb_project_v2_Apr9/histb/source/msp/api/jpeg/jpeg6b/src/src_6b/jidctred.o  /home/liujingfei/project/histb_project_v2_Apr9/histb/source/msp/api/jpeg/jpeg6b/src/src_6b/jdmerge.o   /home/liujingfei/project/histb_project_v2_Apr9/histb/source/msp/api/jpeg/jpeg6b/src/src_6b/jdsample.o /home/liujingfei/project/histb_project_v2_Apr9/histb/source/msp/api/jpeg/jpeg6b/src/src_6b/jdcolor.o   /home/liujingfei/project/histb_project_v2_Apr9/histb/source/msp/api/jpeg/jpeg6b/src/src_6b/jdcolor_userbuf.o /home/liujingfei/project/histb_project_v2_Apr9/histb/source/msp/api/jpeg/jpeg6b/src/src_6b/transupp.o /home/liujingfei/project/histb_project_v2_Apr9/histb/source/msp/api/jpeg/jpeg6b/src/src_hard/hi_jpeg_hdec_api.o  /home/liujingfei/project/histb_project_v2_Apr9/histb/source/msp/api/jpeg/jpeg6b/src/src_hard/jpeg_hdec_adp.o /home/liujingfei/project/histb_project_v2_Apr9/histb/source/msp/api/jpeg/jpeg6b/src/src_hard/jpeg_hdec_api.o     /home/liujingfei/project/histb_project_v2_Apr9/histb/source/msp/api/jpeg/jpeg6b/src/src_hard/jpeg_hdec_mem.o /home/liujingfei/project/histb_project_v2_Apr9/histb/source/msp/api/jpeg/jpeg6b/src/src_hard/jpeg_hdec_rwreg.o   /home/liujingfei/project/histb_project_v2_Apr9/histb/source/msp/api/jpeg/jpeg6b/src/src_hard/jpeg_hdec_setpara.o /home/liujingfei/project/histb_project_v2_Apr9/histb/source/msp/api/jpeg/jpeg6b/src/src_hard/jpeg_hdec_suspend.o /home/liujingfei/project/histb_project_v2_Apr9/histb/source/msp/api/jpeg/jpeg6b/src/src_hard/jpeg_hdec_table.o /home/liujingfei/project/histb_project_v2_Apr9/histb/source/msp/api/jpeg/jpeg6b/src/src_hard/jpeg_hdec_csc.o     /home/liujingfei/project/histb_project_v2_Apr9/histb/source/msp/api/jpeg/jpeg6b/src/src_hard/jpeg_hdec_sentstream.o /home/liujingfei/project/histb_project_v2_Apr9/histb/source/msp/api/jpeg/jpeg6b/src/src_hard/hi_jpeg_hdec_test.o /home/liujingfei/project/histb_project_v2_Apr9/histb/source/msp/api/jpeg/jpeg6b/src/src_6b/jcomapi.o  /home/liujingfei/project/histb_project_v2_Apr9/histb/source/msp/api/jpeg/jpeg6b/src/src_6b/jutils.o /home/liujingfei/project/histb_project_v2_Apr9/histb/source/msp/api/jpeg/jpeg6b/src/src_6b/jerror.o   /home/liujingfei/project/histb_project_v2_Apr9/histb/source/msp/api/jpeg/jpeg6b/src/src_6b/jmemmgr.o /home/liujingfei/project/histb_project_v2_Apr9/histb/source/msp/api/jpeg/jpeg6b/src/src_6b/jmemnobs.o  -L/home/liujingfei/v2/histb/source/common/api -L/home/liujingfei/v2/histb/source/msp/api 
ln -s  libjpeg6b.so  libjpeg.so
make[5]: Leaving directory `/home/liujingfei/project/histb_project_v2_Apr9/histb/source/msp/api/jpeg/jpeg6b/src'
make[4]: Leaving directory `/home/liujingfei/project/histb_project_v2_Apr9/histb/source/msp/api/jpeg/jpeg6b'
make -C jpegfmw
make[4]: Entering directory `/home/liujingfei/project/histb_project_v2_Apr9/histb/source/msp/api/jpeg/jpegfmw'
make[5]: Entering directory `/home/liujingfei/project/histb_project_v2_Apr9/histb/source/msp/api/jpeg/jpegfmw/src'
arm-hisiv200-linux-ar  -rc -o libhi_jpeg.a jpg_buf.o jpg_decctrl.o jpg_drvapi.o jpg_fmwhandle.o jpg_hdec.o jpg_parse.o
arm-hisiv200-linux-gcc -shared -o libhi_jpeg.so jpg_buf.o jpg_decctrl.o jpg_drvapi.o jpg_fmwhandle.o jpg_hdec.o jpg_parse.o
make[5]: Leaving directory `/home/liujingfei/project/histb_project_v2_Apr9/histb/source/msp/api/jpeg/jpegfmw/src'
make[4]: Leaving directory `/home/liujingfei/project/histb_project_v2_Apr9/histb/source/msp/api/jpeg/jpegfmw'
make[3]: Leaving directory `/home/liujingfei/project/histb_project_v2_Apr9/histb/source/msp/api/jpeg'
make[3]: Entering directory `/home/liujingfei/project/histb_project_v2_Apr9/histb/source/msp/api/jpge'
make[3]: Leaving directory `/home/liujingfei/project/histb_project_v2_Apr9/histb/source/msp/api/jpge'
make[3]: Entering directory `/home/liujingfei/project/histb_project_v2_Apr9/histb/source/msp/api/png'
mkdir -p release
cd libpng-1.4.0;sh ./configure --host=arm-hisiv200-linux  CFLAGS=" -march=armv7-a -mcpu=cortex-a9 -mfloat-abi=softfp -mfpu=vfpv3-d16  -O2 -Wall -DUSE_AEC -D_GNU_SOURCE -D_XOPEN_SOURCE=600 -fPIC -DCHIP_TYPE_hi3718cv100 -DSDK_VERSION="HiSTBLinuxV100R002C01SPC020" -DHI_LOG_SUPPORT=1 -DHI_LOG_LEVEL=4 -DLOG_NETWORK_SUPPORT -DLOG_UDISK_SUPPORT -DHI_PROC_SUPPORT=1 -DHI_VI_SUPPORT -DHI_VENC_SUPPORT -DHI_PQ_SUPPORT -I/home/liujingfei/v2/histb/source/common/include -I/home/liujingfei/v2/histb/source/common/api/include -I/home/liujingfei/v2/histb/source/common/drv/include -I/home/liujingfei/v2/histb/source/msp/include -I/home/liujingfei/v2/histb/source/msp/api/include -I/home/liujingfei/v2/histb/source/msp/drv/include -I/home/liujingfei/v2/histb/source/msp/api/png/include -I/home/liujingfei/v2/histb/source/msp/drv/png/include -I/home/liujingfei/v2/histb/source/msp/api/jpeg/jpeg6b/grc_cmm_inc  -DCONFIG_GFX_STB_SDK " prefix=/home/liujingfei/v2/histb/source/msp/api/png/release;make install
configure: WARNING: If you wanted to set the --build type, don't use --host.
    If a cross compiler is detected then cross compile mode will be used.
checking for a BSD-compatible install... /usr/bin/install -c
checking whether build environment is sane... yes
checking for arm-hisiv200-linux-strip... arm-hisiv200-linux-strip
checking for a thread-safe mkdir -p... /bin/mkdir -p
checking for gawk... gawk
checking whether make sets $(MAKE)... yes
checking whether to enable maintainer-specific portions of Makefiles... no
checking for arm-hisiv200-linux-gcc... arm-hisiv200-linux-gcc
checking whether the C compiler works... yes
checking for C compiler default output file name... a.out
checking for suffix of executables... 
checking whether we are cross compiling... yes
checking for suffix of object files... o
checking whether we are using the GNU C compiler... yes
checking whether arm-hisiv200-linux-gcc accepts -g... yes
checking for arm-hisiv200-linux-gcc option to accept ISO C89... none needed
checking for style of include used by make... GNU
checking dependency style of arm-hisiv200-linux-gcc... gcc3
checking build system type... i686-pc-linux-gnu
checking host system type... arm-hisiv200-linux-gnu
checking for a sed that does not truncate output... /bin/sed
checking for grep that handles long lines and -e... /bin/grep
checking for egrep... /bin/grep -E
checking for fgrep... /bin/grep -F
checking for ld used by arm-hisiv200-linux-gcc... arm-hisiv200-linux-ld
checking if the linker (arm-hisiv200-linux-ld) is GNU ld... yes
checking how to run the C preprocessor... arm-hisiv200-linux-cpp
checking for arm-hisiv200-linux-sed... /bin/sed
checking whether ln -s works... yes
checking whether make sets $(MAKE)... (cached) yes
checking for BSD- or MS-compatible name lister (nm)... arm-hisiv200-linux-nm
checking the name lister (arm-hisiv200-linux-nm) interface... BSD nm
checking the maximum length of command line arguments... 805306365
checking whether the shell understands some XSI constructs... yes
checking whether the shell understands "+="... yes
checking for arm-hisiv200-linux-ld option to reload object files... -r
checking for arm-hisiv200-linux-objdump... arm-hisiv200-linux-objdump
checking how to recognize dependent libraries... pass_all
checking for arm-hisiv200-linux-ar... arm-hisiv200-linux-ar
checking for arm-hisiv200-linux-strip... (cached) arm-hisiv200-linux-strip
checking for arm-hisiv200-linux-ranlib... arm-hisiv200-linux-ranlib
checking command to parse arm-hisiv200-linux-nm output from arm-hisiv200-linux-gcc object... ok
checking for ANSI C header files... yes
checking for sys/types.h... yes
checking for sys/stat.h... yes
checking for stdlib.h... yes
checking for string.h... yes
checking for memory.h... yes
checking for strings.h... yes
checking for inttypes.h... yes
checking for stdint.h... yes
checking for unistd.h... yes
checking for dlfcn.h... yes
checking for objdir... .libs
checking if arm-hisiv200-linux-gcc supports -fno-rtti -fno-exceptions... no
checking for arm-hisiv200-linux-gcc option to produce PIC... -fPIC -DPIC
checking if arm-hisiv200-linux-gcc PIC flag -fPIC -DPIC works... yes
checking if arm-hisiv200-linux-gcc static flag -static works... yes
checking if arm-hisiv200-linux-gcc supports -c -o file.o... yes
checking if arm-hisiv200-linux-gcc supports -c -o file.o... (cached) yes
checking whether the arm-hisiv200-linux-gcc linker (arm-hisiv200-linux-ld) supports shared libraries... yes
checking whether -lc should be explicitly linked in... no
checking dynamic linker characteristics... GNU/Linux ld.so
checking how to hardcode library paths into programs... immediate
checking whether stripping libraries is possible... yes
checking if libtool supports shared libraries... yes
checking whether to build shared libraries... yes
checking whether to build static libraries... yes
checking for ANSI C header files... (cached) yes
checking malloc.h usability... yes
checking malloc.h presence... yes
checking for malloc.h... yes
checking for stdlib.h... (cached) yes
checking for string.h... (cached) yes
checking for strings.h... (cached) yes
checking for an ANSI C-conforming const... yes
checking for size_t... yes
checking whether struct tm is in sys/time.h or time.h... time.h
checking for working strtod... no
checking for pow... no
checking for pow in -lm... yes
checking for memset... yes
checking for pow... (cached) no
checking for pow in -lm... (cached) yes
checking if libraries can be versioned... yes
checking for symbol prefix... 
configure: pkgconfig directory is ${libdir}/pkgconfig
configure: creating ./config.status
config.status: creating Makefile
config.status: creating libpng.pc
config.status: creating libpng-config
config.status: creating config.h
config.status: config.h is unchanged
config.status: executing depfiles commands
config.status: executing libtool commands
make[4]: Entering directory `/home/liujingfei/project/histb_project_v2_Apr9/histb/source/msp/api/png/libpng-1.4.0'
cp libpng-config libpng14-config
cp libpng.pc libpng14.pc
make[5]: Entering directory `/home/liujingfei/project/histb_project_v2_Apr9/histb/source/msp/api/png/libpng-1.4.0'
test -z "/home/liujingfei/v2/histb/source/msp/api/png/release/bin" || /bin/mkdir -p "/home/liujingfei/v2/histb/source/msp/api/png/release/bin"
 /usr/bin/install -c libpng14-config '/home/liujingfei/v2/histb/source/msp/api/png/release/bin'
test -z "/home/liujingfei/v2/histb/source/msp/api/png/release/lib" || /bin/mkdir -p "/home/liujingfei/v2/histb/source/msp/api/png/release/lib"
 /bin/sh ./libtool   --mode=install /usr/bin/install -c   libpng14.la '/home/liujingfei/v2/histb/source/msp/api/png/release/lib'
libtool: install: /usr/bin/install -c .libs/libpng14.so.14.0.0 /home/liujingfei/v2/histb/source/msp/api/png/release/lib/libpng14.so.14.0.0
libtool: install: (cd /home/liujingfei/v2/histb/source/msp/api/png/release/lib && { ln -s -f libpng14.so.14.0.0 libpng14.so.14 || { rm -f libpng14.so.14 && ln -s libpng14.so.14.0.0 libpng14.so.14; }; })
libtool: install: (cd /home/liujingfei/v2/histb/source/msp/api/png/release/lib && { ln -s -f libpng14.so.14.0.0 libpng14.so || { rm -f libpng14.so && ln -s libpng14.so.14.0.0 libpng14.so; }; })
libtool: install: /usr/bin/install -c .libs/libpng14.lai /home/liujingfei/v2/histb/source/msp/api/png/release/lib/libpng14.la
libtool: install: /usr/bin/install -c .libs/libpng14.a /home/liujingfei/v2/histb/source/msp/api/png/release/lib/libpng14.a
libtool: install: chmod 644 /home/liujingfei/v2/histb/source/msp/api/png/release/lib/libpng14.a
libtool: install: arm-hisiv200-linux-ranlib /home/liujingfei/v2/histb/source/msp/api/png/release/lib/libpng14.a
libtool: finish: PATH="/opt/hisi-linux/x86-arm/arm-hisiv200-linux/target/bin:/home/liujingfei/work/go/bin:/home/liujingfei/project/gopath/bin:/usr/local/bin:/usr/bin:/bin:/usr/local/games:/usr/games:/sbin" ldconfig -n /home/liujingfei/v2/histb/source/msp/api/png/release/lib
----------------------------------------------------------------------
Libraries have been installed in:
   /home/liujingfei/v2/histb/source/msp/api/png/release/lib

If you ever happen to want to link against installed libraries
in a given directory, LIBDIR, you must either use libtool, and
specify the full pathname of the library, or use the `-LLIBDIR'
flag during linking and do at least one of the following:
   - add LIBDIR to the `LD_LIBRARY_PATH' environment variable
     during execution
   - add LIBDIR to the `LD_RUN_PATH' environment variable
     during linking
   - use the `-Wl,-rpath -Wl,LIBDIR' linker flag
   - have your system administrator add LIBDIR to `/etc/ld.so.conf'

See any operating system documentation about shared libraries for
more information, such as the ld(1) and ld.so(8) manual pages.
----------------------------------------------------------------------
make  install-exec-hook
make[6]: Entering directory `/home/liujingfei/project/histb_project_v2_Apr9/histb/source/msp/api/png/libpng-1.4.0'
cd /home/liujingfei/v2/histb/source/msp/api/png/release/bin; rm -f libpng-config
cd /home/liujingfei/v2/histb/source/msp/api/png/release/bin; ln -s libpng14-config libpng-config
+ cd /home/liujingfei/v2/histb/source/msp/api/png/release/lib
+ for ext in a la so sl dylib
+ rm -f libpng.a
+ test -f libpng14.a
+ ln -s libpng14.a libpng.a
+ for ext in a la so sl dylib
+ rm -f libpng.la
+ test -f libpng14.la
+ ln -s libpng14.la libpng.la
+ for ext in a la so sl dylib
+ rm -f libpng.so
+ test -f libpng14.so
+ ln -s libpng14.so libpng.so
+ for ext in a la so sl dylib
+ rm -f libpng.sl
+ test -f libpng14.sl
+ for ext in a la so sl dylib
+ rm -f libpng.dylib
+ test -f libpng14.dylib
make[6]: Leaving directory `/home/liujingfei/project/histb_project_v2_Apr9/histb/source/msp/api/png/libpng-1.4.0'
test -z "/home/liujingfei/v2/histb/source/msp/api/png/release/share/man/man3" || /bin/mkdir -p "/home/liujingfei/v2/histb/source/msp/api/png/release/share/man/man3"
 /usr/bin/install -c -m 644 libpng.3 libpngpf.3 '/home/liujingfei/v2/histb/source/msp/api/png/release/share/man/man3'
test -z "/home/liujingfei/v2/histb/source/msp/api/png/release/share/man/man5" || /bin/mkdir -p "/home/liujingfei/v2/histb/source/msp/api/png/release/share/man/man5"
 /usr/bin/install -c -m 644 png.5 '/home/liujingfei/v2/histb/source/msp/api/png/release/share/man/man5'
test -z "/home/liujingfei/v2/histb/source/msp/api/png/release/lib/pkgconfig" || /bin/mkdir -p "/home/liujingfei/v2/histb/source/msp/api/png/release/lib/pkgconfig"
 /usr/bin/install -c -m 644 libpng14.pc '/home/liujingfei/v2/histb/source/msp/api/png/release/lib/pkgconfig'
test -z "/home/liujingfei/v2/histb/source/msp/api/png/release/include/libpng14" || /bin/mkdir -p "/home/liujingfei/v2/histb/source/msp/api/png/release/include/libpng14"
 /usr/bin/install -c -m 644 png.h pngconf.h '/home/liujingfei/v2/histb/source/msp/api/png/release/include/libpng14'
make  install-data-hook
make[6]: Entering directory `/home/liujingfei/project/histb_project_v2_Apr9/histb/source/msp/api/png/libpng-1.4.0'
cd /home/liujingfei/v2/histb/source/msp/api/png/release/include; rm -f png.h pngconf.h
cd /home/liujingfei/v2/histb/source/msp/api/png/release/include; ln -s libpng14/png.h png.h
cd /home/liujingfei/v2/histb/source/msp/api/png/release/include; ln -s libpng14/pngconf.h \
		pngconf.h
cd /home/liujingfei/v2/histb/source/msp/api/png/release/lib/pkgconfig; rm -f libpng.pc
cd /home/liujingfei/v2/histb/source/msp/api/png/release/lib/pkgconfig; ln -s libpng14.pc libpng.pc
make[6]: Leaving directory `/home/liujingfei/project/histb_project_v2_Apr9/histb/source/msp/api/png/libpng-1.4.0'
make[5]: Leaving directory `/home/liujingfei/project/histb_project_v2_Apr9/histb/source/msp/api/png/libpng-1.4.0'
make[4]: Leaving directory `/home/liujingfei/project/histb_project_v2_Apr9/histb/source/msp/api/png/libpng-1.4.0'
make[3]: Leaving directory `/home/liujingfei/project/histb_project_v2_Apr9/histb/source/msp/api/png'
make[3]: Entering directory `/home/liujingfei/project/histb_project_v2_Apr9/histb/source/msp/api/higo'
make[3]: Leaving directory `/home/liujingfei/project/histb_project_v2_Apr9/histb/source/msp/api/higo'
make[3]: Entering directory `/home/liujingfei/project/histb_project_v2_Apr9/histb/source/msp/api/otp'
make[3]: Leaving directory `/home/liujingfei/project/histb_project_v2_Apr9/histb/source/msp/api/otp'
make[3]: Entering directory `/home/liujingfei/project/histb_project_v2_Apr9/histb/source/msp/api/pm'
make[3]: Leaving directory `/home/liujingfei/project/histb_project_v2_Apr9/histb/source/msp/api/pm'
make[3]: Entering directory `/home/liujingfei/project/histb_project_v2_Apr9/histb/source/msp/api/avplay'
make[3]: Leaving directory `/home/liujingfei/project/histb_project_v2_Apr9/histb/source/msp/api/avplay'
make[3]: Entering directory `/home/liujingfei/project/histb_project_v2_Apr9/histb/source/msp/api/pvr'
make[3]: Leaving directory `/home/liujingfei/project/histb_project_v2_Apr9/histb/source/msp/api/pvr'
make[3]: Entering directory `/home/liujingfei/project/histb_project_v2_Apr9/histb/source/msp/api/sync'
make[3]: Leaving directory `/home/liujingfei/project/histb_project_v2_Apr9/histb/source/msp/api/sync'
make[3]: Entering directory `/home/liujingfei/project/histb_project_v2_Apr9/histb/source/msp/api/ao'
make[3]: Leaving directory `/home/liujingfei/project/histb_project_v2_Apr9/histb/source/msp/api/ao'
make[3]: Entering directory `/home/liujingfei/project/histb_project_v2_Apr9/histb/source/msp/api/adec'
make[3]: Leaving directory `/home/liujingfei/project/histb_project_v2_Apr9/histb/source/msp/api/adec'
make[3]: Entering directory `/home/liujingfei/project/histb_project_v2_Apr9/histb/source/msp/api/vdec'
make[3]: Leaving directory `/home/liujingfei/project/histb_project_v2_Apr9/histb/source/msp/api/vdec'
make[3]: Entering directory `/home/liujingfei/project/histb_project_v2_Apr9/histb/source/msp/api/wdg'
make[3]: Leaving directory `/home/liujingfei/project/histb_project_v2_Apr9/histb/source/msp/api/wdg'
make[3]: Entering directory `/home/liujingfei/project/histb_project_v2_Apr9/histb/source/msp/api/omx'
make -C omx_core
make[4]: Entering directory `/home/liujingfei/project/histb_project_v2_Apr9/histb/source/msp/api/omx/omx_core'
make[4]: Leaving directory `/home/liujingfei/project/histb_project_v2_Apr9/histb/source/msp/api/omx/omx_core'
make -C omx_vdec
make[4]: Entering directory `/home/liujingfei/project/histb_project_v2_Apr9/histb/source/msp/api/omx/omx_vdec'
make[4]: Leaving directory `/home/liujingfei/project/histb_project_v2_Apr9/histb/source/msp/api/omx/omx_vdec'
make -C omx_venc
make[4]: Entering directory `/home/liujingfei/project/histb_project_v2_Apr9/histb/source/msp/api/omx/omx_venc'
make[4]: Leaving directory `/home/liujingfei/project/histb_project_v2_Apr9/histb/source/msp/api/omx/omx_venc'
make[3]: Leaving directory `/home/liujingfei/project/histb_project_v2_Apr9/histb/source/msp/api/omx'
make[3]: Entering directory `/home/liujingfei/project/histb_project_v2_Apr9/histb/source/msp/api/mce'
make[3]: Leaving directory `/home/liujingfei/project/histb_project_v2_Apr9/histb/source/msp/api/mce'
make[3]: Entering directory `/home/liujingfei/project/histb_project_v2_Apr9/histb/source/msp/api/gpu'
/home/liujingfei/project/histb_project_v2_Apr9/histb/source/msp/api/gpu
make[3]: Leaving directory `/home/liujingfei/project/histb_project_v2_Apr9/histb/source/msp/api/gpu'
make[3]: Entering directory `/home/liujingfei/project/histb_project_v2_Apr9/histb/source/msp/api/ai'
make[3]: Leaving directory `/home/liujingfei/project/histb_project_v2_Apr9/histb/source/msp/api/ai'
make[3]: Entering directory `/home/liujingfei/project/histb_project_v2_Apr9/histb/source/msp/api/keyled'
make[3]: Leaving directory `/home/liujingfei/project/histb_project_v2_Apr9/histb/source/msp/api/keyled'
make[3]: Entering directory `/home/liujingfei/project/histb_project_v2_Apr9/histb/source/msp/api/aenc'
make[3]: Leaving directory `/home/liujingfei/project/histb_project_v2_Apr9/histb/source/msp/api/aenc'
make[3]: Entering directory `/home/liujingfei/project/histb_project_v2_Apr9/histb/source/msp/api/hdcp'
make[3]: Leaving directory `/home/liujingfei/project/histb_project_v2_Apr9/histb/source/msp/api/hdcp'
make[3]: Entering directory `/home/liujingfei/project/histb_project_v2_Apr9/histb/source/msp/api/sci'
make[3]: Leaving directory `/home/liujingfei/project/histb_project_v2_Apr9/histb/source/msp/api/sci'
make[3]: Entering directory `/home/liujingfei/project/histb_project_v2_Apr9/histb/source/msp/api/vi'
make[3]: Leaving directory `/home/liujingfei/project/histb_project_v2_Apr9/histb/source/msp/api/vi'
make[3]: Entering directory `/home/liujingfei/project/histb_project_v2_Apr9/histb/source/msp/api/venc'
make[3]: Leaving directory `/home/liujingfei/project/histb_project_v2_Apr9/histb/source/msp/api/venc'
make[3]: Entering directory `/home/liujingfei/project/histb_project_v2_Apr9/histb/source/msp/api/pq'
make[3]: Leaving directory `/home/liujingfei/project/histb_project_v2_Apr9/histb/source/msp/api/pq'
make[2]: Leaving directory `/home/liujingfei/project/histb_project_v2_Apr9/histb/source/msp/api'
make[1]: Leaving directory `/home/liujingfei/project/histb_project_v2_Apr9/histb/source/msp'
make -C /home/liujingfei/v2/histb/source/component install
make[1]: Entering directory `/home/liujingfei/project/histb_project_v2_Apr9/histb/source/component'
make -C ha_codec install
make[2]: Entering directory `/home/liujingfei/project/histb_project_v2_Apr9/histb/source/component/ha_codec'
make[2]: Leaving directory `/home/liujingfei/project/histb_project_v2_Apr9/histb/source/component/ha_codec'
make -C hifat install
make[2]: Entering directory `/home/liujingfei/project/histb_project_v2_Apr9/histb/source/component/hifat'
make all over !
`/home/liujingfei/project/histb_project_v2_Apr9/histb/source/component/hifat/arm-hisiv200-linux/lib/libhimount_gcc-4.4.1-vfp.so' -> `/home/liujingfei/v2/histb/pub/lib/share/libhimount.so'
`/home/liujingfei/project/histb_project_v2_Apr9/histb/source/component/hifat/arm-hisiv200-linux/lib/libhimount_gcc-4.4.1-vfp.a' -> `/home/liujingfei/v2/histb/pub/lib/static/libhimount.a'
`/home/liujingfei/project/histb_project_v2_Apr9/histb/source/component/hifat/include/himount_api.h' -> `/home/liujingfei/v2/histb/pub/include/himount_api.h'
`/home/liujingfei/project/histb_project_v2_Apr9/histb/source/component/hifat/arm-hisiv200-linux/tools/himount' -> `/home/liujingfei/v2/histb/pub/bin/himount'
make install over !
make[2]: Leaving directory `/home/liujingfei/project/histb_project_v2_Apr9/histb/source/component/hifat'
make -C resampler install
make[2]: Entering directory `/home/liujingfei/project/histb_project_v2_Apr9/histb/source/component/resampler'
make[2]: Leaving directory `/home/liujingfei/project/histb_project_v2_Apr9/histb/source/component/resampler'
make -C freetype install
make[2]: Entering directory `/home/liujingfei/project/histb_project_v2_Apr9/histb/source/component/freetype'
tar -zxvf lib/arm-hisiv200-linux.tar.gz -C lib/
arm-hisiv200-linux/
arm-hisiv200-linux/libfreetype.so.6
arm-hisiv200-linux/libfreetype.so.6.4.0
arm-hisiv200-linux/libfreetype.so
arm-hisiv200-linux/libfreetype.a
make[2]: Leaving directory `/home/liujingfei/project/histb_project_v2_Apr9/histb/source/component/freetype'
make -C zlib install
make[2]: Entering directory `/home/liujingfei/project/histb_project_v2_Apr9/histb/source/component/zlib'
tar -zxvf lib/arm-hisiv200-linux.tar.gz -C lib/
arm-hisiv200-linux/
arm-hisiv200-linux/libz.so.1.2.8
arm-hisiv200-linux/libz.so
arm-hisiv200-linux/libz.so.1
arm-hisiv200-linux/libz.a
make[2]: Leaving directory `/home/liujingfei/project/histb_project_v2_Apr9/histb/source/component/zlib'
make -C alsa install
make[2]: Entering directory `/home/liujingfei/project/histb_project_v2_Apr9/histb/source/component/alsa'
cd /home/liujingfei/v2/histb/source/component/alsa/src;tar -zxf bluez_install.tar.gz;chmod 777 -R install;cd -
/home/liujingfei/project/histb_project_v2_Apr9/histb/source/component/alsa
tar -zxf bluez_install.tar.gz  done
make -C /home/liujingfei/v2/histb/source/component/alsa/hi_api
make[3]: Entering directory `/home/liujingfei/project/histb_project_v2_Apr9/histb/source/component/alsa/hi_api'
r - bluetooth_api.o
r - hi_bluetooth.o
make[3]: Leaving directory `/home/liujingfei/project/histb_project_v2_Apr9/histb/source/component/alsa/hi_api'
make -C /home/liujingfei/v2/histb/source/component/alsa/hi_api install
make[3]: Entering directory `/home/liujingfei/project/histb_project_v2_Apr9/histb/source/component/alsa/hi_api'
make[3]: Leaving directory `/home/liujingfei/project/histb_project_v2_Apr9/histb/source/component/alsa/hi_api'
mkdir -p /home/liujingfei/v2/histb/pub/include/alsa_bluez
mkdir -p /home/liujingfei/v2/histb/pub/lib/share/alsa_bluez
for aaa in $(find /home/liujingfei/v2/histb/source/component/alsa/src/install/usr/share/bluetooth/lib -name "*.a");do rm -rf $aaa;done
make[2]: Leaving directory `/home/liujingfei/project/histb_project_v2_Apr9/histb/source/component/alsa'
make -C hipes install
make[2]: Entering directory `/home/liujingfei/project/histb_project_v2_Apr9/histb/source/component/hipes'
r - src/hi_unf_pes.o
make[2]: Leaving directory `/home/liujingfei/project/histb_project_v2_Apr9/histb/source/component/hipes'
make -C subtitle install
make[2]: Entering directory `/home/liujingfei/project/histb_project_v2_Apr9/histb/source/component/subtitle'
make[2]: Leaving directory `/home/liujingfei/project/histb_project_v2_Apr9/histb/source/component/subtitle'
make -C subtoutput install
make[2]: Entering directory `/home/liujingfei/project/histb_project_v2_Apr9/histb/source/component/subtoutput'
make[2]: Leaving directory `/home/liujingfei/project/histb_project_v2_Apr9/histb/source/component/subtoutput'
make -C teletext install
make[2]: Entering directory `/home/liujingfei/project/histb_project_v2_Apr9/histb/source/component/teletext'
make[2]: Leaving directory `/home/liujingfei/project/histb_project_v2_Apr9/histb/source/component/teletext'
make -C cc install
make[2]: Entering directory `/home/liujingfei/project/histb_project_v2_Apr9/histb/source/component/cc'
make[2]: Leaving directory `/home/liujingfei/project/histb_project_v2_Apr9/histb/source/component/cc'
make -C 3g install
make[2]: Entering directory `/home/liujingfei/project/histb_project_v2_Apr9/histb/source/component/3g'
make[2]: Leaving directory `/home/liujingfei/project/histb_project_v2_Apr9/histb/source/component/3g'
make -C ntfs install
ls: cannot access /home/liujingfei/v2/histb/source/kernel/linux-3.10.y.patch/arch/arm/configs: No such file or directory
make[2]: Entering directory `/home/liujingfei/project/histb_project_v2_Apr9/histb/source/component/ntfs'
test ! -f /home/liujingfei/v2/histb/source/component/ntfs/tmp/ufsd.ko || cp -rvf /home/liujingfei/v2/histb/source/component/ntfs/tmp/ufsd.ko /home/liujingfei/v2/histb/source/component/ntfs/linux-3.10.y/ufsd_autelan.config.ko
cp -rvf /home/liujingfei/v2/histb/source/component/ntfs/tools/mkntfs /home/liujingfei/v2/histb/pub/rootfs/bin/mkntfs
`/home/liujingfei/v2/histb/source/component/ntfs/tools/mkntfs' -> `/home/liujingfei/v2/histb/pub/rootfs/bin/mkntfs'
chmod a+x /home/liujingfei/v2/histb/pub/rootfs/bin/mkntfs
cp -rvf /home/liujingfei/v2/histb/source/component/ntfs/tools/chkntfs /home/liujingfei/v2/histb/pub/rootfs/bin/chkntfs
`/home/liujingfei/v2/histb/source/component/ntfs/tools/chkntfs' -> `/home/liujingfei/v2/histb/pub/rootfs/bin/chkntfs'
chmod a+x /home/liujingfei/v2/histb/pub/rootfs/bin/chkntfs
cp: cannot stat `/home/liujingfei/v2/histb/source/component/ntfs/linux-3.10.y/ufsd_autelan.config.ko': No such file or directory
make[2]: [install] Error 1 (ignored)
make[2]: Leaving directory `/home/liujingfei/project/histb_project_v2_Apr9/histb/source/component/ntfs'
make -C hiplayer install
make[2]: Entering directory `/home/liujingfei/project/histb_project_v2_Apr9/histb/source/component/hiplayer'
make[2]: Leaving directory `/home/liujingfei/project/histb_project_v2_Apr9/histb/source/component/hiplayer'
make[1]: Leaving directory `/home/liujingfei/project/histb_project_v2_Apr9/histb/source/component'
make -C /home/liujingfei/v2/histb/source/plugin install
make[1]: Entering directory `/home/liujingfei/project/histb_project_v2_Apr9/histb/source/plugin'
make[1]: Nothing to be done for `install'.
make[1]: Leaving directory `/home/liujingfei/project/histb_project_v2_Apr9/histb/source/plugin'
make -C /home/liujingfei/v2/histb/../autelan_scripts install
make[1]: Entering directory `/home/liujingfei/project/histb_project_v2_Apr9/autelan_scripts'
./autelan.rootfs install
hisitopdir=/home/liujingfei/v2/autelan_scripts/..
hisiprefix=arm-hisiv200-linux
hisitools=/opt/hisi-linux/x86-arm/arm-hisiv200-linux/target
hisirootfs=/home/liujingfei/v2/autelan_scripts/../histb/pub/rootfs
auterootfs=/home/liujingfei/v2/autelan_scripts/../rootfs
autepackage=/home/liujingfei/v2/autelan_scripts/../package
auterelease=/home/liujingfei/v2/autelan_scripts/../release
autefake=/home/liujingfei/v2/autelan_scripts/../fakerelease
autecustom=/home/liujingfei/v2/autelan_scripts/../custom
__ROOTFS__=/home/liujingfei/v2/autelan_scripts/../custom
=======================================
rm -f /home/liujingfei/v2/autelan_scripts/../histb/pub/rootfs/etc/resolv.conf
=======================================
cp -fpR ../release/bin ../release/etc ../release/lib ../release/sbin ../release/usr /home/liujingfei/v2/autelan_scripts/../histb/pub/rootfs
cp: cannot overwrite directory `/home/liujingfei/v2/autelan_scripts/../histb/pub/rootfs/var' with non-directory
cp -fpR ../custom/config ../custom/data ../custom/etc ../custom/hd ../custom/image ../custom/lib ../custom/mnt ../custom/opt ../custom/other ../custom/rootfs0 ../custom/rootfs1 ../custom/rootfs2 ../custom/rootfs3 ../custom/rootfs4 ../custom/rootfs5 ../custom/rootfs6 ../custom/sd ../custom/usb ../custom/usr ../custom/var /home/liujingfei/v2/autelan_scripts/../histb/pub/rootfs
cp -fpR ../rootfs_data/backup ../rootfs_data/opt ../rootfs_data/resource ../rootfs_data/rsync ../rootfs_data/version /home/liujingfei/v2/autelan_scripts/../histb/pub/rootfs_data
~/v2/histb/pub/rootfs/bin ~/project/histb_project_v2_Apr9/autelan_scripts
~/project/histb_project_v2_Apr9/autelan_scripts
make[1]: Leaving directory `/home/liujingfei/project/histb_project_v2_Apr9/autelan_scripts'
mkdir -p /home/liujingfei/v2/histb/pub/rootbox/image/
cp -f /home/liujingfei/v2/histb/pub/image/fastboot-burn.bin  /home/liujingfei/v2/histb/pub/rootfs/image/
cp -f /home/liujingfei/v2/histb/pub/image/hi_kernel.bin  /home/liujingfei/v2/histb/pub/rootfs/image/
cp -f /home/liujingfei/v2/histb/pub/image/pq_param_hi3718cv100.bin  /home/liujingfei/v2/histb/pub/rootfs/image/
make -C /home/liujingfei/v2/histb/scripts load_install
make[1]: Entering directory `/home/liujingfei/project/histb_project_v2_Apr9/histb/scripts'
make[1]: Leaving directory `/home/liujingfei/project/histb_project_v2_Apr9/histb/scripts'
cp: cannot create special file `/home/liujingfei/v2/histb/pub/rootbox/dev/ttyAMA1': Operation not permitted
cp: cannot create special file `/home/liujingfei/v2/histb/pub/rootbox/dev/console': Operation not permitted
cp: cannot create special file `/home/liujingfei/v2/histb/pub/rootbox/dev/ttyS000': Operation not permitted
cp: cannot create special file `/home/liujingfei/v2/histb/pub/rootbox/dev/ttyAMA0': Operation not permitted
make: [rootbox_compose] Error 1 (ignored)
make: [rootbox_strip] Error 123 (ignored)
make: [rootbox_strip] Error 123 (ignored)
rootbox is ready
make -C /home/liujingfei/v2/histb/sample all
make[1]: Entering directory `/home/liujingfei/project/histb_project_v2_Apr9/histb/sample'
make -C tuner
make[2]: Entering directory `/home/liujingfei/project/histb_project_v2_Apr9/histb/sample/tuner'
make[2]: Nothing to be done for `all'.
make[2]: Leaving directory `/home/liujingfei/project/histb_project_v2_Apr9/histb/sample/tuner'
make -C demux
make[2]: Entering directory `/home/liujingfei/project/histb_project_v2_Apr9/histb/sample/demux'
make[2]: Nothing to be done for `all'.
make[2]: Leaving directory `/home/liujingfei/project/histb_project_v2_Apr9/histb/sample/demux'
make -C dvbplay
make[2]: Entering directory `/home/liujingfei/project/histb_project_v2_Apr9/histb/sample/dvbplay'
make[2]: Nothing to be done for `all'.
make[2]: Leaving directory `/home/liujingfei/project/histb_project_v2_Apr9/histb/sample/dvbplay'
make -C esplay
make[2]: Entering directory `/home/liujingfei/project/histb_project_v2_Apr9/histb/sample/esplay'
make[2]: Nothing to be done for `all'.
make[2]: Leaving directory `/home/liujingfei/project/histb_project_v2_Apr9/histb/sample/esplay'
make -C ao
make[2]: Entering directory `/home/liujingfei/project/histb_project_v2_Apr9/histb/sample/ao'
make -C play
make[3]: Entering directory `/home/liujingfei/project/histb_project_v2_Apr9/histb/sample/ao/play'
make[3]: Nothing to be done for `all'.
make[3]: Leaving directory `/home/liujingfei/project/histb_project_v2_Apr9/histb/sample/ao/play'
make -C mix
make[3]: Entering directory `/home/liujingfei/project/histb_project_v2_Apr9/histb/sample/ao/mix'
make[3]: Nothing to be done for `all'.
make[3]: Leaving directory `/home/liujingfei/project/histb_project_v2_Apr9/histb/sample/ao/mix'
make -C mp3_spectrum
make[3]: Entering directory `/home/liujingfei/project/histb_project_v2_Apr9/histb/sample/ao/mp3_spectrum'
make[3]: Nothing to be done for `all'.
make[3]: Leaving directory `/home/liujingfei/project/histb_project_v2_Apr9/histb/sample/ao/mp3_spectrum'
make[2]: Leaving directory `/home/liujingfei/project/histb_project_v2_Apr9/histb/sample/ao'
make -C tsplay
make[2]: Entering directory `/home/liujingfei/project/histb_project_v2_Apr9/histb/sample/tsplay'
make[2]: Nothing to be done for `all'.
make[2]: Leaving directory `/home/liujingfei/project/histb_project_v2_Apr9/histb/sample/tsplay'
make -C es_ts_switch
make[2]: Entering directory `/home/liujingfei/project/histb_project_v2_Apr9/histb/sample/es_ts_switch'
make[2]: Nothing to be done for `all'.
make[2]: Leaving directory `/home/liujingfei/project/histb_project_v2_Apr9/histb/sample/es_ts_switch'
make -C ipplay
make[2]: Entering directory `/home/liujingfei/project/histb_project_v2_Apr9/histb/sample/ipplay'
make[2]: Nothing to be done for `all'.
make[2]: Leaving directory `/home/liujingfei/project/histb_project_v2_Apr9/histb/sample/ipplay'
make -C psi
make[2]: Entering directory `/home/liujingfei/project/histb_project_v2_Apr9/histb/sample/psi'
make[2]: Nothing to be done for `all'.
make[2]: Leaving directory `/home/liujingfei/project/histb_project_v2_Apr9/histb/sample/psi'
make -C mosaic
make[2]: Entering directory `/home/liujingfei/project/histb_project_v2_Apr9/histb/sample/mosaic'
make[2]: Nothing to be done for `all'.
make[2]: Leaving directory `/home/liujingfei/project/histb_project_v2_Apr9/histb/sample/mosaic'
make -C pip
make[2]: Entering directory `/home/liujingfei/project/histb_project_v2_Apr9/histb/sample/pip'
make[2]: Nothing to be done for `all'.
make[2]: Leaving directory `/home/liujingfei/project/histb_project_v2_Apr9/histb/sample/pip'
make -C log
make[2]: Entering directory `/home/liujingfei/project/histb_project_v2_Apr9/histb/sample/log'
make[2]: Nothing to be done for `all'.
make[2]: Leaving directory `/home/liujingfei/project/histb_project_v2_Apr9/histb/sample/log'
make -C memdev
make[2]: Entering directory `/home/liujingfei/project/histb_project_v2_Apr9/histb/sample/memdev'
make[2]: Nothing to be done for `all'.
make[2]: Leaving directory `/home/liujingfei/project/histb_project_v2_Apr9/histb/sample/memdev'
make -C userproc
make[2]: Entering directory `/home/liujingfei/project/histb_project_v2_Apr9/histb/sample/userproc'
make[2]: Nothing to be done for `all'.
make[2]: Leaving directory `/home/liujingfei/project/histb_project_v2_Apr9/histb/sample/userproc'
make -C iframe_dec
make[2]: Entering directory `/home/liujingfei/project/histb_project_v2_Apr9/histb/sample/iframe_dec'
make[2]: Nothing to be done for `all'.
make[2]: Leaving directory `/home/liujingfei/project/histb_project_v2_Apr9/histb/sample/iframe_dec'
make -C pvr
make[2]: Entering directory `/home/liujingfei/project/histb_project_v2_Apr9/histb/sample/pvr'
make[2]: Nothing to be done for `all'.
make[2]: Leaving directory `/home/liujingfei/project/histb_project_v2_Apr9/histb/sample/pvr'
make -C dolby
make[2]: Entering directory `/home/liujingfei/project/histb_project_v2_Apr9/histb/sample/dolby'
make[2]: Nothing to be done for `all'.
make[2]: Leaving directory `/home/liujingfei/project/histb_project_v2_Apr9/histb/sample/dolby'
make -C mce
make[2]: Entering directory `/home/liujingfei/project/histb_project_v2_Apr9/histb/sample/mce'
make[2]: Nothing to be done for `all'.
make[2]: Leaving directory `/home/liujingfei/project/histb_project_v2_Apr9/histb/sample/mce'
make -C resampler
make[2]: Entering directory `/home/liujingfei/project/histb_project_v2_Apr9/histb/sample/resampler'
make[2]: Nothing to be done for `all'.
make[2]: Leaving directory `/home/liujingfei/project/histb_project_v2_Apr9/histb/sample/resampler'
make -C capture
make[2]: Entering directory `/home/liujingfei/project/histb_project_v2_Apr9/histb/sample/capture'
make[2]: Nothing to be done for `all'.
make[2]: Leaving directory `/home/liujingfei/project/histb_project_v2_Apr9/histb/sample/capture'
make -C seperateoutput
make[2]: Entering directory `/home/liujingfei/project/histb_project_v2_Apr9/histb/sample/seperateoutput'
make[2]: Nothing to be done for `all'.
make[2]: Leaving directory `/home/liujingfei/project/histb_project_v2_Apr9/histb/sample/seperateoutput'
make -C hdmi_tsplay
make[2]: Entering directory `/home/liujingfei/project/histb_project_v2_Apr9/histb/sample/hdmi_tsplay'
make[2]: Nothing to be done for `all'.
make[2]: Leaving directory `/home/liujingfei/project/histb_project_v2_Apr9/histb/sample/hdmi_tsplay'
make -C fb
make[2]: Entering directory `/home/liujingfei/project/histb_project_v2_Apr9/histb/sample/fb'
make[2]: Nothing to be done for `all'.
make[2]: Leaving directory `/home/liujingfei/project/histb_project_v2_Apr9/histb/sample/fb'
make -C higo
make[2]: Entering directory `/home/liujingfei/project/histb_project_v2_Apr9/histb/sample/higo'
make[2]: Nothing to be done for `all'.
make[2]: Leaving directory `/home/liujingfei/project/histb_project_v2_Apr9/histb/sample/higo'
make -C tde
make[2]: Entering directory `/home/liujingfei/project/histb_project_v2_Apr9/histb/sample/tde'
make[2]: Nothing to be done for `all'.
make[2]: Leaving directory `/home/liujingfei/project/histb_project_v2_Apr9/histb/sample/tde'
make -C jpeg
make[2]: Entering directory `/home/liujingfei/project/histb_project_v2_Apr9/histb/sample/jpeg'
make[3]: Entering directory `/home/liujingfei/project/histb_project_v2_Apr9/histb/sample/jpeg/src'
make[3]: Nothing to be done for `all'.
make[3]: Leaving directory `/home/liujingfei/project/histb_project_v2_Apr9/histb/sample/jpeg/src'
make[2]: Leaving directory `/home/liujingfei/project/histb_project_v2_Apr9/histb/sample/jpeg'
make -C gpio
make[2]: Entering directory `/home/liujingfei/project/histb_project_v2_Apr9/histb/sample/gpio'
make[2]: Nothing to be done for `all'.
make[2]: Leaving directory `/home/liujingfei/project/histb_project_v2_Apr9/histb/sample/gpio'
make -C wdg
make[2]: Entering directory `/home/liujingfei/project/histb_project_v2_Apr9/histb/sample/wdg'
make[2]: Nothing to be done for `all'.
make[2]: Leaving directory `/home/liujingfei/project/histb_project_v2_Apr9/histb/sample/wdg'
make -C pmoc
make[2]: Entering directory `/home/liujingfei/project/histb_project_v2_Apr9/histb/sample/pmoc'
make[2]: Nothing to be done for `all'.
make[2]: Leaving directory `/home/liujingfei/project/histb_project_v2_Apr9/histb/sample/pmoc'
make -C ir
make[2]: Entering directory `/home/liujingfei/project/histb_project_v2_Apr9/histb/sample/ir'
make[2]: Nothing to be done for `all'.
make[2]: Leaving directory `/home/liujingfei/project/histb_project_v2_Apr9/histb/sample/ir'
make -C e2prom
make[2]: Entering directory `/home/liujingfei/project/histb_project_v2_Apr9/histb/sample/e2prom'
make[2]: Nothing to be done for `all'.
make[2]: Leaving directory `/home/liujingfei/project/histb_project_v2_Apr9/histb/sample/e2prom'
make -C i2c
make[2]: Entering directory `/home/liujingfei/project/histb_project_v2_Apr9/histb/sample/i2c'
cp temperature_show /home/liujingfei/v2/histb/pub/rootbox/usr/sbin
cp clock_show /home/liujingfei/v2/histb/pub/rootbox/usr/sbin
cp clock_set /home/liujingfei/v2/histb/pub/rootbox/usr/sbin
cp voltage_show /home/liujingfei/v2/histb/pub/rootbox/usr/sbin
make[2]: Leaving directory `/home/liujingfei/project/histb_project_v2_Apr9/histb/sample/i2c'
make -C otp
make[2]: Entering directory `/home/liujingfei/project/histb_project_v2_Apr9/histb/sample/otp'
make[2]: Nothing to be done for `all'.
make[2]: Leaving directory `/home/liujingfei/project/histb_project_v2_Apr9/histb/sample/otp'
make -C uti1201
make[2]: Entering directory `/home/liujingfei/project/histb_project_v2_Apr9/histb/sample/uti1201'
make[2]: Nothing to be done for `all'.
make[2]: Leaving directory `/home/liujingfei/project/histb_project_v2_Apr9/histb/sample/uti1201'
make -C flash
make[2]: Entering directory `/home/liujingfei/project/histb_project_v2_Apr9/histb/sample/flash'
make[2]: Nothing to be done for `all'.
make[2]: Leaving directory `/home/liujingfei/project/histb_project_v2_Apr9/histb/sample/flash'
make -C uart
make[2]: Entering directory `/home/liujingfei/project/histb_project_v2_Apr9/histb/sample/uart'
make[2]: Leaving directory `/home/liujingfei/project/histb_project_v2_Apr9/histb/sample/uart'
make -C network
make[2]: Entering directory `/home/liujingfei/project/histb_project_v2_Apr9/histb/sample/network'
make -C /home/liujingfei/project/histb_project_v2_Apr9/histb/sample/network/ipcfg
make[3]: Entering directory `/home/liujingfei/project/histb_project_v2_Apr9/histb/sample/network/ipcfg'
make[3]: Nothing to be done for `all'.
make[3]: Leaving directory `/home/liujingfei/project/histb_project_v2_Apr9/histb/sample/network/ipcfg'
make -C /home/liujingfei/project/histb_project_v2_Apr9/histb/sample/network/socket
make[3]: Entering directory `/home/liujingfei/project/histb_project_v2_Apr9/histb/sample/network/socket'
make[3]: Nothing to be done for `all'.
make[3]: Leaving directory `/home/liujingfei/project/histb_project_v2_Apr9/histb/sample/network/socket'
make[2]: Leaving directory `/home/liujingfei/project/histb_project_v2_Apr9/histb/sample/network'
make -C fs
make[2]: Entering directory `/home/liujingfei/project/histb_project_v2_Apr9/histb/sample/fs'
make[2]: Nothing to be done for `all'.
make[2]: Leaving directory `/home/liujingfei/project/histb_project_v2_Apr9/histb/sample/fs'
make -C cipher
make[2]: Entering directory `/home/liujingfei/project/histb_project_v2_Apr9/histb/sample/cipher'
make[2]: Nothing to be done for `all'.
make[2]: Leaving directory `/home/liujingfei/project/histb_project_v2_Apr9/histb/sample/cipher'
make -C factory_detect
make[2]: Entering directory `/home/liujingfei/project/histb_project_v2_Apr9/histb/sample/factory_detect'
mkdir -p /home/liujingfei/project/histb_project_v2_Apr9/histb/sample/factory_detect/out
cd drivers;make LINUXROOT=/home/liujingfei/v2/histb/source/kernel/linux-3.10.y;cd -
make[3]: Entering directory `/home/liujingfei/project/histb_project_v2_Apr9/histb/sample/factory_detect/drivers'
make ARCH=arm CROSS_COMPILE=arm-hisiv200-linux- -C /home/liujingfei/v2/histb/source/kernel/linux-3.10.y M=/home/liujingfei/project/histb_project_v2_Apr9/histb/sample/factory_detect/drivers modules
make[4]: Entering directory `/home/liujingfei/project/histb_project_v2_Apr9/histb/source/kernel/linux-3.10.y'
test -e include/generated/autoconf.h -a -e include/config/auto.conf || (		\
	echo >&2;							\
	echo >&2 "  ERROR: Kernel configuration is invalid.";		\
	echo >&2 "         include/generated/autoconf.h or include/config/auto.conf are missing.";\
	echo >&2 "         Run 'make oldconfig && make prepare' on kernel src to fix it.";	\
	echo >&2 ;							\
	/bin/false)
mkdir -p /home/liujingfei/project/histb_project_v2_Apr9/histb/sample/factory_detect/drivers/.tmp_versions ; rm -f /home/liujingfei/project/histb_project_v2_Apr9/histb/sample/factory_detect/drivers/.tmp_versions/*
make -f scripts/Makefile.build obj=/home/liujingfei/project/histb_project_v2_Apr9/histb/sample/factory_detect/drivers
(cat /dev/null;   echo kernel//home/liujingfei/project/histb_project_v2_Apr9/histb/sample/factory_detect/drivers/ddr.ko;) > /home/liujingfei/project/histb_project_v2_Apr9/histb/sample/factory_detect/drivers/modules.order
make -f /home/liujingfei/project/histb_project_v2_Apr9/histb/source/kernel/linux-3.10.y/scripts/Makefile.modpost
  find /home/liujingfei/project/histb_project_v2_Apr9/histb/sample/factory_detect/drivers/.tmp_versions -name '*.mod' | xargs -r grep -h '\.ko$' | sort -u | sed 's/\.ko$/.o/' | scripts/mod/modpost   -i /home/liujingfei/project/histb_project_v2_Apr9/histb/source/kernel/linux-3.10.y/Module.symvers -I /home/liujingfei/project/histb_project_v2_Apr9/histb/sample/factory_detect/drivers/Module.symvers  -o /home/liujingfei/project/histb_project_v2_Apr9/histb/sample/factory_detect/drivers/Module.symvers -S -w -s -T -
make[4]: Leaving directory `/home/liujingfei/project/histb_project_v2_Apr9/histb/source/kernel/linux-3.10.y'
make[3]: Leaving directory `/home/liujingfei/project/histb_project_v2_Apr9/histb/sample/factory_detect/drivers'
/home/liujingfei/project/histb_project_v2_Apr9/histb/sample/factory_detect
/home/liujingfei/v2/histb/pub/lib/static/libhi_msp.a(mpi_adec_core.o): In function `ADEC_RegisterDeoder':
mpi_adec_core.c:(.text+0x7008): warning: Using 'dlopen' in statically linked applications requires at runtime the shared libraries from the glibc version used for linking
make[2]: Leaving directory `/home/liujingfei/project/histb_project_v2_Apr9/histb/sample/factory_detect'
make -C snapshot
make[2]: Entering directory `/home/liujingfei/project/histb_project_v2_Apr9/histb/sample/snapshot'
make[2]: Nothing to be done for `all'.
make[2]: Leaving directory `/home/liujingfei/project/histb_project_v2_Apr9/histb/sample/snapshot'
make -C 3dtv
make[2]: Entering directory `/home/liujingfei/project/histb_project_v2_Apr9/histb/sample/3dtv'
make[2]: Nothing to be done for `all'.
make[2]: Leaving directory `/home/liujingfei/project/histb_project_v2_Apr9/histb/sample/3dtv'
make -C pwm
make[2]: Entering directory `/home/liujingfei/project/histb_project_v2_Apr9/histb/sample/pwm'
make[2]: Nothing to be done for `all'.
make[2]: Leaving directory `/home/liujingfei/project/histb_project_v2_Apr9/histb/sample/pwm'
make -C edid
make[2]: Entering directory `/home/liujingfei/project/histb_project_v2_Apr9/histb/sample/edid'
make[2]: Nothing to be done for `all'.
make[2]: Leaving directory `/home/liujingfei/project/histb_project_v2_Apr9/histb/sample/edid'
make -C fullband
make[2]: Entering directory `/home/liujingfei/project/histb_project_v2_Apr9/histb/sample/fullband'
make[2]: Nothing to be done for `all'.
make[2]: Leaving directory `/home/liujingfei/project/histb_project_v2_Apr9/histb/sample/fullband'
make -C keyled
make[2]: Entering directory `/home/liujingfei/project/histb_project_v2_Apr9/histb/sample/keyled'
make[2]: Nothing to be done for `all'.
make[2]: Leaving directory `/home/liujingfei/project/histb_project_v2_Apr9/histb/sample/keyled'
make -C hdcpkey
make[2]: Entering directory `/home/liujingfei/project/histb_project_v2_Apr9/histb/sample/hdcpkey'
make[2]: Nothing to be done for `all'.
make[2]: Leaving directory `/home/liujingfei/project/histb_project_v2_Apr9/histb/sample/hdcpkey'
make -C aenc
make[2]: Entering directory `/home/liujingfei/project/histb_project_v2_Apr9/histb/sample/aenc'
make[2]: Nothing to be done for `all'.
make[2]: Leaving directory `/home/liujingfei/project/histb_project_v2_Apr9/histb/sample/aenc'
make -C audiocast
make[2]: Entering directory `/home/liujingfei/project/histb_project_v2_Apr9/histb/sample/audiocast'
make[2]: Nothing to be done for `all'.
make[2]: Leaving directory `/home/liujingfei/project/histb_project_v2_Apr9/histb/sample/audiocast'
make -C ai
make[2]: Entering directory `/home/liujingfei/project/histb_project_v2_Apr9/histb/sample/ai'
make[2]: Nothing to be done for `all'.
make[2]: Leaving directory `/home/liujingfei/project/histb_project_v2_Apr9/histb/sample/ai'
make -C 3g
make[2]: Entering directory `/home/liujingfei/project/histb_project_v2_Apr9/histb/sample/3g'
cp 3g_sample /home/liujingfei/v2/histb/pub/rootbox/usr/sbin
cp at_ttyUSB0 /home/liujingfei/v2/histb/pub/rootbox/usr/sbin
cp at_ttyUSB1 /home/liujingfei/v2/histb/pub/rootbox/usr/sbin
cp at_ttyUSB3 /home/liujingfei/v2/histb/pub/rootbox/usr/sbin
make[2]: Leaving directory `/home/liujingfei/project/histb_project_v2_Apr9/histb/sample/3g'
make -C gps
make[2]: Entering directory `/home/liujingfei/project/histb_project_v2_Apr9/histb/sample/gps'
cp rgps /home/liujingfei/v2/histb/pub/rootbox/usr/sbin
make[2]: Leaving directory `/home/liujingfei/project/histb_project_v2_Apr9/histb/sample/gps'
make -C led
make[2]: Entering directory `/home/liujingfei/project/histb_project_v2_Apr9/histb/sample/led'
cp led_main /home/liujingfei/v2/histb/pub/rootbox/usr/sbin
make[2]: Leaving directory `/home/liujingfei/project/histb_project_v2_Apr9/histb/sample/led'
make -C acc
make[2]: Entering directory `/home/liujingfei/project/histb_project_v2_Apr9/histb/sample/acc'
cp acc_monitor /home/liujingfei/v2/histb/pub/rootbox/usr/sbin
make[2]: Leaving directory `/home/liujingfei/project/histb_project_v2_Apr9/histb/sample/acc'
make -C gpu
make[2]: Entering directory `/home/liujingfei/project/histb_project_v2_Apr9/histb/sample/gpu'
echo  -march=armv7-a -mcpu=cortex-a9 -D_GNU_SOURCE -Wall -O2 -g  -ffunction-sections -fdata-sections -Wl,--gc-sections -DCHIP_TYPE_hi3718cv100 -DCFG_HI_SDK_VERSION="HiSTBLinuxV100R002C01SPC020"  -DHI_DAC_CVBS=3 -DHI_DAC_YPBPR_Y=1 -DHI_DAC_YPBPR_PB=0 -DHI_DAC_YPBPR_PR=2 -DHI_SND_MUTECTL_GPIO=0x39 -DHI_SCI_CLK_MODE=0 -DHI_SCI_VCCEN_MODE=1 -DHI_SCI_RESET_MODE=0 -DHI_SCI_VCCEN_LEVEL=0 -DHI_SCI_DETECT_LEVEL=1 -DHI_TSI_port_NUMBER=4 -DHI_TSO_PORT_NUMBER=2 -DHI_IF0_TYPE=2 -DHI_IF0_BIT_SELECTOR=0 -DHI_TSI0_TYPE=2 -DHI_TSI0_BIT_SELECTOR=0 -DHI_TSI1_TYPE=2 -DHI_TSI1_BIT_SELECTOR=0 -DHI_TSI2_TYPE=2 -DHI_TSI2_BIT_SELECTOR=0 -DHI_TSI3_TYPE=2 -DHI_TSI3_BIT_SELECTOR=0 -DHI_TSI4_TYPE=2 -DHI_TSI4_BIT_SELECTOR=0 -DHI_TSI5_BIT_SELECTOR=0 -DHI_TSO0_CLK=0 -DHI_TSO0_CLK_MODE=0 -DHI_TSO0_VALID_MODE=0 -DHI_TSO0_SERIAL=1 -DHI_TSO0_BIT_SELECTOR=0 -DHI_TSO1_CLK=0 -DHI_TSO1_CLK_MODE=0 -DHI_TSO1_VALID_MODE=0 -DHI_TSO1_SERIAL=1 -DHI_TSO1_BIT_SELECTOR=0 -DHI_TUNER_NUMBER=1 -DHI_TUNER0_ID=0 -DHI_TUNER_SIGNAL_TYPE=0 -DHI_TUNER_TYPE=17 -DHI_TUNER_DEV_ADDR=0xc0 -DHI_DEMOD_TYPE=256 -DHI_DEMOD_DEV_ADDR=0xa0 -DHI_DEMOD_TS_MODE=1 -DHI_DEMOD_I2C_CHANNEL=5 -DHI_DEMOD_RESET_GPIO=0x1 -DHI_DEMUX_PORT=0 -DHI_DEMOD_REF_CLOCK=24000 -DHI_TUNER_MAX_LPF=34 -DHI_TUNER_I2C_CLOCK=400 -DHI_LNBCTRL_DEV_ADDR=0x0 -DHI_TUNER1_ID=1 -DHI_TUNER1_SIGNAL_TYPE=0 -DHI_TUNER1_TYPE=4 -DHI_TUNER1_DEV_ADDR=0xc0 -DHI_DEMOD1_TYPE=256 -DHI_DEMOD1_DEV_ADDR=0xa0 -DHI_DEMOD1_TS_MODE=1 -DHI_DEMOD1_I2C_CHANNEL=3 -DHI_DEMOD1_RESET_GPIO=0x1 -DHI_DEMUX1_PORT=5 -DHI_DEMOD1_REF_CLOCK=24000 -DHI_TUNER1_MAX_LPF=34 -DHI_TUNER1_I2C_CLOCK=400 -DHI_LNBCTRL1_DEV_ADDR=0x0 -DHI_TUNER2_ID=2 -DHI_TUNER2_SIGNAL_TYPE=0 -DHI_TUNER2_TYPE=4 -DHI_TUNER2_DEV_ADDR=0xc0 -DHI_DEMOD2_TYPE=256 -DHI_DEMOD2_DEV_ADDR=0xa0 -DHI_DEMOD2_TS_MODE=1 -DHI_DEMOD2_I2C_CHANNEL=5 -DHI_DEMOD2_RESET_GPIO=0x0 -DHI_DEMUX2_PORT=0 -DHI_DEMOD2_REF_CLOCK=24000 -DHI_TUNER2_MAX_LPF=34 -DHI_TUNER2_I2C_CLOCK=400 -DHI_LNBCTRL2_DEV_ADDR=0x0 -DHI_TUNER3_ID=3 -DHI_TUNER3_SIGNAL_TYPE=0 -DHI_TUNER3_TYPE=4 -DHI_TUNER3_DEV_ADDR=0xc0 -DHI_DEMOD3_TYPE=256 -DHI_DEMOD3_DEV_ADDR=0xa0 -DHI_DEMOD3_TS_MODE=1 -DHI_DEMOD3_I2C_CHANNEL=5 -DHI_DEMOD3_RESET_GPIO=0x0 -DHI_DEMUX3_PORT=0 -DHI_DEMOD3_REF_CLOCK=24000 -DHI_TUNER3_MAX_LPF=34 -DHI_TUNER3_I2C_CLOCK=400 -DHI_LNBCTRL3_DEV_ADDR=0x0 -I/home/liujingfei/v2/histb/pub/include -I/home/liujingfei/v2/histb/sample/common -I/home/liujingfei/v2/histb/sample/gpu/src/common/inc -I/home/liujingfei/v2/histb/sample/gpu/src/common/egl/inc -I/home/liujingfei/v2/histb/sample/gpu/src/common/key/inc -I/home/liujingfei/v2/histb/sample/gpu/src/common/texture/inc
-march=armv7-a -mcpu=cortex-a9 -D_GNU_SOURCE -Wall -O2 -g -ffunction-sections -fdata-sections -Wl,--gc-sections -DCHIP_TYPE_hi3718cv100 -DCFG_HI_SDK_VERSION=HiSTBLinuxV100R002C01SPC020 -DHI_DAC_CVBS=3 -DHI_DAC_YPBPR_Y=1 -DHI_DAC_YPBPR_PB=0 -DHI_DAC_YPBPR_PR=2 -DHI_SND_MUTECTL_GPIO=0x39 -DHI_SCI_CLK_MODE=0 -DHI_SCI_VCCEN_MODE=1 -DHI_SCI_RESET_MODE=0 -DHI_SCI_VCCEN_LEVEL=0 -DHI_SCI_DETECT_LEVEL=1 -DHI_TSI_port_NUMBER=4 -DHI_TSO_PORT_NUMBER=2 -DHI_IF0_TYPE=2 -DHI_IF0_BIT_SELECTOR=0 -DHI_TSI0_TYPE=2 -DHI_TSI0_BIT_SELECTOR=0 -DHI_TSI1_TYPE=2 -DHI_TSI1_BIT_SELECTOR=0 -DHI_TSI2_TYPE=2 -DHI_TSI2_BIT_SELECTOR=0 -DHI_TSI3_TYPE=2 -DHI_TSI3_BIT_SELECTOR=0 -DHI_TSI4_TYPE=2 -DHI_TSI4_BIT_SELECTOR=0 -DHI_TSI5_BIT_SELECTOR=0 -DHI_TSO0_CLK=0 -DHI_TSO0_CLK_MODE=0 -DHI_TSO0_VALID_MODE=0 -DHI_TSO0_SERIAL=1 -DHI_TSO0_BIT_SELECTOR=0 -DHI_TSO1_CLK=0 -DHI_TSO1_CLK_MODE=0 -DHI_TSO1_VALID_MODE=0 -DHI_TSO1_SERIAL=1 -DHI_TSO1_BIT_SELECTOR=0 -DHI_TUNER_NUMBER=1 -DHI_TUNER0_ID=0 -DHI_TUNER_SIGNAL_TYPE=0 -DHI_TUNER_TYPE=17 -DHI_TUNER_DEV_ADDR=0xc0 -DHI_DEMOD_TYPE=256 -DHI_DEMOD_DEV_ADDR=0xa0 -DHI_DEMOD_TS_MODE=1 -DHI_DEMOD_I2C_CHANNEL=5 -DHI_DEMOD_RESET_GPIO=0x1 -DHI_DEMUX_PORT=0 -DHI_DEMOD_REF_CLOCK=24000 -DHI_TUNER_MAX_LPF=34 -DHI_TUNER_I2C_CLOCK=400 -DHI_LNBCTRL_DEV_ADDR=0x0 -DHI_TUNER1_ID=1 -DHI_TUNER1_SIGNAL_TYPE=0 -DHI_TUNER1_TYPE=4 -DHI_TUNER1_DEV_ADDR=0xc0 -DHI_DEMOD1_TYPE=256 -DHI_DEMOD1_DEV_ADDR=0xa0 -DHI_DEMOD1_TS_MODE=1 -DHI_DEMOD1_I2C_CHANNEL=3 -DHI_DEMOD1_RESET_GPIO=0x1 -DHI_DEMUX1_PORT=5 -DHI_DEMOD1_REF_CLOCK=24000 -DHI_TUNER1_MAX_LPF=34 -DHI_TUNER1_I2C_CLOCK=400 -DHI_LNBCTRL1_DEV_ADDR=0x0 -DHI_TUNER2_ID=2 -DHI_TUNER2_SIGNAL_TYPE=0 -DHI_TUNER2_TYPE=4 -DHI_TUNER2_DEV_ADDR=0xc0 -DHI_DEMOD2_TYPE=256 -DHI_DEMOD2_DEV_ADDR=0xa0 -DHI_DEMOD2_TS_MODE=1 -DHI_DEMOD2_I2C_CHANNEL=5 -DHI_DEMOD2_RESET_GPIO=0x0 -DHI_DEMUX2_PORT=0 -DHI_DEMOD2_REF_CLOCK=24000 -DHI_TUNER2_MAX_LPF=34 -DHI_TUNER2_I2C_CLOCK=400 -DHI_LNBCTRL2_DEV_ADDR=0x0 -DHI_TUNER3_ID=3 -DHI_TUNER3_SIGNAL_TYPE=0 -DHI_TUNER3_TYPE=4 -DHI_TUNER3_DEV_ADDR=0xc0 -DHI_DEMOD3_TYPE=256 -DHI_DEMOD3_DEV_ADDR=0xa0 -DHI_DEMOD3_TS_MODE=1 -DHI_DEMOD3_I2C_CHANNEL=5 -DHI_DEMOD3_RESET_GPIO=0x0 -DHI_DEMUX3_PORT=0 -DHI_DEMOD3_REF_CLOCK=24000 -DHI_TUNER3_MAX_LPF=34 -DHI_TUNER3_I2C_CLOCK=400 -DHI_LNBCTRL3_DEV_ADDR=0x0 -I/home/liujingfei/v2/histb/pub/include -I/home/liujingfei/v2/histb/sample/common -I/home/liujingfei/v2/histb/sample/gpu/src/common/inc -I/home/liujingfei/v2/histb/sample/gpu/src/common/egl/inc -I/home/liujingfei/v2/histb/sample/gpu/src/common/key/inc -I/home/liujingfei/v2/histb/sample/gpu/src/common/texture/inc
echo arm-hisiv200-linux-gcc -DHI3D_DEBUG -DLINUX -DEGL_API_FB
arm-hisiv200-linux-gcc -DHI3D_DEBUG -DLINUX -DEGL_API_FB
echo arm-hisiv200-linux-cpp
arm-hisiv200-linux-cpp
make -C src/es11/coverflow
make[3]: Entering directory `/home/liujingfei/project/histb_project_v2_Apr9/histb/sample/gpu/src/es11/coverflow'
arm-hisiv200-linux-gcc -DHI3D_DEBUG -DLINUX -DEGL_API_FB -c ../../common/egl/src/hi_egl.c -o ../../common/egl/src/hi_egl.o  -march=armv7-a -mcpu=cortex-a9 -D_GNU_SOURCE -Wall -O2 -g  -ffunction-sections -fdata-sections -Wl,--gc-sections -DCHIP_TYPE_hi3718cv100 -DCFG_HI_SDK_VERSION="HiSTBLinuxV100R002C01SPC020"  -DHI_DAC_CVBS=3 -DHI_DAC_YPBPR_Y=1 -DHI_DAC_YPBPR_PB=0 -DHI_DAC_YPBPR_PR=2 -DHI_SND_MUTECTL_GPIO=0x39 -DHI_SCI_CLK_MODE=0 -DHI_SCI_VCCEN_MODE=1 -DHI_SCI_RESET_MODE=0 -DHI_SCI_VCCEN_LEVEL=0 -DHI_SCI_DETECT_LEVEL=1 -DHI_TSI_port_NUMBER=4 -DHI_TSO_PORT_NUMBER=2 -DHI_IF0_TYPE=2 -DHI_IF0_BIT_SELECTOR=0 -DHI_TSI0_TYPE=2 -DHI_TSI0_BIT_SELECTOR=0 -DHI_TSI1_TYPE=2 -DHI_TSI1_BIT_SELECTOR=0 -DHI_TSI2_TYPE=2 -DHI_TSI2_BIT_SELECTOR=0 -DHI_TSI3_TYPE=2 -DHI_TSI3_BIT_SELECTOR=0 -DHI_TSI4_TYPE=2 -DHI_TSI4_BIT_SELECTOR=0 -DHI_TSI5_BIT_SELECTOR=0 -DHI_TSO0_CLK=0 -DHI_TSO0_CLK_MODE=0 -DHI_TSO0_VALID_MODE=0 -DHI_TSO0_SERIAL=1 -DHI_TSO0_BIT_SELECTOR=0 -DHI_TSO1_CLK=0 -DHI_TSO1_CLK_MODE=0 -DHI_TSO1_VALID_MODE=0 -DHI_TSO1_SERIAL=1 -DHI_TSO1_BIT_SELECTOR=0 -DHI_TUNER_NUMBER=1 -DHI_TUNER0_ID=0 -DHI_TUNER_SIGNAL_TYPE=0 -DHI_TUNER_TYPE=17 -DHI_TUNER_DEV_ADDR=0xc0 -DHI_DEMOD_TYPE=256 -DHI_DEMOD_DEV_ADDR=0xa0 -DHI_DEMOD_TS_MODE=1 -DHI_DEMOD_I2C_CHANNEL=5 -DHI_DEMOD_RESET_GPIO=0x1 -DHI_DEMUX_PORT=0 -DHI_DEMOD_REF_CLOCK=24000 -DHI_TUNER_MAX_LPF=34 -DHI_TUNER_I2C_CLOCK=400 -DHI_LNBCTRL_DEV_ADDR=0x0 -DHI_TUNER1_ID=1 -DHI_TUNER1_SIGNAL_TYPE=0 -DHI_TUNER1_TYPE=4 -DHI_TUNER1_DEV_ADDR=0xc0 -DHI_DEMOD1_TYPE=256 -DHI_DEMOD1_DEV_ADDR=0xa0 -DHI_DEMOD1_TS_MODE=1 -DHI_DEMOD1_I2C_CHANNEL=3 -DHI_DEMOD1_RESET_GPIO=0x1 -DHI_DEMUX1_PORT=5 -DHI_DEMOD1_REF_CLOCK=24000 -DHI_TUNER1_MAX_LPF=34 -DHI_TUNER1_I2C_CLOCK=400 -DHI_LNBCTRL1_DEV_ADDR=0x0 -DHI_TUNER2_ID=2 -DHI_TUNER2_SIGNAL_TYPE=0 -DHI_TUNER2_TYPE=4 -DHI_TUNER2_DEV_ADDR=0xc0 -DHI_DEMOD2_TYPE=256 -DHI_DEMOD2_DEV_ADDR=0xa0 -DHI_DEMOD2_TS_MODE=1 -DHI_DEMOD2_I2C_CHANNEL=5 -DHI_DEMOD2_RESET_GPIO=0x0 -DHI_DEMUX2_PORT=0 -DHI_DEMOD2_REF_CLOCK=24000 -DHI_TUNER2_MAX_LPF=34 -DHI_TUNER2_I2C_CLOCK=400 -DHI_LNBCTRL2_DEV_ADDR=0x0 -DHI_TUNER3_ID=3 -DHI_TUNER3_SIGNAL_TYPE=0 -DHI_TUNER3_TYPE=4 -DHI_TUNER3_DEV_ADDR=0xc0 -DHI_DEMOD3_TYPE=256 -DHI_DEMOD3_DEV_ADDR=0xa0 -DHI_DEMOD3_TS_MODE=1 -DHI_DEMOD3_I2C_CHANNEL=5 -DHI_DEMOD3_RESET_GPIO=0x0 -DHI_DEMUX3_PORT=0 -DHI_DEMOD3_REF_CLOCK=24000 -DHI_TUNER3_MAX_LPF=34 -DHI_TUNER3_I2C_CLOCK=400 -DHI_LNBCTRL3_DEV_ADDR=0x0 -I/home/liujingfei/v2/histb/pub/include -I/home/liujingfei/v2/histb/sample/common -I/home/liujingfei/v2/histb/sample/gpu/src/common/inc -I/home/liujingfei/v2/histb/sample/gpu/src/common/egl/inc -I/home/liujingfei/v2/histb/sample/gpu/src/common/key/inc -I/home/liujingfei/v2/histb/sample/gpu/src/common/texture/inc -L/home/liujingfei/v2/histb/pub/lib/share -Wl,--start-group -lpthread -lrt -lm -ldl -lhi_common -lpng -lhigo -lhigoadp -ljpeg -lhi_resampler -lhi_msp -lz -lfreetype -lhi_pes -lhi_subtitle -lhi_so -lhi_ttx -lhi_cc -lhi_charsetMgr -lsubdec -lplayer -lMali -Wl,--end-group -lEGL -lGLESv1_CM
../../common/egl/src/hi_egl.c: In function 'hi_egl_setlayerpara':
../../common/egl/src/hi_egl.c:112: warning: unused variable 'screenSize'
arm-hisiv200-linux-gcc -DHI3D_DEBUG -DLINUX -DEGL_API_FB -c ../../common/egl/src/egl_native.c -o ../../common/egl/src/egl_native.o  -march=armv7-a -mcpu=cortex-a9 -D_GNU_SOURCE -Wall -O2 -g  -ffunction-sections -fdata-sections -Wl,--gc-sections -DCHIP_TYPE_hi3718cv100 -DCFG_HI_SDK_VERSION="HiSTBLinuxV100R002C01SPC020"  -DHI_DAC_CVBS=3 -DHI_DAC_YPBPR_Y=1 -DHI_DAC_YPBPR_PB=0 -DHI_DAC_YPBPR_PR=2 -DHI_SND_MUTECTL_GPIO=0x39 -DHI_SCI_CLK_MODE=0 -DHI_SCI_VCCEN_MODE=1 -DHI_SCI_RESET_MODE=0 -DHI_SCI_VCCEN_LEVEL=0 -DHI_SCI_DETECT_LEVEL=1 -DHI_TSI_port_NUMBER=4 -DHI_TSO_PORT_NUMBER=2 -DHI_IF0_TYPE=2 -DHI_IF0_BIT_SELECTOR=0 -DHI_TSI0_TYPE=2 -DHI_TSI0_BIT_SELECTOR=0 -DHI_TSI1_TYPE=2 -DHI_TSI1_BIT_SELECTOR=0 -DHI_TSI2_TYPE=2 -DHI_TSI2_BIT_SELECTOR=0 -DHI_TSI3_TYPE=2 -DHI_TSI3_BIT_SELECTOR=0 -DHI_TSI4_TYPE=2 -DHI_TSI4_BIT_SELECTOR=0 -DHI_TSI5_BIT_SELECTOR=0 -DHI_TSO0_CLK=0 -DHI_TSO0_CLK_MODE=0 -DHI_TSO0_VALID_MODE=0 -DHI_TSO0_SERIAL=1 -DHI_TSO0_BIT_SELECTOR=0 -DHI_TSO1_CLK=0 -DHI_TSO1_CLK_MODE=0 -DHI_TSO1_VALID_MODE=0 -DHI_TSO1_SERIAL=1 -DHI_TSO1_BIT_SELECTOR=0 -DHI_TUNER_NUMBER=1 -DHI_TUNER0_ID=0 -DHI_TUNER_SIGNAL_TYPE=0 -DHI_TUNER_TYPE=17 -DHI_TUNER_DEV_ADDR=0xc0 -DHI_DEMOD_TYPE=256 -DHI_DEMOD_DEV_ADDR=0xa0 -DHI_DEMOD_TS_MODE=1 -DHI_DEMOD_I2C_CHANNEL=5 -DHI_DEMOD_RESET_GPIO=0x1 -DHI_DEMUX_PORT=0 -DHI_DEMOD_REF_CLOCK=24000 -DHI_TUNER_MAX_LPF=34 -DHI_TUNER_I2C_CLOCK=400 -DHI_LNBCTRL_DEV_ADDR=0x0 -DHI_TUNER1_ID=1 -DHI_TUNER1_SIGNAL_TYPE=0 -DHI_TUNER1_TYPE=4 -DHI_TUNER1_DEV_ADDR=0xc0 -DHI_DEMOD1_TYPE=256 -DHI_DEMOD1_DEV_ADDR=0xa0 -DHI_DEMOD1_TS_MODE=1 -DHI_DEMOD1_I2C_CHANNEL=3 -DHI_DEMOD1_RESET_GPIO=0x1 -DHI_DEMUX1_PORT=5 -DHI_DEMOD1_REF_CLOCK=24000 -DHI_TUNER1_MAX_LPF=34 -DHI_TUNER1_I2C_CLOCK=400 -DHI_LNBCTRL1_DEV_ADDR=0x0 -DHI_TUNER2_ID=2 -DHI_TUNER2_SIGNAL_TYPE=0 -DHI_TUNER2_TYPE=4 -DHI_TUNER2_DEV_ADDR=0xc0 -DHI_DEMOD2_TYPE=256 -DHI_DEMOD2_DEV_ADDR=0xa0 -DHI_DEMOD2_TS_MODE=1 -DHI_DEMOD2_I2C_CHANNEL=5 -DHI_DEMOD2_RESET_GPIO=0x0 -DHI_DEMUX2_PORT=0 -DHI_DEMOD2_REF_CLOCK=24000 -DHI_TUNER2_MAX_LPF=34 -DHI_TUNER2_I2C_CLOCK=400 -DHI_LNBCTRL2_DEV_ADDR=0x0 -DHI_TUNER3_ID=3 -DHI_TUNER3_SIGNAL_TYPE=0 -DHI_TUNER3_TYPE=4 -DHI_TUNER3_DEV_ADDR=0xc0 -DHI_DEMOD3_TYPE=256 -DHI_DEMOD3_DEV_ADDR=0xa0 -DHI_DEMOD3_TS_MODE=1 -DHI_DEMOD3_I2C_CHANNEL=5 -DHI_DEMOD3_RESET_GPIO=0x0 -DHI_DEMUX3_PORT=0 -DHI_DEMOD3_REF_CLOCK=24000 -DHI_TUNER3_MAX_LPF=34 -DHI_TUNER3_I2C_CLOCK=400 -DHI_LNBCTRL3_DEV_ADDR=0x0 -I/home/liujingfei/v2/histb/pub/include -I/home/liujingfei/v2/histb/sample/common -I/home/liujingfei/v2/histb/sample/gpu/src/common/inc -I/home/liujingfei/v2/histb/sample/gpu/src/common/egl/inc -I/home/liujingfei/v2/histb/sample/gpu/src/common/key/inc -I/home/liujingfei/v2/histb/sample/gpu/src/common/texture/inc -L/home/liujingfei/v2/histb/pub/lib/share -Wl,--start-group -lpthread -lrt -lm -ldl -lhi_common -lpng -lhigo -lhigoadp -ljpeg -lhi_resampler -lhi_msp -lz -lfreetype -lhi_pes -lhi_subtitle -lhi_so -lhi_ttx -lhi_cc -lhi_charsetMgr -lsubdec -lplayer -lMali -Wl,--end-group -lEGL -lGLESv1_CM
../../common/egl/src/egl_native.c:38: warning: 'g_Display' defined but not used
../../common/egl/src/egl_native.c:39: warning: 'g_Window' defined but not used
arm-hisiv200-linux-gcc -DHI3D_DEBUG -DLINUX -DEGL_API_FB -c ../../common/texture/src/hi_texture.c -o ../../common/texture/src/hi_texture.o  -march=armv7-a -mcpu=cortex-a9 -D_GNU_SOURCE -Wall -O2 -g  -ffunction-sections -fdata-sections -Wl,--gc-sections -DCHIP_TYPE_hi3718cv100 -DCFG_HI_SDK_VERSION="HiSTBLinuxV100R002C01SPC020"  -DHI_DAC_CVBS=3 -DHI_DAC_YPBPR_Y=1 -DHI_DAC_YPBPR_PB=0 -DHI_DAC_YPBPR_PR=2 -DHI_SND_MUTECTL_GPIO=0x39 -DHI_SCI_CLK_MODE=0 -DHI_SCI_VCCEN_MODE=1 -DHI_SCI_RESET_MODE=0 -DHI_SCI_VCCEN_LEVEL=0 -DHI_SCI_DETECT_LEVEL=1 -DHI_TSI_port_NUMBER=4 -DHI_TSO_PORT_NUMBER=2 -DHI_IF0_TYPE=2 -DHI_IF0_BIT_SELECTOR=0 -DHI_TSI0_TYPE=2 -DHI_TSI0_BIT_SELECTOR=0 -DHI_TSI1_TYPE=2 -DHI_TSI1_BIT_SELECTOR=0 -DHI_TSI2_TYPE=2 -DHI_TSI2_BIT_SELECTOR=0 -DHI_TSI3_TYPE=2 -DHI_TSI3_BIT_SELECTOR=0 -DHI_TSI4_TYPE=2 -DHI_TSI4_BIT_SELECTOR=0 -DHI_TSI5_BIT_SELECTOR=0 -DHI_TSO0_CLK=0 -DHI_TSO0_CLK_MODE=0 -DHI_TSO0_VALID_MODE=0 -DHI_TSO0_SERIAL=1 -DHI_TSO0_BIT_SELECTOR=0 -DHI_TSO1_CLK=0 -DHI_TSO1_CLK_MODE=0 -DHI_TSO1_VALID_MODE=0 -DHI_TSO1_SERIAL=1 -DHI_TSO1_BIT_SELECTOR=0 -DHI_TUNER_NUMBER=1 -DHI_TUNER0_ID=0 -DHI_TUNER_SIGNAL_TYPE=0 -DHI_TUNER_TYPE=17 -DHI_TUNER_DEV_ADDR=0xc0 -DHI_DEMOD_TYPE=256 -DHI_DEMOD_DEV_ADDR=0xa0 -DHI_DEMOD_TS_MODE=1 -DHI_DEMOD_I2C_CHANNEL=5 -DHI_DEMOD_RESET_GPIO=0x1 -DHI_DEMUX_PORT=0 -DHI_DEMOD_REF_CLOCK=24000 -DHI_TUNER_MAX_LPF=34 -DHI_TUNER_I2C_CLOCK=400 -DHI_LNBCTRL_DEV_ADDR=0x0 -DHI_TUNER1_ID=1 -DHI_TUNER1_SIGNAL_TYPE=0 -DHI_TUNER1_TYPE=4 -DHI_TUNER1_DEV_ADDR=0xc0 -DHI_DEMOD1_TYPE=256 -DHI_DEMOD1_DEV_ADDR=0xa0 -DHI_DEMOD1_TS_MODE=1 -DHI_DEMOD1_I2C_CHANNEL=3 -DHI_DEMOD1_RESET_GPIO=0x1 -DHI_DEMUX1_PORT=5 -DHI_DEMOD1_REF_CLOCK=24000 -DHI_TUNER1_MAX_LPF=34 -DHI_TUNER1_I2C_CLOCK=400 -DHI_LNBCTRL1_DEV_ADDR=0x0 -DHI_TUNER2_ID=2 -DHI_TUNER2_SIGNAL_TYPE=0 -DHI_TUNER2_TYPE=4 -DHI_TUNER2_DEV_ADDR=0xc0 -DHI_DEMOD2_TYPE=256 -DHI_DEMOD2_DEV_ADDR=0xa0 -DHI_DEMOD2_TS_MODE=1 -DHI_DEMOD2_I2C_CHANNEL=5 -DHI_DEMOD2_RESET_GPIO=0x0 -DHI_DEMUX2_PORT=0 -DHI_DEMOD2_REF_CLOCK=24000 -DHI_TUNER2_MAX_LPF=34 -DHI_TUNER2_I2C_CLOCK=400 -DHI_LNBCTRL2_DEV_ADDR=0x0 -DHI_TUNER3_ID=3 -DHI_TUNER3_SIGNAL_TYPE=0 -DHI_TUNER3_TYPE=4 -DHI_TUNER3_DEV_ADDR=0xc0 -DHI_DEMOD3_TYPE=256 -DHI_DEMOD3_DEV_ADDR=0xa0 -DHI_DEMOD3_TS_MODE=1 -DHI_DEMOD3_I2C_CHANNEL=5 -DHI_DEMOD3_RESET_GPIO=0x0 -DHI_DEMUX3_PORT=0 -DHI_DEMOD3_REF_CLOCK=24000 -DHI_TUNER3_MAX_LPF=34 -DHI_TUNER3_I2C_CLOCK=400 -DHI_LNBCTRL3_DEV_ADDR=0x0 -I/home/liujingfei/v2/histb/pub/include -I/home/liujingfei/v2/histb/sample/common -I/home/liujingfei/v2/histb/sample/gpu/src/common/inc -I/home/liujingfei/v2/histb/sample/gpu/src/common/egl/inc -I/home/liujingfei/v2/histb/sample/gpu/src/common/key/inc -I/home/liujingfei/v2/histb/sample/gpu/src/common/texture/inc -L/home/liujingfei/v2/histb/pub/lib/share -Wl,--start-group -lpthread -lrt -lm -ldl -lhi_common -lpng -lhigo -lhigoadp -ljpeg -lhi_resampler -lhi_msp -lz -lfreetype -lhi_pes -lhi_subtitle -lhi_so -lhi_ttx -lhi_cc -lhi_charsetMgr -lsubdec -lplayer -lMali -Wl,--end-group -lEGL -lGLESv1_CM
arm-hisiv200-linux-gcc -DHI3D_DEBUG -DLINUX -DEGL_API_FB -c ../../common/key/src/hi_engine_key.c -o ../../common/key/src/hi_engine_key.o  -march=armv7-a -mcpu=cortex-a9 -D_GNU_SOURCE -Wall -O2 -g  -ffunction-sections -fdata-sections -Wl,--gc-sections -DCHIP_TYPE_hi3718cv100 -DCFG_HI_SDK_VERSION="HiSTBLinuxV100R002C01SPC020"  -DHI_DAC_CVBS=3 -DHI_DAC_YPBPR_Y=1 -DHI_DAC_YPBPR_PB=0 -DHI_DAC_YPBPR_PR=2 -DHI_SND_MUTECTL_GPIO=0x39 -DHI_SCI_CLK_MODE=0 -DHI_SCI_VCCEN_MODE=1 -DHI_SCI_RESET_MODE=0 -DHI_SCI_VCCEN_LEVEL=0 -DHI_SCI_DETECT_LEVEL=1 -DHI_TSI_port_NUMBER=4 -DHI_TSO_PORT_NUMBER=2 -DHI_IF0_TYPE=2 -DHI_IF0_BIT_SELECTOR=0 -DHI_TSI0_TYPE=2 -DHI_TSI0_BIT_SELECTOR=0 -DHI_TSI1_TYPE=2 -DHI_TSI1_BIT_SELECTOR=0 -DHI_TSI2_TYPE=2 -DHI_TSI2_BIT_SELECTOR=0 -DHI_TSI3_TYPE=2 -DHI_TSI3_BIT_SELECTOR=0 -DHI_TSI4_TYPE=2 -DHI_TSI4_BIT_SELECTOR=0 -DHI_TSI5_BIT_SELECTOR=0 -DHI_TSO0_CLK=0 -DHI_TSO0_CLK_MODE=0 -DHI_TSO0_VALID_MODE=0 -DHI_TSO0_SERIAL=1 -DHI_TSO0_BIT_SELECTOR=0 -DHI_TSO1_CLK=0 -DHI_TSO1_CLK_MODE=0 -DHI_TSO1_VALID_MODE=0 -DHI_TSO1_SERIAL=1 -DHI_TSO1_BIT_SELECTOR=0 -DHI_TUNER_NUMBER=1 -DHI_TUNER0_ID=0 -DHI_TUNER_SIGNAL_TYPE=0 -DHI_TUNER_TYPE=17 -DHI_TUNER_DEV_ADDR=0xc0 -DHI_DEMOD_TYPE=256 -DHI_DEMOD_DEV_ADDR=0xa0 -DHI_DEMOD_TS_MODE=1 -DHI_DEMOD_I2C_CHANNEL=5 -DHI_DEMOD_RESET_GPIO=0x1 -DHI_DEMUX_PORT=0 -DHI_DEMOD_REF_CLOCK=24000 -DHI_TUNER_MAX_LPF=34 -DHI_TUNER_I2C_CLOCK=400 -DHI_LNBCTRL_DEV_ADDR=0x0 -DHI_TUNER1_ID=1 -DHI_TUNER1_SIGNAL_TYPE=0 -DHI_TUNER1_TYPE=4 -DHI_TUNER1_DEV_ADDR=0xc0 -DHI_DEMOD1_TYPE=256 -DHI_DEMOD1_DEV_ADDR=0xa0 -DHI_DEMOD1_TS_MODE=1 -DHI_DEMOD1_I2C_CHANNEL=3 -DHI_DEMOD1_RESET_GPIO=0x1 -DHI_DEMUX1_PORT=5 -DHI_DEMOD1_REF_CLOCK=24000 -DHI_TUNER1_MAX_LPF=34 -DHI_TUNER1_I2C_CLOCK=400 -DHI_LNBCTRL1_DEV_ADDR=0x0 -DHI_TUNER2_ID=2 -DHI_TUNER2_SIGNAL_TYPE=0 -DHI_TUNER2_TYPE=4 -DHI_TUNER2_DEV_ADDR=0xc0 -DHI_DEMOD2_TYPE=256 -DHI_DEMOD2_DEV_ADDR=0xa0 -DHI_DEMOD2_TS_MODE=1 -DHI_DEMOD2_I2C_CHANNEL=5 -DHI_DEMOD2_RESET_GPIO=0x0 -DHI_DEMUX2_PORT=0 -DHI_DEMOD2_REF_CLOCK=24000 -DHI_TUNER2_MAX_LPF=34 -DHI_TUNER2_I2C_CLOCK=400 -DHI_LNBCTRL2_DEV_ADDR=0x0 -DHI_TUNER3_ID=3 -DHI_TUNER3_SIGNAL_TYPE=0 -DHI_TUNER3_TYPE=4 -DHI_TUNER3_DEV_ADDR=0xc0 -DHI_DEMOD3_TYPE=256 -DHI_DEMOD3_DEV_ADDR=0xa0 -DHI_DEMOD3_TS_MODE=1 -DHI_DEMOD3_I2C_CHANNEL=5 -DHI_DEMOD3_RESET_GPIO=0x0 -DHI_DEMUX3_PORT=0 -DHI_DEMOD3_REF_CLOCK=24000 -DHI_TUNER3_MAX_LPF=34 -DHI_TUNER3_I2C_CLOCK=400 -DHI_LNBCTRL3_DEV_ADDR=0x0 -I/home/liujingfei/v2/histb/pub/include -I/home/liujingfei/v2/histb/sample/common -I/home/liujingfei/v2/histb/sample/gpu/src/common/inc -I/home/liujingfei/v2/histb/sample/gpu/src/common/egl/inc -I/home/liujingfei/v2/histb/sample/gpu/src/common/key/inc -I/home/liujingfei/v2/histb/sample/gpu/src/common/texture/inc -L/home/liujingfei/v2/histb/pub/lib/share -Wl,--start-group -lpthread -lrt -lm -ldl -lhi_common -lpng -lhigo -lhigoadp -ljpeg -lhi_resampler -lhi_msp -lz -lfreetype -lhi_pes -lhi_subtitle -lhi_so -lhi_ttx -lhi_cc -lhi_charsetMgr -lsubdec -lplayer -lMali -Wl,--end-group -lEGL -lGLESv1_CM
arm-hisiv200-linux-gcc -DHI3D_DEBUG -DLINUX -DEGL_API_FB -c ../../common/key/src/hi_input_dfb.c -o ../../common/key/src/hi_input_dfb.o  -march=armv7-a -mcpu=cortex-a9 -D_GNU_SOURCE -Wall -O2 -g  -ffunction-sections -fdata-sections -Wl,--gc-sections -DCHIP_TYPE_hi3718cv100 -DCFG_HI_SDK_VERSION="HiSTBLinuxV100R002C01SPC020"  -DHI_DAC_CVBS=3 -DHI_DAC_YPBPR_Y=1 -DHI_DAC_YPBPR_PB=0 -DHI_DAC_YPBPR_PR=2 -DHI_SND_MUTECTL_GPIO=0x39 -DHI_SCI_CLK_MODE=0 -DHI_SCI_VCCEN_MODE=1 -DHI_SCI_RESET_MODE=0 -DHI_SCI_VCCEN_LEVEL=0 -DHI_SCI_DETECT_LEVEL=1 -DHI_TSI_port_NUMBER=4 -DHI_TSO_PORT_NUMBER=2 -DHI_IF0_TYPE=2 -DHI_IF0_BIT_SELECTOR=0 -DHI_TSI0_TYPE=2 -DHI_TSI0_BIT_SELECTOR=0 -DHI_TSI1_TYPE=2 -DHI_TSI1_BIT_SELECTOR=0 -DHI_TSI2_TYPE=2 -DHI_TSI2_BIT_SELECTOR=0 -DHI_TSI3_TYPE=2 -DHI_TSI3_BIT_SELECTOR=0 -DHI_TSI4_TYPE=2 -DHI_TSI4_BIT_SELECTOR=0 -DHI_TSI5_BIT_SELECTOR=0 -DHI_TSO0_CLK=0 -DHI_TSO0_CLK_MODE=0 -DHI_TSO0_VALID_MODE=0 -DHI_TSO0_SERIAL=1 -DHI_TSO0_BIT_SELECTOR=0 -DHI_TSO1_CLK=0 -DHI_TSO1_CLK_MODE=0 -DHI_TSO1_VALID_MODE=0 -DHI_TSO1_SERIAL=1 -DHI_TSO1_BIT_SELECTOR=0 -DHI_TUNER_NUMBER=1 -DHI_TUNER0_ID=0 -DHI_TUNER_SIGNAL_TYPE=0 -DHI_TUNER_TYPE=17 -DHI_TUNER_DEV_ADDR=0xc0 -DHI_DEMOD_TYPE=256 -DHI_DEMOD_DEV_ADDR=0xa0 -DHI_DEMOD_TS_MODE=1 -DHI_DEMOD_I2C_CHANNEL=5 -DHI_DEMOD_RESET_GPIO=0x1 -DHI_DEMUX_PORT=0 -DHI_DEMOD_REF_CLOCK=24000 -DHI_TUNER_MAX_LPF=34 -DHI_TUNER_I2C_CLOCK=400 -DHI_LNBCTRL_DEV_ADDR=0x0 -DHI_TUNER1_ID=1 -DHI_TUNER1_SIGNAL_TYPE=0 -DHI_TUNER1_TYPE=4 -DHI_TUNER1_DEV_ADDR=0xc0 -DHI_DEMOD1_TYPE=256 -DHI_DEMOD1_DEV_ADDR=0xa0 -DHI_DEMOD1_TS_MODE=1 -DHI_DEMOD1_I2C_CHANNEL=3 -DHI_DEMOD1_RESET_GPIO=0x1 -DHI_DEMUX1_PORT=5 -DHI_DEMOD1_REF_CLOCK=24000 -DHI_TUNER1_MAX_LPF=34 -DHI_TUNER1_I2C_CLOCK=400 -DHI_LNBCTRL1_DEV_ADDR=0x0 -DHI_TUNER2_ID=2 -DHI_TUNER2_SIGNAL_TYPE=0 -DHI_TUNER2_TYPE=4 -DHI_TUNER2_DEV_ADDR=0xc0 -DHI_DEMOD2_TYPE=256 -DHI_DEMOD2_DEV_ADDR=0xa0 -DHI_DEMOD2_TS_MODE=1 -DHI_DEMOD2_I2C_CHANNEL=5 -DHI_DEMOD2_RESET_GPIO=0x0 -DHI_DEMUX2_PORT=0 -DHI_DEMOD2_REF_CLOCK=24000 -DHI_TUNER2_MAX_LPF=34 -DHI_TUNER2_I2C_CLOCK=400 -DHI_LNBCTRL2_DEV_ADDR=0x0 -DHI_TUNER3_ID=3 -DHI_TUNER3_SIGNAL_TYPE=0 -DHI_TUNER3_TYPE=4 -DHI_TUNER3_DEV_ADDR=0xc0 -DHI_DEMOD3_TYPE=256 -DHI_DEMOD3_DEV_ADDR=0xa0 -DHI_DEMOD3_TS_MODE=1 -DHI_DEMOD3_I2C_CHANNEL=5 -DHI_DEMOD3_RESET_GPIO=0x0 -DHI_DEMUX3_PORT=0 -DHI_DEMOD3_REF_CLOCK=24000 -DHI_TUNER3_MAX_LPF=34 -DHI_TUNER3_I2C_CLOCK=400 -DHI_LNBCTRL3_DEV_ADDR=0x0 -I/home/liujingfei/v2/histb/pub/include -I/home/liujingfei/v2/histb/sample/common -I/home/liujingfei/v2/histb/sample/gpu/src/common/inc -I/home/liujingfei/v2/histb/sample/gpu/src/common/egl/inc -I/home/liujingfei/v2/histb/sample/gpu/src/common/key/inc -I/home/liujingfei/v2/histb/sample/gpu/src/common/texture/inc -L/home/liujingfei/v2/histb/pub/lib/share -Wl,--start-group -lpthread -lrt -lm -ldl -lhi_common -lpng -lhigo -lhigoadp -ljpeg -lhi_resampler -lhi_msp -lz -lfreetype -lhi_pes -lhi_subtitle -lhi_so -lhi_ttx -lhi_cc -lhi_charsetMgr -lsubdec -lplayer -lMali -Wl,--end-group -lEGL -lGLESv1_CM
arm-hisiv200-linux-gcc -DHI3D_DEBUG -DLINUX -DEGL_API_FB -c ../../common/key/src/hi_ir_remote.c -o ../../common/key/src/hi_ir_remote.o  -march=armv7-a -mcpu=cortex-a9 -D_GNU_SOURCE -Wall -O2 -g  -ffunction-sections -fdata-sections -Wl,--gc-sections -DCHIP_TYPE_hi3718cv100 -DCFG_HI_SDK_VERSION="HiSTBLinuxV100R002C01SPC020"  -DHI_DAC_CVBS=3 -DHI_DAC_YPBPR_Y=1 -DHI_DAC_YPBPR_PB=0 -DHI_DAC_YPBPR_PR=2 -DHI_SND_MUTECTL_GPIO=0x39 -DHI_SCI_CLK_MODE=0 -DHI_SCI_VCCEN_MODE=1 -DHI_SCI_RESET_MODE=0 -DHI_SCI_VCCEN_LEVEL=0 -DHI_SCI_DETECT_LEVEL=1 -DHI_TSI_port_NUMBER=4 -DHI_TSO_PORT_NUMBER=2 -DHI_IF0_TYPE=2 -DHI_IF0_BIT_SELECTOR=0 -DHI_TSI0_TYPE=2 -DHI_TSI0_BIT_SELECTOR=0 -DHI_TSI1_TYPE=2 -DHI_TSI1_BIT_SELECTOR=0 -DHI_TSI2_TYPE=2 -DHI_TSI2_BIT_SELECTOR=0 -DHI_TSI3_TYPE=2 -DHI_TSI3_BIT_SELECTOR=0 -DHI_TSI4_TYPE=2 -DHI_TSI4_BIT_SELECTOR=0 -DHI_TSI5_BIT_SELECTOR=0 -DHI_TSO0_CLK=0 -DHI_TSO0_CLK_MODE=0 -DHI_TSO0_VALID_MODE=0 -DHI_TSO0_SERIAL=1 -DHI_TSO0_BIT_SELECTOR=0 -DHI_TSO1_CLK=0 -DHI_TSO1_CLK_MODE=0 -DHI_TSO1_VALID_MODE=0 -DHI_TSO1_SERIAL=1 -DHI_TSO1_BIT_SELECTOR=0 -DHI_TUNER_NUMBER=1 -DHI_TUNER0_ID=0 -DHI_TUNER_SIGNAL_TYPE=0 -DHI_TUNER_TYPE=17 -DHI_TUNER_DEV_ADDR=0xc0 -DHI_DEMOD_TYPE=256 -DHI_DEMOD_DEV_ADDR=0xa0 -DHI_DEMOD_TS_MODE=1 -DHI_DEMOD_I2C_CHANNEL=5 -DHI_DEMOD_RESET_GPIO=0x1 -DHI_DEMUX_PORT=0 -DHI_DEMOD_REF_CLOCK=24000 -DHI_TUNER_MAX_LPF=34 -DHI_TUNER_I2C_CLOCK=400 -DHI_LNBCTRL_DEV_ADDR=0x0 -DHI_TUNER1_ID=1 -DHI_TUNER1_SIGNAL_TYPE=0 -DHI_TUNER1_TYPE=4 -DHI_TUNER1_DEV_ADDR=0xc0 -DHI_DEMOD1_TYPE=256 -DHI_DEMOD1_DEV_ADDR=0xa0 -DHI_DEMOD1_TS_MODE=1 -DHI_DEMOD1_I2C_CHANNEL=3 -DHI_DEMOD1_RESET_GPIO=0x1 -DHI_DEMUX1_PORT=5 -DHI_DEMOD1_REF_CLOCK=24000 -DHI_TUNER1_MAX_LPF=34 -DHI_TUNER1_I2C_CLOCK=400 -DHI_LNBCTRL1_DEV_ADDR=0x0 -DHI_TUNER2_ID=2 -DHI_TUNER2_SIGNAL_TYPE=0 -DHI_TUNER2_TYPE=4 -DHI_TUNER2_DEV_ADDR=0xc0 -DHI_DEMOD2_TYPE=256 -DHI_DEMOD2_DEV_ADDR=0xa0 -DHI_DEMOD2_TS_MODE=1 -DHI_DEMOD2_I2C_CHANNEL=5 -DHI_DEMOD2_RESET_GPIO=0x0 -DHI_DEMUX2_PORT=0 -DHI_DEMOD2_REF_CLOCK=24000 -DHI_TUNER2_MAX_LPF=34 -DHI_TUNER2_I2C_CLOCK=400 -DHI_LNBCTRL2_DEV_ADDR=0x0 -DHI_TUNER3_ID=3 -DHI_TUNER3_SIGNAL_TYPE=0 -DHI_TUNER3_TYPE=4 -DHI_TUNER3_DEV_ADDR=0xc0 -DHI_DEMOD3_TYPE=256 -DHI_DEMOD3_DEV_ADDR=0xa0 -DHI_DEMOD3_TS_MODE=1 -DHI_DEMOD3_I2C_CHANNEL=5 -DHI_DEMOD3_RESET_GPIO=0x0 -DHI_DEMUX3_PORT=0 -DHI_DEMOD3_REF_CLOCK=24000 -DHI_TUNER3_MAX_LPF=34 -DHI_TUNER3_I2C_CLOCK=400 -DHI_LNBCTRL3_DEV_ADDR=0x0 -I/home/liujingfei/v2/histb/pub/include -I/home/liujingfei/v2/histb/sample/common -I/home/liujingfei/v2/histb/sample/gpu/src/common/inc -I/home/liujingfei/v2/histb/sample/gpu/src/common/egl/inc -I/home/liujingfei/v2/histb/sample/gpu/src/common/key/inc -I/home/liujingfei/v2/histb/sample/gpu/src/common/texture/inc -L/home/liujingfei/v2/histb/pub/lib/share -Wl,--start-group -lpthread -lrt -lm -ldl -lhi_common -lpng -lhigo -lhigoadp -ljpeg -lhi_resampler -lhi_msp -lz -lfreetype -lhi_pes -lhi_subtitle -lhi_so -lhi_ttx -lhi_cc -lhi_charsetMgr -lsubdec -lplayer -lMali -Wl,--end-group -lEGL -lGLESv1_CM
arm-hisiv200-linux-gcc -DHI3D_DEBUG -DLINUX -DEGL_API_FB -c  coverflow.c -o coverflow.o  -march=armv7-a -mcpu=cortex-a9 -D_GNU_SOURCE -Wall -O2 -g  -ffunction-sections -fdata-sections -Wl,--gc-sections -DCHIP_TYPE_hi3718cv100 -DCFG_HI_SDK_VERSION="HiSTBLinuxV100R002C01SPC020"  -DHI_DAC_CVBS=3 -DHI_DAC_YPBPR_Y=1 -DHI_DAC_YPBPR_PB=0 -DHI_DAC_YPBPR_PR=2 -DHI_SND_MUTECTL_GPIO=0x39 -DHI_SCI_CLK_MODE=0 -DHI_SCI_VCCEN_MODE=1 -DHI_SCI_RESET_MODE=0 -DHI_SCI_VCCEN_LEVEL=0 -DHI_SCI_DETECT_LEVEL=1 -DHI_TSI_port_NUMBER=4 -DHI_TSO_PORT_NUMBER=2 -DHI_IF0_TYPE=2 -DHI_IF0_BIT_SELECTOR=0 -DHI_TSI0_TYPE=2 -DHI_TSI0_BIT_SELECTOR=0 -DHI_TSI1_TYPE=2 -DHI_TSI1_BIT_SELECTOR=0 -DHI_TSI2_TYPE=2 -DHI_TSI2_BIT_SELECTOR=0 -DHI_TSI3_TYPE=2 -DHI_TSI3_BIT_SELECTOR=0 -DHI_TSI4_TYPE=2 -DHI_TSI4_BIT_SELECTOR=0 -DHI_TSI5_BIT_SELECTOR=0 -DHI_TSO0_CLK=0 -DHI_TSO0_CLK_MODE=0 -DHI_TSO0_VALID_MODE=0 -DHI_TSO0_SERIAL=1 -DHI_TSO0_BIT_SELECTOR=0 -DHI_TSO1_CLK=0 -DHI_TSO1_CLK_MODE=0 -DHI_TSO1_VALID_MODE=0 -DHI_TSO1_SERIAL=1 -DHI_TSO1_BIT_SELECTOR=0 -DHI_TUNER_NUMBER=1 -DHI_TUNER0_ID=0 -DHI_TUNER_SIGNAL_TYPE=0 -DHI_TUNER_TYPE=17 -DHI_TUNER_DEV_ADDR=0xc0 -DHI_DEMOD_TYPE=256 -DHI_DEMOD_DEV_ADDR=0xa0 -DHI_DEMOD_TS_MODE=1 -DHI_DEMOD_I2C_CHANNEL=5 -DHI_DEMOD_RESET_GPIO=0x1 -DHI_DEMUX_PORT=0 -DHI_DEMOD_REF_CLOCK=24000 -DHI_TUNER_MAX_LPF=34 -DHI_TUNER_I2C_CLOCK=400 -DHI_LNBCTRL_DEV_ADDR=0x0 -DHI_TUNER1_ID=1 -DHI_TUNER1_SIGNAL_TYPE=0 -DHI_TUNER1_TYPE=4 -DHI_TUNER1_DEV_ADDR=0xc0 -DHI_DEMOD1_TYPE=256 -DHI_DEMOD1_DEV_ADDR=0xa0 -DHI_DEMOD1_TS_MODE=1 -DHI_DEMOD1_I2C_CHANNEL=3 -DHI_DEMOD1_RESET_GPIO=0x1 -DHI_DEMUX1_PORT=5 -DHI_DEMOD1_REF_CLOCK=24000 -DHI_TUNER1_MAX_LPF=34 -DHI_TUNER1_I2C_CLOCK=400 -DHI_LNBCTRL1_DEV_ADDR=0x0 -DHI_TUNER2_ID=2 -DHI_TUNER2_SIGNAL_TYPE=0 -DHI_TUNER2_TYPE=4 -DHI_TUNER2_DEV_ADDR=0xc0 -DHI_DEMOD2_TYPE=256 -DHI_DEMOD2_DEV_ADDR=0xa0 -DHI_DEMOD2_TS_MODE=1 -DHI_DEMOD2_I2C_CHANNEL=5 -DHI_DEMOD2_RESET_GPIO=0x0 -DHI_DEMUX2_PORT=0 -DHI_DEMOD2_REF_CLOCK=24000 -DHI_TUNER2_MAX_LPF=34 -DHI_TUNER2_I2C_CLOCK=400 -DHI_LNBCTRL2_DEV_ADDR=0x0 -DHI_TUNER3_ID=3 -DHI_TUNER3_SIGNAL_TYPE=0 -DHI_TUNER3_TYPE=4 -DHI_TUNER3_DEV_ADDR=0xc0 -DHI_DEMOD3_TYPE=256 -DHI_DEMOD3_DEV_ADDR=0xa0 -DHI_DEMOD3_TS_MODE=1 -DHI_DEMOD3_I2C_CHANNEL=5 -DHI_DEMOD3_RESET_GPIO=0x0 -DHI_DEMUX3_PORT=0 -DHI_DEMOD3_REF_CLOCK=24000 -DHI_TUNER3_MAX_LPF=34 -DHI_TUNER3_I2C_CLOCK=400 -DHI_LNBCTRL3_DEV_ADDR=0x0 -I/home/liujingfei/v2/histb/pub/include -I/home/liujingfei/v2/histb/sample/common -I/home/liujingfei/v2/histb/sample/gpu/src/common/inc -I/home/liujingfei/v2/histb/sample/gpu/src/common/egl/inc -I/home/liujingfei/v2/histb/sample/gpu/src/common/key/inc -I/home/liujingfei/v2/histb/sample/gpu/src/common/texture/inc -L/home/liujingfei/v2/histb/pub/lib/share -Wl,--start-group -lpthread -lrt -lm -ldl -lhi_common -lpng -lhigo -lhigoadp -ljpeg -lhi_resampler -lhi_msp -lz -lfreetype -lhi_pes -lhi_subtitle -lhi_so -lhi_ttx -lhi_cc -lhi_charsetMgr -lsubdec -lplayer -lMali -Wl,--end-group -lEGL -lGLESv1_CM
arm-hisiv200-linux-gcc -DHI3D_DEBUG -DLINUX -DEGL_API_FB -c  coverflow_texture.c -o coverflow_texture.o  -march=armv7-a -mcpu=cortex-a9 -D_GNU_SOURCE -Wall -O2 -g  -ffunction-sections -fdata-sections -Wl,--gc-sections -DCHIP_TYPE_hi3718cv100 -DCFG_HI_SDK_VERSION="HiSTBLinuxV100R002C01SPC020"  -DHI_DAC_CVBS=3 -DHI_DAC_YPBPR_Y=1 -DHI_DAC_YPBPR_PB=0 -DHI_DAC_YPBPR_PR=2 -DHI_SND_MUTECTL_GPIO=0x39 -DHI_SCI_CLK_MODE=0 -DHI_SCI_VCCEN_MODE=1 -DHI_SCI_RESET_MODE=0 -DHI_SCI_VCCEN_LEVEL=0 -DHI_SCI_DETECT_LEVEL=1 -DHI_TSI_port_NUMBER=4 -DHI_TSO_PORT_NUMBER=2 -DHI_IF0_TYPE=2 -DHI_IF0_BIT_SELECTOR=0 -DHI_TSI0_TYPE=2 -DHI_TSI0_BIT_SELECTOR=0 -DHI_TSI1_TYPE=2 -DHI_TSI1_BIT_SELECTOR=0 -DHI_TSI2_TYPE=2 -DHI_TSI2_BIT_SELECTOR=0 -DHI_TSI3_TYPE=2 -DHI_TSI3_BIT_SELECTOR=0 -DHI_TSI4_TYPE=2 -DHI_TSI4_BIT_SELECTOR=0 -DHI_TSI5_BIT_SELECTOR=0 -DHI_TSO0_CLK=0 -DHI_TSO0_CLK_MODE=0 -DHI_TSO0_VALID_MODE=0 -DHI_TSO0_SERIAL=1 -DHI_TSO0_BIT_SELECTOR=0 -DHI_TSO1_CLK=0 -DHI_TSO1_CLK_MODE=0 -DHI_TSO1_VALID_MODE=0 -DHI_TSO1_SERIAL=1 -DHI_TSO1_BIT_SELECTOR=0 -DHI_TUNER_NUMBER=1 -DHI_TUNER0_ID=0 -DHI_TUNER_SIGNAL_TYPE=0 -DHI_TUNER_TYPE=17 -DHI_TUNER_DEV_ADDR=0xc0 -DHI_DEMOD_TYPE=256 -DHI_DEMOD_DEV_ADDR=0xa0 -DHI_DEMOD_TS_MODE=1 -DHI_DEMOD_I2C_CHANNEL=5 -DHI_DEMOD_RESET_GPIO=0x1 -DHI_DEMUX_PORT=0 -DHI_DEMOD_REF_CLOCK=24000 -DHI_TUNER_MAX_LPF=34 -DHI_TUNER_I2C_CLOCK=400 -DHI_LNBCTRL_DEV_ADDR=0x0 -DHI_TUNER1_ID=1 -DHI_TUNER1_SIGNAL_TYPE=0 -DHI_TUNER1_TYPE=4 -DHI_TUNER1_DEV_ADDR=0xc0 -DHI_DEMOD1_TYPE=256 -DHI_DEMOD1_DEV_ADDR=0xa0 -DHI_DEMOD1_TS_MODE=1 -DHI_DEMOD1_I2C_CHANNEL=3 -DHI_DEMOD1_RESET_GPIO=0x1 -DHI_DEMUX1_PORT=5 -DHI_DEMOD1_REF_CLOCK=24000 -DHI_TUNER1_MAX_LPF=34 -DHI_TUNER1_I2C_CLOCK=400 -DHI_LNBCTRL1_DEV_ADDR=0x0 -DHI_TUNER2_ID=2 -DHI_TUNER2_SIGNAL_TYPE=0 -DHI_TUNER2_TYPE=4 -DHI_TUNER2_DEV_ADDR=0xc0 -DHI_DEMOD2_TYPE=256 -DHI_DEMOD2_DEV_ADDR=0xa0 -DHI_DEMOD2_TS_MODE=1 -DHI_DEMOD2_I2C_CHANNEL=5 -DHI_DEMOD2_RESET_GPIO=0x0 -DHI_DEMUX2_PORT=0 -DHI_DEMOD2_REF_CLOCK=24000 -DHI_TUNER2_MAX_LPF=34 -DHI_TUNER2_I2C_CLOCK=400 -DHI_LNBCTRL2_DEV_ADDR=0x0 -DHI_TUNER3_ID=3 -DHI_TUNER3_SIGNAL_TYPE=0 -DHI_TUNER3_TYPE=4 -DHI_TUNER3_DEV_ADDR=0xc0 -DHI_DEMOD3_TYPE=256 -DHI_DEMOD3_DEV_ADDR=0xa0 -DHI_DEMOD3_TS_MODE=1 -DHI_DEMOD3_I2C_CHANNEL=5 -DHI_DEMOD3_RESET_GPIO=0x0 -DHI_DEMUX3_PORT=0 -DHI_DEMOD3_REF_CLOCK=24000 -DHI_TUNER3_MAX_LPF=34 -DHI_TUNER3_I2C_CLOCK=400 -DHI_LNBCTRL3_DEV_ADDR=0x0 -I/home/liujingfei/v2/histb/pub/include -I/home/liujingfei/v2/histb/sample/common -I/home/liujingfei/v2/histb/sample/gpu/src/common/inc -I/home/liujingfei/v2/histb/sample/gpu/src/common/egl/inc -I/home/liujingfei/v2/histb/sample/gpu/src/common/key/inc -I/home/liujingfei/v2/histb/sample/gpu/src/common/texture/inc -L/home/liujingfei/v2/histb/pub/lib/share -Wl,--start-group -lpthread -lrt -lm -ldl -lhi_common -lpng -lhigo -lhigoadp -ljpeg -lhi_resampler -lhi_msp -lz -lfreetype -lhi_pes -lhi_subtitle -lhi_so -lhi_ttx -lhi_cc -lhi_charsetMgr -lsubdec -lplayer -lMali -Wl,--end-group -lEGL -lGLESv1_CM
arm-hisiv200-linux-gcc -DHI3D_DEBUG -DLINUX -DEGL_API_FB -c  hi_coverflow.c -o hi_coverflow.o  -march=armv7-a -mcpu=cortex-a9 -D_GNU_SOURCE -Wall -O2 -g  -ffunction-sections -fdata-sections -Wl,--gc-sections -DCHIP_TYPE_hi3718cv100 -DCFG_HI_SDK_VERSION="HiSTBLinuxV100R002C01SPC020"  -DHI_DAC_CVBS=3 -DHI_DAC_YPBPR_Y=1 -DHI_DAC_YPBPR_PB=0 -DHI_DAC_YPBPR_PR=2 -DHI_SND_MUTECTL_GPIO=0x39 -DHI_SCI_CLK_MODE=0 -DHI_SCI_VCCEN_MODE=1 -DHI_SCI_RESET_MODE=0 -DHI_SCI_VCCEN_LEVEL=0 -DHI_SCI_DETECT_LEVEL=1 -DHI_TSI_port_NUMBER=4 -DHI_TSO_PORT_NUMBER=2 -DHI_IF0_TYPE=2 -DHI_IF0_BIT_SELECTOR=0 -DHI_TSI0_TYPE=2 -DHI_TSI0_BIT_SELECTOR=0 -DHI_TSI1_TYPE=2 -DHI_TSI1_BIT_SELECTOR=0 -DHI_TSI2_TYPE=2 -DHI_TSI2_BIT_SELECTOR=0 -DHI_TSI3_TYPE=2 -DHI_TSI3_BIT_SELECTOR=0 -DHI_TSI4_TYPE=2 -DHI_TSI4_BIT_SELECTOR=0 -DHI_TSI5_BIT_SELECTOR=0 -DHI_TSO0_CLK=0 -DHI_TSO0_CLK_MODE=0 -DHI_TSO0_VALID_MODE=0 -DHI_TSO0_SERIAL=1 -DHI_TSO0_BIT_SELECTOR=0 -DHI_TSO1_CLK=0 -DHI_TSO1_CLK_MODE=0 -DHI_TSO1_VALID_MODE=0 -DHI_TSO1_SERIAL=1 -DHI_TSO1_BIT_SELECTOR=0 -DHI_TUNER_NUMBER=1 -DHI_TUNER0_ID=0 -DHI_TUNER_SIGNAL_TYPE=0 -DHI_TUNER_TYPE=17 -DHI_TUNER_DEV_ADDR=0xc0 -DHI_DEMOD_TYPE=256 -DHI_DEMOD_DEV_ADDR=0xa0 -DHI_DEMOD_TS_MODE=1 -DHI_DEMOD_I2C_CHANNEL=5 -DHI_DEMOD_RESET_GPIO=0x1 -DHI_DEMUX_PORT=0 -DHI_DEMOD_REF_CLOCK=24000 -DHI_TUNER_MAX_LPF=34 -DHI_TUNER_I2C_CLOCK=400 -DHI_LNBCTRL_DEV_ADDR=0x0 -DHI_TUNER1_ID=1 -DHI_TUNER1_SIGNAL_TYPE=0 -DHI_TUNER1_TYPE=4 -DHI_TUNER1_DEV_ADDR=0xc0 -DHI_DEMOD1_TYPE=256 -DHI_DEMOD1_DEV_ADDR=0xa0 -DHI_DEMOD1_TS_MODE=1 -DHI_DEMOD1_I2C_CHANNEL=3 -DHI_DEMOD1_RESET_GPIO=0x1 -DHI_DEMUX1_PORT=5 -DHI_DEMOD1_REF_CLOCK=24000 -DHI_TUNER1_MAX_LPF=34 -DHI_TUNER1_I2C_CLOCK=400 -DHI_LNBCTRL1_DEV_ADDR=0x0 -DHI_TUNER2_ID=2 -DHI_TUNER2_SIGNAL_TYPE=0 -DHI_TUNER2_TYPE=4 -DHI_TUNER2_DEV_ADDR=0xc0 -DHI_DEMOD2_TYPE=256 -DHI_DEMOD2_DEV_ADDR=0xa0 -DHI_DEMOD2_TS_MODE=1 -DHI_DEMOD2_I2C_CHANNEL=5 -DHI_DEMOD2_RESET_GPIO=0x0 -DHI_DEMUX2_PORT=0 -DHI_DEMOD2_REF_CLOCK=24000 -DHI_TUNER2_MAX_LPF=34 -DHI_TUNER2_I2C_CLOCK=400 -DHI_LNBCTRL2_DEV_ADDR=0x0 -DHI_TUNER3_ID=3 -DHI_TUNER3_SIGNAL_TYPE=0 -DHI_TUNER3_TYPE=4 -DHI_TUNER3_DEV_ADDR=0xc0 -DHI_DEMOD3_TYPE=256 -DHI_DEMOD3_DEV_ADDR=0xa0 -DHI_DEMOD3_TS_MODE=1 -DHI_DEMOD3_I2C_CHANNEL=5 -DHI_DEMOD3_RESET_GPIO=0x0 -DHI_DEMUX3_PORT=0 -DHI_DEMOD3_REF_CLOCK=24000 -DHI_TUNER3_MAX_LPF=34 -DHI_TUNER3_I2C_CLOCK=400 -DHI_LNBCTRL3_DEV_ADDR=0x0 -I/home/liujingfei/v2/histb/pub/include -I/home/liujingfei/v2/histb/sample/common -I/home/liujingfei/v2/histb/sample/gpu/src/common/inc -I/home/liujingfei/v2/histb/sample/gpu/src/common/egl/inc -I/home/liujingfei/v2/histb/sample/gpu/src/common/key/inc -I/home/liujingfei/v2/histb/sample/gpu/src/common/texture/inc -L/home/liujingfei/v2/histb/pub/lib/share -Wl,--start-group -lpthread -lrt -lm -ldl -lhi_common -lpng -lhigo -lhigoadp -ljpeg -lhi_resampler -lhi_msp -lz -lfreetype -lhi_pes -lhi_subtitle -lhi_so -lhi_ttx -lhi_cc -lhi_charsetMgr -lsubdec -lplayer -lMali -Wl,--end-group -lEGL -lGLESv1_CM
arm-hisiv200-linux-gcc -DHI3D_DEBUG -DLINUX -DEGL_API_FB -o coverflow /home/liujingfei/v2/histb/sample/common/hi_adp_demux.o /home/liujingfei/v2/histb/sample/common/hi_adp_tuner.o /home/liujingfei/v2/histb/sample/common/hi_psi_si.o /home/liujingfei/v2/histb/sample/common/hi_adp_data.o /home/liujingfei/v2/histb/sample/common/hi_adp_hdmi.o /home/liujingfei/v2/histb/sample/common/hi_adp_mpi.o /home/liujingfei/v2/histb/sample/common/hi_adp_pvr.o /home/liujingfei/v2/histb/sample/common/hi_adp_search.o /home/liujingfei/v2/histb/sample/common/hi_filter.o /home/liujingfei/v2/histb/sample/common/search.o ../../common/egl/src/hi_egl.o ../../common/egl/src/egl_native.o ../../common/texture/src/hi_texture.o ../../common/key/src/hi_engine_key.o ../../common/key/src/hi_input_dfb.o ../../common/key/src/hi_ir_remote.o coverflow.o coverflow_texture.o hi_coverflow.o  -march=armv7-a -mcpu=cortex-a9 -D_GNU_SOURCE -Wall -O2 -g  -ffunction-sections -fdata-sections -Wl,--gc-sections -DCHIP_TYPE_hi3718cv100 -DCFG_HI_SDK_VERSION="HiSTBLinuxV100R002C01SPC020"  -DHI_DAC_CVBS=3 -DHI_DAC_YPBPR_Y=1 -DHI_DAC_YPBPR_PB=0 -DHI_DAC_YPBPR_PR=2 -DHI_SND_MUTECTL_GPIO=0x39 -DHI_SCI_CLK_MODE=0 -DHI_SCI_VCCEN_MODE=1 -DHI_SCI_RESET_MODE=0 -DHI_SCI_VCCEN_LEVEL=0 -DHI_SCI_DETECT_LEVEL=1 -DHI_TSI_port_NUMBER=4 -DHI_TSO_PORT_NUMBER=2 -DHI_IF0_TYPE=2 -DHI_IF0_BIT_SELECTOR=0 -DHI_TSI0_TYPE=2 -DHI_TSI0_BIT_SELECTOR=0 -DHI_TSI1_TYPE=2 -DHI_TSI1_BIT_SELECTOR=0 -DHI_TSI2_TYPE=2 -DHI_TSI2_BIT_SELECTOR=0 -DHI_TSI3_TYPE=2 -DHI_TSI3_BIT_SELECTOR=0 -DHI_TSI4_TYPE=2 -DHI_TSI4_BIT_SELECTOR=0 -DHI_TSI5_BIT_SELECTOR=0 -DHI_TSO0_CLK=0 -DHI_TSO0_CLK_MODE=0 -DHI_TSO0_VALID_MODE=0 -DHI_TSO0_SERIAL=1 -DHI_TSO0_BIT_SELECTOR=0 -DHI_TSO1_CLK=0 -DHI_TSO1_CLK_MODE=0 -DHI_TSO1_VALID_MODE=0 -DHI_TSO1_SERIAL=1 -DHI_TSO1_BIT_SELECTOR=0 -DHI_TUNER_NUMBER=1 -DHI_TUNER0_ID=0 -DHI_TUNER_SIGNAL_TYPE=0 -DHI_TUNER_TYPE=17 -DHI_TUNER_DEV_ADDR=0xc0 -DHI_DEMOD_TYPE=256 -DHI_DEMOD_DEV_ADDR=0xa0 -DHI_DEMOD_TS_MODE=1 -DHI_DEMOD_I2C_CHANNEL=5 -DHI_DEMOD_RESET_GPIO=0x1 -DHI_DEMUX_PORT=0 -DHI_DEMOD_REF_CLOCK=24000 -DHI_TUNER_MAX_LPF=34 -DHI_TUNER_I2C_CLOCK=400 -DHI_LNBCTRL_DEV_ADDR=0x0 -DHI_TUNER1_ID=1 -DHI_TUNER1_SIGNAL_TYPE=0 -DHI_TUNER1_TYPE=4 -DHI_TUNER1_DEV_ADDR=0xc0 -DHI_DEMOD1_TYPE=256 -DHI_DEMOD1_DEV_ADDR=0xa0 -DHI_DEMOD1_TS_MODE=1 -DHI_DEMOD1_I2C_CHANNEL=3 -DHI_DEMOD1_RESET_GPIO=0x1 -DHI_DEMUX1_PORT=5 -DHI_DEMOD1_REF_CLOCK=24000 -DHI_TUNER1_MAX_LPF=34 -DHI_TUNER1_I2C_CLOCK=400 -DHI_LNBCTRL1_DEV_ADDR=0x0 -DHI_TUNER2_ID=2 -DHI_TUNER2_SIGNAL_TYPE=0 -DHI_TUNER2_TYPE=4 -DHI_TUNER2_DEV_ADDR=0xc0 -DHI_DEMOD2_TYPE=256 -DHI_DEMOD2_DEV_ADDR=0xa0 -DHI_DEMOD2_TS_MODE=1 -DHI_DEMOD2_I2C_CHANNEL=5 -DHI_DEMOD2_RESET_GPIO=0x0 -DHI_DEMUX2_PORT=0 -DHI_DEMOD2_REF_CLOCK=24000 -DHI_TUNER2_MAX_LPF=34 -DHI_TUNER2_I2C_CLOCK=400 -DHI_LNBCTRL2_DEV_ADDR=0x0 -DHI_TUNER3_ID=3 -DHI_TUNER3_SIGNAL_TYPE=0 -DHI_TUNER3_TYPE=4 -DHI_TUNER3_DEV_ADDR=0xc0 -DHI_DEMOD3_TYPE=256 -DHI_DEMOD3_DEV_ADDR=0xa0 -DHI_DEMOD3_TS_MODE=1 -DHI_DEMOD3_I2C_CHANNEL=5 -DHI_DEMOD3_RESET_GPIO=0x0 -DHI_DEMUX3_PORT=0 -DHI_DEMOD3_REF_CLOCK=24000 -DHI_TUNER3_MAX_LPF=34 -DHI_TUNER3_I2C_CLOCK=400 -DHI_LNBCTRL3_DEV_ADDR=0x0 -I/home/liujingfei/v2/histb/pub/include -I/home/liujingfei/v2/histb/sample/common -I/home/liujingfei/v2/histb/sample/gpu/src/common/inc -I/home/liujingfei/v2/histb/sample/gpu/src/common/egl/inc -I/home/liujingfei/v2/histb/sample/gpu/src/common/key/inc -I/home/liujingfei/v2/histb/sample/gpu/src/common/texture/inc -L/home/liujingfei/v2/histb/pub/lib/share -Wl,--start-group -lpthread -lrt -lm -ldl -lhi_common -lpng -lhigo -lhigoadp -ljpeg -lhi_resampler -lhi_msp -lz -lfreetype -lhi_pes -lhi_subtitle -lhi_so -lhi_ttx -lhi_cc -lhi_charsetMgr -lsubdec -lplayer -lMali -Wl,--end-group -lEGL -lGLESv1_CM
make[3]: Leaving directory `/home/liujingfei/project/histb_project_v2_Apr9/histb/sample/gpu/src/es11/coverflow'
make -C src/es11/coverflow_vertical
make[3]: Entering directory `/home/liujingfei/project/histb_project_v2_Apr9/histb/sample/gpu/src/es11/coverflow_vertical'
arm-hisiv200-linux-gcc -DHI3D_DEBUG -DLINUX -DEGL_API_FB -c  coverflow.c -o coverflow.o  -march=armv7-a -mcpu=cortex-a9 -D_GNU_SOURCE -Wall -O2 -g  -ffunction-sections -fdata-sections -Wl,--gc-sections -DCHIP_TYPE_hi3718cv100 -DCFG_HI_SDK_VERSION="HiSTBLinuxV100R002C01SPC020"  -DHI_DAC_CVBS=3 -DHI_DAC_YPBPR_Y=1 -DHI_DAC_YPBPR_PB=0 -DHI_DAC_YPBPR_PR=2 -DHI_SND_MUTECTL_GPIO=0x39 -DHI_SCI_CLK_MODE=0 -DHI_SCI_VCCEN_MODE=1 -DHI_SCI_RESET_MODE=0 -DHI_SCI_VCCEN_LEVEL=0 -DHI_SCI_DETECT_LEVEL=1 -DHI_TSI_port_NUMBER=4 -DHI_TSO_PORT_NUMBER=2 -DHI_IF0_TYPE=2 -DHI_IF0_BIT_SELECTOR=0 -DHI_TSI0_TYPE=2 -DHI_TSI0_BIT_SELECTOR=0 -DHI_TSI1_TYPE=2 -DHI_TSI1_BIT_SELECTOR=0 -DHI_TSI2_TYPE=2 -DHI_TSI2_BIT_SELECTOR=0 -DHI_TSI3_TYPE=2 -DHI_TSI3_BIT_SELECTOR=0 -DHI_TSI4_TYPE=2 -DHI_TSI4_BIT_SELECTOR=0 -DHI_TSI5_BIT_SELECTOR=0 -DHI_TSO0_CLK=0 -DHI_TSO0_CLK_MODE=0 -DHI_TSO0_VALID_MODE=0 -DHI_TSO0_SERIAL=1 -DHI_TSO0_BIT_SELECTOR=0 -DHI_TSO1_CLK=0 -DHI_TSO1_CLK_MODE=0 -DHI_TSO1_VALID_MODE=0 -DHI_TSO1_SERIAL=1 -DHI_TSO1_BIT_SELECTOR=0 -DHI_TUNER_NUMBER=1 -DHI_TUNER0_ID=0 -DHI_TUNER_SIGNAL_TYPE=0 -DHI_TUNER_TYPE=17 -DHI_TUNER_DEV_ADDR=0xc0 -DHI_DEMOD_TYPE=256 -DHI_DEMOD_DEV_ADDR=0xa0 -DHI_DEMOD_TS_MODE=1 -DHI_DEMOD_I2C_CHANNEL=5 -DHI_DEMOD_RESET_GPIO=0x1 -DHI_DEMUX_PORT=0 -DHI_DEMOD_REF_CLOCK=24000 -DHI_TUNER_MAX_LPF=34 -DHI_TUNER_I2C_CLOCK=400 -DHI_LNBCTRL_DEV_ADDR=0x0 -DHI_TUNER1_ID=1 -DHI_TUNER1_SIGNAL_TYPE=0 -DHI_TUNER1_TYPE=4 -DHI_TUNER1_DEV_ADDR=0xc0 -DHI_DEMOD1_TYPE=256 -DHI_DEMOD1_DEV_ADDR=0xa0 -DHI_DEMOD1_TS_MODE=1 -DHI_DEMOD1_I2C_CHANNEL=3 -DHI_DEMOD1_RESET_GPIO=0x1 -DHI_DEMUX1_PORT=5 -DHI_DEMOD1_REF_CLOCK=24000 -DHI_TUNER1_MAX_LPF=34 -DHI_TUNER1_I2C_CLOCK=400 -DHI_LNBCTRL1_DEV_ADDR=0x0 -DHI_TUNER2_ID=2 -DHI_TUNER2_SIGNAL_TYPE=0 -DHI_TUNER2_TYPE=4 -DHI_TUNER2_DEV_ADDR=0xc0 -DHI_DEMOD2_TYPE=256 -DHI_DEMOD2_DEV_ADDR=0xa0 -DHI_DEMOD2_TS_MODE=1 -DHI_DEMOD2_I2C_CHANNEL=5 -DHI_DEMOD2_RESET_GPIO=0x0 -DHI_DEMUX2_PORT=0 -DHI_DEMOD2_REF_CLOCK=24000 -DHI_TUNER2_MAX_LPF=34 -DHI_TUNER2_I2C_CLOCK=400 -DHI_LNBCTRL2_DEV_ADDR=0x0 -DHI_TUNER3_ID=3 -DHI_TUNER3_SIGNAL_TYPE=0 -DHI_TUNER3_TYPE=4 -DHI_TUNER3_DEV_ADDR=0xc0 -DHI_DEMOD3_TYPE=256 -DHI_DEMOD3_DEV_ADDR=0xa0 -DHI_DEMOD3_TS_MODE=1 -DHI_DEMOD3_I2C_CHANNEL=5 -DHI_DEMOD3_RESET_GPIO=0x0 -DHI_DEMUX3_PORT=0 -DHI_DEMOD3_REF_CLOCK=24000 -DHI_TUNER3_MAX_LPF=34 -DHI_TUNER3_I2C_CLOCK=400 -DHI_LNBCTRL3_DEV_ADDR=0x0 -I/home/liujingfei/v2/histb/pub/include -I/home/liujingfei/v2/histb/sample/common -I/home/liujingfei/v2/histb/sample/gpu/src/common/inc -I/home/liujingfei/v2/histb/sample/gpu/src/common/egl/inc -I/home/liujingfei/v2/histb/sample/gpu/src/common/key/inc -I/home/liujingfei/v2/histb/sample/gpu/src/common/texture/inc -L/home/liujingfei/v2/histb/pub/lib/share -Wl,--start-group -lpthread -lrt -lm -ldl -lhi_common -lpng -lhigo -lhigoadp -ljpeg -lhi_resampler -lhi_msp -lz -lfreetype -lhi_pes -lhi_subtitle -lhi_so -lhi_ttx -lhi_cc -lhi_charsetMgr -lsubdec -lplayer -lMali -Wl,--end-group -lEGL -lGLESv1_CM
arm-hisiv200-linux-gcc -DHI3D_DEBUG -DLINUX -DEGL_API_FB -c  coverflow_texture.c -o coverflow_texture.o  -march=armv7-a -mcpu=cortex-a9 -D_GNU_SOURCE -Wall -O2 -g  -ffunction-sections -fdata-sections -Wl,--gc-sections -DCHIP_TYPE_hi3718cv100 -DCFG_HI_SDK_VERSION="HiSTBLinuxV100R002C01SPC020"  -DHI_DAC_CVBS=3 -DHI_DAC_YPBPR_Y=1 -DHI_DAC_YPBPR_PB=0 -DHI_DAC_YPBPR_PR=2 -DHI_SND_MUTECTL_GPIO=0x39 -DHI_SCI_CLK_MODE=0 -DHI_SCI_VCCEN_MODE=1 -DHI_SCI_RESET_MODE=0 -DHI_SCI_VCCEN_LEVEL=0 -DHI_SCI_DETECT_LEVEL=1 -DHI_TSI_port_NUMBER=4 -DHI_TSO_PORT_NUMBER=2 -DHI_IF0_TYPE=2 -DHI_IF0_BIT_SELECTOR=0 -DHI_TSI0_TYPE=2 -DHI_TSI0_BIT_SELECTOR=0 -DHI_TSI1_TYPE=2 -DHI_TSI1_BIT_SELECTOR=0 -DHI_TSI2_TYPE=2 -DHI_TSI2_BIT_SELECTOR=0 -DHI_TSI3_TYPE=2 -DHI_TSI3_BIT_SELECTOR=0 -DHI_TSI4_TYPE=2 -DHI_TSI4_BIT_SELECTOR=0 -DHI_TSI5_BIT_SELECTOR=0 -DHI_TSO0_CLK=0 -DHI_TSO0_CLK_MODE=0 -DHI_TSO0_VALID_MODE=0 -DHI_TSO0_SERIAL=1 -DHI_TSO0_BIT_SELECTOR=0 -DHI_TSO1_CLK=0 -DHI_TSO1_CLK_MODE=0 -DHI_TSO1_VALID_MODE=0 -DHI_TSO1_SERIAL=1 -DHI_TSO1_BIT_SELECTOR=0 -DHI_TUNER_NUMBER=1 -DHI_TUNER0_ID=0 -DHI_TUNER_SIGNAL_TYPE=0 -DHI_TUNER_TYPE=17 -DHI_TUNER_DEV_ADDR=0xc0 -DHI_DEMOD_TYPE=256 -DHI_DEMOD_DEV_ADDR=0xa0 -DHI_DEMOD_TS_MODE=1 -DHI_DEMOD_I2C_CHANNEL=5 -DHI_DEMOD_RESET_GPIO=0x1 -DHI_DEMUX_PORT=0 -DHI_DEMOD_REF_CLOCK=24000 -DHI_TUNER_MAX_LPF=34 -DHI_TUNER_I2C_CLOCK=400 -DHI_LNBCTRL_DEV_ADDR=0x0 -DHI_TUNER1_ID=1 -DHI_TUNER1_SIGNAL_TYPE=0 -DHI_TUNER1_TYPE=4 -DHI_TUNER1_DEV_ADDR=0xc0 -DHI_DEMOD1_TYPE=256 -DHI_DEMOD1_DEV_ADDR=0xa0 -DHI_DEMOD1_TS_MODE=1 -DHI_DEMOD1_I2C_CHANNEL=3 -DHI_DEMOD1_RESET_GPIO=0x1 -DHI_DEMUX1_PORT=5 -DHI_DEMOD1_REF_CLOCK=24000 -DHI_TUNER1_MAX_LPF=34 -DHI_TUNER1_I2C_CLOCK=400 -DHI_LNBCTRL1_DEV_ADDR=0x0 -DHI_TUNER2_ID=2 -DHI_TUNER2_SIGNAL_TYPE=0 -DHI_TUNER2_TYPE=4 -DHI_TUNER2_DEV_ADDR=0xc0 -DHI_DEMOD2_TYPE=256 -DHI_DEMOD2_DEV_ADDR=0xa0 -DHI_DEMOD2_TS_MODE=1 -DHI_DEMOD2_I2C_CHANNEL=5 -DHI_DEMOD2_RESET_GPIO=0x0 -DHI_DEMUX2_PORT=0 -DHI_DEMOD2_REF_CLOCK=24000 -DHI_TUNER2_MAX_LPF=34 -DHI_TUNER2_I2C_CLOCK=400 -DHI_LNBCTRL2_DEV_ADDR=0x0 -DHI_TUNER3_ID=3 -DHI_TUNER3_SIGNAL_TYPE=0 -DHI_TUNER3_TYPE=4 -DHI_TUNER3_DEV_ADDR=0xc0 -DHI_DEMOD3_TYPE=256 -DHI_DEMOD3_DEV_ADDR=0xa0 -DHI_DEMOD3_TS_MODE=1 -DHI_DEMOD3_I2C_CHANNEL=5 -DHI_DEMOD3_RESET_GPIO=0x0 -DHI_DEMUX3_PORT=0 -DHI_DEMOD3_REF_CLOCK=24000 -DHI_TUNER3_MAX_LPF=34 -DHI_TUNER3_I2C_CLOCK=400 -DHI_LNBCTRL3_DEV_ADDR=0x0 -I/home/liujingfei/v2/histb/pub/include -I/home/liujingfei/v2/histb/sample/common -I/home/liujingfei/v2/histb/sample/gpu/src/common/inc -I/home/liujingfei/v2/histb/sample/gpu/src/common/egl/inc -I/home/liujingfei/v2/histb/sample/gpu/src/common/key/inc -I/home/liujingfei/v2/histb/sample/gpu/src/common/texture/inc -L/home/liujingfei/v2/histb/pub/lib/share -Wl,--start-group -lpthread -lrt -lm -ldl -lhi_common -lpng -lhigo -lhigoadp -ljpeg -lhi_resampler -lhi_msp -lz -lfreetype -lhi_pes -lhi_subtitle -lhi_so -lhi_ttx -lhi_cc -lhi_charsetMgr -lsubdec -lplayer -lMali -Wl,--end-group -lEGL -lGLESv1_CM
arm-hisiv200-linux-gcc -DHI3D_DEBUG -DLINUX -DEGL_API_FB -c  hi_coverflow.c -o hi_coverflow.o  -march=armv7-a -mcpu=cortex-a9 -D_GNU_SOURCE -Wall -O2 -g  -ffunction-sections -fdata-sections -Wl,--gc-sections -DCHIP_TYPE_hi3718cv100 -DCFG_HI_SDK_VERSION="HiSTBLinuxV100R002C01SPC020"  -DHI_DAC_CVBS=3 -DHI_DAC_YPBPR_Y=1 -DHI_DAC_YPBPR_PB=0 -DHI_DAC_YPBPR_PR=2 -DHI_SND_MUTECTL_GPIO=0x39 -DHI_SCI_CLK_MODE=0 -DHI_SCI_VCCEN_MODE=1 -DHI_SCI_RESET_MODE=0 -DHI_SCI_VCCEN_LEVEL=0 -DHI_SCI_DETECT_LEVEL=1 -DHI_TSI_port_NUMBER=4 -DHI_TSO_PORT_NUMBER=2 -DHI_IF0_TYPE=2 -DHI_IF0_BIT_SELECTOR=0 -DHI_TSI0_TYPE=2 -DHI_TSI0_BIT_SELECTOR=0 -DHI_TSI1_TYPE=2 -DHI_TSI1_BIT_SELECTOR=0 -DHI_TSI2_TYPE=2 -DHI_TSI2_BIT_SELECTOR=0 -DHI_TSI3_TYPE=2 -DHI_TSI3_BIT_SELECTOR=0 -DHI_TSI4_TYPE=2 -DHI_TSI4_BIT_SELECTOR=0 -DHI_TSI5_BIT_SELECTOR=0 -DHI_TSO0_CLK=0 -DHI_TSO0_CLK_MODE=0 -DHI_TSO0_VALID_MODE=0 -DHI_TSO0_SERIAL=1 -DHI_TSO0_BIT_SELECTOR=0 -DHI_TSO1_CLK=0 -DHI_TSO1_CLK_MODE=0 -DHI_TSO1_VALID_MODE=0 -DHI_TSO1_SERIAL=1 -DHI_TSO1_BIT_SELECTOR=0 -DHI_TUNER_NUMBER=1 -DHI_TUNER0_ID=0 -DHI_TUNER_SIGNAL_TYPE=0 -DHI_TUNER_TYPE=17 -DHI_TUNER_DEV_ADDR=0xc0 -DHI_DEMOD_TYPE=256 -DHI_DEMOD_DEV_ADDR=0xa0 -DHI_DEMOD_TS_MODE=1 -DHI_DEMOD_I2C_CHANNEL=5 -DHI_DEMOD_RESET_GPIO=0x1 -DHI_DEMUX_PORT=0 -DHI_DEMOD_REF_CLOCK=24000 -DHI_TUNER_MAX_LPF=34 -DHI_TUNER_I2C_CLOCK=400 -DHI_LNBCTRL_DEV_ADDR=0x0 -DHI_TUNER1_ID=1 -DHI_TUNER1_SIGNAL_TYPE=0 -DHI_TUNER1_TYPE=4 -DHI_TUNER1_DEV_ADDR=0xc0 -DHI_DEMOD1_TYPE=256 -DHI_DEMOD1_DEV_ADDR=0xa0 -DHI_DEMOD1_TS_MODE=1 -DHI_DEMOD1_I2C_CHANNEL=3 -DHI_DEMOD1_RESET_GPIO=0x1 -DHI_DEMUX1_PORT=5 -DHI_DEMOD1_REF_CLOCK=24000 -DHI_TUNER1_MAX_LPF=34 -DHI_TUNER1_I2C_CLOCK=400 -DHI_LNBCTRL1_DEV_ADDR=0x0 -DHI_TUNER2_ID=2 -DHI_TUNER2_SIGNAL_TYPE=0 -DHI_TUNER2_TYPE=4 -DHI_TUNER2_DEV_ADDR=0xc0 -DHI_DEMOD2_TYPE=256 -DHI_DEMOD2_DEV_ADDR=0xa0 -DHI_DEMOD2_TS_MODE=1 -DHI_DEMOD2_I2C_CHANNEL=5 -DHI_DEMOD2_RESET_GPIO=0x0 -DHI_DEMUX2_PORT=0 -DHI_DEMOD2_REF_CLOCK=24000 -DHI_TUNER2_MAX_LPF=34 -DHI_TUNER2_I2C_CLOCK=400 -DHI_LNBCTRL2_DEV_ADDR=0x0 -DHI_TUNER3_ID=3 -DHI_TUNER3_SIGNAL_TYPE=0 -DHI_TUNER3_TYPE=4 -DHI_TUNER3_DEV_ADDR=0xc0 -DHI_DEMOD3_TYPE=256 -DHI_DEMOD3_DEV_ADDR=0xa0 -DHI_DEMOD3_TS_MODE=1 -DHI_DEMOD3_I2C_CHANNEL=5 -DHI_DEMOD3_RESET_GPIO=0x0 -DHI_DEMUX3_PORT=0 -DHI_DEMOD3_REF_CLOCK=24000 -DHI_TUNER3_MAX_LPF=34 -DHI_TUNER3_I2C_CLOCK=400 -DHI_LNBCTRL3_DEV_ADDR=0x0 -I/home/liujingfei/v2/histb/pub/include -I/home/liujingfei/v2/histb/sample/common -I/home/liujingfei/v2/histb/sample/gpu/src/common/inc -I/home/liujingfei/v2/histb/sample/gpu/src/common/egl/inc -I/home/liujingfei/v2/histb/sample/gpu/src/common/key/inc -I/home/liujingfei/v2/histb/sample/gpu/src/common/texture/inc -L/home/liujingfei/v2/histb/pub/lib/share -Wl,--start-group -lpthread -lrt -lm -ldl -lhi_common -lpng -lhigo -lhigoadp -ljpeg -lhi_resampler -lhi_msp -lz -lfreetype -lhi_pes -lhi_subtitle -lhi_so -lhi_ttx -lhi_cc -lhi_charsetMgr -lsubdec -lplayer -lMali -Wl,--end-group -lEGL -lGLESv1_CM
arm-hisiv200-linux-gcc -DHI3D_DEBUG -DLINUX -DEGL_API_FB -o coverflow_vertical /home/liujingfei/v2/histb/sample/common/hi_adp_demux.o /home/liujingfei/v2/histb/sample/common/hi_adp_tuner.o /home/liujingfei/v2/histb/sample/common/hi_psi_si.o /home/liujingfei/v2/histb/sample/common/hi_adp_data.o /home/liujingfei/v2/histb/sample/common/hi_adp_hdmi.o /home/liujingfei/v2/histb/sample/common/hi_adp_mpi.o /home/liujingfei/v2/histb/sample/common/hi_adp_pvr.o /home/liujingfei/v2/histb/sample/common/hi_adp_search.o /home/liujingfei/v2/histb/sample/common/hi_filter.o /home/liujingfei/v2/histb/sample/common/search.o ../../common/egl/src/hi_egl.o ../../common/egl/src/egl_native.o ../../common/texture/src/hi_texture.o ../../common/key/src/hi_engine_key.o ../../common/key/src/hi_input_dfb.o ../../common/key/src/hi_ir_remote.o coverflow.o coverflow_texture.o hi_coverflow.o  -march=armv7-a -mcpu=cortex-a9 -D_GNU_SOURCE -Wall -O2 -g  -ffunction-sections -fdata-sections -Wl,--gc-sections -DCHIP_TYPE_hi3718cv100 -DCFG_HI_SDK_VERSION="HiSTBLinuxV100R002C01SPC020"  -DHI_DAC_CVBS=3 -DHI_DAC_YPBPR_Y=1 -DHI_DAC_YPBPR_PB=0 -DHI_DAC_YPBPR_PR=2 -DHI_SND_MUTECTL_GPIO=0x39 -DHI_SCI_CLK_MODE=0 -DHI_SCI_VCCEN_MODE=1 -DHI_SCI_RESET_MODE=0 -DHI_SCI_VCCEN_LEVEL=0 -DHI_SCI_DETECT_LEVEL=1 -DHI_TSI_port_NUMBER=4 -DHI_TSO_PORT_NUMBER=2 -DHI_IF0_TYPE=2 -DHI_IF0_BIT_SELECTOR=0 -DHI_TSI0_TYPE=2 -DHI_TSI0_BIT_SELECTOR=0 -DHI_TSI1_TYPE=2 -DHI_TSI1_BIT_SELECTOR=0 -DHI_TSI2_TYPE=2 -DHI_TSI2_BIT_SELECTOR=0 -DHI_TSI3_TYPE=2 -DHI_TSI3_BIT_SELECTOR=0 -DHI_TSI4_TYPE=2 -DHI_TSI4_BIT_SELECTOR=0 -DHI_TSI5_BIT_SELECTOR=0 -DHI_TSO0_CLK=0 -DHI_TSO0_CLK_MODE=0 -DHI_TSO0_VALID_MODE=0 -DHI_TSO0_SERIAL=1 -DHI_TSO0_BIT_SELECTOR=0 -DHI_TSO1_CLK=0 -DHI_TSO1_CLK_MODE=0 -DHI_TSO1_VALID_MODE=0 -DHI_TSO1_SERIAL=1 -DHI_TSO1_BIT_SELECTOR=0 -DHI_TUNER_NUMBER=1 -DHI_TUNER0_ID=0 -DHI_TUNER_SIGNAL_TYPE=0 -DHI_TUNER_TYPE=17 -DHI_TUNER_DEV_ADDR=0xc0 -DHI_DEMOD_TYPE=256 -DHI_DEMOD_DEV_ADDR=0xa0 -DHI_DEMOD_TS_MODE=1 -DHI_DEMOD_I2C_CHANNEL=5 -DHI_DEMOD_RESET_GPIO=0x1 -DHI_DEMUX_PORT=0 -DHI_DEMOD_REF_CLOCK=24000 -DHI_TUNER_MAX_LPF=34 -DHI_TUNER_I2C_CLOCK=400 -DHI_LNBCTRL_DEV_ADDR=0x0 -DHI_TUNER1_ID=1 -DHI_TUNER1_SIGNAL_TYPE=0 -DHI_TUNER1_TYPE=4 -DHI_TUNER1_DEV_ADDR=0xc0 -DHI_DEMOD1_TYPE=256 -DHI_DEMOD1_DEV_ADDR=0xa0 -DHI_DEMOD1_TS_MODE=1 -DHI_DEMOD1_I2C_CHANNEL=3 -DHI_DEMOD1_RESET_GPIO=0x1 -DHI_DEMUX1_PORT=5 -DHI_DEMOD1_REF_CLOCK=24000 -DHI_TUNER1_MAX_LPF=34 -DHI_TUNER1_I2C_CLOCK=400 -DHI_LNBCTRL1_DEV_ADDR=0x0 -DHI_TUNER2_ID=2 -DHI_TUNER2_SIGNAL_TYPE=0 -DHI_TUNER2_TYPE=4 -DHI_TUNER2_DEV_ADDR=0xc0 -DHI_DEMOD2_TYPE=256 -DHI_DEMOD2_DEV_ADDR=0xa0 -DHI_DEMOD2_TS_MODE=1 -DHI_DEMOD2_I2C_CHANNEL=5 -DHI_DEMOD2_RESET_GPIO=0x0 -DHI_DEMUX2_PORT=0 -DHI_DEMOD2_REF_CLOCK=24000 -DHI_TUNER2_MAX_LPF=34 -DHI_TUNER2_I2C_CLOCK=400 -DHI_LNBCTRL2_DEV_ADDR=0x0 -DHI_TUNER3_ID=3 -DHI_TUNER3_SIGNAL_TYPE=0 -DHI_TUNER3_TYPE=4 -DHI_TUNER3_DEV_ADDR=0xc0 -DHI_DEMOD3_TYPE=256 -DHI_DEMOD3_DEV_ADDR=0xa0 -DHI_DEMOD3_TS_MODE=1 -DHI_DEMOD3_I2C_CHANNEL=5 -DHI_DEMOD3_RESET_GPIO=0x0 -DHI_DEMUX3_PORT=0 -DHI_DEMOD3_REF_CLOCK=24000 -DHI_TUNER3_MAX_LPF=34 -DHI_TUNER3_I2C_CLOCK=400 -DHI_LNBCTRL3_DEV_ADDR=0x0 -I/home/liujingfei/v2/histb/pub/include -I/home/liujingfei/v2/histb/sample/common -I/home/liujingfei/v2/histb/sample/gpu/src/common/inc -I/home/liujingfei/v2/histb/sample/gpu/src/common/egl/inc -I/home/liujingfei/v2/histb/sample/gpu/src/common/key/inc -I/home/liujingfei/v2/histb/sample/gpu/src/common/texture/inc -L/home/liujingfei/v2/histb/pub/lib/share -Wl,--start-group -lpthread -lrt -lm -ldl -lhi_common -lpng -lhigo -lhigoadp -ljpeg -lhi_resampler -lhi_msp -lz -lfreetype -lhi_pes -lhi_subtitle -lhi_so -lhi_ttx -lhi_cc -lhi_charsetMgr -lsubdec -lplayer -lMali -Wl,--end-group -lEGL -lGLESv1_CM
make[3]: Leaving directory `/home/liujingfei/project/histb_project_v2_Apr9/histb/sample/gpu/src/es11/coverflow_vertical'
make -C src/es11/cylinder
make[3]: Entering directory `/home/liujingfei/project/histb_project_v2_Apr9/histb/sample/gpu/src/es11/cylinder'
arm-hisiv200-linux-gcc -DHI3D_DEBUG -DLINUX -DEGL_API_FB -c  cylinder.c -o cylinder.o  -march=armv7-a -mcpu=cortex-a9 -D_GNU_SOURCE -Wall -O2 -g  -ffunction-sections -fdata-sections -Wl,--gc-sections -DCHIP_TYPE_hi3718cv100 -DCFG_HI_SDK_VERSION="HiSTBLinuxV100R002C01SPC020"  -DHI_DAC_CVBS=3 -DHI_DAC_YPBPR_Y=1 -DHI_DAC_YPBPR_PB=0 -DHI_DAC_YPBPR_PR=2 -DHI_SND_MUTECTL_GPIO=0x39 -DHI_SCI_CLK_MODE=0 -DHI_SCI_VCCEN_MODE=1 -DHI_SCI_RESET_MODE=0 -DHI_SCI_VCCEN_LEVEL=0 -DHI_SCI_DETECT_LEVEL=1 -DHI_TSI_port_NUMBER=4 -DHI_TSO_PORT_NUMBER=2 -DHI_IF0_TYPE=2 -DHI_IF0_BIT_SELECTOR=0 -DHI_TSI0_TYPE=2 -DHI_TSI0_BIT_SELECTOR=0 -DHI_TSI1_TYPE=2 -DHI_TSI1_BIT_SELECTOR=0 -DHI_TSI2_TYPE=2 -DHI_TSI2_BIT_SELECTOR=0 -DHI_TSI3_TYPE=2 -DHI_TSI3_BIT_SELECTOR=0 -DHI_TSI4_TYPE=2 -DHI_TSI4_BIT_SELECTOR=0 -DHI_TSI5_BIT_SELECTOR=0 -DHI_TSO0_CLK=0 -DHI_TSO0_CLK_MODE=0 -DHI_TSO0_VALID_MODE=0 -DHI_TSO0_SERIAL=1 -DHI_TSO0_BIT_SELECTOR=0 -DHI_TSO1_CLK=0 -DHI_TSO1_CLK_MODE=0 -DHI_TSO1_VALID_MODE=0 -DHI_TSO1_SERIAL=1 -DHI_TSO1_BIT_SELECTOR=0 -DHI_TUNER_NUMBER=1 -DHI_TUNER0_ID=0 -DHI_TUNER_SIGNAL_TYPE=0 -DHI_TUNER_TYPE=17 -DHI_TUNER_DEV_ADDR=0xc0 -DHI_DEMOD_TYPE=256 -DHI_DEMOD_DEV_ADDR=0xa0 -DHI_DEMOD_TS_MODE=1 -DHI_DEMOD_I2C_CHANNEL=5 -DHI_DEMOD_RESET_GPIO=0x1 -DHI_DEMUX_PORT=0 -DHI_DEMOD_REF_CLOCK=24000 -DHI_TUNER_MAX_LPF=34 -DHI_TUNER_I2C_CLOCK=400 -DHI_LNBCTRL_DEV_ADDR=0x0 -DHI_TUNER1_ID=1 -DHI_TUNER1_SIGNAL_TYPE=0 -DHI_TUNER1_TYPE=4 -DHI_TUNER1_DEV_ADDR=0xc0 -DHI_DEMOD1_TYPE=256 -DHI_DEMOD1_DEV_ADDR=0xa0 -DHI_DEMOD1_TS_MODE=1 -DHI_DEMOD1_I2C_CHANNEL=3 -DHI_DEMOD1_RESET_GPIO=0x1 -DHI_DEMUX1_PORT=5 -DHI_DEMOD1_REF_CLOCK=24000 -DHI_TUNER1_MAX_LPF=34 -DHI_TUNER1_I2C_CLOCK=400 -DHI_LNBCTRL1_DEV_ADDR=0x0 -DHI_TUNER2_ID=2 -DHI_TUNER2_SIGNAL_TYPE=0 -DHI_TUNER2_TYPE=4 -DHI_TUNER2_DEV_ADDR=0xc0 -DHI_DEMOD2_TYPE=256 -DHI_DEMOD2_DEV_ADDR=0xa0 -DHI_DEMOD2_TS_MODE=1 -DHI_DEMOD2_I2C_CHANNEL=5 -DHI_DEMOD2_RESET_GPIO=0x0 -DHI_DEMUX2_PORT=0 -DHI_DEMOD2_REF_CLOCK=24000 -DHI_TUNER2_MAX_LPF=34 -DHI_TUNER2_I2C_CLOCK=400 -DHI_LNBCTRL2_DEV_ADDR=0x0 -DHI_TUNER3_ID=3 -DHI_TUNER3_SIGNAL_TYPE=0 -DHI_TUNER3_TYPE=4 -DHI_TUNER3_DEV_ADDR=0xc0 -DHI_DEMOD3_TYPE=256 -DHI_DEMOD3_DEV_ADDR=0xa0 -DHI_DEMOD3_TS_MODE=1 -DHI_DEMOD3_I2C_CHANNEL=5 -DHI_DEMOD3_RESET_GPIO=0x0 -DHI_DEMUX3_PORT=0 -DHI_DEMOD3_REF_CLOCK=24000 -DHI_TUNER3_MAX_LPF=34 -DHI_TUNER3_I2C_CLOCK=400 -DHI_LNBCTRL3_DEV_ADDR=0x0 -I/home/liujingfei/v2/histb/pub/include -I/home/liujingfei/v2/histb/sample/common -I/home/liujingfei/v2/histb/sample/gpu/src/common/inc -I/home/liujingfei/v2/histb/sample/gpu/src/common/egl/inc -I/home/liujingfei/v2/histb/sample/gpu/src/common/key/inc -I/home/liujingfei/v2/histb/sample/gpu/src/common/texture/inc -L/home/liujingfei/v2/histb/pub/lib/share -Wl,--start-group -lpthread -lrt -lm -ldl -lhi_common -lpng -lhigo -lhigoadp -ljpeg -lhi_resampler -lhi_msp -lz -lfreetype -lhi_pes -lhi_subtitle -lhi_so -lhi_ttx -lhi_cc -lhi_charsetMgr -lsubdec -lplayer -lMali -Wl,--end-group -lEGL -lGLESv1_CM
arm-hisiv200-linux-gcc -DHI3D_DEBUG -DLINUX -DEGL_API_FB -c  cylinder_menu.c -o cylinder_menu.o  -march=armv7-a -mcpu=cortex-a9 -D_GNU_SOURCE -Wall -O2 -g  -ffunction-sections -fdata-sections -Wl,--gc-sections -DCHIP_TYPE_hi3718cv100 -DCFG_HI_SDK_VERSION="HiSTBLinuxV100R002C01SPC020"  -DHI_DAC_CVBS=3 -DHI_DAC_YPBPR_Y=1 -DHI_DAC_YPBPR_PB=0 -DHI_DAC_YPBPR_PR=2 -DHI_SND_MUTECTL_GPIO=0x39 -DHI_SCI_CLK_MODE=0 -DHI_SCI_VCCEN_MODE=1 -DHI_SCI_RESET_MODE=0 -DHI_SCI_VCCEN_LEVEL=0 -DHI_SCI_DETECT_LEVEL=1 -DHI_TSI_port_NUMBER=4 -DHI_TSO_PORT_NUMBER=2 -DHI_IF0_TYPE=2 -DHI_IF0_BIT_SELECTOR=0 -DHI_TSI0_TYPE=2 -DHI_TSI0_BIT_SELECTOR=0 -DHI_TSI1_TYPE=2 -DHI_TSI1_BIT_SELECTOR=0 -DHI_TSI2_TYPE=2 -DHI_TSI2_BIT_SELECTOR=0 -DHI_TSI3_TYPE=2 -DHI_TSI3_BIT_SELECTOR=0 -DHI_TSI4_TYPE=2 -DHI_TSI4_BIT_SELECTOR=0 -DHI_TSI5_BIT_SELECTOR=0 -DHI_TSO0_CLK=0 -DHI_TSO0_CLK_MODE=0 -DHI_TSO0_VALID_MODE=0 -DHI_TSO0_SERIAL=1 -DHI_TSO0_BIT_SELECTOR=0 -DHI_TSO1_CLK=0 -DHI_TSO1_CLK_MODE=0 -DHI_TSO1_VALID_MODE=0 -DHI_TSO1_SERIAL=1 -DHI_TSO1_BIT_SELECTOR=0 -DHI_TUNER_NUMBER=1 -DHI_TUNER0_ID=0 -DHI_TUNER_SIGNAL_TYPE=0 -DHI_TUNER_TYPE=17 -DHI_TUNER_DEV_ADDR=0xc0 -DHI_DEMOD_TYPE=256 -DHI_DEMOD_DEV_ADDR=0xa0 -DHI_DEMOD_TS_MODE=1 -DHI_DEMOD_I2C_CHANNEL=5 -DHI_DEMOD_RESET_GPIO=0x1 -DHI_DEMUX_PORT=0 -DHI_DEMOD_REF_CLOCK=24000 -DHI_TUNER_MAX_LPF=34 -DHI_TUNER_I2C_CLOCK=400 -DHI_LNBCTRL_DEV_ADDR=0x0 -DHI_TUNER1_ID=1 -DHI_TUNER1_SIGNAL_TYPE=0 -DHI_TUNER1_TYPE=4 -DHI_TUNER1_DEV_ADDR=0xc0 -DHI_DEMOD1_TYPE=256 -DHI_DEMOD1_DEV_ADDR=0xa0 -DHI_DEMOD1_TS_MODE=1 -DHI_DEMOD1_I2C_CHANNEL=3 -DHI_DEMOD1_RESET_GPIO=0x1 -DHI_DEMUX1_PORT=5 -DHI_DEMOD1_REF_CLOCK=24000 -DHI_TUNER1_MAX_LPF=34 -DHI_TUNER1_I2C_CLOCK=400 -DHI_LNBCTRL1_DEV_ADDR=0x0 -DHI_TUNER2_ID=2 -DHI_TUNER2_SIGNAL_TYPE=0 -DHI_TUNER2_TYPE=4 -DHI_TUNER2_DEV_ADDR=0xc0 -DHI_DEMOD2_TYPE=256 -DHI_DEMOD2_DEV_ADDR=0xa0 -DHI_DEMOD2_TS_MODE=1 -DHI_DEMOD2_I2C_CHANNEL=5 -DHI_DEMOD2_RESET_GPIO=0x0 -DHI_DEMUX2_PORT=0 -DHI_DEMOD2_REF_CLOCK=24000 -DHI_TUNER2_MAX_LPF=34 -DHI_TUNER2_I2C_CLOCK=400 -DHI_LNBCTRL2_DEV_ADDR=0x0 -DHI_TUNER3_ID=3 -DHI_TUNER3_SIGNAL_TYPE=0 -DHI_TUNER3_TYPE=4 -DHI_TUNER3_DEV_ADDR=0xc0 -DHI_DEMOD3_TYPE=256 -DHI_DEMOD3_DEV_ADDR=0xa0 -DHI_DEMOD3_TS_MODE=1 -DHI_DEMOD3_I2C_CHANNEL=5 -DHI_DEMOD3_RESET_GPIO=0x0 -DHI_DEMUX3_PORT=0 -DHI_DEMOD3_REF_CLOCK=24000 -DHI_TUNER3_MAX_LPF=34 -DHI_TUNER3_I2C_CLOCK=400 -DHI_LNBCTRL3_DEV_ADDR=0x0 -I/home/liujingfei/v2/histb/pub/include -I/home/liujingfei/v2/histb/sample/common -I/home/liujingfei/v2/histb/sample/gpu/src/common/inc -I/home/liujingfei/v2/histb/sample/gpu/src/common/egl/inc -I/home/liujingfei/v2/histb/sample/gpu/src/common/key/inc -I/home/liujingfei/v2/histb/sample/gpu/src/common/texture/inc -L/home/liujingfei/v2/histb/pub/lib/share -Wl,--start-group -lpthread -lrt -lm -ldl -lhi_common -lpng -lhigo -lhigoadp -ljpeg -lhi_resampler -lhi_msp -lz -lfreetype -lhi_pes -lhi_subtitle -lhi_so -lhi_ttx -lhi_cc -lhi_charsetMgr -lsubdec -lplayer -lMali -Wl,--end-group -lEGL -lGLESv1_CM
arm-hisiv200-linux-gcc -DHI3D_DEBUG -DLINUX -DEGL_API_FB -c  cylinder_texture.c -o cylinder_texture.o  -march=armv7-a -mcpu=cortex-a9 -D_GNU_SOURCE -Wall -O2 -g  -ffunction-sections -fdata-sections -Wl,--gc-sections -DCHIP_TYPE_hi3718cv100 -DCFG_HI_SDK_VERSION="HiSTBLinuxV100R002C01SPC020"  -DHI_DAC_CVBS=3 -DHI_DAC_YPBPR_Y=1 -DHI_DAC_YPBPR_PB=0 -DHI_DAC_YPBPR_PR=2 -DHI_SND_MUTECTL_GPIO=0x39 -DHI_SCI_CLK_MODE=0 -DHI_SCI_VCCEN_MODE=1 -DHI_SCI_RESET_MODE=0 -DHI_SCI_VCCEN_LEVEL=0 -DHI_SCI_DETECT_LEVEL=1 -DHI_TSI_port_NUMBER=4 -DHI_TSO_PORT_NUMBER=2 -DHI_IF0_TYPE=2 -DHI_IF0_BIT_SELECTOR=0 -DHI_TSI0_TYPE=2 -DHI_TSI0_BIT_SELECTOR=0 -DHI_TSI1_TYPE=2 -DHI_TSI1_BIT_SELECTOR=0 -DHI_TSI2_TYPE=2 -DHI_TSI2_BIT_SELECTOR=0 -DHI_TSI3_TYPE=2 -DHI_TSI3_BIT_SELECTOR=0 -DHI_TSI4_TYPE=2 -DHI_TSI4_BIT_SELECTOR=0 -DHI_TSI5_BIT_SELECTOR=0 -DHI_TSO0_CLK=0 -DHI_TSO0_CLK_MODE=0 -DHI_TSO0_VALID_MODE=0 -DHI_TSO0_SERIAL=1 -DHI_TSO0_BIT_SELECTOR=0 -DHI_TSO1_CLK=0 -DHI_TSO1_CLK_MODE=0 -DHI_TSO1_VALID_MODE=0 -DHI_TSO1_SERIAL=1 -DHI_TSO1_BIT_SELECTOR=0 -DHI_TUNER_NUMBER=1 -DHI_TUNER0_ID=0 -DHI_TUNER_SIGNAL_TYPE=0 -DHI_TUNER_TYPE=17 -DHI_TUNER_DEV_ADDR=0xc0 -DHI_DEMOD_TYPE=256 -DHI_DEMOD_DEV_ADDR=0xa0 -DHI_DEMOD_TS_MODE=1 -DHI_DEMOD_I2C_CHANNEL=5 -DHI_DEMOD_RESET_GPIO=0x1 -DHI_DEMUX_PORT=0 -DHI_DEMOD_REF_CLOCK=24000 -DHI_TUNER_MAX_LPF=34 -DHI_TUNER_I2C_CLOCK=400 -DHI_LNBCTRL_DEV_ADDR=0x0 -DHI_TUNER1_ID=1 -DHI_TUNER1_SIGNAL_TYPE=0 -DHI_TUNER1_TYPE=4 -DHI_TUNER1_DEV_ADDR=0xc0 -DHI_DEMOD1_TYPE=256 -DHI_DEMOD1_DEV_ADDR=0xa0 -DHI_DEMOD1_TS_MODE=1 -DHI_DEMOD1_I2C_CHANNEL=3 -DHI_DEMOD1_RESET_GPIO=0x1 -DHI_DEMUX1_PORT=5 -DHI_DEMOD1_REF_CLOCK=24000 -DHI_TUNER1_MAX_LPF=34 -DHI_TUNER1_I2C_CLOCK=400 -DHI_LNBCTRL1_DEV_ADDR=0x0 -DHI_TUNER2_ID=2 -DHI_TUNER2_SIGNAL_TYPE=0 -DHI_TUNER2_TYPE=4 -DHI_TUNER2_DEV_ADDR=0xc0 -DHI_DEMOD2_TYPE=256 -DHI_DEMOD2_DEV_ADDR=0xa0 -DHI_DEMOD2_TS_MODE=1 -DHI_DEMOD2_I2C_CHANNEL=5 -DHI_DEMOD2_RESET_GPIO=0x0 -DHI_DEMUX2_PORT=0 -DHI_DEMOD2_REF_CLOCK=24000 -DHI_TUNER2_MAX_LPF=34 -DHI_TUNER2_I2C_CLOCK=400 -DHI_LNBCTRL2_DEV_ADDR=0x0 -DHI_TUNER3_ID=3 -DHI_TUNER3_SIGNAL_TYPE=0 -DHI_TUNER3_TYPE=4 -DHI_TUNER3_DEV_ADDR=0xc0 -DHI_DEMOD3_TYPE=256 -DHI_DEMOD3_DEV_ADDR=0xa0 -DHI_DEMOD3_TS_MODE=1 -DHI_DEMOD3_I2C_CHANNEL=5 -DHI_DEMOD3_RESET_GPIO=0x0 -DHI_DEMUX3_PORT=0 -DHI_DEMOD3_REF_CLOCK=24000 -DHI_TUNER3_MAX_LPF=34 -DHI_TUNER3_I2C_CLOCK=400 -DHI_LNBCTRL3_DEV_ADDR=0x0 -I/home/liujingfei/v2/histb/pub/include -I/home/liujingfei/v2/histb/sample/common -I/home/liujingfei/v2/histb/sample/gpu/src/common/inc -I/home/liujingfei/v2/histb/sample/gpu/src/common/egl/inc -I/home/liujingfei/v2/histb/sample/gpu/src/common/key/inc -I/home/liujingfei/v2/histb/sample/gpu/src/common/texture/inc -L/home/liujingfei/v2/histb/pub/lib/share -Wl,--start-group -lpthread -lrt -lm -ldl -lhi_common -lpng -lhigo -lhigoadp -ljpeg -lhi_resampler -lhi_msp -lz -lfreetype -lhi_pes -lhi_subtitle -lhi_so -lhi_ttx -lhi_cc -lhi_charsetMgr -lsubdec -lplayer -lMali -Wl,--end-group -lEGL -lGLESv1_CM
arm-hisiv200-linux-gcc -DHI3D_DEBUG -DLINUX -DEGL_API_FB -c  hi_cylinder.c -o hi_cylinder.o  -march=armv7-a -mcpu=cortex-a9 -D_GNU_SOURCE -Wall -O2 -g  -ffunction-sections -fdata-sections -Wl,--gc-sections -DCHIP_TYPE_hi3718cv100 -DCFG_HI_SDK_VERSION="HiSTBLinuxV100R002C01SPC020"  -DHI_DAC_CVBS=3 -DHI_DAC_YPBPR_Y=1 -DHI_DAC_YPBPR_PB=0 -DHI_DAC_YPBPR_PR=2 -DHI_SND_MUTECTL_GPIO=0x39 -DHI_SCI_CLK_MODE=0 -DHI_SCI_VCCEN_MODE=1 -DHI_SCI_RESET_MODE=0 -DHI_SCI_VCCEN_LEVEL=0 -DHI_SCI_DETECT_LEVEL=1 -DHI_TSI_port_NUMBER=4 -DHI_TSO_PORT_NUMBER=2 -DHI_IF0_TYPE=2 -DHI_IF0_BIT_SELECTOR=0 -DHI_TSI0_TYPE=2 -DHI_TSI0_BIT_SELECTOR=0 -DHI_TSI1_TYPE=2 -DHI_TSI1_BIT_SELECTOR=0 -DHI_TSI2_TYPE=2 -DHI_TSI2_BIT_SELECTOR=0 -DHI_TSI3_TYPE=2 -DHI_TSI3_BIT_SELECTOR=0 -DHI_TSI4_TYPE=2 -DHI_TSI4_BIT_SELECTOR=0 -DHI_TSI5_BIT_SELECTOR=0 -DHI_TSO0_CLK=0 -DHI_TSO0_CLK_MODE=0 -DHI_TSO0_VALID_MODE=0 -DHI_TSO0_SERIAL=1 -DHI_TSO0_BIT_SELECTOR=0 -DHI_TSO1_CLK=0 -DHI_TSO1_CLK_MODE=0 -DHI_TSO1_VALID_MODE=0 -DHI_TSO1_SERIAL=1 -DHI_TSO1_BIT_SELECTOR=0 -DHI_TUNER_NUMBER=1 -DHI_TUNER0_ID=0 -DHI_TUNER_SIGNAL_TYPE=0 -DHI_TUNER_TYPE=17 -DHI_TUNER_DEV_ADDR=0xc0 -DHI_DEMOD_TYPE=256 -DHI_DEMOD_DEV_ADDR=0xa0 -DHI_DEMOD_TS_MODE=1 -DHI_DEMOD_I2C_CHANNEL=5 -DHI_DEMOD_RESET_GPIO=0x1 -DHI_DEMUX_PORT=0 -DHI_DEMOD_REF_CLOCK=24000 -DHI_TUNER_MAX_LPF=34 -DHI_TUNER_I2C_CLOCK=400 -DHI_LNBCTRL_DEV_ADDR=0x0 -DHI_TUNER1_ID=1 -DHI_TUNER1_SIGNAL_TYPE=0 -DHI_TUNER1_TYPE=4 -DHI_TUNER1_DEV_ADDR=0xc0 -DHI_DEMOD1_TYPE=256 -DHI_DEMOD1_DEV_ADDR=0xa0 -DHI_DEMOD1_TS_MODE=1 -DHI_DEMOD1_I2C_CHANNEL=3 -DHI_DEMOD1_RESET_GPIO=0x1 -DHI_DEMUX1_PORT=5 -DHI_DEMOD1_REF_CLOCK=24000 -DHI_TUNER1_MAX_LPF=34 -DHI_TUNER1_I2C_CLOCK=400 -DHI_LNBCTRL1_DEV_ADDR=0x0 -DHI_TUNER2_ID=2 -DHI_TUNER2_SIGNAL_TYPE=0 -DHI_TUNER2_TYPE=4 -DHI_TUNER2_DEV_ADDR=0xc0 -DHI_DEMOD2_TYPE=256 -DHI_DEMOD2_DEV_ADDR=0xa0 -DHI_DEMOD2_TS_MODE=1 -DHI_DEMOD2_I2C_CHANNEL=5 -DHI_DEMOD2_RESET_GPIO=0x0 -DHI_DEMUX2_PORT=0 -DHI_DEMOD2_REF_CLOCK=24000 -DHI_TUNER2_MAX_LPF=34 -DHI_TUNER2_I2C_CLOCK=400 -DHI_LNBCTRL2_DEV_ADDR=0x0 -DHI_TUNER3_ID=3 -DHI_TUNER3_SIGNAL_TYPE=0 -DHI_TUNER3_TYPE=4 -DHI_TUNER3_DEV_ADDR=0xc0 -DHI_DEMOD3_TYPE=256 -DHI_DEMOD3_DEV_ADDR=0xa0 -DHI_DEMOD3_TS_MODE=1 -DHI_DEMOD3_I2C_CHANNEL=5 -DHI_DEMOD3_RESET_GPIO=0x0 -DHI_DEMUX3_PORT=0 -DHI_DEMOD3_REF_CLOCK=24000 -DHI_TUNER3_MAX_LPF=34 -DHI_TUNER3_I2C_CLOCK=400 -DHI_LNBCTRL3_DEV_ADDR=0x0 -I/home/liujingfei/v2/histb/pub/include -I/home/liujingfei/v2/histb/sample/common -I/home/liujingfei/v2/histb/sample/gpu/src/common/inc -I/home/liujingfei/v2/histb/sample/gpu/src/common/egl/inc -I/home/liujingfei/v2/histb/sample/gpu/src/common/key/inc -I/home/liujingfei/v2/histb/sample/gpu/src/common/texture/inc -L/home/liujingfei/v2/histb/pub/lib/share -Wl,--start-group -lpthread -lrt -lm -ldl -lhi_common -lpng -lhigo -lhigoadp -ljpeg -lhi_resampler -lhi_msp -lz -lfreetype -lhi_pes -lhi_subtitle -lhi_so -lhi_ttx -lhi_cc -lhi_charsetMgr -lsubdec -lplayer -lMali -Wl,--end-group -lEGL -lGLESv1_CM
arm-hisiv200-linux-gcc -DHI3D_DEBUG -DLINUX -DEGL_API_FB -o cylinder /home/liujingfei/v2/histb/sample/common/hi_adp_demux.o /home/liujingfei/v2/histb/sample/common/hi_adp_tuner.o /home/liujingfei/v2/histb/sample/common/hi_psi_si.o /home/liujingfei/v2/histb/sample/common/hi_adp_data.o /home/liujingfei/v2/histb/sample/common/hi_adp_hdmi.o /home/liujingfei/v2/histb/sample/common/hi_adp_mpi.o /home/liujingfei/v2/histb/sample/common/hi_adp_pvr.o /home/liujingfei/v2/histb/sample/common/hi_adp_search.o /home/liujingfei/v2/histb/sample/common/hi_filter.o /home/liujingfei/v2/histb/sample/common/search.o ../../common/egl/src/hi_egl.o ../../common/egl/src/egl_native.o ../../common/texture/src/hi_texture.o ../../common/key/src/hi_engine_key.o ../../common/key/src/hi_input_dfb.o ../../common/key/src/hi_ir_remote.o cylinder.o cylinder_menu.o cylinder_texture.o hi_cylinder.o  -march=armv7-a -mcpu=cortex-a9 -D_GNU_SOURCE -Wall -O2 -g  -ffunction-sections -fdata-sections -Wl,--gc-sections -DCHIP_TYPE_hi3718cv100 -DCFG_HI_SDK_VERSION="HiSTBLinuxV100R002C01SPC020"  -DHI_DAC_CVBS=3 -DHI_DAC_YPBPR_Y=1 -DHI_DAC_YPBPR_PB=0 -DHI_DAC_YPBPR_PR=2 -DHI_SND_MUTECTL_GPIO=0x39 -DHI_SCI_CLK_MODE=0 -DHI_SCI_VCCEN_MODE=1 -DHI_SCI_RESET_MODE=0 -DHI_SCI_VCCEN_LEVEL=0 -DHI_SCI_DETECT_LEVEL=1 -DHI_TSI_port_NUMBER=4 -DHI_TSO_PORT_NUMBER=2 -DHI_IF0_TYPE=2 -DHI_IF0_BIT_SELECTOR=0 -DHI_TSI0_TYPE=2 -DHI_TSI0_BIT_SELECTOR=0 -DHI_TSI1_TYPE=2 -DHI_TSI1_BIT_SELECTOR=0 -DHI_TSI2_TYPE=2 -DHI_TSI2_BIT_SELECTOR=0 -DHI_TSI3_TYPE=2 -DHI_TSI3_BIT_SELECTOR=0 -DHI_TSI4_TYPE=2 -DHI_TSI4_BIT_SELECTOR=0 -DHI_TSI5_BIT_SELECTOR=0 -DHI_TSO0_CLK=0 -DHI_TSO0_CLK_MODE=0 -DHI_TSO0_VALID_MODE=0 -DHI_TSO0_SERIAL=1 -DHI_TSO0_BIT_SELECTOR=0 -DHI_TSO1_CLK=0 -DHI_TSO1_CLK_MODE=0 -DHI_TSO1_VALID_MODE=0 -DHI_TSO1_SERIAL=1 -DHI_TSO1_BIT_SELECTOR=0 -DHI_TUNER_NUMBER=1 -DHI_TUNER0_ID=0 -DHI_TUNER_SIGNAL_TYPE=0 -DHI_TUNER_TYPE=17 -DHI_TUNER_DEV_ADDR=0xc0 -DHI_DEMOD_TYPE=256 -DHI_DEMOD_DEV_ADDR=0xa0 -DHI_DEMOD_TS_MODE=1 -DHI_DEMOD_I2C_CHANNEL=5 -DHI_DEMOD_RESET_GPIO=0x1 -DHI_DEMUX_PORT=0 -DHI_DEMOD_REF_CLOCK=24000 -DHI_TUNER_MAX_LPF=34 -DHI_TUNER_I2C_CLOCK=400 -DHI_LNBCTRL_DEV_ADDR=0x0 -DHI_TUNER1_ID=1 -DHI_TUNER1_SIGNAL_TYPE=0 -DHI_TUNER1_TYPE=4 -DHI_TUNER1_DEV_ADDR=0xc0 -DHI_DEMOD1_TYPE=256 -DHI_DEMOD1_DEV_ADDR=0xa0 -DHI_DEMOD1_TS_MODE=1 -DHI_DEMOD1_I2C_CHANNEL=3 -DHI_DEMOD1_RESET_GPIO=0x1 -DHI_DEMUX1_PORT=5 -DHI_DEMOD1_REF_CLOCK=24000 -DHI_TUNER1_MAX_LPF=34 -DHI_TUNER1_I2C_CLOCK=400 -DHI_LNBCTRL1_DEV_ADDR=0x0 -DHI_TUNER2_ID=2 -DHI_TUNER2_SIGNAL_TYPE=0 -DHI_TUNER2_TYPE=4 -DHI_TUNER2_DEV_ADDR=0xc0 -DHI_DEMOD2_TYPE=256 -DHI_DEMOD2_DEV_ADDR=0xa0 -DHI_DEMOD2_TS_MODE=1 -DHI_DEMOD2_I2C_CHANNEL=5 -DHI_DEMOD2_RESET_GPIO=0x0 -DHI_DEMUX2_PORT=0 -DHI_DEMOD2_REF_CLOCK=24000 -DHI_TUNER2_MAX_LPF=34 -DHI_TUNER2_I2C_CLOCK=400 -DHI_LNBCTRL2_DEV_ADDR=0x0 -DHI_TUNER3_ID=3 -DHI_TUNER3_SIGNAL_TYPE=0 -DHI_TUNER3_TYPE=4 -DHI_TUNER3_DEV_ADDR=0xc0 -DHI_DEMOD3_TYPE=256 -DHI_DEMOD3_DEV_ADDR=0xa0 -DHI_DEMOD3_TS_MODE=1 -DHI_DEMOD3_I2C_CHANNEL=5 -DHI_DEMOD3_RESET_GPIO=0x0 -DHI_DEMUX3_PORT=0 -DHI_DEMOD3_REF_CLOCK=24000 -DHI_TUNER3_MAX_LPF=34 -DHI_TUNER3_I2C_CLOCK=400 -DHI_LNBCTRL3_DEV_ADDR=0x0 -I/home/liujingfei/v2/histb/pub/include -I/home/liujingfei/v2/histb/sample/common -I/home/liujingfei/v2/histb/sample/gpu/src/common/inc -I/home/liujingfei/v2/histb/sample/gpu/src/common/egl/inc -I/home/liujingfei/v2/histb/sample/gpu/src/common/key/inc -I/home/liujingfei/v2/histb/sample/gpu/src/common/texture/inc -L/home/liujingfei/v2/histb/pub/lib/share -Wl,--start-group -lpthread -lrt -lm -ldl -lhi_common -lpng -lhigo -lhigoadp -ljpeg -lhi_resampler -lhi_msp -lz -lfreetype -lhi_pes -lhi_subtitle -lhi_so -lhi_ttx -lhi_cc -lhi_charsetMgr -lsubdec -lplayer -lMali -Wl,--end-group -lEGL -lGLESv1_CM
make[3]: Leaving directory `/home/liujingfei/project/histb_project_v2_Apr9/histb/sample/gpu/src/es11/cylinder'
mkdir -p ./exe/es11
mkdir -p ./exe/es11/coverflow_res
mkdir -p ./exe/es11/cylinder_res
mv src/es11/coverflow/coverflow ./exe/es11
cp src/es11/coverflow/coverflow_res/* ./exe/es11/coverflow_res -rf
mv src/es11/coverflow_vertical/coverflow_vertical ./exe/es11
mv src/es11/cylinder/cylinder ./exe/es11
cp src/es11/cylinder/cylinder_res/* ./exe/es11/cylinder_res -rf
find . -name "*.o" | xargs rm -rf
find . -name "Thumbs.db" | xargs rm -rf
make[2]: Leaving directory `/home/liujingfei/project/histb_project_v2_Apr9/histb/sample/gpu'
make -C pesplay
make[2]: Entering directory `/home/liujingfei/project/histb_project_v2_Apr9/histb/sample/pesplay'
make[2]: Nothing to be done for `all'.
make[2]: Leaving directory `/home/liujingfei/project/histb_project_v2_Apr9/histb/sample/pesplay'
make -C sci
make[2]: Entering directory `/home/liujingfei/project/histb_project_v2_Apr9/histb/sample/sci'
make[2]: Nothing to be done for `all'.
make[2]: Leaving directory `/home/liujingfei/project/histb_project_v2_Apr9/histb/sample/sci'
make -C transcode
make[2]: Entering directory `/home/liujingfei/project/histb_project_v2_Apr9/histb/sample/transcode'
make[2]: Nothing to be done for `all'.
make[2]: Leaving directory `/home/liujingfei/project/histb_project_v2_Apr9/histb/sample/transcode'
make -C avcast
make[2]: Entering directory `/home/liujingfei/project/histb_project_v2_Apr9/histb/sample/avcast'
make[2]: Nothing to be done for `all'.
make[2]: Leaving directory `/home/liujingfei/project/histb_project_v2_Apr9/histb/sample/avcast'
make -C vi
make[2]: Entering directory `/home/liujingfei/project/histb_project_v2_Apr9/histb/sample/vi'
make[2]: Nothing to be done for `all'.
make[2]: Leaving directory `/home/liujingfei/project/histb_project_v2_Apr9/histb/sample/vi'
make -C vi_venc
make[2]: Entering directory `/home/liujingfei/project/histb_project_v2_Apr9/histb/sample/vi_venc'
make[2]: Nothing to be done for `all'.
make[2]: Leaving directory `/home/liujingfei/project/histb_project_v2_Apr9/histb/sample/vi_venc'
make -C hdmi_rx
make[2]: Entering directory `/home/liujingfei/project/histb_project_v2_Apr9/histb/sample/hdmi_rx'
make[2]: Nothing to be done for `all'.
make[2]: Leaving directory `/home/liujingfei/project/histb_project_v2_Apr9/histb/sample/hdmi_rx'
make -C venc
make[2]: Entering directory `/home/liujingfei/project/histb_project_v2_Apr9/histb/sample/venc'
make[2]: Nothing to be done for `all'.
make[2]: Leaving directory `/home/liujingfei/project/histb_project_v2_Apr9/histb/sample/venc'
make -C localplay
make[2]: Entering directory `/home/liujingfei/project/histb_project_v2_Apr9/histb/sample/localplay'
make[2]: Nothing to be done for `all'.
make[2]: Leaving directory `/home/liujingfei/project/histb_project_v2_Apr9/histb/sample/localplay'
make -C cc
make[2]: Entering directory `/home/liujingfei/project/histb_project_v2_Apr9/histb/sample/cc'
make[2]: Nothing to be done for `all'.
make[2]: Leaving directory `/home/liujingfei/project/histb_project_v2_Apr9/histb/sample/cc'
make -C teletext
make[2]: Entering directory `/home/liujingfei/project/histb_project_v2_Apr9/histb/sample/teletext'
make[2]: Nothing to be done for `all'.
make[2]: Leaving directory `/home/liujingfei/project/histb_project_v2_Apr9/histb/sample/teletext'
make -C subtitle
make[2]: Entering directory `/home/liujingfei/project/histb_project_v2_Apr9/histb/sample/subtitle'
make[2]: Nothing to be done for `all'.
make[2]: Leaving directory `/home/liujingfei/project/histb_project_v2_Apr9/histb/sample/subtitle'
make -C pq
make[2]: Entering directory `/home/liujingfei/project/histb_project_v2_Apr9/histb/sample/pq'
make[2]: Nothing to be done for `all'.
make[2]: Leaving directory `/home/liujingfei/project/histb_project_v2_Apr9/histb/sample/pq'
make[1]: Leaving directory `/home/liujingfei/project/histb_project_v2_Apr9/histb/sample'
EMMC_SIZE_STR=256M
Creating filesystem with parameters:
    Size: 268435456
    Block size: 4096
    Blocks per group: 32768
    Inodes per group: 8192
    Inode size: 256
    Journal blocks: 1024
    Label: 
    Blocks: 65536
    Block groups: 2
    Reserved block group size: 15
Created filesystem with 1254/16384 inodes and 22119/65536 blocks
Creating filesystem with parameters:
    Size: 33554432
    Block size: 4096
    Blocks per group: 32768
    Inodes per group: 2048
    Inode size: 256
    Journal blocks: 1024
    Label: 
    Blocks: 8192
    Block groups: 1
    Reserved block group size: 7
Created filesystem with 10/2048 inodes and 1165/8192 blocks
Creating filesystem with parameters:
    Size: 859832320
    Block size: 4096
    Blocks per group: 32768
    Inodes per group: 7504
    Inode size: 256
    Journal blocks: 3280
    Label: 
    Blocks: 209920
    Block groups: 7
    Reserved block group size: 55
Created filesystem with 32/52528 inodes and 6821/209920 blocks
find /home/liujingfei/v2/histb/pub -name .gitkeep | xargs rm -f
~/v2/autelan_scripts
OK:make md version:0.0.0.1
hisitopdir=/home/liujingfei/v2/autelan_scripts/..
hisiprefix=arm-hisiv200-linux
hisitools=/opt/hisi-linux/x86-arm/arm-hisiv200-linux/target
hisirootfs=/home/liujingfei/v2/autelan_scripts/../histb/pub/rootfs
auterootfs=/home/liujingfei/v2/autelan_scripts/../rootfs
autepackage=/home/liujingfei/v2/autelan_scripts/../package
auterelease=/home/liujingfei/v2/autelan_scripts/../release
autefake=/home/liujingfei/v2/autelan_scripts/../fakerelease
autecustom=/home/liujingfei/v2/autelan_scripts/../custom
__ROOTFS__=/home/liujingfei/v2/autelan_scripts/../custom
OK: ftpput /home/liujingfei/v2/autelan_scripts/../histb/pub/image/fastboot-burn.bin to 192.168.15.8:his3718/image-liujf/2015-03-02/fastboot-burn.bin
OK: ftpput /home/liujingfei/v2/autelan_scripts/../histb/pub/image/hi_kernel.bin to 192.168.15.8:his3718/image-liujf/2015-03-02/hi_kernel.bin
OK: ftpput /home/liujingfei/v2/autelan_scripts/../histb/pub/image/rootfs_config_32M.ext4 to 192.168.15.8:his3718/image-liujf/2015-03-02/rootfs_config_32M.ext4
OK: ftpput /home/liujingfei/v2/autelan_scripts/../histb/pub/image/rootfs_data_820M.ext4 to 192.168.15.8:his3718/image-liujf/2015-03-02/rootfs_data_820M.ext4
OK: ftpput /home/liujingfei/v2/autelan_scripts/../histb/pub/image/rootfs_256M.ext4 to 192.168.15.8:his3718/image-liujf/2015-03-02/rootfs_256M.ext4
